比较结果输出：
================================================================================
第[1 / 1]行 - 第[10]个字符开始有差异：
        --------------------
        0         1         
        01234567890123456789
        --------------------
文件1 : pc: 00400014<CR>
文件2 : pc: 00400000<CR>
文件1(HEX) : 
00000000 : 70 63 3a 20 30 30 34 30 - 30 30 31 34              pc:.00400014
文件2(HEX) : 
00000000 : 70 63 3a 20 30 30 34 30 - 30 30 30 30              pc:.00400000

第[2 / 2]行 - 第[10]个字符开始有差异：
        --------------------
        0         1         
        01234567890123456789
        --------------------
文件1 : instr: 240b0042<CR>
文件2 : instr: 24011001<CR>
文件1(HEX) : 
00000000 : 69 6e 73 74 72 3a 20 32 - 34 30 62 30 30 34 32     instr:.240b0042
文件2(HEX) : 
00000000 : 69 6e 73 74 72 3a 20 32 - 34 30 31 31 30 30 31     instr:.24011001

第[35 / 35]行 - 第[10]个字符开始有差异：
        --------------------
        0         1         
        01234567890123456789
        --------------------
文件1 : pc: 00400018<CR>
文件2 : pc: 00400004<CR>
文件1(HEX) : 
00000000 : 70 63 3a 20 30 30 34 30 - 30 30 31 38              pc:.00400018
文件2(HEX) : 
00000000 : 70 63 3a 20 30 30 34 30 - 30 30 30 34              pc:.00400004

第[36 / 36]行 - 第[7]个字符开始有差异：
        --------------------
        0         1         
        01234567890123456789
        --------------------
文件1 : instr: ac2b0004<CR>
文件2 : instr: 00010c00<CR>
文件1(HEX) : 
00000000 : 69 6e 73 74 72 3a 20 61 - 63 32 62 30 30 30 34     instr:.ac2b0004
文件2(HEX) : 
00000000 : 69 6e 73 74 72 3a 20 30 - 30 30 31 30 63 30 30     instr:.00010c00

第[69 / 69]行 - 第[10]个字符开始有差异：
        --------------------
        0         1         
        01234567890123456789
        --------------------
文件1 : pc: 0040001c<CR>
文件2 : pc: 00400008<CR>
文件1(HEX) : 
00000000 : 70 63 3a 20 30 30 34 30 - 30 30 31 63              pc:.0040001c
文件2(HEX) : 
00000000 : 70 63 3a 20 30 30 34 30 - 30 30 30 38              pc:.00400008

第[70 / 70]行 - 第[7]个字符开始有差异：
        --------------------
        0         1         
        01234567890123456789
        --------------------
文件1 : instr: 8c220000<CR>
文件2 : instr: 24210000<CR>
文件1(HEX) : 
00000000 : 69 6e 73 74 72 3a 20 38 - 63 32 32 30 30 30 30     instr:.8c220000
文件2(HEX) : 
00000000 : 69 6e 73 74 72 3a 20 32 - 34 32 31 30 30 30 30     instr:.24210000

第[103 / 103]行 - 第[10]个字符开始有差异：
        --------------------
        0         1         
        01234567890123456789
        --------------------
文件1 : pc: 00400020<CR>
文件2 : pc: 0040000c<CR>
文件1(HEX) : 
00000000 : 70 63 3a 20 30 30 34 30 - 30 30 32 30              pc:.00400020
文件2(HEX) : 
00000000 : 70 63 3a 20 30 30 34 30 - 30 30 30 63              pc:.0040000c

第[104 / 104]行 - 第[7]个字符开始有差异：
        --------------------
        0         1         
        01234567890123456789
        --------------------
文件1 : instr: 8c230004<CR>
文件2 : instr: 240a0064<CR>
文件1(HEX) : 
00000000 : 69 6e 73 74 72 3a 20 38 - 63 32 33 30 30 30 34     instr:.8c230004
文件2(HEX) : 
00000000 : 69 6e 73 74 72 3a 20 32 - 34 30 61 30 30 36 34     instr:.240a0064

第[137 / 137]行 - 第[10]个字符开始有差异：
        --------------------
        0         1         
        01234567890123456789
        --------------------
文件1 : pc: 00400024<CR>
文件2 : pc: 00400010<CR>
文件1(HEX) : 
00000000 : 70 63 3a 20 30 30 34 30 - 30 30 32 34              pc:.00400024
文件2(HEX) : 
00000000 : 70 63 3a 20 30 30 34 30 - 30 30 31 30              pc:.00400010

第[138 / 138]行 - 第[7]个字符开始有差异：
        --------------------
        0         1         
        01234567890123456789
        --------------------
文件1 : instr: 24040001<CR>
文件2 : instr: ac2a0000<CR>
文件1(HEX) : 
00000000 : 69 6e 73 74 72 3a 20 32 - 34 30 34 30 30 30 31     instr:.24040001
文件2(HEX) : 
00000000 : 69 6e 73 74 72 3a 20 61 - 63 32 61 30 30 30 30     instr:.ac2a0000

第[171 / 171]行 - 第[10]个字符开始有差异：
        --------------------
        0         1         
        01234567890123456789
        --------------------
文件1 : pc: 00400028<CR>
文件2 : pc: 00400014<CR>
文件1(HEX) : 
00000000 : 70 63 3a 20 30 30 34 30 - 30 30 32 38              pc:.00400028
文件2(HEX) : 
00000000 : 70 63 3a 20 30 30 34 30 - 30 30 31 34              pc:.00400014

第[172 / 172]行 - 第[10]个字符开始有差异：
        --------------------
        0         1         
        01234567890123456789
        --------------------
文件1 : instr: 24050000<CR>
文件2 : instr: 240b0042<CR>
文件1(HEX) : 
00000000 : 69 6e 73 74 72 3a 20 32 - 34 30 35 30 30 30 30     instr:.24050000
文件2(HEX) : 
00000000 : 69 6e 73 74 72 3a 20 32 - 34 30 62 30 30 34 32     instr:.240b0042

第[205 / 205]行 - 第[10]个字符开始有差异：
        --------------------
        0         1         
        01234567890123456789
        --------------------
文件1 : pc: 0040002c<CR>
文件2 : pc: 00400018<CR>
文件1(HEX) : 
00000000 : 70 63 3a 20 30 30 34 30 - 30 30 32 63              pc:.0040002c
文件2(HEX) : 
00000000 : 70 63 3a 20 30 30 34 30 - 30 30 31 38              pc:.00400018

第[206 / 206]行 - 第[7]个字符开始有差异：
        --------------------
        0         1         
        01234567890123456789
        --------------------
文件1 : instr: 24060000<CR>
文件2 : instr: ac2b0004<CR>
文件1(HEX) : 
00000000 : 69 6e 73 74 72 3a 20 32 - 34 30 36 30 30 30 30     instr:.24060000
文件2(HEX) : 
00000000 : 69 6e 73 74 72 3a 20 61 - 63 32 62 30 30 30 34     instr:.ac2b0004

第[239 / 239]行 - 第[10]个字符开始有差异：
        --------------------
        0         1         
        01234567890123456789
        --------------------
文件1 : pc: 00400030<CR>
文件2 : pc: 0040001c<CR>
文件1(HEX) : 
00000000 : 70 63 3a 20 30 30 34 30 - 30 30 33 30              pc:.00400030
文件2(HEX) : 
00000000 : 70 63 3a 20 30 30 34 30 - 30 30 31 63              pc:.0040001c

第[240 / 240]行 - 第[7]个字符开始有差异：
        --------------------
        0         1         
        01234567890123456789
        --------------------
文件1 : instr: 24070000<CR>
文件2 : instr: 8c220000<CR>
文件1(HEX) : 
00000000 : 69 6e 73 74 72 3a 20 32 - 34 30 37 30 30 30 30     instr:.24070000
文件2(HEX) : 
00000000 : 69 6e 73 74 72 3a 20 38 - 63 32 32 30 30 30 30     instr:.8c220000

第[273 / 273]行 - 第[10]个字符开始有差异：
        --------------------
        0         1         
        01234567890123456789
        --------------------
文件1 : pc: 00400034<CR>
文件2 : pc: 00400020<CR>
文件1(HEX) : 
00000000 : 70 63 3a 20 30 30 34 30 - 30 30 33 34              pc:.00400034
文件2(HEX) : 
00000000 : 70 63 3a 20 30 30 34 30 - 30 30 32 30              pc:.00400020

第[274 / 274]行 - 第[7]个字符开始有差异：
        --------------------
        0         1         
        01234567890123456789
        --------------------
文件1 : instr: 24080000<CR>
文件2 : instr: 8c230004<CR>
文件1(HEX) : 
00000000 : 69 6e 73 74 72 3a 20 32 - 34 30 38 30 30 30 30     instr:.24080000
文件2(HEX) : 
00000000 : 69 6e 73 74 72 3a 20 38 - 63 32 33 30 30 30 34     instr:.8c230004

第[307 / 307]行 - 第[10]个字符开始有差异：
        --------------------
        0         1         
        01234567890123456789
        --------------------
文件1 : pc: 00400038<CR>
文件2 : pc: 00400024<CR>
文件1(HEX) : 
00000000 : 70 63 3a 20 30 30 34 30 - 30 30 33 38              pc:.00400038
文件2(HEX) : 
00000000 : 70 63 3a 20 30 30 34 30 - 30 30 32 34              pc:.00400024

第[308 / 308]行 - 第[10]个字符开始有差异：
        --------------------
        0         1         
        01234567890123456789
        --------------------
文件1 : instr: 24090000<CR>
文件2 : instr: 24040001<CR>
文件1(HEX) : 
00000000 : 69 6e 73 74 72 3a 20 32 - 34 30 39 30 30 30 30     instr:.24090000
文件2(HEX) : 
00000000 : 69 6e 73 74 72 3a 20 32 - 34 30 34 30 30 30 31     instr:.24040001

第[341 / 341]行 - 第[10]个字符开始有差异：
        --------------------
        0         1         
        01234567890123456789
        --------------------
文件1 : pc: 0040003c<CR>
文件2 : pc: 00400028<CR>
文件1(HEX) : 
00000000 : 70 63 3a 20 30 30 34 30 - 30 30 33 63              pc:.0040003c
文件2(HEX) : 
00000000 : 70 63 3a 20 30 30 34 30 - 30 30 32 38              pc:.00400028

第[342 / 342]行 - 第[10]个字符开始有差异：
        --------------------
        0         1         
        01234567890123456789
        --------------------
文件1 : instr: 240a0001<CR>
文件2 : instr: 24050000<CR>
文件1(HEX) : 
00000000 : 69 6e 73 74 72 3a 20 32 - 34 30 61 30 30 30 31     instr:.240a0001
文件2(HEX) : 
00000000 : 69 6e 73 74 72 3a 20 32 - 34 30 35 30 30 30 30     instr:.24050000

第[375 / 375]行 - 第[10]个字符开始有差异：
        --------------------
        0         1         
        01234567890123456789
        --------------------
文件1 : pc: 00400040<CR>
文件2 : pc: 0040002c<CR>
文件1(HEX) : 
00000000 : 70 63 3a 20 30 30 34 30 - 30 30 34 30              pc:.00400040
文件2(HEX) : 
00000000 : 70 63 3a 20 30 30 34 30 - 30 30 32 63              pc:.0040002c

第[376 / 376]行 - 第[7]个字符开始有差异：
        --------------------
        0         1         
        01234567890123456789
        --------------------
文件1 : instr: 00025820<CR>
文件2 : instr: 24060000<CR>
文件1(HEX) : 
00000000 : 69 6e 73 74 72 3a 20 30 - 30 30 32 35 38 32 30     instr:.00025820
文件2(HEX) : 
00000000 : 69 6e 73 74 72 3a 20 32 - 34 30 36 30 30 30 30     instr:.24060000

第[409 / 409]行 - 第[10]个字符开始有差异：
        --------------------
        0         1         
        01234567890123456789
        --------------------
文件1 : pc: 00400044<CR>
文件2 : pc: 00400030<CR>
文件1(HEX) : 
00000000 : 70 63 3a 20 30 30 34 30 - 30 30 34 34              pc:.00400044
文件2(HEX) : 
00000000 : 70 63 3a 20 30 30 34 30 - 30 30 33 30              pc:.00400030

第[410 / 410]行 - 第[7]个字符开始有差异：
        --------------------
        0         1         
        01234567890123456789
        --------------------
文件1 : instr: 014b602b<CR>
文件2 : instr: 24070000<CR>
文件1(HEX) : 
00000000 : 69 6e 73 74 72 3a 20 30 - 31 34 62 36 30 32 62     instr:.014b602b
文件2(HEX) : 
00000000 : 69 6e 73 74 72 3a 20 32 - 34 30 37 30 30 30 30     instr:.24070000

第[443 / 443]行 - 第[10]个字符开始有差异：
        --------------------
        0         1         
        01234567890123456789
        --------------------
文件1 : pc: 00400048<CR>
文件2 : pc: 00400034<CR>
文件1(HEX) : 
00000000 : 70 63 3a 20 30 30 34 30 - 30 30 34 38              pc:.00400048
文件2(HEX) : 
00000000 : 70 63 3a 20 30 30 34 30 - 30 30 33 34              pc:.00400034

第[444 / 444]行 - 第[7]个字符开始有差异：
        --------------------
        0         1         
        01234567890123456789
        --------------------
文件1 : instr: 11800018<CR>
文件2 : instr: 24080000<CR>
文件1(HEX) : 
00000000 : 69 6e 73 74 72 3a 20 31 - 31 38 30 30 30 31 38     instr:.11800018
文件2(HEX) : 
00000000 : 69 6e 73 74 72 3a 20 32 - 34 30 38 30 30 30 30     instr:.24080000

第[477 / 477]行 - 第[10]个字符开始有差异：
        --------------------
        0         1         
        01234567890123456789
        --------------------
文件1 : pc: 00400048<CR>
文件2 : pc: 00400038<CR>
文件1(HEX) : 
00000000 : 70 63 3a 20 30 30 34 30 - 30 30 34 38              pc:.00400048
文件2(HEX) : 
00000000 : 70 63 3a 20 30 30 34 30 - 30 30 33 38              pc:.00400038

第[478 / 478]行 - 第[7]个字符开始有差异：
        --------------------
        0         1         
        01234567890123456789
        --------------------
文件1 : instr: 00000000<CR>
文件2 : instr: 24090000<CR>
文件1(HEX) : 
00000000 : 69 6e 73 74 72 3a 20 30 - 30 30 30 30 30 30 30     instr:.00000000
文件2(HEX) : 
00000000 : 69 6e 73 74 72 3a 20 32 - 34 30 39 30 30 30 30     instr:.24090000

第[511 / 511]行 - 第[10]个字符开始有差异：
        --------------------
        0         1         
        01234567890123456789
        --------------------
文件1 : pc: 0040004c<CR>
文件2 : pc: 0040003c<CR>
文件1(HEX) : 
00000000 : 70 63 3a 20 30 30 34 30 - 30 30 34 63              pc:.0040004c
文件2(HEX) : 
00000000 : 70 63 3a 20 30 30 34 30 - 30 30 33 63              pc:.0040003c

第[512 / 512]行 - 第[7]个字符开始有差异：
        --------------------
        0         1         
        01234567890123456789
        --------------------
文件1 : instr: 014b6020<CR>
文件2 : instr: 240a0001<CR>
文件1(HEX) : 
00000000 : 69 6e 73 74 72 3a 20 30 - 31 34 62 36 30 32 30     instr:.014b6020
文件2(HEX) : 
00000000 : 69 6e 73 74 72 3a 20 32 - 34 30 61 30 30 30 31     instr:.240a0001

第[545 / 545]行 - 第[10]个字符开始有差异：
        --------------------
        0         1         
        01234567890123456789
        --------------------
文件1 : pc: 00400050<CR>
文件2 : pc: 00400040<CR>
文件1(HEX) : 
00000000 : 70 63 3a 20 30 30 34 30 - 30 30 35 30              pc:.00400050
文件2(HEX) : 
00000000 : 70 63 3a 20 30 30 34 30 - 30 30 34 30              pc:.00400040

第[546 / 546]行 - 第[10]个字符开始有差异：
        --------------------
        0         1         
        01234567890123456789
        --------------------
文件1 : instr: 000c6fc0<CR>
文件2 : instr: 00025820<CR>
文件1(HEX) : 
00000000 : 69 6e 73 74 72 3a 20 30 - 30 30 63 36 66 63 30     instr:.000c6fc0
文件2(HEX) : 
00000000 : 69 6e 73 74 72 3a 20 30 - 30 30 32 35 38 32 30     instr:.00025820

第[579 / 579]行 - 第[10]个字符开始有差异：
        --------------------
        0         1         
        01234567890123456789
        --------------------
文件1 : pc: 00400054<CR>
文件2 : pc: 00400044<CR>
文件1(HEX) : 
00000000 : 70 63 3a 20 30 30 34 30 - 30 30 35 34              pc:.00400054
文件2(HEX) : 
00000000 : 70 63 3a 20 30 30 34 30 - 30 30 34 34              pc:.00400044

第[580 / 580]行 - 第[7]个字符开始有差异：
        --------------------
        0         1         
        01234567890123456789
        --------------------
文件1 : instr: 11a00001<CR>
文件2 : instr: 014b602b<CR>
文件1(HEX) : 
00000000 : 69 6e 73 74 72 3a 20 31 - 31 61 30 30 30 30 31     instr:.11a00001
文件2(HEX) : 
00000000 : 69 6e 73 74 72 3a 20 30 - 31 34 62 36 30 32 62     instr:.014b602b

第[613 / 613]行 - 第[10]个字符开始有差异：
        --------------------
        0         1         
        01234567890123456789
        --------------------
文件1 : pc: 00400054<CR>
文件2 : pc: 00400048<CR>
文件1(HEX) : 
00000000 : 70 63 3a 20 30 30 34 30 - 30 30 35 34              pc:.00400054
文件2(HEX) : 
00000000 : 70 63 3a 20 30 30 34 30 - 30 30 34 38              pc:.00400048

第[614 / 614]行 - 第[7]个字符开始有差异：
        --------------------
        0         1         
        01234567890123456789
        --------------------
文件1 : instr: 00000000<CR>
文件2 : instr: 11800018<CR>
文件1(HEX) : 
00000000 : 69 6e 73 74 72 3a 20 30 - 30 30 30 30 30 30 30     instr:.00000000
文件2(HEX) : 
00000000 : 69 6e 73 74 72 3a 20 31 - 31 38 30 30 30 31 38     instr:.11800018

第[647 / 647]行 - 第[10]个字符开始有差异：
        --------------------
        0         1         
        01234567890123456789
        --------------------
文件1 : pc: 00400058<CR>
文件2 : pc: 0040004c<CR>
文件1(HEX) : 
00000000 : 70 63 3a 20 30 30 34 30 - 30 30 35 38              pc:.00400058
文件2(HEX) : 
00000000 : 70 63 3a 20 30 30 34 30 - 30 30 34 63              pc:.0040004c

第[648 / 648]行 - 第[7]个字符开始有差异：
        --------------------
        0         1         
        01234567890123456789
        --------------------
文件1 : instr: 258c0001<CR>
文件2 : instr: 014b6020<CR>
文件1(HEX) : 
00000000 : 69 6e 73 74 72 3a 20 32 - 35 38 63 30 30 30 31     instr:.258c0001
文件2(HEX) : 
00000000 : 69 6e 73 74 72 3a 20 30 - 31 34 62 36 30 32 30     instr:.014b6020

第[661 / 661]行 - 第[17]个字符开始有差异：
        --------------------
        0         1         
        01234567890123456789
        --------------------
文件1 : regfile12: 00000001<CR>
文件2 : regfile12: 00000065<CR>
文件1(HEX) : 
00000000 : 72 65 67 66 69 6c 65 31 - 32 3a 20 30 30 30 30 30  regfile12:.00000
00000010 : 30 30 31                                           001
文件2(HEX) : 
00000000 : 72 65 67 66 69 6c 65 31 - 32 3a 20 30 30 30 30 30  regfile12:.00000
00000010 : 30 36 35                                           065

第[681 / 681]行 - 第[11]个字符开始有差异：
        --------------------
        0         1         
        01234567890123456789
        --------------------
文件1 : pc: 0040005c<CR>
文件2 : pc: 00400050<CR>
文件1(HEX) : 
00000000 : 70 63 3a 20 30 30 34 30 - 30 30 35 63              pc:.0040005c
文件2(HEX) : 
00000000 : 70 63 3a 20 30 30 34 30 - 30 30 35 30              pc:.00400050

第[682 / 682]行 - 第[12]个字符开始有差异：
        --------------------
        0         1         
        01234567890123456789
        --------------------
文件1 : instr: 000c6042<CR>
文件2 : instr: 000c6fc0<CR>
文件1(HEX) : 
00000000 : 69 6e 73 74 72 3a 20 30 - 30 30 63 36 30 34 32     instr:.000c6042
文件2(HEX) : 
00000000 : 69 6e 73 74 72 3a 20 30 - 30 30 63 36 66 63 30     instr:.000c6fc0

第[696 / 696]行 - 第[11]个字符开始有差异：
        --------------------
        0         1         
        01234567890123456789
        --------------------
文件1 : regfile13: 00000000<CR>
文件2 : regfile13: 80000000<CR>
文件1(HEX) : 
00000000 : 72 65 67 66 69 6c 65 31 - 33 3a 20 30 30 30 30 30  regfile13:.00000
00000010 : 30 30 30                                           000
文件2(HEX) : 
00000000 : 72 65 67 66 69 6c 65 31 - 33 3a 20 38 30 30 30 30  regfile13:.80000
00000010 : 30 30 30                                           000

第[715 / 715]行 - 第[10]个字符开始有差异：
        --------------------
        0         1         
        01234567890123456789
        --------------------
文件1 : pc: 00400060<CR>
文件2 : pc: 00400054<CR>
文件1(HEX) : 
00000000 : 70 63 3a 20 30 30 34 30 - 30 30 36 30              pc:.00400060
文件2(HEX) : 
00000000 : 70 63 3a 20 30 30 34 30 - 30 30 35 34              pc:.00400054

第[716 / 716]行 - 第[7]个字符开始有差异：
        --------------------
        0         1         
        01234567890123456789
        --------------------
文件1 : instr: 24a50001<CR>
文件2 : instr: 11a00001<CR>
文件1(HEX) : 
00000000 : 69 6e 73 74 72 3a 20 32 - 34 61 35 30 30 30 31     instr:.24a50001
文件2(HEX) : 
00000000 : 69 6e 73 74 72 3a 20 31 - 31 61 30 30 30 30 31     instr:.11a00001

第[749 / 749]行 - 第[10]个字符开始有差异：
        --------------------
        0         1         
        01234567890123456789
        --------------------
文件1 : pc: 00400064<CR>
文件2 : pc: 00400058<CR>
文件1(HEX) : 
00000000 : 70 63 3a 20 30 30 34 30 - 30 30 36 34              pc:.00400064
文件2(HEX) : 
00000000 : 70 63 3a 20 30 30 34 30 - 30 30 35 38              pc:.00400058

第[750 / 750]行 - 第[7]个字符开始有差异：
        --------------------
        0         1         
        01234567890123456789
        --------------------
文件1 : instr: 018a6823<CR>
文件2 : instr: 258c0001<CR>
文件1(HEX) : 
00000000 : 69 6e 73 74 72 3a 20 30 - 31 38 61 36 38 32 33     instr:.018a6823
文件2(HEX) : 
00000000 : 69 6e 73 74 72 3a 20 32 - 35 38 63 30 30 30 31     instr:.258c0001

第[763 / 763]行 - 第[18]个字符开始有差异：
        --------------------
        0         1         
        01234567890123456789
        --------------------
文件1 : regfile12: 00000065<CR>
文件2 : regfile12: 00000066<CR>
文件1(HEX) : 
00000000 : 72 65 67 66 69 6c 65 31 - 32 3a 20 30 30 30 30 30  regfile12:.00000
00000010 : 30 36 35                                           065
文件2(HEX) : 
00000000 : 72 65 67 66 69 6c 65 31 - 32 3a 20 30 30 30 30 30  regfile12:.00000
00000010 : 30 36 36                                           066

第[783 / 783]行 - 第[10]个字符开始有差异：
        --------------------
        0         1         
        01234567890123456789
        --------------------
文件1 : pc: 00400068<CR>
文件2 : pc: 0040005c<CR>
文件1(HEX) : 
00000000 : 70 63 3a 20 30 30 34 30 - 30 30 36 38              pc:.00400068
文件2(HEX) : 
00000000 : 70 63 3a 20 30 30 34 30 - 30 30 35 63              pc:.0040005c

第[784 / 784]行 - 第[9]个字符开始有差异：
        --------------------
        0         1         
        01234567890123456789
        --------------------
文件1 : instr: 00cd3020<CR>
文件2 : instr: 000c6042<CR>
文件1(HEX) : 
00000000 : 69 6e 73 74 72 3a 20 30 - 30 63 64 33 30 32 30     instr:.00cd3020
文件2(HEX) : 
00000000 : 69 6e 73 74 72 3a 20 30 - 30 30 63 36 30 34 32     instr:.000c6042

第[797 / 797]行 - 第[17]个字符开始有差异：
        --------------------
        0         1         
        01234567890123456789
        --------------------
文件1 : regfile12: 00000065<CR>
文件2 : regfile12: 00000033<CR>
文件1(HEX) : 
00000000 : 72 65 67 66 69 6c 65 31 - 32 3a 20 30 30 30 30 30  regfile12:.00000
00000010 : 30 36 35                                           065
文件2(HEX) : 
00000000 : 72 65 67 66 69 6c 65 31 - 32 3a 20 30 30 30 30 30  regfile12:.00000
00000010 : 30 33 33                                           033

第[817 / 817]行 - 第[11]个字符开始有差异：
        --------------------
        0         1         
        01234567890123456789
        --------------------
文件1 : pc: 0040006c<CR>
文件2 : pc: 00400060<CR>
文件1(HEX) : 
00000000 : 70 63 3a 20 30 30 34 30 - 30 30 36 63              pc:.0040006c
文件2(HEX) : 
00000000 : 70 63 3a 20 30 30 34 30 - 30 30 36 30              pc:.00400060

第[818 / 818]行 - 第[9]个字符开始有差异：
        --------------------
        0         1         
        01234567890123456789
        --------------------
文件1 : instr: 246d0001<CR>
文件2 : instr: 24a50001<CR>
文件1(HEX) : 
00000000 : 69 6e 73 74 72 3a 20 32 - 34 36 64 30 30 30 31     instr:.246d0001
文件2(HEX) : 
00000000 : 69 6e 73 74 72 3a 20 32 - 34 61 35 30 30 30 31     instr:.24a50001

第[824 / 824]行 - 第[17]个字符开始有差异：
        --------------------
        0         1         
        01234567890123456789
        --------------------
文件1 : regfile5: 00000000<CR>
文件2 : regfile5: 00000001<CR>
文件1(HEX) : 
00000000 : 72 65 67 66 69 6c 65 35 - 3a 20 30 30 30 30 30 30  regfile5:.000000
00000010 : 30 30                                              00
文件2(HEX) : 
00000000 : 72 65 67 66 69 6c 65 35 - 3a 20 30 30 30 30 30 30  regfile5:.000000
00000010 : 30 31                                              01

第[831 / 831]行 - 第[17]个字符开始有差异：
        --------------------
        0         1         
        01234567890123456789
        --------------------
文件1 : regfile12: 00000066<CR>
文件2 : regfile12: 00000033<CR>
文件1(HEX) : 
00000000 : 72 65 67 66 69 6c 65 31 - 32 3a 20 30 30 30 30 30  regfile12:.00000
00000010 : 30 36 36                                           066
文件2(HEX) : 
00000000 : 72 65 67 66 69 6c 65 31 - 32 3a 20 30 30 30 30 30  regfile12:.00000
00000010 : 30 33 33                                           033

第[851 / 851]行 - 第[10]个字符开始有差异：
        --------------------
        0         1         
        01234567890123456789
        --------------------
文件1 : pc: 00400070<CR>
文件2 : pc: 00400064<CR>
文件1(HEX) : 
00000000 : 70 63 3a 20 30 30 34 30 - 30 30 37 30              pc:.00400070
文件2(HEX) : 
00000000 : 70 63 3a 20 30 30 34 30 - 30 30 36 34              pc:.00400064

第[852 / 852]行 - 第[10]个字符开始有差异：
        --------------------
        0         1         
        01234567890123456789
        --------------------
文件1 : instr: 018d702b<CR>
文件2 : instr: 018a6823<CR>
文件1(HEX) : 
00000000 : 69 6e 73 74 72 3a 20 30 - 31 38 64 37 30 32 62     instr:.018d702b
文件2(HEX) : 
00000000 : 69 6e 73 74 72 3a 20 30 - 31 38 61 36 38 32 33     instr:.018a6823

第[858 / 858]行 - 第[17]个字符开始有差异：
        --------------------
        0         1         
        01234567890123456789
        --------------------
文件1 : regfile5: 00000000<CR>
文件2 : regfile5: 00000001<CR>
文件1(HEX) : 
00000000 : 72 65 67 66 69 6c 65 35 - 3a 20 30 30 30 30 30 30  regfile5:.000000
00000010 : 30 30                                              00
文件2(HEX) : 
00000000 : 72 65 67 66 69 6c 65 35 - 3a 20 30 30 30 30 30 30  regfile5:.000000
00000010 : 30 31                                              01

第[865 / 865]行 - 第[17]个字符开始有差异：
        --------------------
        0         1         
        01234567890123456789
        --------------------
文件1 : regfile12: 00000066<CR>
文件2 : regfile12: 00000033<CR>
文件1(HEX) : 
00000000 : 72 65 67 66 69 6c 65 31 - 32 3a 20 30 30 30 30 30  regfile12:.00000
00000010 : 30 36 36                                           066
文件2(HEX) : 
00000000 : 72 65 67 66 69 6c 65 31 - 32 3a 20 30 30 30 30 30  regfile12:.00000
00000010 : 30 33 33                                           033

第[866 / 866]行 - 第[11]个字符开始有差异：
        --------------------
        0         1         
        01234567890123456789
        --------------------
文件1 : regfile13: 80000000<CR>
文件2 : regfile13: 00000032<CR>
文件1(HEX) : 
00000000 : 72 65 67 66 69 6c 65 31 - 33 3a 20 38 30 30 30 30  regfile13:.80000
00000010 : 30 30 30                                           000
文件2(HEX) : 
00000000 : 72 65 67 66 69 6c 65 31 - 33 3a 20 30 30 30 30 30  regfile13:.00000
00000010 : 30 33 32                                           032

第[885 / 885]行 - 第[10]个字符开始有差异：
        --------------------
        0         1         
        01234567890123456789
        --------------------
文件1 : pc: 00400074<CR>
文件2 : pc: 00400068<CR>
文件1(HEX) : 
00000000 : 70 63 3a 20 30 30 34 30 - 30 30 37 34              pc:.00400074
文件2(HEX) : 
00000000 : 70 63 3a 20 30 30 34 30 - 30 30 36 38              pc:.00400068

第[886 / 886]行 - 第[7]个字符开始有差异：
        --------------------
        0         1         
        01234567890123456789
        --------------------
文件1 : instr: 11c00006<CR>
文件2 : instr: 00cd3020<CR>
文件1(HEX) : 
00000000 : 69 6e 73 74 72 3a 20 31 - 31 63 30 30 30 30 36     instr:.11c00006
文件2(HEX) : 
00000000 : 69 6e 73 74 72 3a 20 30 - 30 63 64 33 30 32 30     instr:.00cd3020

第[893 / 893]行 - 第[16]个字符开始有差异：
        --------------------
        0         1         
        01234567890123456789
        --------------------
文件1 : regfile6: 00000000<CR>
文件2 : regfile6: 00000032<CR>
文件1(HEX) : 
00000000 : 72 65 67 66 69 6c 65 36 - 3a 20 30 30 30 30 30 30  regfile6:.000000
00000010 : 30 30                                              00
文件2(HEX) : 
00000000 : 72 65 67 66 69 6c 65 36 - 3a 20 30 30 30 30 30 30  regfile6:.000000
00000010 : 33 32                                              32

第[899 / 899]行 - 第[17]个字符开始有差异：
        --------------------
        0         1         
        01234567890123456789
        --------------------
文件1 : regfile12: 00000066<CR>
文件2 : regfile12: 00000033<CR>
文件1(HEX) : 
00000000 : 72 65 67 66 69 6c 65 31 - 32 3a 20 30 30 30 30 30  regfile12:.00000
00000010 : 30 36 36                                           066
文件2(HEX) : 
00000000 : 72 65 67 66 69 6c 65 31 - 32 3a 20 30 30 30 30 30  regfile12:.00000
00000010 : 30 33 33                                           033

第[900 / 900]行 - 第[11]个字符开始有差异：
        --------------------
        0         1         
        01234567890123456789
        --------------------
文件1 : regfile13: 80000000<CR>
文件2 : regfile13: 00000032<CR>
文件1(HEX) : 
00000000 : 72 65 67 66 69 6c 65 31 - 33 3a 20 38 30 30 30 30  regfile13:.80000
00000010 : 30 30 30                                           000
文件2(HEX) : 
00000000 : 72 65 67 66 69 6c 65 31 - 33 3a 20 30 30 30 30 30  regfile13:.00000
00000010 : 30 33 32                                           032

第[919 / 919]行 - 第[10]个字符开始有差异：
        --------------------
        0         1         
        01234567890123456789
        --------------------
文件1 : pc: 00400074<CR>
文件2 : pc: 0040006c<CR>
文件1(HEX) : 
00000000 : 70 63 3a 20 30 30 34 30 - 30 30 37 34              pc:.00400074
文件2(HEX) : 
00000000 : 70 63 3a 20 30 30 34 30 - 30 30 36 63              pc:.0040006c

第[920 / 920]行 - 第[7]个字符开始有差异：
        --------------------
        0         1         
        01234567890123456789
        --------------------
文件1 : instr: 00000000<CR>
文件2 : instr: 246d0001<CR>
文件1(HEX) : 
00000000 : 69 6e 73 74 72 3a 20 30 - 30 30 30 30 30 30 30     instr:.00000000
文件2(HEX) : 
00000000 : 69 6e 73 74 72 3a 20 32 - 34 36 64 30 30 30 31     instr:.246d0001

第[927 / 927]行 - 第[16]个字符开始有差异：
        --------------------
        0         1         
        01234567890123456789
        --------------------
文件1 : regfile6: 00000000<CR>
文件2 : regfile6: 00000032<CR>
文件1(HEX) : 
00000000 : 72 65 67 66 69 6c 65 36 - 3a 20 30 30 30 30 30 30  regfile6:.000000
00000010 : 30 30                                              00
文件2(HEX) : 
00000000 : 72 65 67 66 69 6c 65 36 - 3a 20 30 30 30 30 30 30  regfile6:.000000
00000010 : 33 32                                              32

第[933 / 933]行 - 第[17]个字符开始有差异：
        --------------------
        0         1         
        01234567890123456789
        --------------------
文件1 : regfile12: 00000066<CR>
文件2 : regfile12: 00000033<CR>
文件1(HEX) : 
00000000 : 72 65 67 66 69 6c 65 31 - 32 3a 20 30 30 30 30 30  regfile12:.00000
00000010 : 30 36 36                                           066
文件2(HEX) : 
00000000 : 72 65 67 66 69 6c 65 31 - 32 3a 20 30 30 30 30 30  regfile12:.00000
00000010 : 30 33 33                                           033

第[934 / 934]行 - 第[17]个字符开始有差异：
        --------------------
        0         1         
        01234567890123456789
        --------------------
文件1 : regfile13: 00000065<CR>
文件2 : regfile13: 00000043<CR>
文件1(HEX) : 
00000000 : 72 65 67 66 69 6c 65 31 - 33 3a 20 30 30 30 30 30  regfile13:.00000
00000010 : 30 36 35                                           065
文件2(HEX) : 
00000000 : 72 65 67 66 69 6c 65 31 - 33 3a 20 30 30 30 30 30  regfile13:.00000
00000010 : 30 34 33                                           043

第[953 / 953]行 - 第[10]个字符开始有差异：
        --------------------
        0         1         
        01234567890123456789
        --------------------
文件1 : pc: 00400090<CR>
文件2 : pc: 00400070<CR>
文件1(HEX) : 
00000000 : 70 63 3a 20 30 30 34 30 - 30 30 39 30              pc:.00400090
文件2(HEX) : 
00000000 : 70 63 3a 20 30 30 34 30 - 30 30 37 30              pc:.00400070

第[954 / 954]行 - 第[7]个字符开始有差异：
        --------------------
        0         1         
        01234567890123456789
        --------------------
文件1 : instr: 25080001<CR>
文件2 : instr: 018d702b<CR>
文件1(HEX) : 
00000000 : 69 6e 73 74 72 3a 20 32 - 35 30 38 30 30 30 31     instr:.25080001
文件2(HEX) : 
00000000 : 69 6e 73 74 72 3a 20 30 - 31 38 64 37 30 32 62     instr:.018d702b

第[961 / 961]行 - 第[16]个字符开始有差异：
        --------------------
        0         1         
        01234567890123456789
        --------------------
文件1 : regfile6: 00000065<CR>
文件2 : regfile6: 00000032<CR>
文件1(HEX) : 
00000000 : 72 65 67 66 69 6c 65 36 - 3a 20 30 30 30 30 30 30  regfile6:.000000
00000010 : 36 35                                              65
文件2(HEX) : 
00000000 : 72 65 67 66 69 6c 65 36 - 3a 20 30 30 30 30 30 30  regfile6:.000000
00000010 : 33 32                                              32

第[967 / 967]行 - 第[17]个字符开始有差异：
        --------------------
        0         1         
        01234567890123456789
        --------------------
文件1 : regfile12: 00000066<CR>
文件2 : regfile12: 00000033<CR>
文件1(HEX) : 
00000000 : 72 65 67 66 69 6c 65 31 - 32 3a 20 30 30 30 30 30  regfile12:.00000
00000010 : 30 36 36                                           066
文件2(HEX) : 
00000000 : 72 65 67 66 69 6c 65 31 - 32 3a 20 30 30 30 30 30  regfile12:.00000
00000010 : 30 33 33                                           033

第[968 / 968]行 - 第[17]个字符开始有差异：
        --------------------
        0         1         
        01234567890123456789
        --------------------
文件1 : regfile13: 00000065<CR>
文件2 : regfile13: 00000043<CR>
文件1(HEX) : 
00000000 : 72 65 67 66 69 6c 65 31 - 33 3a 20 30 30 30 30 30  regfile13:.00000
00000010 : 30 36 35                                           065
文件2(HEX) : 
00000000 : 72 65 67 66 69 6c 65 31 - 33 3a 20 30 30 30 30 30  regfile13:.00000
00000010 : 30 34 33                                           043

第[969 / 969]行 - 第[18]个字符开始有差异：
        --------------------
        0         1         
        01234567890123456789
        --------------------
文件1 : regfile14: 00000000<CR>
文件2 : regfile14: 00000001<CR>
文件1(HEX) : 
00000000 : 72 65 67 66 69 6c 65 31 - 34 3a 20 30 30 30 30 30  regfile14:.00000
00000010 : 30 30 30                                           000
文件2(HEX) : 
00000000 : 72 65 67 66 69 6c 65 31 - 34 3a 20 30 30 30 30 30  regfile14:.00000
00000010 : 30 30 31                                           001

第[987 / 987]行 - 第[10]个字符开始有差异：
        --------------------
        0         1         
        01234567890123456789
        --------------------
文件1 : pc: 00400094<CR>
文件2 : pc: 00400074<CR>
文件1(HEX) : 
00000000 : 70 63 3a 20 30 30 34 30 - 30 30 39 34              pc:.00400094
文件2(HEX) : 
00000000 : 70 63 3a 20 30 30 34 30 - 30 30 37 34              pc:.00400074

第[988 / 988]行 - 第[7]个字符开始有差异：
        --------------------
        0         1         
        01234567890123456789
        --------------------
文件1 : instr: 24840001<CR>
文件2 : instr: 11c00006<CR>
文件1(HEX) : 
00000000 : 69 6e 73 74 72 3a 20 32 - 34 38 34 30 30 30 31     instr:.24840001
文件2(HEX) : 
00000000 : 69 6e 73 74 72 3a 20 31 - 31 63 30 30 30 30 36     instr:.11c00006

第[995 / 995]行 - 第[16]个字符开始有差异：
        --------------------
        0         1         
        01234567890123456789
        --------------------
文件1 : regfile6: 00000065<CR>
文件2 : regfile6: 00000032<CR>
文件1(HEX) : 
00000000 : 72 65 67 66 69 6c 65 36 - 3a 20 30 30 30 30 30 30  regfile6:.000000
00000010 : 36 35                                              65
文件2(HEX) : 
00000000 : 72 65 67 66 69 6c 65 36 - 3a 20 30 30 30 30 30 30  regfile6:.000000
00000010 : 33 32                                              32

第[1001 / 1001]行 - 第[17]个字符开始有差异：
        --------------------
        0         1         
        01234567890123456789
        --------------------
文件1 : regfile12: 00000066<CR>
文件2 : regfile12: 00000033<CR>
文件1(HEX) : 
00000000 : 72 65 67 66 69 6c 65 31 - 32 3a 20 30 30 30 30 30  regfile12:.00000
00000010 : 30 36 36                                           066
文件2(HEX) : 
00000000 : 72 65 67 66 69 6c 65 31 - 32 3a 20 30 30 30 30 30  regfile12:.00000
00000010 : 30 33 33                                           033

第[1003 / 1003]行 - 第[18]个字符开始有差异：
        --------------------
        0         1         
        01234567890123456789
        --------------------
文件1 : regfile14: 00000000<CR>
文件2 : regfile14: 00000001<CR>
文件1(HEX) : 
00000000 : 72 65 67 66 69 6c 65 31 - 34 3a 20 30 30 30 30 30  regfile14:.00000
00000010 : 30 30 30                                           000
文件2(HEX) : 
00000000 : 72 65 67 66 69 6c 65 31 - 34 3a 20 30 30 30 30 30  regfile14:.00000
00000010 : 30 30 31                                           001

第[1021 / 1021]行 - 第[10]个字符开始有差异：
        --------------------
        0         1         
        01234567890123456789
        --------------------
文件1 : pc: 00400098<CR>
文件2 : pc: 00400078<CR>
文件1(HEX) : 
00000000 : 70 63 3a 20 30 30 34 30 - 30 30 39 38              pc:.00400098
文件2(HEX) : 
00000000 : 70 63 3a 20 30 30 34 30 - 30 30 37 38              pc:.00400078

第[1022 / 1022]行 - 第[14]个字符开始有差异：
        --------------------
        0         1         
        01234567890123456789
        --------------------
文件1 : instr: 24090001<CR>
文件2 : instr: 24090000<CR>
文件1(HEX) : 
00000000 : 69 6e 73 74 72 3a 20 32 - 34 30 39 30 30 30 31     instr:.24090001
文件2(HEX) : 
00000000 : 69 6e 73 74 72 3a 20 32 - 34 30 39 30 30 30 30     instr:.24090000

第[1029 / 1029]行 - 第[16]个字符开始有差异：
        --------------------
        0         1         
        01234567890123456789
        --------------------
文件1 : regfile6: 00000065<CR>
文件2 : regfile6: 00000032<CR>
文件1(HEX) : 
00000000 : 72 65 67 66 69 6c 65 36 - 3a 20 30 30 30 30 30 30  regfile6:.000000
00000010 : 36 35                                              65
文件2(HEX) : 
00000000 : 72 65 67 66 69 6c 65 36 - 3a 20 30 30 30 30 30 30  regfile6:.000000
00000010 : 33 32                                              32

第[1035 / 1035]行 - 第[17]个字符开始有差异：
        --------------------
        0         1         
        01234567890123456789
        --------------------
文件1 : regfile12: 00000066<CR>
文件2 : regfile12: 00000033<CR>
文件1(HEX) : 
00000000 : 72 65 67 66 69 6c 65 31 - 32 3a 20 30 30 30 30 30  regfile12:.00000
00000010 : 30 36 36                                           066
文件2(HEX) : 
00000000 : 72 65 67 66 69 6c 65 31 - 32 3a 20 30 30 30 30 30  regfile12:.00000
00000010 : 30 33 33                                           033

第[1037 / 1037]行 - 第[18]个字符开始有差异：
        --------------------
        0         1         
        01234567890123456789
        --------------------
文件1 : regfile14: 00000000<CR>
文件2 : regfile14: 00000001<CR>
文件1(HEX) : 
00000000 : 72 65 67 66 69 6c 65 31 - 34 3a 20 30 30 30 30 30  regfile14:.00000
00000010 : 30 30 30                                           000
文件2(HEX) : 
00000000 : 72 65 67 66 69 6c 65 31 - 34 3a 20 30 30 30 30 30  regfile14:.00000
00000010 : 30 30 31                                           001

第[1055 / 1055]行 - 第[10]个字符开始有差异：
        --------------------
        0         1         
        01234567890123456789
        --------------------
文件1 : pc: 0040009c<CR>
文件2 : pc: 0040007c<CR>
文件1(HEX) : 
00000000 : 70 63 3a 20 30 30 34 30 - 30 30 39 63              pc:.0040009c
文件2(HEX) : 
00000000 : 70 63 3a 20 30 30 34 30 - 30 30 37 63              pc:.0040007c

第[1056 / 1056]行 - 第[12]个字符开始有差异：
        --------------------
        0         1         
        01234567890123456789
        --------------------
文件1 : instr: 000c5820<CR>
文件2 : instr: 000c5020<CR>
文件1(HEX) : 
00000000 : 69 6e 73 74 72 3a 20 30 - 30 30 63 35 38 32 30     instr:.000c5820
文件2(HEX) : 
00000000 : 69 6e 73 74 72 3a 20 30 - 30 30 63 35 30 32 30     instr:.000c5020

第[1063 / 1063]行 - 第[16]个字符开始有差异：
        --------------------
        0         1         
        01234567890123456789
        --------------------
文件1 : regfile6: 00000065<CR>
文件2 : regfile6: 00000032<CR>
文件1(HEX) : 
00000000 : 72 65 67 66 69 6c 65 36 - 3a 20 30 30 30 30 30 30  regfile6:.000000
00000010 : 36 35                                              65
文件2(HEX) : 
00000000 : 72 65 67 66 69 6c 65 36 - 3a 20 30 30 30 30 30 30  regfile6:.000000
00000010 : 33 32                                              32

第[1067 / 1067]行 - 第[17]个字符开始有差异：
        --------------------
        0         1         
        01234567890123456789
        --------------------
文件1 : regfile10: 00000001<CR>
文件2 : regfile10: 00000033<CR>
文件1(HEX) : 
00000000 : 72 65 67 66 69 6c 65 31 - 30 3a 20 30 30 30 30 30  regfile10:.00000
00000010 : 30 30 31                                           001
文件2(HEX) : 
00000000 : 72 65 67 66 69 6c 65 31 - 30 3a 20 30 30 30 30 30  regfile10:.00000
00000010 : 30 33 33                                           033

第[1069 / 1069]行 - 第[17]个字符开始有差异：
        --------------------
        0         1         
        01234567890123456789
        --------------------
文件1 : regfile12: 00000066<CR>
文件2 : regfile12: 00000033<CR>
文件1(HEX) : 
00000000 : 72 65 67 66 69 6c 65 31 - 32 3a 20 30 30 30 30 30  regfile12:.00000
00000010 : 30 36 36                                           066
文件2(HEX) : 
00000000 : 72 65 67 66 69 6c 65 31 - 32 3a 20 30 30 30 30 30  regfile12:.00000
00000010 : 30 33 33                                           033

第[1071 / 1071]行 - 第[18]个字符开始有差异：
        --------------------
        0         1         
        01234567890123456789
        --------------------
文件1 : regfile14: 00000000<CR>
文件2 : regfile14: 00000001<CR>
文件1(HEX) : 
00000000 : 72 65 67 66 69 6c 65 31 - 34 3a 20 30 30 30 30 30  regfile14:.00000
00000010 : 30 30 30                                           000
文件2(HEX) : 
00000000 : 72 65 67 66 69 6c 65 31 - 34 3a 20 30 30 30 30 30  regfile14:.00000
00000010 : 30 30 31                                           001

第[1089 / 1089]行 - 第[10]个字符开始有差异：
        --------------------
        0         1         
        01234567890123456789
        --------------------
文件1 : pc: 004000a0<CR>
文件2 : pc: 00400080<CR>
文件1(HEX) : 
00000000 : 70 63 3a 20 30 30 34 30 - 30 30 61 30              pc:.004000a0
文件2(HEX) : 
00000000 : 70 63 3a 20 30 30 34 30 - 30 30 38 30              pc:.00400080

第[1090 / 1090]行 - 第[7]个字符开始有差异：
        --------------------
        0         1         
        01234567890123456789
        --------------------
文件1 : instr: 018a6823<CR>
文件2 : instr: 254a0001<CR>
文件1(HEX) : 
00000000 : 69 6e 73 74 72 3a 20 30 - 31 38 61 36 38 32 33     instr:.018a6823
文件2(HEX) : 
00000000 : 69 6e 73 74 72 3a 20 32 - 35 34 61 30 30 30 31     instr:.254a0001

第[1097 / 1097]行 - 第[16]个字符开始有差异：
        --------------------
        0         1         
        01234567890123456789
        --------------------
文件1 : regfile6: 00000065<CR>
文件2 : regfile6: 00000032<CR>
文件1(HEX) : 
00000000 : 72 65 67 66 69 6c 65 36 - 3a 20 30 30 30 30 30 30  regfile6:.000000
00000010 : 36 35                                              65
文件2(HEX) : 
00000000 : 72 65 67 66 69 6c 65 36 - 3a 20 30 30 30 30 30 30  regfile6:.000000
00000010 : 33 32                                              32

第[1101 / 1101]行 - 第[17]个字符开始有差异：
        --------------------
        0         1         
        01234567890123456789
        --------------------
文件1 : regfile10: 00000001<CR>
文件2 : regfile10: 00000034<CR>
文件1(HEX) : 
00000000 : 72 65 67 66 69 6c 65 31 - 30 3a 20 30 30 30 30 30  regfile10:.00000
00000010 : 30 30 31                                           001
文件2(HEX) : 
00000000 : 72 65 67 66 69 6c 65 31 - 30 3a 20 30 30 30 30 30  regfile10:.00000
00000010 : 30 33 34                                           034

第[1103 / 1103]行 - 第[17]个字符开始有差异：
        --------------------
        0         1         
        01234567890123456789
        --------------------
文件1 : regfile12: 00000066<CR>
文件2 : regfile12: 00000033<CR>
文件1(HEX) : 
00000000 : 72 65 67 66 69 6c 65 31 - 32 3a 20 30 30 30 30 30  regfile12:.00000
00000010 : 30 36 36                                           066
文件2(HEX) : 
00000000 : 72 65 67 66 69 6c 65 31 - 32 3a 20 30 30 30 30 30  regfile12:.00000
00000010 : 30 33 33                                           033

第[1105 / 1105]行 - 第[18]个字符开始有差异：
        --------------------
        0         1         
        01234567890123456789
        --------------------
文件1 : regfile14: 00000000<CR>
文件2 : regfile14: 00000001<CR>
文件1(HEX) : 
00000000 : 72 65 67 66 69 6c 65 31 - 34 3a 20 30 30 30 30 30  regfile14:.00000
00000010 : 30 30 30                                           000
文件2(HEX) : 
00000000 : 72 65 67 66 69 6c 65 31 - 34 3a 20 30 30 30 30 30  regfile14:.00000
00000010 : 30 30 31                                           001

第[1123 / 1123]行 - 第[10]个字符开始有差异：
        --------------------
        0         1         
        01234567890123456789
        --------------------
文件1 : pc: 004000a4<CR>
文件2 : pc: 00400084<CR>
文件1(HEX) : 
00000000 : 70 63 3a 20 30 30 34 30 - 30 30 61 34              pc:.004000a4
文件2(HEX) : 
00000000 : 70 63 3a 20 30 30 34 30 - 30 30 38 34              pc:.00400084

第[1124 / 1124]行 - 第[8]个字符开始有差异：
        --------------------
        0         1         
        01234567890123456789
        --------------------
文件1 : instr: 00ed3820<CR>
文件2 : instr: 016c6823<CR>
文件1(HEX) : 
00000000 : 69 6e 73 74 72 3a 20 30 - 30 65 64 33 38 32 30     instr:.00ed3820
文件2(HEX) : 
00000000 : 69 6e 73 74 72 3a 20 30 - 31 36 63 36 38 32 33     instr:.016c6823

第[1131 / 1131]行 - 第[16]个字符开始有差异：
        --------------------
        0         1         
        01234567890123456789
        --------------------
文件1 : regfile6: 00000065<CR>
文件2 : regfile6: 00000032<CR>
文件1(HEX) : 
00000000 : 72 65 67 66 69 6c 65 36 - 3a 20 30 30 30 30 30 30  regfile6:.000000
00000010 : 36 35                                              65
文件2(HEX) : 
00000000 : 72 65 67 66 69 6c 65 36 - 3a 20 30 30 30 30 30 30  regfile6:.000000
00000010 : 33 32                                              32

第[1133 / 1133]行 - 第[17]个字符开始有差异：
        --------------------
        0         1         
        01234567890123456789
        --------------------
文件1 : regfile8: 00000001<CR>
文件2 : regfile8: 00000000<CR>
文件1(HEX) : 
00000000 : 72 65 67 66 69 6c 65 38 - 3a 20 30 30 30 30 30 30  regfile8:.000000
00000010 : 30 31                                              01
文件2(HEX) : 
00000000 : 72 65 67 66 69 6c 65 38 - 3a 20 30 30 30 30 30 30  regfile8:.000000
00000010 : 30 30                                              00

第[1135 / 1135]行 - 第[17]个字符开始有差异：
        --------------------
        0         1         
        01234567890123456789
        --------------------
文件1 : regfile10: 00000001<CR>
文件2 : regfile10: 00000034<CR>
文件1(HEX) : 
00000000 : 72 65 67 66 69 6c 65 31 - 30 3a 20 30 30 30 30 30  regfile10:.00000
00000010 : 30 30 31                                           001
文件2(HEX) : 
00000000 : 72 65 67 66 69 6c 65 31 - 30 3a 20 30 30 30 30 30  regfile10:.00000
00000010 : 30 33 34                                           034

第[1137 / 1137]行 - 第[17]个字符开始有差异：
        --------------------
        0         1         
        01234567890123456789
        --------------------
文件1 : regfile12: 00000066<CR>
文件2 : regfile12: 00000033<CR>
文件1(HEX) : 
00000000 : 72 65 67 66 69 6c 65 31 - 32 3a 20 30 30 30 30 30  regfile12:.00000
00000010 : 30 36 36                                           066
文件2(HEX) : 
00000000 : 72 65 67 66 69 6c 65 31 - 32 3a 20 30 30 30 30 30  regfile12:.00000
00000010 : 30 33 33                                           033

第[1138 / 1138]行 - 第[17]个字符开始有差异：
        --------------------
        0         1         
        01234567890123456789
        --------------------
文件1 : regfile13: 00000043<CR>
文件2 : regfile13: 00000031<CR>
文件1(HEX) : 
00000000 : 72 65 67 66 69 6c 65 31 - 33 3a 20 30 30 30 30 30  regfile13:.00000
00000010 : 30 34 33                                           043
文件2(HEX) : 
00000000 : 72 65 67 66 69 6c 65 31 - 33 3a 20 30 30 30 30 30  regfile13:.00000
00000010 : 30 33 31                                           031

第[1139 / 1139]行 - 第[18]个字符开始有差异：
        --------------------
        0         1         
        01234567890123456789
        --------------------
文件1 : regfile14: 00000000<CR>
文件2 : regfile14: 00000001<CR>
文件1(HEX) : 
00000000 : 72 65 67 66 69 6c 65 31 - 34 3a 20 30 30 30 30 30  regfile14:.00000
00000010 : 30 30 30                                           000
文件2(HEX) : 
00000000 : 72 65 67 66 69 6c 65 31 - 34 3a 20 30 30 30 30 30  regfile14:.00000
00000010 : 30 30 31                                           001

第[1157 / 1157]行 - 第[10]个字符开始有差异：
        --------------------
        0         1         
        01234567890123456789
        --------------------
文件1 : pc: 004000a8<CR>
文件2 : pc: 00400088<CR>
文件1(HEX) : 
00000000 : 70 63 3a 20 30 30 34 30 - 30 30 61 38              pc:.004000a8
文件2(HEX) : 
00000000 : 70 63 3a 20 30 30 34 30 - 30 30 38 38              pc:.00400088

第[1158 / 1158]行 - 第[7]个字符开始有差异：
        --------------------
        0         1         
        01234567890123456789
        --------------------
文件1 : instr: 1000ffe6<CR>
文件2 : instr: 00ed3820<CR>
文件1(HEX) : 
00000000 : 69 6e 73 74 72 3a 20 31 - 30 30 30 66 66 65 36     instr:.1000ffe6
文件2(HEX) : 
00000000 : 69 6e 73 74 72 3a 20 30 - 30 65 64 33 38 32 30     instr:.00ed3820

第[1163 / 1163]行 - 第[17]个字符开始有差异：
        --------------------
        0         1         
        01234567890123456789
        --------------------
文件1 : regfile4: 00000002<CR>
文件2 : regfile4: 00000001<CR>
文件1(HEX) : 
00000000 : 72 65 67 66 69 6c 65 34 - 3a 20 30 30 30 30 30 30  regfile4:.000000
00000010 : 30 32                                              02
文件2(HEX) : 
00000000 : 72 65 67 66 69 6c 65 34 - 3a 20 30 30 30 30 30 30  regfile4:.000000
00000010 : 30 31                                              01

第[1165 / 1165]行 - 第[16]个字符开始有差异：
        --------------------
        0         1         
        01234567890123456789
        --------------------
文件1 : regfile6: 00000065<CR>
文件2 : regfile6: 00000032<CR>
文件1(HEX) : 
00000000 : 72 65 67 66 69 6c 65 36 - 3a 20 30 30 30 30 30 30  regfile6:.000000
00000010 : 36 35                                              65
文件2(HEX) : 
00000000 : 72 65 67 66 69 6c 65 36 - 3a 20 30 30 30 30 30 30  regfile6:.000000
00000010 : 33 32                                              32

第[1166 / 1166]行 - 第[16]个字符开始有差异：
        --------------------
        0         1         
        01234567890123456789
        --------------------
文件1 : regfile7: 00000000<CR>
文件2 : regfile7: 00000031<CR>
文件1(HEX) : 
00000000 : 72 65 67 66 69 6c 65 37 - 3a 20 30 30 30 30 30 30  regfile7:.000000
00000010 : 30 30                                              00
文件2(HEX) : 
00000000 : 72 65 67 66 69 6c 65 37 - 3a 20 30 30 30 30 30 30  regfile7:.000000
00000010 : 33 31                                              31

第[1167 / 1167]行 - 第[17]个字符开始有差异：
        --------------------
        0         1         
        01234567890123456789
        --------------------
文件1 : regfile8: 00000001<CR>
文件2 : regfile8: 00000000<CR>
文件1(HEX) : 
00000000 : 72 65 67 66 69 6c 65 38 - 3a 20 30 30 30 30 30 30  regfile8:.000000
00000010 : 30 31                                              01
文件2(HEX) : 
00000000 : 72 65 67 66 69 6c 65 38 - 3a 20 30 30 30 30 30 30  regfile8:.000000
00000010 : 30 30                                              00

第[1169 / 1169]行 - 第[17]个字符开始有差异：
        --------------------
        0         1         
        01234567890123456789
        --------------------
文件1 : regfile10: 00000001<CR>
文件2 : regfile10: 00000034<CR>
文件1(HEX) : 
00000000 : 72 65 67 66 69 6c 65 31 - 30 3a 20 30 30 30 30 30  regfile10:.00000
00000010 : 30 30 31                                           001
文件2(HEX) : 
00000000 : 72 65 67 66 69 6c 65 31 - 30 3a 20 30 30 30 30 30  regfile10:.00000
00000010 : 30 33 34                                           034

第[1171 / 1171]行 - 第[17]个字符开始有差异：
        --------------------
        0         1         
        01234567890123456789
        --------------------
文件1 : regfile12: 00000066<CR>
文件2 : regfile12: 00000033<CR>
文件1(HEX) : 
00000000 : 72 65 67 66 69 6c 65 31 - 32 3a 20 30 30 30 30 30  regfile12:.00000
00000010 : 30 36 36                                           066
文件2(HEX) : 
00000000 : 72 65 67 66 69 6c 65 31 - 32 3a 20 30 30 30 30 30  regfile12:.00000
00000010 : 30 33 33                                           033

第[1172 / 1172]行 - 第[17]个字符开始有差异：
        --------------------
        0         1         
        01234567890123456789
        --------------------
文件1 : regfile13: 00000043<CR>
文件2 : regfile13: 00000031<CR>
文件1(HEX) : 
00000000 : 72 65 67 66 69 6c 65 31 - 33 3a 20 30 30 30 30 30  regfile13:.00000
00000010 : 30 34 33                                           043
文件2(HEX) : 
00000000 : 72 65 67 66 69 6c 65 31 - 33 3a 20 30 30 30 30 30  regfile13:.00000
00000010 : 30 33 31                                           031

第[1173 / 1173]行 - 第[18]个字符开始有差异：
        --------------------
        0         1         
        01234567890123456789
        --------------------
文件1 : regfile14: 00000000<CR>
文件2 : regfile14: 00000001<CR>
文件1(HEX) : 
00000000 : 72 65 67 66 69 6c 65 31 - 34 3a 20 30 30 30 30 30  regfile14:.00000
00000010 : 30 30 30                                           000
文件2(HEX) : 
00000000 : 72 65 67 66 69 6c 65 31 - 34 3a 20 30 30 30 30 30  regfile14:.00000
00000010 : 30 30 31                                           001

第[1191 / 1191]行 - 第[10]个字符开始有差异：
        --------------------
        0         1         
        01234567890123456789
        --------------------
文件1 : pc: 004000a8<CR>
文件2 : pc: 0040008c<CR>
文件1(HEX) : 
00000000 : 70 63 3a 20 30 30 34 30 - 30 30 61 38              pc:.004000a8
文件2(HEX) : 
00000000 : 70 63 3a 20 30 30 34 30 - 30 30 38 63              pc:.0040008c

第[1192 / 1192]行 - 第[7]个字符开始有差异：
        --------------------
        0         1         
        01234567890123456789
        --------------------
文件1 : instr: 00000000<CR>
文件2 : instr: 10000006<CR>
文件1(HEX) : 
00000000 : 69 6e 73 74 72 3a 20 30 - 30 30 30 30 30 30 30     instr:.00000000
文件2(HEX) : 
00000000 : 69 6e 73 74 72 3a 20 31 - 30 30 30 30 30 30 36     instr:.10000006

第[1197 / 1197]行 - 第[17]个字符开始有差异：
        --------------------
        0         1         
        01234567890123456789
        --------------------
文件1 : regfile4: 00000002<CR>
文件2 : regfile4: 00000001<CR>
文件1(HEX) : 
00000000 : 72 65 67 66 69 6c 65 34 - 3a 20 30 30 30 30 30 30  regfile4:.000000
00000010 : 30 32                                              02
文件2(HEX) : 
00000000 : 72 65 67 66 69 6c 65 34 - 3a 20 30 30 30 30 30 30  regfile4:.000000
00000010 : 30 31                                              01

第[1199 / 1199]行 - 第[16]个字符开始有差异：
        --------------------
        0         1         
        01234567890123456789
        --------------------
文件1 : regfile6: 00000065<CR>
文件2 : regfile6: 00000032<CR>
文件1(HEX) : 
00000000 : 72 65 67 66 69 6c 65 36 - 3a 20 30 30 30 30 30 30  regfile6:.000000
00000010 : 36 35                                              65
文件2(HEX) : 
00000000 : 72 65 67 66 69 6c 65 36 - 3a 20 30 30 30 30 30 30  regfile6:.000000
00000010 : 33 32                                              32

第[1200 / 1200]行 - 第[16]个字符开始有差异：
        --------------------
        0         1         
        01234567890123456789
        --------------------
文件1 : regfile7: 00000000<CR>
文件2 : regfile7: 00000031<CR>
文件1(HEX) : 
00000000 : 72 65 67 66 69 6c 65 37 - 3a 20 30 30 30 30 30 30  regfile7:.000000
00000010 : 30 30                                              00
文件2(HEX) : 
00000000 : 72 65 67 66 69 6c 65 37 - 3a 20 30 30 30 30 30 30  regfile7:.000000
00000010 : 33 31                                              31

第[1201 / 1201]行 - 第[17]个字符开始有差异：
        --------------------
        0         1         
        01234567890123456789
        --------------------
文件1 : regfile8: 00000001<CR>
文件2 : regfile8: 00000000<CR>
文件1(HEX) : 
00000000 : 72 65 67 66 69 6c 65 38 - 3a 20 30 30 30 30 30 30  regfile8:.000000
00000010 : 30 31                                              01
文件2(HEX) : 
00000000 : 72 65 67 66 69 6c 65 38 - 3a 20 30 30 30 30 30 30  regfile8:.000000
00000010 : 30 30                                              00

第[1202 / 1202]行 - 第[17]个字符开始有差异：
        --------------------
        0         1         
        01234567890123456789
        --------------------
文件1 : regfile9: 00000001<CR>
文件2 : regfile9: 00000000<CR>
文件1(HEX) : 
00000000 : 72 65 67 66 69 6c 65 39 - 3a 20 30 30 30 30 30 30  regfile9:.000000
00000010 : 30 31                                              01
文件2(HEX) : 
00000000 : 72 65 67 66 69 6c 65 39 - 3a 20 30 30 30 30 30 30  regfile9:.000000
00000010 : 30 30                                              00

第[1203 / 1203]行 - 第[17]个字符开始有差异：
        --------------------
        0         1         
        01234567890123456789
        --------------------
文件1 : regfile10: 00000001<CR>
文件2 : regfile10: 00000034<CR>
文件1(HEX) : 
00000000 : 72 65 67 66 69 6c 65 31 - 30 3a 20 30 30 30 30 30  regfile10:.00000
00000010 : 30 30 31                                           001
文件2(HEX) : 
00000000 : 72 65 67 66 69 6c 65 31 - 30 3a 20 30 30 30 30 30  regfile10:.00000
00000010 : 30 33 34                                           034

第[1205 / 1205]行 - 第[17]个字符开始有差异：
        --------------------
        0         1         
        01234567890123456789
        --------------------
文件1 : regfile12: 00000066<CR>
文件2 : regfile12: 00000033<CR>
文件1(HEX) : 
00000000 : 72 65 67 66 69 6c 65 31 - 32 3a 20 30 30 30 30 30  regfile12:.00000
00000010 : 30 36 36                                           066
文件2(HEX) : 
00000000 : 72 65 67 66 69 6c 65 31 - 32 3a 20 30 30 30 30 30  regfile12:.00000
00000010 : 30 33 33                                           033

第[1206 / 1206]行 - 第[17]个字符开始有差异：
        --------------------
        0         1         
        01234567890123456789
        --------------------
文件1 : regfile13: 00000043<CR>
文件2 : regfile13: 00000031<CR>
文件1(HEX) : 
00000000 : 72 65 67 66 69 6c 65 31 - 33 3a 20 30 30 30 30 30  regfile13:.00000
00000010 : 30 34 33                                           043
文件2(HEX) : 
00000000 : 72 65 67 66 69 6c 65 31 - 33 3a 20 30 30 30 30 30  regfile13:.00000
00000010 : 30 33 31                                           031

第[1207 / 1207]行 - 第[18]个字符开始有差异：
        --------------------
        0         1         
        01234567890123456789
        --------------------
文件1 : regfile14: 00000000<CR>
文件2 : regfile14: 00000001<CR>
文件1(HEX) : 
00000000 : 72 65 67 66 69 6c 65 31 - 34 3a 20 30 30 30 30 30  regfile14:.00000
00000010 : 30 30 30                                           000
文件2(HEX) : 
00000000 : 72 65 67 66 69 6c 65 31 - 34 3a 20 30 30 30 30 30  regfile14:.00000
00000010 : 30 30 31                                           001

第[1225 / 1225]行 - 第[10]个字符开始有差异：
        --------------------
        0         1         
        01234567890123456789
        --------------------
文件1 : pc: 00400044<CR>
文件2 : pc: 004000a8<CR>
文件1(HEX) : 
00000000 : 70 63 3a 20 30 30 34 30 - 30 30 34 34              pc:.00400044
文件2(HEX) : 
00000000 : 70 63 3a 20 30 30 34 30 - 30 30 61 38              pc:.004000a8

第[1226 / 1226]行 - 第[7]个字符开始有差异：
        --------------------
        0         1         
        01234567890123456789
        --------------------
文件1 : instr: 014b602b<CR>
文件2 : instr: 1000ffe6<CR>
文件1(HEX) : 
00000000 : 69 6e 73 74 72 3a 20 30 - 31 34 62 36 30 32 62     instr:.014b602b
文件2(HEX) : 
00000000 : 69 6e 73 74 72 3a 20 31 - 30 30 30 66 66 65 36     instr:.1000ffe6

第[1231 / 1231]行 - 第[17]个字符开始有差异：
        --------------------
        0         1         
        01234567890123456789
        --------------------
文件1 : regfile4: 00000002<CR>
文件2 : regfile4: 00000001<CR>
文件1(HEX) : 
00000000 : 72 65 67 66 69 6c 65 34 - 3a 20 30 30 30 30 30 30  regfile4:.000000
00000010 : 30 32                                              02
文件2(HEX) : 
00000000 : 72 65 67 66 69 6c 65 34 - 3a 20 30 30 30 30 30 30  regfile4:.000000
00000010 : 30 31                                              01

第[1233 / 1233]行 - 第[16]个字符开始有差异：
        --------------------
        0         1         
        01234567890123456789
        --------------------
文件1 : regfile6: 00000065<CR>
文件2 : regfile6: 00000032<CR>
文件1(HEX) : 
00000000 : 72 65 67 66 69 6c 65 36 - 3a 20 30 30 30 30 30 30  regfile6:.000000
00000010 : 36 35                                              65
文件2(HEX) : 
00000000 : 72 65 67 66 69 6c 65 36 - 3a 20 30 30 30 30 30 30  regfile6:.000000
00000010 : 33 32                                              32

第[1234 / 1234]行 - 第[16]个字符开始有差异：
        --------------------
        0         1         
        01234567890123456789
        --------------------
文件1 : regfile7: 00000000<CR>
文件2 : regfile7: 00000031<CR>
文件1(HEX) : 
00000000 : 72 65 67 66 69 6c 65 37 - 3a 20 30 30 30 30 30 30  regfile7:.000000
00000010 : 30 30                                              00
文件2(HEX) : 
00000000 : 72 65 67 66 69 6c 65 37 - 3a 20 30 30 30 30 30 30  regfile7:.000000
00000010 : 33 31                                              31

第[1235 / 1235]行 - 第[17]个字符开始有差异：
        --------------------
        0         1         
        01234567890123456789
        --------------------
文件1 : regfile8: 00000001<CR>
文件2 : regfile8: 00000000<CR>
文件1(HEX) : 
00000000 : 72 65 67 66 69 6c 65 38 - 3a 20 30 30 30 30 30 30  regfile8:.000000
00000010 : 30 31                                              01
文件2(HEX) : 
00000000 : 72 65 67 66 69 6c 65 38 - 3a 20 30 30 30 30 30 30  regfile8:.000000
00000010 : 30 30                                              00

第[1236 / 1236]行 - 第[17]个字符开始有差异：
        --------------------
        0         1         
        01234567890123456789
        --------------------
文件1 : regfile9: 00000001<CR>
文件2 : regfile9: 00000000<CR>
文件1(HEX) : 
00000000 : 72 65 67 66 69 6c 65 39 - 3a 20 30 30 30 30 30 30  regfile9:.000000
00000010 : 30 31                                              01
文件2(HEX) : 
00000000 : 72 65 67 66 69 6c 65 39 - 3a 20 30 30 30 30 30 30  regfile9:.000000
00000010 : 30 30                                              00

第[1237 / 1237]行 - 第[17]个字符开始有差异：
        --------------------
        0         1         
        01234567890123456789
        --------------------
文件1 : regfile10: 00000001<CR>
文件2 : regfile10: 00000034<CR>
文件1(HEX) : 
00000000 : 72 65 67 66 69 6c 65 31 - 30 3a 20 30 30 30 30 30  regfile10:.00000
00000010 : 30 30 31                                           001
文件2(HEX) : 
00000000 : 72 65 67 66 69 6c 65 31 - 30 3a 20 30 30 30 30 30  regfile10:.00000
00000010 : 30 33 34                                           034

第[1238 / 1238]行 - 第[18]个字符开始有差异：
        --------------------
        0         1         
        01234567890123456789
        --------------------
文件1 : regfile11: 00000066<CR>
文件2 : regfile11: 00000064<CR>
文件1(HEX) : 
00000000 : 72 65 67 66 69 6c 65 31 - 31 3a 20 30 30 30 30 30  regfile11:.00000
00000010 : 30 36 36                                           066
文件2(HEX) : 
00000000 : 72 65 67 66 69 6c 65 31 - 31 3a 20 30 30 30 30 30  regfile11:.00000
00000010 : 30 36 34                                           064

第[1239 / 1239]行 - 第[17]个字符开始有差异：
        --------------------
        0         1         
        01234567890123456789
        --------------------
文件1 : regfile12: 00000066<CR>
文件2 : regfile12: 00000033<CR>
文件1(HEX) : 
00000000 : 72 65 67 66 69 6c 65 31 - 32 3a 20 30 30 30 30 30  regfile12:.00000
00000010 : 30 36 36                                           066
文件2(HEX) : 
00000000 : 72 65 67 66 69 6c 65 31 - 32 3a 20 30 30 30 30 30  regfile12:.00000
00000010 : 30 33 33                                           033

第[1240 / 1240]行 - 第[17]个字符开始有差异：
        --------------------
        0         1         
        01234567890123456789
        --------------------
文件1 : regfile13: 00000043<CR>
文件2 : regfile13: 00000031<CR>
文件1(HEX) : 
00000000 : 72 65 67 66 69 6c 65 31 - 33 3a 20 30 30 30 30 30  regfile13:.00000
00000010 : 30 34 33                                           043
文件2(HEX) : 
00000000 : 72 65 67 66 69 6c 65 31 - 33 3a 20 30 30 30 30 30  regfile13:.00000
00000010 : 30 33 31                                           031

第[1241 / 1241]行 - 第[18]个字符开始有差异：
        --------------------
        0         1         
        01234567890123456789
        --------------------
文件1 : regfile14: 00000000<CR>
文件2 : regfile14: 00000001<CR>
文件1(HEX) : 
00000000 : 72 65 67 66 69 6c 65 31 - 34 3a 20 30 30 30 30 30  regfile14:.00000
00000010 : 30 30 30                                           000
文件2(HEX) : 
00000000 : 72 65 67 66 69 6c 65 31 - 34 3a 20 30 30 30 30 30  regfile14:.00000
00000010 : 30 30 31                                           001

第[1259 / 1259]行 - 第[11]个字符开始有差异：
        --------------------
        0         1         
        01234567890123456789
        --------------------
文件1 : pc: 00400048<CR>
文件2 : pc: 00400044<CR>
文件1(HEX) : 
00000000 : 70 63 3a 20 30 30 34 30 - 30 30 34 38              pc:.00400048
文件2(HEX) : 
00000000 : 70 63 3a 20 30 30 34 30 - 30 30 34 34              pc:.00400044

第[1260 / 1260]行 - 第[7]个字符开始有差异：
        --------------------
        0         1         
        01234567890123456789
        --------------------
文件1 : instr: 11800018<CR>
文件2 : instr: 014b602b<CR>
文件1(HEX) : 
00000000 : 69 6e 73 74 72 3a 20 31 - 31 38 30 30 30 31 38     instr:.11800018
文件2(HEX) : 
00000000 : 69 6e 73 74 72 3a 20 30 - 31 34 62 36 30 32 62     instr:.014b602b

第[1265 / 1265]行 - 第[17]个字符开始有差异：
        --------------------
        0         1         
        01234567890123456789
        --------------------
文件1 : regfile4: 00000002<CR>
文件2 : regfile4: 00000001<CR>
文件1(HEX) : 
00000000 : 72 65 67 66 69 6c 65 34 - 3a 20 30 30 30 30 30 30  regfile4:.000000
00000010 : 30 32                                              02
文件2(HEX) : 
00000000 : 72 65 67 66 69 6c 65 34 - 3a 20 30 30 30 30 30 30  regfile4:.000000
00000010 : 30 31                                              01

第[1267 / 1267]行 - 第[16]个字符开始有差异：
        --------------------
        0         1         
        01234567890123456789
        --------------------
文件1 : regfile6: 00000065<CR>
文件2 : regfile6: 00000032<CR>
文件1(HEX) : 
00000000 : 72 65 67 66 69 6c 65 36 - 3a 20 30 30 30 30 30 30  regfile6:.000000
00000010 : 36 35                                              65
文件2(HEX) : 
00000000 : 72 65 67 66 69 6c 65 36 - 3a 20 30 30 30 30 30 30  regfile6:.000000
00000010 : 33 32                                              32

第[1268 / 1268]行 - 第[16]个字符开始有差异：
        --------------------
        0         1         
        01234567890123456789
        --------------------
文件1 : regfile7: 00000000<CR>
文件2 : regfile7: 00000031<CR>
文件1(HEX) : 
00000000 : 72 65 67 66 69 6c 65 37 - 3a 20 30 30 30 30 30 30  regfile7:.000000
00000010 : 30 30                                              00
文件2(HEX) : 
00000000 : 72 65 67 66 69 6c 65 37 - 3a 20 30 30 30 30 30 30  regfile7:.000000
00000010 : 33 31                                              31

第[1269 / 1269]行 - 第[17]个字符开始有差异：
        --------------------
        0         1         
        01234567890123456789
        --------------------
文件1 : regfile8: 00000001<CR>
文件2 : regfile8: 00000000<CR>
文件1(HEX) : 
00000000 : 72 65 67 66 69 6c 65 38 - 3a 20 30 30 30 30 30 30  regfile8:.000000
00000010 : 30 31                                              01
文件2(HEX) : 
00000000 : 72 65 67 66 69 6c 65 38 - 3a 20 30 30 30 30 30 30  regfile8:.000000
00000010 : 30 30                                              00

第[1270 / 1270]行 - 第[17]个字符开始有差异：
        --------------------
        0         1         
        01234567890123456789
        --------------------
文件1 : regfile9: 00000001<CR>
文件2 : regfile9: 00000000<CR>
文件1(HEX) : 
00000000 : 72 65 67 66 69 6c 65 39 - 3a 20 30 30 30 30 30 30  regfile9:.000000
00000010 : 30 31                                              01
文件2(HEX) : 
00000000 : 72 65 67 66 69 6c 65 39 - 3a 20 30 30 30 30 30 30  regfile9:.000000
00000010 : 30 30                                              00

第[1271 / 1271]行 - 第[17]个字符开始有差异：
        --------------------
        0         1         
        01234567890123456789
        --------------------
文件1 : regfile10: 00000001<CR>
文件2 : regfile10: 00000034<CR>
文件1(HEX) : 
00000000 : 72 65 67 66 69 6c 65 31 - 30 3a 20 30 30 30 30 30  regfile10:.00000
00000010 : 30 30 31                                           001
文件2(HEX) : 
00000000 : 72 65 67 66 69 6c 65 31 - 30 3a 20 30 30 30 30 30  regfile10:.00000
00000010 : 30 33 34                                           034

第[1272 / 1272]行 - 第[18]个字符开始有差异：
        --------------------
        0         1         
        01234567890123456789
        --------------------
文件1 : regfile11: 00000066<CR>
文件2 : regfile11: 00000064<CR>
文件1(HEX) : 
00000000 : 72 65 67 66 69 6c 65 31 - 31 3a 20 30 30 30 30 30  regfile11:.00000
00000010 : 30 36 36                                           066
文件2(HEX) : 
00000000 : 72 65 67 66 69 6c 65 31 - 31 3a 20 30 30 30 30 30  regfile11:.00000
00000010 : 30 36 34                                           064

第[1273 / 1273]行 - 第[17]个字符开始有差异：
        --------------------
        0         1         
        01234567890123456789
        --------------------
文件1 : regfile12: 00000066<CR>
文件2 : regfile12: 00000001<CR>
文件1(HEX) : 
00000000 : 72 65 67 66 69 6c 65 31 - 32 3a 20 30 30 30 30 30  regfile12:.00000
00000010 : 30 36 36                                           066
文件2(HEX) : 
00000000 : 72 65 67 66 69 6c 65 31 - 32 3a 20 30 30 30 30 30  regfile12:.00000
00000010 : 30 30 31                                           001

第[1274 / 1274]行 - 第[17]个字符开始有差异：
        --------------------
        0         1         
        01234567890123456789
        --------------------
文件1 : regfile13: 00000065<CR>
文件2 : regfile13: 00000031<CR>
文件1(HEX) : 
00000000 : 72 65 67 66 69 6c 65 31 - 33 3a 20 30 30 30 30 30  regfile13:.00000
00000010 : 30 36 35                                           065
文件2(HEX) : 
00000000 : 72 65 67 66 69 6c 65 31 - 33 3a 20 30 30 30 30 30  regfile13:.00000
00000010 : 30 33 31                                           031

第[1275 / 1275]行 - 第[18]个字符开始有差异：
        --------------------
        0         1         
        01234567890123456789
        --------------------
文件1 : regfile14: 00000000<CR>
文件2 : regfile14: 00000001<CR>
文件1(HEX) : 
00000000 : 72 65 67 66 69 6c 65 31 - 34 3a 20 30 30 30 30 30  regfile14:.00000
00000010 : 30 30 30                                           000
文件2(HEX) : 
00000000 : 72 65 67 66 69 6c 65 31 - 34 3a 20 30 30 30 30 30  regfile14:.00000
00000010 : 30 30 31                                           001

第[1294 / 1294]行 - 第[7]个字符开始有差异：
        --------------------
        0         1         
        01234567890123456789
        --------------------
文件1 : instr: 00000000<CR>
文件2 : instr: 11800018<CR>
文件1(HEX) : 
00000000 : 69 6e 73 74 72 3a 20 30 - 30 30 30 30 30 30 30     instr:.00000000
文件2(HEX) : 
00000000 : 69 6e 73 74 72 3a 20 31 - 31 38 30 30 30 31 38     instr:.11800018

第[1299 / 1299]行 - 第[17]个字符开始有差异：
        --------------------
        0         1         
        01234567890123456789
        --------------------
文件1 : regfile4: 00000002<CR>
文件2 : regfile4: 00000001<CR>
文件1(HEX) : 
00000000 : 72 65 67 66 69 6c 65 34 - 3a 20 30 30 30 30 30 30  regfile4:.000000
00000010 : 30 32                                              02
文件2(HEX) : 
00000000 : 72 65 67 66 69 6c 65 34 - 3a 20 30 30 30 30 30 30  regfile4:.000000
00000010 : 30 31                                              01

第[1301 / 1301]行 - 第[16]个字符开始有差异：
        --------------------
        0         1         
        01234567890123456789
        --------------------
文件1 : regfile6: 00000065<CR>
文件2 : regfile6: 00000032<CR>
文件1(HEX) : 
00000000 : 72 65 67 66 69 6c 65 36 - 3a 20 30 30 30 30 30 30  regfile6:.000000
00000010 : 36 35                                              65
文件2(HEX) : 
00000000 : 72 65 67 66 69 6c 65 36 - 3a 20 30 30 30 30 30 30  regfile6:.000000
00000010 : 33 32                                              32

第[1302 / 1302]行 - 第[16]个字符开始有差异：
        --------------------
        0         1         
        01234567890123456789
        --------------------
文件1 : regfile7: 00000065<CR>
文件2 : regfile7: 00000031<CR>
文件1(HEX) : 
00000000 : 72 65 67 66 69 6c 65 37 - 3a 20 30 30 30 30 30 30  regfile7:.000000
00000010 : 36 35                                              65
文件2(HEX) : 
00000000 : 72 65 67 66 69 6c 65 37 - 3a 20 30 30 30 30 30 30  regfile7:.000000
00000010 : 33 31                                              31

第[1303 / 1303]行 - 第[17]个字符开始有差异：
        --------------------
        0         1         
        01234567890123456789
        --------------------
文件1 : regfile8: 00000001<CR>
文件2 : regfile8: 00000000<CR>
文件1(HEX) : 
00000000 : 72 65 67 66 69 6c 65 38 - 3a 20 30 30 30 30 30 30  regfile8:.000000
00000010 : 30 31                                              01
文件2(HEX) : 
00000000 : 72 65 67 66 69 6c 65 38 - 3a 20 30 30 30 30 30 30  regfile8:.000000
00000010 : 30 30                                              00

第[1304 / 1304]行 - 第[17]个字符开始有差异：
        --------------------
        0         1         
        01234567890123456789
        --------------------
文件1 : regfile9: 00000001<CR>
文件2 : regfile9: 00000000<CR>
文件1(HEX) : 
00000000 : 72 65 67 66 69 6c 65 39 - 3a 20 30 30 30 30 30 30  regfile9:.000000
00000010 : 30 31                                              01
文件2(HEX) : 
00000000 : 72 65 67 66 69 6c 65 39 - 3a 20 30 30 30 30 30 30  regfile9:.000000
00000010 : 30 30                                              00

第[1305 / 1305]行 - 第[17]个字符开始有差异：
        --------------------
        0         1         
        01234567890123456789
        --------------------
文件1 : regfile10: 00000001<CR>
文件2 : regfile10: 00000034<CR>
文件1(HEX) : 
00000000 : 72 65 67 66 69 6c 65 31 - 30 3a 20 30 30 30 30 30  regfile10:.00000
00000010 : 30 30 31                                           001
文件2(HEX) : 
00000000 : 72 65 67 66 69 6c 65 31 - 30 3a 20 30 30 30 30 30  regfile10:.00000
00000010 : 30 33 34                                           034

第[1306 / 1306]行 - 第[18]个字符开始有差异：
        --------------------
        0         1         
        01234567890123456789
        --------------------
文件1 : regfile11: 00000066<CR>
文件2 : regfile11: 00000064<CR>
文件1(HEX) : 
00000000 : 72 65 67 66 69 6c 65 31 - 31 3a 20 30 30 30 30 30  regfile11:.00000
00000010 : 30 36 36                                           066
文件2(HEX) : 
00000000 : 72 65 67 66 69 6c 65 31 - 31 3a 20 30 30 30 30 30  regfile11:.00000
00000010 : 30 36 34                                           064

第[1307 / 1307]行 - 第[17]个字符开始有差异：
        --------------------
        0         1         
        01234567890123456789
        --------------------
文件1 : regfile12: 00000066<CR>
文件2 : regfile12: 00000001<CR>
文件1(HEX) : 
00000000 : 72 65 67 66 69 6c 65 31 - 32 3a 20 30 30 30 30 30  regfile12:.00000
00000010 : 30 36 36                                           066
文件2(HEX) : 
00000000 : 72 65 67 66 69 6c 65 31 - 32 3a 20 30 30 30 30 30  regfile12:.00000
00000010 : 30 30 31                                           001

第[1308 / 1308]行 - 第[17]个字符开始有差异：
        --------------------
        0         1         
        01234567890123456789
        --------------------
文件1 : regfile13: 00000065<CR>
文件2 : regfile13: 00000031<CR>
文件1(HEX) : 
00000000 : 72 65 67 66 69 6c 65 31 - 33 3a 20 30 30 30 30 30  regfile13:.00000
00000010 : 30 36 35                                           065
文件2(HEX) : 
00000000 : 72 65 67 66 69 6c 65 31 - 33 3a 20 30 30 30 30 30  regfile13:.00000
00000010 : 30 33 31                                           031

第[1309 / 1309]行 - 第[18]个字符开始有差异：
        --------------------
        0         1         
        01234567890123456789
        --------------------
文件1 : regfile14: 00000000<CR>
文件2 : regfile14: 00000001<CR>
文件1(HEX) : 
00000000 : 72 65 67 66 69 6c 65 31 - 34 3a 20 30 30 30 30 30  regfile14:.00000
00000010 : 30 30 30                                           000
文件2(HEX) : 
00000000 : 72 65 67 66 69 6c 65 31 - 34 3a 20 30 30 30 30 30  regfile14:.00000
00000010 : 30 30 31                                           001

第[1333 / 1333]行 - 第[17]个字符开始有差异：
        --------------------
        0         1         
        01234567890123456789
        --------------------
文件1 : regfile4: 00000002<CR>
文件2 : regfile4: 00000001<CR>
文件1(HEX) : 
00000000 : 72 65 67 66 69 6c 65 34 - 3a 20 30 30 30 30 30 30  regfile4:.000000
00000010 : 30 32                                              02
文件2(HEX) : 
00000000 : 72 65 67 66 69 6c 65 34 - 3a 20 30 30 30 30 30 30  regfile4:.000000
00000010 : 30 31                                              01

第[1335 / 1335]行 - 第[16]个字符开始有差异：
        --------------------
        0         1         
        01234567890123456789
        --------------------
文件1 : regfile6: 00000065<CR>
文件2 : regfile6: 00000032<CR>
文件1(HEX) : 
00000000 : 72 65 67 66 69 6c 65 36 - 3a 20 30 30 30 30 30 30  regfile6:.000000
00000010 : 36 35                                              65
文件2(HEX) : 
00000000 : 72 65 67 66 69 6c 65 36 - 3a 20 30 30 30 30 30 30  regfile6:.000000
00000010 : 33 32                                              32

第[1336 / 1336]行 - 第[16]个字符开始有差异：
        --------------------
        0         1         
        01234567890123456789
        --------------------
文件1 : regfile7: 00000065<CR>
文件2 : regfile7: 00000031<CR>
文件1(HEX) : 
00000000 : 72 65 67 66 69 6c 65 37 - 3a 20 30 30 30 30 30 30  regfile7:.000000
00000010 : 36 35                                              65
文件2(HEX) : 
00000000 : 72 65 67 66 69 6c 65 37 - 3a 20 30 30 30 30 30 30  regfile7:.000000
00000010 : 33 31                                              31

第[1337 / 1337]行 - 第[17]个字符开始有差异：
        --------------------
        0         1         
        01234567890123456789
        --------------------
文件1 : regfile8: 00000001<CR>
文件2 : regfile8: 00000000<CR>
文件1(HEX) : 
00000000 : 72 65 67 66 69 6c 65 38 - 3a 20 30 30 30 30 30 30  regfile8:.000000
00000010 : 30 31                                              01
文件2(HEX) : 
00000000 : 72 65 67 66 69 6c 65 38 - 3a 20 30 30 30 30 30 30  regfile8:.000000
00000010 : 30 30                                              00

第[1338 / 1338]行 - 第[17]个字符开始有差异：
        --------------------
        0         1         
        01234567890123456789
        --------------------
文件1 : regfile9: 00000001<CR>
文件2 : regfile9: 00000000<CR>
文件1(HEX) : 
00000000 : 72 65 67 66 69 6c 65 39 - 3a 20 30 30 30 30 30 30  regfile9:.000000
00000010 : 30 31                                              01
文件2(HEX) : 
00000000 : 72 65 67 66 69 6c 65 39 - 3a 20 30 30 30 30 30 30  regfile9:.000000
00000010 : 30 30                                              00

第[1339 / 1339]行 - 第[17]个字符开始有差异：
        --------------------
        0         1         
        01234567890123456789
        --------------------
文件1 : regfile10: 00000001<CR>
文件2 : regfile10: 00000034<CR>
文件1(HEX) : 
00000000 : 72 65 67 66 69 6c 65 31 - 30 3a 20 30 30 30 30 30  regfile10:.00000
00000010 : 30 30 31                                           001
文件2(HEX) : 
00000000 : 72 65 67 66 69 6c 65 31 - 30 3a 20 30 30 30 30 30  regfile10:.00000
00000010 : 30 33 34                                           034

第[1340 / 1340]行 - 第[18]个字符开始有差异：
        --------------------
        0         1         
        01234567890123456789
        --------------------
文件1 : regfile11: 00000066<CR>
文件2 : regfile11: 00000064<CR>
文件1(HEX) : 
00000000 : 72 65 67 66 69 6c 65 31 - 31 3a 20 30 30 30 30 30  regfile11:.00000
00000010 : 30 36 36                                           066
文件2(HEX) : 
00000000 : 72 65 67 66 69 6c 65 31 - 31 3a 20 30 30 30 30 30  regfile11:.00000
00000010 : 30 36 34                                           064

第[1341 / 1341]行 - 第[17]个字符开始有差异：
        --------------------
        0         1         
        01234567890123456789
        --------------------
文件1 : regfile12: 00000066<CR>
文件2 : regfile12: 00000098<CR>
文件1(HEX) : 
00000000 : 72 65 67 66 69 6c 65 31 - 32 3a 20 30 30 30 30 30  regfile12:.00000
00000010 : 30 36 36                                           066
文件2(HEX) : 
00000000 : 72 65 67 66 69 6c 65 31 - 32 3a 20 30 30 30 30 30  regfile12:.00000
00000010 : 30 39 38                                           098

第[1342 / 1342]行 - 第[17]个字符开始有差异：
        --------------------
        0         1         
        01234567890123456789
        --------------------
文件1 : regfile13: 00000065<CR>
文件2 : regfile13: 00000031<CR>
文件1(HEX) : 
00000000 : 72 65 67 66 69 6c 65 31 - 33 3a 20 30 30 30 30 30  regfile13:.00000
00000010 : 30 36 35                                           065
文件2(HEX) : 
00000000 : 72 65 67 66 69 6c 65 31 - 33 3a 20 30 30 30 30 30  regfile13:.00000
00000010 : 30 33 31                                           031

第[1343 / 1343]行 - 第[18]个字符开始有差异：
        --------------------
        0         1         
        01234567890123456789
        --------------------
文件1 : regfile14: 00000000<CR>
文件2 : regfile14: 00000001<CR>
文件1(HEX) : 
00000000 : 72 65 67 66 69 6c 65 31 - 34 3a 20 30 30 30 30 30  regfile14:.00000
00000010 : 30 30 30                                           000
文件2(HEX) : 
00000000 : 72 65 67 66 69 6c 65 31 - 34 3a 20 30 30 30 30 30  regfile14:.00000
00000010 : 30 30 31                                           001

第[1367 / 1367]行 - 第[17]个字符开始有差异：
        --------------------
        0         1         
        01234567890123456789
        --------------------
文件1 : regfile4: 00000002<CR>
文件2 : regfile4: 00000001<CR>
文件1(HEX) : 
00000000 : 72 65 67 66 69 6c 65 34 - 3a 20 30 30 30 30 30 30  regfile4:.000000
00000010 : 30 32                                              02
文件2(HEX) : 
00000000 : 72 65 67 66 69 6c 65 34 - 3a 20 30 30 30 30 30 30  regfile4:.000000
00000010 : 30 31                                              01

第[1369 / 1369]行 - 第[16]个字符开始有差异：
        --------------------
        0         1         
        01234567890123456789
        --------------------
文件1 : regfile6: 00000065<CR>
文件2 : regfile6: 00000032<CR>
文件1(HEX) : 
00000000 : 72 65 67 66 69 6c 65 36 - 3a 20 30 30 30 30 30 30  regfile6:.000000
00000010 : 36 35                                              65
文件2(HEX) : 
00000000 : 72 65 67 66 69 6c 65 36 - 3a 20 30 30 30 30 30 30  regfile6:.000000
00000010 : 33 32                                              32

第[1370 / 1370]行 - 第[16]个字符开始有差异：
        --------------------
        0         1         
        01234567890123456789
        --------------------
文件1 : regfile7: 00000065<CR>
文件2 : regfile7: 00000031<CR>
文件1(HEX) : 
00000000 : 72 65 67 66 69 6c 65 37 - 3a 20 30 30 30 30 30 30  regfile7:.000000
00000010 : 36 35                                              65
文件2(HEX) : 
00000000 : 72 65 67 66 69 6c 65 37 - 3a 20 30 30 30 30 30 30  regfile7:.000000
00000010 : 33 31                                              31

第[1371 / 1371]行 - 第[17]个字符开始有差异：
        --------------------
        0         1         
        01234567890123456789
        --------------------
文件1 : regfile8: 00000001<CR>
文件2 : regfile8: 00000000<CR>
文件1(HEX) : 
00000000 : 72 65 67 66 69 6c 65 38 - 3a 20 30 30 30 30 30 30  regfile8:.000000
00000010 : 30 31                                              01
文件2(HEX) : 
00000000 : 72 65 67 66 69 6c 65 38 - 3a 20 30 30 30 30 30 30  regfile8:.000000
00000010 : 30 30                                              00

第[1372 / 1372]行 - 第[17]个字符开始有差异：
        --------------------
        0         1         
        01234567890123456789
        --------------------
文件1 : regfile9: 00000001<CR>
文件2 : regfile9: 00000000<CR>
文件1(HEX) : 
00000000 : 72 65 67 66 69 6c 65 39 - 3a 20 30 30 30 30 30 30  regfile9:.000000
00000010 : 30 31                                              01
文件2(HEX) : 
00000000 : 72 65 67 66 69 6c 65 39 - 3a 20 30 30 30 30 30 30  regfile9:.000000
00000010 : 30 30                                              00

第[1373 / 1373]行 - 第[17]个字符开始有差异：
        --------------------
        0         1         
        01234567890123456789
        --------------------
文件1 : regfile10: 00000001<CR>
文件2 : regfile10: 00000034<CR>
文件1(HEX) : 
00000000 : 72 65 67 66 69 6c 65 31 - 30 3a 20 30 30 30 30 30  regfile10:.00000
00000010 : 30 30 31                                           001
文件2(HEX) : 
00000000 : 72 65 67 66 69 6c 65 31 - 30 3a 20 30 30 30 30 30  regfile10:.00000
00000010 : 30 33 34                                           034

第[1374 / 1374]行 - 第[18]个字符开始有差异：
        --------------------
        0         1         
        01234567890123456789
        --------------------
文件1 : regfile11: 00000066<CR>
文件2 : regfile11: 00000064<CR>
文件1(HEX) : 
00000000 : 72 65 67 66 69 6c 65 31 - 31 3a 20 30 30 30 30 30  regfile11:.00000
00000010 : 30 36 36                                           066
文件2(HEX) : 
00000000 : 72 65 67 66 69 6c 65 31 - 31 3a 20 30 30 30 30 30  regfile11:.00000
00000010 : 30 36 34                                           064

第[1375 / 1375]行 - 第[17]个字符开始有差异：
        --------------------
        0         1         
        01234567890123456789
        --------------------
文件1 : regfile12: 00000066<CR>
文件2 : regfile12: 00000098<CR>
文件1(HEX) : 
00000000 : 72 65 67 66 69 6c 65 31 - 32 3a 20 30 30 30 30 30  regfile12:.00000
00000010 : 30 36 36                                           066
文件2(HEX) : 
00000000 : 72 65 67 66 69 6c 65 31 - 32 3a 20 30 30 30 30 30  regfile12:.00000
00000010 : 30 39 38                                           098

第[1376 / 1376]行 - 第[17]个字符开始有差异：
        --------------------
        0         1         
        01234567890123456789
        --------------------
文件1 : regfile13: 00000065<CR>
文件2 : regfile13: 00000000<CR>
文件1(HEX) : 
00000000 : 72 65 67 66 69 6c 65 31 - 33 3a 20 30 30 30 30 30  regfile13:.00000
00000010 : 30 36 35                                           065
文件2(HEX) : 
00000000 : 72 65 67 66 69 6c 65 31 - 33 3a 20 30 30 30 30 30  regfile13:.00000
00000010 : 30 30 30                                           000

第[1377 / 1377]行 - 第[18]个字符开始有差异：
        --------------------
        0         1         
        01234567890123456789
        --------------------
文件1 : regfile14: 00000000<CR>
文件2 : regfile14: 00000001<CR>
文件1(HEX) : 
00000000 : 72 65 67 66 69 6c 65 31 - 34 3a 20 30 30 30 30 30  regfile14:.00000
00000010 : 30 30 30                                           000
文件2(HEX) : 
00000000 : 72 65 67 66 69 6c 65 31 - 34 3a 20 30 30 30 30 30  regfile14:.00000
00000010 : 30 30 31                                           001

第[1401 / 1401]行 - 第[17]个字符开始有差异：
        --------------------
        0         1         
        01234567890123456789
        --------------------
文件1 : regfile4: 00000002<CR>
文件2 : regfile4: 00000001<CR>
文件1(HEX) : 
00000000 : 72 65 67 66 69 6c 65 34 - 3a 20 30 30 30 30 30 30  regfile4:.000000
00000010 : 30 32                                              02
文件2(HEX) : 
00000000 : 72 65 67 66 69 6c 65 34 - 3a 20 30 30 30 30 30 30  regfile4:.000000
00000010 : 30 31                                              01

第[1403 / 1403]行 - 第[16]个字符开始有差异：
        --------------------
        0         1         
        01234567890123456789
        --------------------
文件1 : regfile6: 00000065<CR>
文件2 : regfile6: 00000032<CR>
文件1(HEX) : 
00000000 : 72 65 67 66 69 6c 65 36 - 3a 20 30 30 30 30 30 30  regfile6:.000000
00000010 : 36 35                                              65
文件2(HEX) : 
00000000 : 72 65 67 66 69 6c 65 36 - 3a 20 30 30 30 30 30 30  regfile6:.000000
00000010 : 33 32                                              32

第[1404 / 1404]行 - 第[16]个字符开始有差异：
        --------------------
        0         1         
        01234567890123456789
        --------------------
文件1 : regfile7: 00000065<CR>
文件2 : regfile7: 00000031<CR>
文件1(HEX) : 
00000000 : 72 65 67 66 69 6c 65 37 - 3a 20 30 30 30 30 30 30  regfile7:.000000
00000010 : 36 35                                              65
文件2(HEX) : 
00000000 : 72 65 67 66 69 6c 65 37 - 3a 20 30 30 30 30 30 30  regfile7:.000000
00000010 : 33 31                                              31

第[1405 / 1405]行 - 第[17]个字符开始有差异：
        --------------------
        0         1         
        01234567890123456789
        --------------------
文件1 : regfile8: 00000001<CR>
文件2 : regfile8: 00000000<CR>
文件1(HEX) : 
00000000 : 72 65 67 66 69 6c 65 38 - 3a 20 30 30 30 30 30 30  regfile8:.000000
00000010 : 30 31                                              01
文件2(HEX) : 
00000000 : 72 65 67 66 69 6c 65 38 - 3a 20 30 30 30 30 30 30  regfile8:.000000
00000010 : 30 30                                              00

第[1406 / 1406]行 - 第[17]个字符开始有差异：
        --------------------
        0         1         
        01234567890123456789
        --------------------
文件1 : regfile9: 00000001<CR>
文件2 : regfile9: 00000000<CR>
文件1(HEX) : 
00000000 : 72 65 67 66 69 6c 65 39 - 3a 20 30 30 30 30 30 30  regfile9:.000000
00000010 : 30 31                                              01
文件2(HEX) : 
00000000 : 72 65 67 66 69 6c 65 39 - 3a 20 30 30 30 30 30 30  regfile9:.000000
00000010 : 30 30                                              00

第[1407 / 1407]行 - 第[17]个字符开始有差异：
        --------------------
        0         1         
        01234567890123456789
        --------------------
文件1 : regfile10: 00000001<CR>
文件2 : regfile10: 00000034<CR>
文件1(HEX) : 
00000000 : 72 65 67 66 69 6c 65 31 - 30 3a 20 30 30 30 30 30  regfile10:.00000
00000010 : 30 30 31                                           001
文件2(HEX) : 
00000000 : 72 65 67 66 69 6c 65 31 - 30 3a 20 30 30 30 30 30  regfile10:.00000
00000010 : 30 33 34                                           034

第[1408 / 1408]行 - 第[18]个字符开始有差异：
        --------------------
        0         1         
        01234567890123456789
        --------------------
文件1 : regfile11: 00000066<CR>
文件2 : regfile11: 00000064<CR>
文件1(HEX) : 
00000000 : 72 65 67 66 69 6c 65 31 - 31 3a 20 30 30 30 30 30  regfile11:.00000
00000010 : 30 36 36                                           066
文件2(HEX) : 
00000000 : 72 65 67 66 69 6c 65 31 - 31 3a 20 30 30 30 30 30  regfile11:.00000
00000010 : 30 36 34                                           064

第[1409 / 1409]行 - 第[17]个字符开始有差异：
        --------------------
        0         1         
        01234567890123456789
        --------------------
文件1 : regfile12: 00000001<CR>
文件2 : regfile12: 00000098<CR>
文件1(HEX) : 
00000000 : 72 65 67 66 69 6c 65 31 - 32 3a 20 30 30 30 30 30  regfile12:.00000
00000010 : 30 30 31                                           001
文件2(HEX) : 
00000000 : 72 65 67 66 69 6c 65 31 - 32 3a 20 30 30 30 30 30  regfile12:.00000
00000010 : 30 39 38                                           098

第[1410 / 1410]行 - 第[17]个字符开始有差异：
        --------------------
        0         1         
        01234567890123456789
        --------------------
文件1 : regfile13: 00000065<CR>
文件2 : regfile13: 00000000<CR>
文件1(HEX) : 
00000000 : 72 65 67 66 69 6c 65 31 - 33 3a 20 30 30 30 30 30  regfile13:.00000
00000010 : 30 36 35                                           065
文件2(HEX) : 
00000000 : 72 65 67 66 69 6c 65 31 - 33 3a 20 30 30 30 30 30  regfile13:.00000
00000010 : 30 30 30                                           000

第[1411 / 1411]行 - 第[18]个字符开始有差异：
        --------------------
        0         1         
        01234567890123456789
        --------------------
文件1 : regfile14: 00000000<CR>
文件2 : regfile14: 00000001<CR>
文件1(HEX) : 
00000000 : 72 65 67 66 69 6c 65 31 - 34 3a 20 30 30 30 30 30  regfile14:.00000
00000010 : 30 30 30                                           000
文件2(HEX) : 
00000000 : 72 65 67 66 69 6c 65 31 - 34 3a 20 30 30 30 30 30  regfile14:.00000
00000010 : 30 30 31                                           001

第[1429 / 1429]行 - 第[11]个字符开始有差异：
        --------------------
        0         1         
        01234567890123456789
        --------------------
文件1 : pc: 00400054<CR>
文件2 : pc: 0040005c<CR>
文件1(HEX) : 
00000000 : 70 63 3a 20 30 30 34 30 - 30 30 35 34              pc:.00400054
文件2(HEX) : 
00000000 : 70 63 3a 20 30 30 34 30 - 30 30 35 63              pc:.0040005c

第[1430 / 1430]行 - 第[10]个字符开始有差异：
        --------------------
        0         1         
        01234567890123456789
        --------------------
文件1 : instr: 00000000<CR>
文件2 : instr: 000c6042<CR>
文件1(HEX) : 
00000000 : 69 6e 73 74 72 3a 20 30 - 30 30 30 30 30 30 30     instr:.00000000
文件2(HEX) : 
00000000 : 69 6e 73 74 72 3a 20 30 - 30 30 63 36 30 34 32     instr:.000c6042

第[1435 / 1435]行 - 第[17]个字符开始有差异：
        --------------------
        0         1         
        01234567890123456789
        --------------------
文件1 : regfile4: 00000002<CR>
文件2 : regfile4: 00000001<CR>
文件1(HEX) : 
00000000 : 72 65 67 66 69 6c 65 34 - 3a 20 30 30 30 30 30 30  regfile4:.000000
00000010 : 30 32                                              02
文件2(HEX) : 
00000000 : 72 65 67 66 69 6c 65 34 - 3a 20 30 30 30 30 30 30  regfile4:.000000
00000010 : 30 31                                              01

第[1437 / 1437]行 - 第[16]个字符开始有差异：
        --------------------
        0         1         
        01234567890123456789
        --------------------
文件1 : regfile6: 00000065<CR>
文件2 : regfile6: 00000032<CR>
文件1(HEX) : 
00000000 : 72 65 67 66 69 6c 65 36 - 3a 20 30 30 30 30 30 30  regfile6:.000000
00000010 : 36 35                                              65
文件2(HEX) : 
00000000 : 72 65 67 66 69 6c 65 36 - 3a 20 30 30 30 30 30 30  regfile6:.000000
00000010 : 33 32                                              32

第[1438 / 1438]行 - 第[16]个字符开始有差异：
        --------------------
        0         1         
        01234567890123456789
        --------------------
文件1 : regfile7: 00000065<CR>
文件2 : regfile7: 00000031<CR>
文件1(HEX) : 
00000000 : 72 65 67 66 69 6c 65 37 - 3a 20 30 30 30 30 30 30  regfile7:.000000
00000010 : 36 35                                              65
文件2(HEX) : 
00000000 : 72 65 67 66 69 6c 65 37 - 3a 20 30 30 30 30 30 30  regfile7:.000000
00000010 : 33 31                                              31

第[1439 / 1439]行 - 第[17]个字符开始有差异：
        --------------------
        0         1         
        01234567890123456789
        --------------------
文件1 : regfile8: 00000001<CR>
文件2 : regfile8: 00000000<CR>
文件1(HEX) : 
00000000 : 72 65 67 66 69 6c 65 38 - 3a 20 30 30 30 30 30 30  regfile8:.000000
00000010 : 30 31                                              01
文件2(HEX) : 
00000000 : 72 65 67 66 69 6c 65 38 - 3a 20 30 30 30 30 30 30  regfile8:.000000
00000010 : 30 30                                              00

第[1440 / 1440]行 - 第[17]个字符开始有差异：
        --------------------
        0         1         
        01234567890123456789
        --------------------
文件1 : regfile9: 00000001<CR>
文件2 : regfile9: 00000000<CR>
文件1(HEX) : 
00000000 : 72 65 67 66 69 6c 65 39 - 3a 20 30 30 30 30 30 30  regfile9:.000000
00000010 : 30 31                                              01
文件2(HEX) : 
00000000 : 72 65 67 66 69 6c 65 39 - 3a 20 30 30 30 30 30 30  regfile9:.000000
00000010 : 30 30                                              00

第[1441 / 1441]行 - 第[17]个字符开始有差异：
        --------------------
        0         1         
        01234567890123456789
        --------------------
文件1 : regfile10: 00000001<CR>
文件2 : regfile10: 00000034<CR>
文件1(HEX) : 
00000000 : 72 65 67 66 69 6c 65 31 - 30 3a 20 30 30 30 30 30  regfile10:.00000
00000010 : 30 30 31                                           001
文件2(HEX) : 
00000000 : 72 65 67 66 69 6c 65 31 - 30 3a 20 30 30 30 30 30  regfile10:.00000
00000010 : 30 33 34                                           034

第[1442 / 1442]行 - 第[18]个字符开始有差异：
        --------------------
        0         1         
        01234567890123456789
        --------------------
文件1 : regfile11: 00000066<CR>
文件2 : regfile11: 00000064<CR>
文件1(HEX) : 
00000000 : 72 65 67 66 69 6c 65 31 - 31 3a 20 30 30 30 30 30  regfile11:.00000
00000010 : 30 36 36                                           066
文件2(HEX) : 
00000000 : 72 65 67 66 69 6c 65 31 - 31 3a 20 30 30 30 30 30  regfile11:.00000
00000010 : 30 36 34                                           064

第[1443 / 1443]行 - 第[17]个字符开始有差异：
        --------------------
        0         1         
        01234567890123456789
        --------------------
文件1 : regfile12: 00000001<CR>
文件2 : regfile12: 0000004c<CR>
文件1(HEX) : 
00000000 : 72 65 67 66 69 6c 65 31 - 32 3a 20 30 30 30 30 30  regfile12:.00000
00000010 : 30 30 31                                           001
文件2(HEX) : 
00000000 : 72 65 67 66 69 6c 65 31 - 32 3a 20 30 30 30 30 30  regfile12:.00000
00000010 : 30 34 63                                           04c

第[1444 / 1444]行 - 第[17]个字符开始有差异：
        --------------------
        0         1         
        01234567890123456789
        --------------------
文件1 : regfile13: 00000065<CR>
文件2 : regfile13: 00000000<CR>
文件1(HEX) : 
00000000 : 72 65 67 66 69 6c 65 31 - 33 3a 20 30 30 30 30 30  regfile13:.00000
00000010 : 30 36 35                                           065
文件2(HEX) : 
00000000 : 72 65 67 66 69 6c 65 31 - 33 3a 20 30 30 30 30 30  regfile13:.00000
00000010 : 30 30 30                                           000

第[1445 / 1445]行 - 第[18]个字符开始有差异：
        --------------------
        0         1         
        01234567890123456789
        --------------------
文件1 : regfile14: 00000000<CR>
文件2 : regfile14: 00000001<CR>
文件1(HEX) : 
00000000 : 72 65 67 66 69 6c 65 31 - 34 3a 20 30 30 30 30 30  regfile14:.00000
00000010 : 30 30 30                                           000
文件2(HEX) : 
00000000 : 72 65 67 66 69 6c 65 31 - 34 3a 20 30 30 30 30 30  regfile14:.00000
00000010 : 30 30 31                                           001

第[1463 / 1463]行 - 第[10]个字符开始有差异：
        --------------------
        0         1         
        01234567890123456789
        --------------------
文件1 : pc: 00400058<CR>
文件2 : pc: 00400060<CR>
文件1(HEX) : 
00000000 : 70 63 3a 20 30 30 34 30 - 30 30 35 38              pc:.00400058
文件2(HEX) : 
00000000 : 70 63 3a 20 30 30 34 30 - 30 30 36 30              pc:.00400060

第[1464 / 1464]行 - 第[8]个字符开始有差异：
        --------------------
        0         1         
        01234567890123456789
        --------------------
文件1 : instr: 258c0001<CR>
文件2 : instr: 24a50001<CR>
文件1(HEX) : 
00000000 : 69 6e 73 74 72 3a 20 32 - 35 38 63 30 30 30 31     instr:.258c0001
文件2(HEX) : 
00000000 : 69 6e 73 74 72 3a 20 32 - 34 61 35 30 30 30 31     instr:.24a50001

第[1469 / 1469]行 - 第[17]个字符开始有差异：
        --------------------
        0         1         
        01234567890123456789
        --------------------
文件1 : regfile4: 00000002<CR>
文件2 : regfile4: 00000001<CR>
文件1(HEX) : 
00000000 : 72 65 67 66 69 6c 65 34 - 3a 20 30 30 30 30 30 30  regfile4:.000000
00000010 : 30 32                                              02
文件2(HEX) : 
00000000 : 72 65 67 66 69 6c 65 34 - 3a 20 30 30 30 30 30 30  regfile4:.000000
00000010 : 30 31                                              01

第[1470 / 1470]行 - 第[17]个字符开始有差异：
        --------------------
        0         1         
        01234567890123456789
        --------------------
文件1 : regfile5: 00000001<CR>
文件2 : regfile5: 00000002<CR>
文件1(HEX) : 
00000000 : 72 65 67 66 69 6c 65 35 - 3a 20 30 30 30 30 30 30  regfile5:.000000
00000010 : 30 31                                              01
文件2(HEX) : 
00000000 : 72 65 67 66 69 6c 65 35 - 3a 20 30 30 30 30 30 30  regfile5:.000000
00000010 : 30 32                                              02

第[1471 / 1471]行 - 第[16]个字符开始有差异：
        --------------------
        0         1         
        01234567890123456789
        --------------------
文件1 : regfile6: 00000065<CR>
文件2 : regfile6: 00000032<CR>
文件1(HEX) : 
00000000 : 72 65 67 66 69 6c 65 36 - 3a 20 30 30 30 30 30 30  regfile6:.000000
00000010 : 36 35                                              65
文件2(HEX) : 
00000000 : 72 65 67 66 69 6c 65 36 - 3a 20 30 30 30 30 30 30  regfile6:.000000
00000010 : 33 32                                              32

第[1472 / 1472]行 - 第[16]个字符开始有差异：
        --------------------
        0         1         
        01234567890123456789
        --------------------
文件1 : regfile7: 00000065<CR>
文件2 : regfile7: 00000031<CR>
文件1(HEX) : 
00000000 : 72 65 67 66 69 6c 65 37 - 3a 20 30 30 30 30 30 30  regfile7:.000000
00000010 : 36 35                                              65
文件2(HEX) : 
00000000 : 72 65 67 66 69 6c 65 37 - 3a 20 30 30 30 30 30 30  regfile7:.000000
00000010 : 33 31                                              31

第[1473 / 1473]行 - 第[17]个字符开始有差异：
        --------------------
        0         1         
        01234567890123456789
        --------------------
文件1 : regfile8: 00000001<CR>
文件2 : regfile8: 00000000<CR>
文件1(HEX) : 
00000000 : 72 65 67 66 69 6c 65 38 - 3a 20 30 30 30 30 30 30  regfile8:.000000
00000010 : 30 31                                              01
文件2(HEX) : 
00000000 : 72 65 67 66 69 6c 65 38 - 3a 20 30 30 30 30 30 30  regfile8:.000000
00000010 : 30 30                                              00

第[1474 / 1474]行 - 第[17]个字符开始有差异：
        --------------------
        0         1         
        01234567890123456789
        --------------------
文件1 : regfile9: 00000001<CR>
文件2 : regfile9: 00000000<CR>
文件1(HEX) : 
00000000 : 72 65 67 66 69 6c 65 39 - 3a 20 30 30 30 30 30 30  regfile9:.000000
00000010 : 30 31                                              01
文件2(HEX) : 
00000000 : 72 65 67 66 69 6c 65 39 - 3a 20 30 30 30 30 30 30  regfile9:.000000
00000010 : 30 30                                              00

第[1475 / 1475]行 - 第[17]个字符开始有差异：
        --------------------
        0         1         
        01234567890123456789
        --------------------
文件1 : regfile10: 00000001<CR>
文件2 : regfile10: 00000034<CR>
文件1(HEX) : 
00000000 : 72 65 67 66 69 6c 65 31 - 30 3a 20 30 30 30 30 30  regfile10:.00000
00000010 : 30 30 31                                           001
文件2(HEX) : 
00000000 : 72 65 67 66 69 6c 65 31 - 30 3a 20 30 30 30 30 30  regfile10:.00000
00000010 : 30 33 34                                           034

第[1476 / 1476]行 - 第[18]个字符开始有差异：
        --------------------
        0         1         
        01234567890123456789
        --------------------
文件1 : regfile11: 00000066<CR>
文件2 : regfile11: 00000064<CR>
文件1(HEX) : 
00000000 : 72 65 67 66 69 6c 65 31 - 31 3a 20 30 30 30 30 30  regfile11:.00000
00000010 : 30 36 36                                           066
文件2(HEX) : 
00000000 : 72 65 67 66 69 6c 65 31 - 31 3a 20 30 30 30 30 30  regfile11:.00000
00000010 : 30 36 34                                           064

第[1477 / 1477]行 - 第[17]个字符开始有差异：
        --------------------
        0         1         
        01234567890123456789
        --------------------
文件1 : regfile12: 00000001<CR>
文件2 : regfile12: 0000004c<CR>
文件1(HEX) : 
00000000 : 72 65 67 66 69 6c 65 31 - 32 3a 20 30 30 30 30 30  regfile12:.00000
00000010 : 30 30 31                                           001
文件2(HEX) : 
00000000 : 72 65 67 66 69 6c 65 31 - 32 3a 20 30 30 30 30 30  regfile12:.00000
00000010 : 30 34 63                                           04c

第[1478 / 1478]行 - 第[17]个字符开始有差异：
        --------------------
        0         1         
        01234567890123456789
        --------------------
文件1 : regfile13: 00000065<CR>
文件2 : regfile13: 00000000<CR>
文件1(HEX) : 
00000000 : 72 65 67 66 69 6c 65 31 - 33 3a 20 30 30 30 30 30  regfile13:.00000
00000010 : 30 36 35                                           065
文件2(HEX) : 
00000000 : 72 65 67 66 69 6c 65 31 - 33 3a 20 30 30 30 30 30  regfile13:.00000
00000010 : 30 30 30                                           000

第[1479 / 1479]行 - 第[18]个字符开始有差异：
        --------------------
        0         1         
        01234567890123456789
        --------------------
文件1 : regfile14: 00000000<CR>
文件2 : regfile14: 00000001<CR>
文件1(HEX) : 
00000000 : 72 65 67 66 69 6c 65 31 - 34 3a 20 30 30 30 30 30  regfile14:.00000
00000010 : 30 30 30                                           000
文件2(HEX) : 
00000000 : 72 65 67 66 69 6c 65 31 - 34 3a 20 30 30 30 30 30  regfile14:.00000
00000010 : 30 30 31                                           001

第[1497 / 1497]行 - 第[10]个字符开始有差异：
        --------------------
        0         1         
        01234567890123456789
        --------------------
文件1 : pc: 0040005c<CR>
文件2 : pc: 00400064<CR>
文件1(HEX) : 
00000000 : 70 63 3a 20 30 30 34 30 - 30 30 35 63              pc:.0040005c
文件2(HEX) : 
00000000 : 70 63 3a 20 30 30 34 30 - 30 30 36 34              pc:.00400064

第[1498 / 1498]行 - 第[8]个字符开始有差异：
        --------------------
        0         1         
        01234567890123456789
        --------------------
文件1 : instr: 000c6042<CR>
文件2 : instr: 018a6823<CR>
文件1(HEX) : 
00000000 : 69 6e 73 74 72 3a 20 30 - 30 30 63 36 30 34 32     instr:.000c6042
文件2(HEX) : 
00000000 : 69 6e 73 74 72 3a 20 30 - 31 38 61 36 38 32 33     instr:.018a6823

第[1503 / 1503]行 - 第[17]个字符开始有差异：
        --------------------
        0         1         
        01234567890123456789
        --------------------
文件1 : regfile4: 00000002<CR>
文件2 : regfile4: 00000001<CR>
文件1(HEX) : 
00000000 : 72 65 67 66 69 6c 65 34 - 3a 20 30 30 30 30 30 30  regfile4:.000000
00000010 : 30 32                                              02
文件2(HEX) : 
00000000 : 72 65 67 66 69 6c 65 34 - 3a 20 30 30 30 30 30 30  regfile4:.000000
00000010 : 30 31                                              01

第[1504 / 1504]行 - 第[17]个字符开始有差异：
        --------------------
        0         1         
        01234567890123456789
        --------------------
文件1 : regfile5: 00000001<CR>
文件2 : regfile5: 00000002<CR>
文件1(HEX) : 
00000000 : 72 65 67 66 69 6c 65 35 - 3a 20 30 30 30 30 30 30  regfile5:.000000
00000010 : 30 31                                              01
文件2(HEX) : 
00000000 : 72 65 67 66 69 6c 65 35 - 3a 20 30 30 30 30 30 30  regfile5:.000000
00000010 : 30 32                                              02

第[1505 / 1505]行 - 第[16]个字符开始有差异：
        --------------------
        0         1         
        01234567890123456789
        --------------------
文件1 : regfile6: 00000065<CR>
文件2 : regfile6: 00000032<CR>
文件1(HEX) : 
00000000 : 72 65 67 66 69 6c 65 36 - 3a 20 30 30 30 30 30 30  regfile6:.000000
00000010 : 36 35                                              65
文件2(HEX) : 
00000000 : 72 65 67 66 69 6c 65 36 - 3a 20 30 30 30 30 30 30  regfile6:.000000
00000010 : 33 32                                              32

第[1506 / 1506]行 - 第[16]个字符开始有差异：
        --------------------
        0         1         
        01234567890123456789
        --------------------
文件1 : regfile7: 00000065<CR>
文件2 : regfile7: 00000031<CR>
文件1(HEX) : 
00000000 : 72 65 67 66 69 6c 65 37 - 3a 20 30 30 30 30 30 30  regfile7:.000000
00000010 : 36 35                                              65
文件2(HEX) : 
00000000 : 72 65 67 66 69 6c 65 37 - 3a 20 30 30 30 30 30 30  regfile7:.000000
00000010 : 33 31                                              31

第[1507 / 1507]行 - 第[17]个字符开始有差异：
        --------------------
        0         1         
        01234567890123456789
        --------------------
文件1 : regfile8: 00000001<CR>
文件2 : regfile8: 00000000<CR>
文件1(HEX) : 
00000000 : 72 65 67 66 69 6c 65 38 - 3a 20 30 30 30 30 30 30  regfile8:.000000
00000010 : 30 31                                              01
文件2(HEX) : 
00000000 : 72 65 67 66 69 6c 65 38 - 3a 20 30 30 30 30 30 30  regfile8:.000000
00000010 : 30 30                                              00

第[1508 / 1508]行 - 第[17]个字符开始有差异：
        --------------------
        0         1         
        01234567890123456789
        --------------------
文件1 : regfile9: 00000001<CR>
文件2 : regfile9: 00000000<CR>
文件1(HEX) : 
00000000 : 72 65 67 66 69 6c 65 39 - 3a 20 30 30 30 30 30 30  regfile9:.000000
00000010 : 30 31                                              01
文件2(HEX) : 
00000000 : 72 65 67 66 69 6c 65 39 - 3a 20 30 30 30 30 30 30  regfile9:.000000
00000010 : 30 30                                              00

第[1509 / 1509]行 - 第[17]个字符开始有差异：
        --------------------
        0         1         
        01234567890123456789
        --------------------
文件1 : regfile10: 00000001<CR>
文件2 : regfile10: 00000034<CR>
文件1(HEX) : 
00000000 : 72 65 67 66 69 6c 65 31 - 30 3a 20 30 30 30 30 30  regfile10:.00000
00000010 : 30 30 31                                           001
文件2(HEX) : 
00000000 : 72 65 67 66 69 6c 65 31 - 30 3a 20 30 30 30 30 30  regfile10:.00000
00000010 : 30 33 34                                           034

第[1510 / 1510]行 - 第[18]个字符开始有差异：
        --------------------
        0         1         
        01234567890123456789
        --------------------
文件1 : regfile11: 00000066<CR>
文件2 : regfile11: 00000064<CR>
文件1(HEX) : 
00000000 : 72 65 67 66 69 6c 65 31 - 31 3a 20 30 30 30 30 30  regfile11:.00000
00000010 : 30 36 36                                           066
文件2(HEX) : 
00000000 : 72 65 67 66 69 6c 65 31 - 31 3a 20 30 30 30 30 30  regfile11:.00000
00000010 : 30 36 34                                           064

第[1511 / 1511]行 - 第[17]个字符开始有差异：
        --------------------
        0         1         
        01234567890123456789
        --------------------
文件1 : regfile12: 00000067<CR>
文件2 : regfile12: 0000004c<CR>
文件1(HEX) : 
00000000 : 72 65 67 66 69 6c 65 31 - 32 3a 20 30 30 30 30 30  regfile12:.00000
00000010 : 30 36 37                                           067
文件2(HEX) : 
00000000 : 72 65 67 66 69 6c 65 31 - 32 3a 20 30 30 30 30 30  regfile12:.00000
00000010 : 30 34 63                                           04c

第[1512 / 1512]行 - 第[17]个字符开始有差异：
        --------------------
        0         1         
        01234567890123456789
        --------------------
文件1 : regfile13: 00000065<CR>
文件2 : regfile13: 00000018<CR>
文件1(HEX) : 
00000000 : 72 65 67 66 69 6c 65 31 - 33 3a 20 30 30 30 30 30  regfile13:.00000
00000010 : 30 36 35                                           065
文件2(HEX) : 
00000000 : 72 65 67 66 69 6c 65 31 - 33 3a 20 30 30 30 30 30  regfile13:.00000
00000010 : 30 31 38                                           018

第[1513 / 1513]行 - 第[18]个字符开始有差异：
        --------------------
        0         1         
        01234567890123456789
        --------------------
文件1 : regfile14: 00000000<CR>
文件2 : regfile14: 00000001<CR>
文件1(HEX) : 
00000000 : 72 65 67 66 69 6c 65 31 - 34 3a 20 30 30 30 30 30  regfile14:.00000
00000010 : 30 30 30                                           000
文件2(HEX) : 
00000000 : 72 65 67 66 69 6c 65 31 - 34 3a 20 30 30 30 30 30  regfile14:.00000
00000010 : 30 30 31                                           001

第[1531 / 1531]行 - 第[11]个字符开始有差异：
        --------------------
        0         1         
        01234567890123456789
        --------------------
文件1 : pc: 00400060<CR>
文件2 : pc: 00400068<CR>
文件1(HEX) : 
00000000 : 70 63 3a 20 30 30 34 30 - 30 30 36 30              pc:.00400060
文件2(HEX) : 
00000000 : 70 63 3a 20 30 30 34 30 - 30 30 36 38              pc:.00400068

第[1532 / 1532]行 - 第[7]个字符开始有差异：
        --------------------
        0         1         
        01234567890123456789
        --------------------
文件1 : instr: 24a50001<CR>
文件2 : instr: 00cd3020<CR>
文件1(HEX) : 
00000000 : 69 6e 73 74 72 3a 20 32 - 34 61 35 30 30 30 31     instr:.24a50001
文件2(HEX) : 
00000000 : 69 6e 73 74 72 3a 20 30 - 30 63 64 33 30 32 30     instr:.00cd3020

第[1537 / 1537]行 - 第[17]个字符开始有差异：
        --------------------
        0         1         
        01234567890123456789
        --------------------
文件1 : regfile4: 00000002<CR>
文件2 : regfile4: 00000001<CR>
文件1(HEX) : 
00000000 : 72 65 67 66 69 6c 65 34 - 3a 20 30 30 30 30 30 30  regfile4:.000000
00000010 : 30 32                                              02
文件2(HEX) : 
00000000 : 72 65 67 66 69 6c 65 34 - 3a 20 30 30 30 30 30 30  regfile4:.000000
00000010 : 30 31                                              01

第[1538 / 1538]行 - 第[17]个字符开始有差异：
        --------------------
        0         1         
        01234567890123456789
        --------------------
文件1 : regfile5: 00000001<CR>
文件2 : regfile5: 00000002<CR>
文件1(HEX) : 
00000000 : 72 65 67 66 69 6c 65 35 - 3a 20 30 30 30 30 30 30  regfile5:.000000
00000010 : 30 31                                              01
文件2(HEX) : 
00000000 : 72 65 67 66 69 6c 65 35 - 3a 20 30 30 30 30 30 30  regfile5:.000000
00000010 : 30 32                                              02

第[1539 / 1539]行 - 第[16]个字符开始有差异：
        --------------------
        0         1         
        01234567890123456789
        --------------------
文件1 : regfile6: 00000065<CR>
文件2 : regfile6: 0000004a<CR>
文件1(HEX) : 
00000000 : 72 65 67 66 69 6c 65 36 - 3a 20 30 30 30 30 30 30  regfile6:.000000
00000010 : 36 35                                              65
文件2(HEX) : 
00000000 : 72 65 67 66 69 6c 65 36 - 3a 20 30 30 30 30 30 30  regfile6:.000000
00000010 : 34 61                                              4a

第[1540 / 1540]行 - 第[16]个字符开始有差异：
        --------------------
        0         1         
        01234567890123456789
        --------------------
文件1 : regfile7: 00000065<CR>
文件2 : regfile7: 00000031<CR>
文件1(HEX) : 
00000000 : 72 65 67 66 69 6c 65 37 - 3a 20 30 30 30 30 30 30  regfile7:.000000
00000010 : 36 35                                              65
文件2(HEX) : 
00000000 : 72 65 67 66 69 6c 65 37 - 3a 20 30 30 30 30 30 30  regfile7:.000000
00000010 : 33 31                                              31

第[1541 / 1541]行 - 第[17]个字符开始有差异：
        --------------------
        0         1         
        01234567890123456789
        --------------------
文件1 : regfile8: 00000001<CR>
文件2 : regfile8: 00000000<CR>
文件1(HEX) : 
00000000 : 72 65 67 66 69 6c 65 38 - 3a 20 30 30 30 30 30 30  regfile8:.000000
00000010 : 30 31                                              01
文件2(HEX) : 
00000000 : 72 65 67 66 69 6c 65 38 - 3a 20 30 30 30 30 30 30  regfile8:.000000
00000010 : 30 30                                              00

第[1542 / 1542]行 - 第[17]个字符开始有差异：
        --------------------
        0         1         
        01234567890123456789
        --------------------
文件1 : regfile9: 00000001<CR>
文件2 : regfile9: 00000000<CR>
文件1(HEX) : 
00000000 : 72 65 67 66 69 6c 65 39 - 3a 20 30 30 30 30 30 30  regfile9:.000000
00000010 : 30 31                                              01
文件2(HEX) : 
00000000 : 72 65 67 66 69 6c 65 39 - 3a 20 30 30 30 30 30 30  regfile9:.000000
00000010 : 30 30                                              00

第[1543 / 1543]行 - 第[17]个字符开始有差异：
        --------------------
        0         1         
        01234567890123456789
        --------------------
文件1 : regfile10: 00000001<CR>
文件2 : regfile10: 00000034<CR>
文件1(HEX) : 
00000000 : 72 65 67 66 69 6c 65 31 - 30 3a 20 30 30 30 30 30  regfile10:.00000
00000010 : 30 30 31                                           001
文件2(HEX) : 
00000000 : 72 65 67 66 69 6c 65 31 - 30 3a 20 30 30 30 30 30  regfile10:.00000
00000010 : 30 33 34                                           034

第[1544 / 1544]行 - 第[18]个字符开始有差异：
        --------------------
        0         1         
        01234567890123456789
        --------------------
文件1 : regfile11: 00000066<CR>
文件2 : regfile11: 00000064<CR>
文件1(HEX) : 
00000000 : 72 65 67 66 69 6c 65 31 - 31 3a 20 30 30 30 30 30  regfile11:.00000
00000010 : 30 36 36                                           066
文件2(HEX) : 
00000000 : 72 65 67 66 69 6c 65 31 - 31 3a 20 30 30 30 30 30  regfile11:.00000
00000010 : 30 36 34                                           064

第[1545 / 1545]行 - 第[17]个字符开始有差异：
        --------------------
        0         1         
        01234567890123456789
        --------------------
文件1 : regfile12: 00000067<CR>
文件2 : regfile12: 0000004c<CR>
文件1(HEX) : 
00000000 : 72 65 67 66 69 6c 65 31 - 32 3a 20 30 30 30 30 30  regfile12:.00000
00000010 : 30 36 37                                           067
文件2(HEX) : 
00000000 : 72 65 67 66 69 6c 65 31 - 32 3a 20 30 30 30 30 30  regfile12:.00000
00000010 : 30 34 63                                           04c

第[1546 / 1546]行 - 第[11]个字符开始有差异：
        --------------------
        0         1         
        01234567890123456789
        --------------------
文件1 : regfile13: 80000000<CR>
文件2 : regfile13: 00000018<CR>
文件1(HEX) : 
00000000 : 72 65 67 66 69 6c 65 31 - 33 3a 20 38 30 30 30 30  regfile13:.80000
00000010 : 30 30 30                                           000
文件2(HEX) : 
00000000 : 72 65 67 66 69 6c 65 31 - 33 3a 20 30 30 30 30 30  regfile13:.00000
00000010 : 30 31 38                                           018

第[1547 / 1547]行 - 第[18]个字符开始有差异：
        --------------------
        0         1         
        01234567890123456789
        --------------------
文件1 : regfile14: 00000000<CR>
文件2 : regfile14: 00000001<CR>
文件1(HEX) : 
00000000 : 72 65 67 66 69 6c 65 31 - 34 3a 20 30 30 30 30 30  regfile14:.00000
00000010 : 30 30 30                                           000
文件2(HEX) : 
00000000 : 72 65 67 66 69 6c 65 31 - 34 3a 20 30 30 30 30 30  regfile14:.00000
00000010 : 30 30 31                                           001

第[1565 / 1565]行 - 第[11]个字符开始有差异：
        --------------------
        0         1         
        01234567890123456789
        --------------------
文件1 : pc: 00400064<CR>
文件2 : pc: 0040006c<CR>
文件1(HEX) : 
00000000 : 70 63 3a 20 30 30 34 30 - 30 30 36 34              pc:.00400064
文件2(HEX) : 
00000000 : 70 63 3a 20 30 30 34 30 - 30 30 36 63              pc:.0040006c

第[1566 / 1566]行 - 第[7]个字符开始有差异：
        --------------------
        0         1         
        01234567890123456789
        --------------------
文件1 : instr: 018a6823<CR>
文件2 : instr: 246d0001<CR>
文件1(HEX) : 
00000000 : 69 6e 73 74 72 3a 20 30 - 31 38 61 36 38 32 33     instr:.018a6823
文件2(HEX) : 
00000000 : 69 6e 73 74 72 3a 20 32 - 34 36 64 30 30 30 31     instr:.246d0001

第[1571 / 1571]行 - 第[17]个字符开始有差异：
        --------------------
        0         1         
        01234567890123456789
        --------------------
文件1 : regfile4: 00000002<CR>
文件2 : regfile4: 00000001<CR>
文件1(HEX) : 
00000000 : 72 65 67 66 69 6c 65 34 - 3a 20 30 30 30 30 30 30  regfile4:.000000
00000010 : 30 32                                              02
文件2(HEX) : 
00000000 : 72 65 67 66 69 6c 65 34 - 3a 20 30 30 30 30 30 30  regfile4:.000000
00000010 : 30 31                                              01

第[1572 / 1572]行 - 第[17]个字符开始有差异：
        --------------------
        0         1         
        01234567890123456789
        --------------------
文件1 : regfile5: 00000001<CR>
文件2 : regfile5: 00000002<CR>
文件1(HEX) : 
00000000 : 72 65 67 66 69 6c 65 35 - 3a 20 30 30 30 30 30 30  regfile5:.000000
00000010 : 30 31                                              01
文件2(HEX) : 
00000000 : 72 65 67 66 69 6c 65 35 - 3a 20 30 30 30 30 30 30  regfile5:.000000
00000010 : 30 32                                              02

第[1573 / 1573]行 - 第[16]个字符开始有差异：
        --------------------
        0         1         
        01234567890123456789
        --------------------
文件1 : regfile6: 00000065<CR>
文件2 : regfile6: 0000004a<CR>
文件1(HEX) : 
00000000 : 72 65 67 66 69 6c 65 36 - 3a 20 30 30 30 30 30 30  regfile6:.000000
00000010 : 36 35                                              65
文件2(HEX) : 
00000000 : 72 65 67 66 69 6c 65 36 - 3a 20 30 30 30 30 30 30  regfile6:.000000
00000010 : 34 61                                              4a

第[1574 / 1574]行 - 第[16]个字符开始有差异：
        --------------------
        0         1         
        01234567890123456789
        --------------------
文件1 : regfile7: 00000065<CR>
文件2 : regfile7: 00000031<CR>
文件1(HEX) : 
00000000 : 72 65 67 66 69 6c 65 37 - 3a 20 30 30 30 30 30 30  regfile7:.000000
00000010 : 36 35                                              65
文件2(HEX) : 
00000000 : 72 65 67 66 69 6c 65 37 - 3a 20 30 30 30 30 30 30  regfile7:.000000
00000010 : 33 31                                              31

第[1575 / 1575]行 - 第[17]个字符开始有差异：
        --------------------
        0         1         
        01234567890123456789
        --------------------
文件1 : regfile8: 00000001<CR>
文件2 : regfile8: 00000000<CR>
文件1(HEX) : 
00000000 : 72 65 67 66 69 6c 65 38 - 3a 20 30 30 30 30 30 30  regfile8:.000000
00000010 : 30 31                                              01
文件2(HEX) : 
00000000 : 72 65 67 66 69 6c 65 38 - 3a 20 30 30 30 30 30 30  regfile8:.000000
00000010 : 30 30                                              00

第[1576 / 1576]行 - 第[17]个字符开始有差异：
        --------------------
        0         1         
        01234567890123456789
        --------------------
文件1 : regfile9: 00000001<CR>
文件2 : regfile9: 00000000<CR>
文件1(HEX) : 
00000000 : 72 65 67 66 69 6c 65 39 - 3a 20 30 30 30 30 30 30  regfile9:.000000
00000010 : 30 31                                              01
文件2(HEX) : 
00000000 : 72 65 67 66 69 6c 65 39 - 3a 20 30 30 30 30 30 30  regfile9:.000000
00000010 : 30 30                                              00

第[1577 / 1577]行 - 第[17]个字符开始有差异：
        --------------------
        0         1         
        01234567890123456789
        --------------------
文件1 : regfile10: 00000001<CR>
文件2 : regfile10: 00000034<CR>
文件1(HEX) : 
00000000 : 72 65 67 66 69 6c 65 31 - 30 3a 20 30 30 30 30 30  regfile10:.00000
00000010 : 30 30 31                                           001
文件2(HEX) : 
00000000 : 72 65 67 66 69 6c 65 31 - 30 3a 20 30 30 30 30 30  regfile10:.00000
00000010 : 30 33 34                                           034

第[1578 / 1578]行 - 第[18]个字符开始有差异：
        --------------------
        0         1         
        01234567890123456789
        --------------------
文件1 : regfile11: 00000066<CR>
文件2 : regfile11: 00000064<CR>
文件1(HEX) : 
00000000 : 72 65 67 66 69 6c 65 31 - 31 3a 20 30 30 30 30 30  regfile11:.00000
00000010 : 30 36 36                                           066
文件2(HEX) : 
00000000 : 72 65 67 66 69 6c 65 31 - 31 3a 20 30 30 30 30 30  regfile11:.00000
00000010 : 30 36 34                                           064

第[1579 / 1579]行 - 第[17]个字符开始有差异：
        --------------------
        0         1         
        01234567890123456789
        --------------------
文件1 : regfile12: 00000067<CR>
文件2 : regfile12: 0000004c<CR>
文件1(HEX) : 
00000000 : 72 65 67 66 69 6c 65 31 - 32 3a 20 30 30 30 30 30  regfile12:.00000
00000010 : 30 36 37                                           067
文件2(HEX) : 
00000000 : 72 65 67 66 69 6c 65 31 - 32 3a 20 30 30 30 30 30  regfile12:.00000
00000010 : 30 34 63                                           04c

第[1580 / 1580]行 - 第[11]个字符开始有差异：
        --------------------
        0         1         
        01234567890123456789
        --------------------
文件1 : regfile13: 80000000<CR>
文件2 : regfile13: 00000043<CR>
文件1(HEX) : 
00000000 : 72 65 67 66 69 6c 65 31 - 33 3a 20 38 30 30 30 30  regfile13:.80000
00000010 : 30 30 30                                           000
文件2(HEX) : 
00000000 : 72 65 67 66 69 6c 65 31 - 33 3a 20 30 30 30 30 30  regfile13:.00000
00000010 : 30 34 33                                           043

第[1581 / 1581]行 - 第[18]个字符开始有差异：
        --------------------
        0         1         
        01234567890123456789
        --------------------
文件1 : regfile14: 00000000<CR>
文件2 : regfile14: 00000001<CR>
文件1(HEX) : 
00000000 : 72 65 67 66 69 6c 65 31 - 34 3a 20 30 30 30 30 30  regfile14:.00000
00000010 : 30 30 30                                           000
文件2(HEX) : 
00000000 : 72 65 67 66 69 6c 65 31 - 34 3a 20 30 30 30 30 30  regfile14:.00000
00000010 : 30 30 31                                           001

第[1599 / 1599]行 - 第[10]个字符开始有差异：
        --------------------
        0         1         
        01234567890123456789
        --------------------
文件1 : pc: 00400068<CR>
文件2 : pc: 00400070<CR>
文件1(HEX) : 
00000000 : 70 63 3a 20 30 30 34 30 - 30 30 36 38              pc:.00400068
文件2(HEX) : 
00000000 : 70 63 3a 20 30 30 34 30 - 30 30 37 30              pc:.00400070

第[1600 / 1600]行 - 第[8]个字符开始有差异：
        --------------------
        0         1         
        01234567890123456789
        --------------------
文件1 : instr: 00cd3020<CR>
文件2 : instr: 018d702b<CR>
文件1(HEX) : 
00000000 : 69 6e 73 74 72 3a 20 30 - 30 63 64 33 30 32 30     instr:.00cd3020
文件2(HEX) : 
00000000 : 69 6e 73 74 72 3a 20 30 - 31 38 64 37 30 32 62     instr:.018d702b

第[1605 / 1605]行 - 第[17]个字符开始有差异：
        --------------------
        0         1         
        01234567890123456789
        --------------------
文件1 : regfile4: 00000002<CR>
文件2 : regfile4: 00000001<CR>
文件1(HEX) : 
00000000 : 72 65 67 66 69 6c 65 34 - 3a 20 30 30 30 30 30 30  regfile4:.000000
00000010 : 30 32                                              02
文件2(HEX) : 
00000000 : 72 65 67 66 69 6c 65 34 - 3a 20 30 30 30 30 30 30  regfile4:.000000
00000010 : 30 31                                              01

第[1606 / 1606]行 - 第[17]个字符开始有差异：
        --------------------
        0         1         
        01234567890123456789
        --------------------
文件1 : regfile5: 00000001<CR>
文件2 : regfile5: 00000002<CR>
文件1(HEX) : 
00000000 : 72 65 67 66 69 6c 65 35 - 3a 20 30 30 30 30 30 30  regfile5:.000000
00000010 : 30 31                                              01
文件2(HEX) : 
00000000 : 72 65 67 66 69 6c 65 35 - 3a 20 30 30 30 30 30 30  regfile5:.000000
00000010 : 30 32                                              02

第[1607 / 1607]行 - 第[16]个字符开始有差异：
        --------------------
        0         1         
        01234567890123456789
        --------------------
文件1 : regfile6: 00000065<CR>
文件2 : regfile6: 0000004a<CR>
文件1(HEX) : 
00000000 : 72 65 67 66 69 6c 65 36 - 3a 20 30 30 30 30 30 30  regfile6:.000000
00000010 : 36 35                                              65
文件2(HEX) : 
00000000 : 72 65 67 66 69 6c 65 36 - 3a 20 30 30 30 30 30 30  regfile6:.000000
00000010 : 34 61                                              4a

第[1608 / 1608]行 - 第[16]个字符开始有差异：
        --------------------
        0         1         
        01234567890123456789
        --------------------
文件1 : regfile7: 00000065<CR>
文件2 : regfile7: 00000031<CR>
文件1(HEX) : 
00000000 : 72 65 67 66 69 6c 65 37 - 3a 20 30 30 30 30 30 30  regfile7:.000000
00000010 : 36 35                                              65
文件2(HEX) : 
00000000 : 72 65 67 66 69 6c 65 37 - 3a 20 30 30 30 30 30 30  regfile7:.000000
00000010 : 33 31                                              31

第[1609 / 1609]行 - 第[17]个字符开始有差异：
        --------------------
        0         1         
        01234567890123456789
        --------------------
文件1 : regfile8: 00000001<CR>
文件2 : regfile8: 00000000<CR>
文件1(HEX) : 
00000000 : 72 65 67 66 69 6c 65 38 - 3a 20 30 30 30 30 30 30  regfile8:.000000
00000010 : 30 31                                              01
文件2(HEX) : 
00000000 : 72 65 67 66 69 6c 65 38 - 3a 20 30 30 30 30 30 30  regfile8:.000000
00000010 : 30 30                                              00

第[1610 / 1610]行 - 第[17]个字符开始有差异：
        --------------------
        0         1         
        01234567890123456789
        --------------------
文件1 : regfile9: 00000001<CR>
文件2 : regfile9: 00000000<CR>
文件1(HEX) : 
00000000 : 72 65 67 66 69 6c 65 39 - 3a 20 30 30 30 30 30 30  regfile9:.000000
00000010 : 30 31                                              01
文件2(HEX) : 
00000000 : 72 65 67 66 69 6c 65 39 - 3a 20 30 30 30 30 30 30  regfile9:.000000
00000010 : 30 30                                              00

第[1611 / 1611]行 - 第[17]个字符开始有差异：
        --------------------
        0         1         
        01234567890123456789
        --------------------
文件1 : regfile10: 00000001<CR>
文件2 : regfile10: 00000034<CR>
文件1(HEX) : 
00000000 : 72 65 67 66 69 6c 65 31 - 30 3a 20 30 30 30 30 30  regfile10:.00000
00000010 : 30 30 31                                           001
文件2(HEX) : 
00000000 : 72 65 67 66 69 6c 65 31 - 30 3a 20 30 30 30 30 30  regfile10:.00000
00000010 : 30 33 34                                           034

第[1612 / 1612]行 - 第[18]个字符开始有差异：
        --------------------
        0         1         
        01234567890123456789
        --------------------
文件1 : regfile11: 00000066<CR>
文件2 : regfile11: 00000064<CR>
文件1(HEX) : 
00000000 : 72 65 67 66 69 6c 65 31 - 31 3a 20 30 30 30 30 30  regfile11:.00000
00000010 : 30 36 36                                           066
文件2(HEX) : 
00000000 : 72 65 67 66 69 6c 65 31 - 31 3a 20 30 30 30 30 30  regfile11:.00000
00000010 : 30 36 34                                           064

第[1613 / 1613]行 - 第[17]个字符开始有差异：
        --------------------
        0         1         
        01234567890123456789
        --------------------
文件1 : regfile12: 00000067<CR>
文件2 : regfile12: 0000004c<CR>
文件1(HEX) : 
00000000 : 72 65 67 66 69 6c 65 31 - 32 3a 20 30 30 30 30 30  regfile12:.00000
00000010 : 30 36 37                                           067
文件2(HEX) : 
00000000 : 72 65 67 66 69 6c 65 31 - 32 3a 20 30 30 30 30 30  regfile12:.00000
00000010 : 30 34 63                                           04c

第[1614 / 1614]行 - 第[11]个字符开始有差异：
        --------------------
        0         1         
        01234567890123456789
        --------------------
文件1 : regfile13: 80000000<CR>
文件2 : regfile13: 00000043<CR>
文件1(HEX) : 
00000000 : 72 65 67 66 69 6c 65 31 - 33 3a 20 38 30 30 30 30  regfile13:.80000
00000010 : 30 30 30                                           000
文件2(HEX) : 
00000000 : 72 65 67 66 69 6c 65 31 - 33 3a 20 30 30 30 30 30  regfile13:.00000
00000010 : 30 34 33                                           043

第[1633 / 1633]行 - 第[10]个字符开始有差异：
        --------------------
        0         1         
        01234567890123456789
        --------------------
文件1 : pc: 0040006c<CR>
文件2 : pc: 00400074<CR>
文件1(HEX) : 
00000000 : 70 63 3a 20 30 30 34 30 - 30 30 36 63              pc:.0040006c
文件2(HEX) : 
00000000 : 70 63 3a 20 30 30 34 30 - 30 30 37 34              pc:.00400074

第[1634 / 1634]行 - 第[7]个字符开始有差异：
        --------------------
        0         1         
        01234567890123456789
        --------------------
文件1 : instr: 246d0001<CR>
文件2 : instr: 11c00006<CR>
文件1(HEX) : 
00000000 : 69 6e 73 74 72 3a 20 32 - 34 36 64 30 30 30 31     instr:.246d0001
文件2(HEX) : 
00000000 : 69 6e 73 74 72 3a 20 31 - 31 63 30 30 30 30 36     instr:.11c00006

第[1639 / 1639]行 - 第[17]个字符开始有差异：
        --------------------
        0         1         
        01234567890123456789
        --------------------
文件1 : regfile4: 00000002<CR>
文件2 : regfile4: 00000001<CR>
文件1(HEX) : 
00000000 : 72 65 67 66 69 6c 65 34 - 3a 20 30 30 30 30 30 30  regfile4:.000000
00000010 : 30 32                                              02
文件2(HEX) : 
00000000 : 72 65 67 66 69 6c 65 34 - 3a 20 30 30 30 30 30 30  regfile4:.000000
00000010 : 30 31                                              01

第[1640 / 1640]行 - 第[17]个字符开始有差异：
        --------------------
        0         1         
        01234567890123456789
        --------------------
文件1 : regfile5: 00000001<CR>
文件2 : regfile5: 00000002<CR>
文件1(HEX) : 
00000000 : 72 65 67 66 69 6c 65 35 - 3a 20 30 30 30 30 30 30  regfile5:.000000
00000010 : 30 31                                              01
文件2(HEX) : 
00000000 : 72 65 67 66 69 6c 65 35 - 3a 20 30 30 30 30 30 30  regfile5:.000000
00000010 : 30 32                                              02

第[1641 / 1641]行 - 第[16]个字符开始有差异：
        --------------------
        0         1         
        01234567890123456789
        --------------------
文件1 : regfile6: 00000065<CR>
文件2 : regfile6: 0000004a<CR>
文件1(HEX) : 
00000000 : 72 65 67 66 69 6c 65 36 - 3a 20 30 30 30 30 30 30  regfile6:.000000
00000010 : 36 35                                              65
文件2(HEX) : 
00000000 : 72 65 67 66 69 6c 65 36 - 3a 20 30 30 30 30 30 30  regfile6:.000000
00000010 : 34 61                                              4a

第[1642 / 1642]行 - 第[16]个字符开始有差异：
        --------------------
        0         1         
        01234567890123456789
        --------------------
文件1 : regfile7: 00000065<CR>
文件2 : regfile7: 00000031<CR>
文件1(HEX) : 
00000000 : 72 65 67 66 69 6c 65 37 - 3a 20 30 30 30 30 30 30  regfile7:.000000
00000010 : 36 35                                              65
文件2(HEX) : 
00000000 : 72 65 67 66 69 6c 65 37 - 3a 20 30 30 30 30 30 30  regfile7:.000000
00000010 : 33 31                                              31

第[1643 / 1643]行 - 第[17]个字符开始有差异：
        --------------------
        0         1         
        01234567890123456789
        --------------------
文件1 : regfile8: 00000001<CR>
文件2 : regfile8: 00000000<CR>
文件1(HEX) : 
00000000 : 72 65 67 66 69 6c 65 38 - 3a 20 30 30 30 30 30 30  regfile8:.000000
00000010 : 30 31                                              01
文件2(HEX) : 
00000000 : 72 65 67 66 69 6c 65 38 - 3a 20 30 30 30 30 30 30  regfile8:.000000
00000010 : 30 30                                              00

第[1644 / 1644]行 - 第[17]个字符开始有差异：
        --------------------
        0         1         
        01234567890123456789
        --------------------
文件1 : regfile9: 00000001<CR>
文件2 : regfile9: 00000000<CR>
文件1(HEX) : 
00000000 : 72 65 67 66 69 6c 65 39 - 3a 20 30 30 30 30 30 30  regfile9:.000000
00000010 : 30 31                                              01
文件2(HEX) : 
00000000 : 72 65 67 66 69 6c 65 39 - 3a 20 30 30 30 30 30 30  regfile9:.000000
00000010 : 30 30                                              00

第[1645 / 1645]行 - 第[17]个字符开始有差异：
        --------------------
        0         1         
        01234567890123456789
        --------------------
文件1 : regfile10: 00000001<CR>
文件2 : regfile10: 00000034<CR>
文件1(HEX) : 
00000000 : 72 65 67 66 69 6c 65 31 - 30 3a 20 30 30 30 30 30  regfile10:.00000
00000010 : 30 30 31                                           001
文件2(HEX) : 
00000000 : 72 65 67 66 69 6c 65 31 - 30 3a 20 30 30 30 30 30  regfile10:.00000
00000010 : 30 33 34                                           034

第[1646 / 1646]行 - 第[18]个字符开始有差异：
        --------------------
        0         1         
        01234567890123456789
        --------------------
文件1 : regfile11: 00000066<CR>
文件2 : regfile11: 00000064<CR>
文件1(HEX) : 
00000000 : 72 65 67 66 69 6c 65 31 - 31 3a 20 30 30 30 30 30  regfile11:.00000
00000010 : 30 36 36                                           066
文件2(HEX) : 
00000000 : 72 65 67 66 69 6c 65 31 - 31 3a 20 30 30 30 30 30  regfile11:.00000
00000010 : 30 36 34                                           064

第[1647 / 1647]行 - 第[17]个字符开始有差异：
        --------------------
        0         1         
        01234567890123456789
        --------------------
文件1 : regfile12: 00000068<CR>
文件2 : regfile12: 0000004c<CR>
文件1(HEX) : 
00000000 : 72 65 67 66 69 6c 65 31 - 32 3a 20 30 30 30 30 30  regfile12:.00000
00000010 : 30 36 38                                           068
文件2(HEX) : 
00000000 : 72 65 67 66 69 6c 65 31 - 32 3a 20 30 30 30 30 30  regfile12:.00000
00000010 : 30 34 63                                           04c

第[1648 / 1648]行 - 第[11]个字符开始有差异：
        --------------------
        0         1         
        01234567890123456789
        --------------------
文件1 : regfile13: 80000000<CR>
文件2 : regfile13: 00000043<CR>
文件1(HEX) : 
00000000 : 72 65 67 66 69 6c 65 31 - 33 3a 20 38 30 30 30 30  regfile13:.80000
00000010 : 30 30 30                                           000
文件2(HEX) : 
00000000 : 72 65 67 66 69 6c 65 31 - 33 3a 20 30 30 30 30 30  regfile13:.00000
00000010 : 30 34 33                                           043

第[1667 / 1667]行 - 第[10]个字符开始有差异：
        --------------------
        0         1         
        01234567890123456789
        --------------------
文件1 : pc: 00400070<CR>
文件2 : pc: 00400090<CR>
文件1(HEX) : 
00000000 : 70 63 3a 20 30 30 34 30 - 30 30 37 30              pc:.00400070
文件2(HEX) : 
00000000 : 70 63 3a 20 30 30 34 30 - 30 30 39 30              pc:.00400090

第[1668 / 1668]行 - 第[7]个字符开始有差异：
        --------------------
        0         1         
        01234567890123456789
        --------------------
文件1 : instr: 018d702b<CR>
文件2 : instr: 25080001<CR>
文件1(HEX) : 
00000000 : 69 6e 73 74 72 3a 20 30 - 31 38 64 37 30 32 62     instr:.018d702b
文件2(HEX) : 
00000000 : 69 6e 73 74 72 3a 20 32 - 35 30 38 30 30 30 31     instr:.25080001

第[1673 / 1673]行 - 第[17]个字符开始有差异：
        --------------------
        0         1         
        01234567890123456789
        --------------------
文件1 : regfile4: 00000002<CR>
文件2 : regfile4: 00000001<CR>
文件1(HEX) : 
00000000 : 72 65 67 66 69 6c 65 34 - 3a 20 30 30 30 30 30 30  regfile4:.000000
00000010 : 30 32                                              02
文件2(HEX) : 
00000000 : 72 65 67 66 69 6c 65 34 - 3a 20 30 30 30 30 30 30  regfile4:.000000
00000010 : 30 31                                              01

第[1674 / 1674]行 - 第[17]个字符开始有差异：
        --------------------
        0         1         
        01234567890123456789
        --------------------
文件1 : regfile5: 00000001<CR>
文件2 : regfile5: 00000002<CR>
文件1(HEX) : 
00000000 : 72 65 67 66 69 6c 65 35 - 3a 20 30 30 30 30 30 30  regfile5:.000000
00000010 : 30 31                                              01
文件2(HEX) : 
00000000 : 72 65 67 66 69 6c 65 35 - 3a 20 30 30 30 30 30 30  regfile5:.000000
00000010 : 30 32                                              02

第[1675 / 1675]行 - 第[16]个字符开始有差异：
        --------------------
        0         1         
        01234567890123456789
        --------------------
文件1 : regfile6: 00000065<CR>
文件2 : regfile6: 0000004a<CR>
文件1(HEX) : 
00000000 : 72 65 67 66 69 6c 65 36 - 3a 20 30 30 30 30 30 30  regfile6:.000000
00000010 : 36 35                                              65
文件2(HEX) : 
00000000 : 72 65 67 66 69 6c 65 36 - 3a 20 30 30 30 30 30 30  regfile6:.000000
00000010 : 34 61                                              4a

第[1676 / 1676]行 - 第[16]个字符开始有差异：
        --------------------
        0         1         
        01234567890123456789
        --------------------
文件1 : regfile7: 00000065<CR>
文件2 : regfile7: 00000031<CR>
文件1(HEX) : 
00000000 : 72 65 67 66 69 6c 65 37 - 3a 20 30 30 30 30 30 30  regfile7:.000000
00000010 : 36 35                                              65
文件2(HEX) : 
00000000 : 72 65 67 66 69 6c 65 37 - 3a 20 30 30 30 30 30 30  regfile7:.000000
00000010 : 33 31                                              31

第[1678 / 1678]行 - 第[17]个字符开始有差异：
        --------------------
        0         1         
        01234567890123456789
        --------------------
文件1 : regfile9: 00000001<CR>
文件2 : regfile9: 00000000<CR>
文件1(HEX) : 
00000000 : 72 65 67 66 69 6c 65 39 - 3a 20 30 30 30 30 30 30  regfile9:.000000
00000010 : 30 31                                              01
文件2(HEX) : 
00000000 : 72 65 67 66 69 6c 65 39 - 3a 20 30 30 30 30 30 30  regfile9:.000000
00000010 : 30 30                                              00

第[1679 / 1679]行 - 第[17]个字符开始有差异：
        --------------------
        0         1         
        01234567890123456789
        --------------------
文件1 : regfile10: 00000001<CR>
文件2 : regfile10: 00000034<CR>
文件1(HEX) : 
00000000 : 72 65 67 66 69 6c 65 31 - 30 3a 20 30 30 30 30 30  regfile10:.00000
00000010 : 30 30 31                                           001
文件2(HEX) : 
00000000 : 72 65 67 66 69 6c 65 31 - 30 3a 20 30 30 30 30 30  regfile10:.00000
00000010 : 30 33 34                                           034

第[1680 / 1680]行 - 第[18]个字符开始有差异：
        --------------------
        0         1         
        01234567890123456789
        --------------------
文件1 : regfile11: 00000066<CR>
文件2 : regfile11: 00000064<CR>
文件1(HEX) : 
00000000 : 72 65 67 66 69 6c 65 31 - 31 3a 20 30 30 30 30 30  regfile11:.00000
00000010 : 30 36 36                                           066
文件2(HEX) : 
00000000 : 72 65 67 66 69 6c 65 31 - 31 3a 20 30 30 30 30 30  regfile11:.00000
00000010 : 30 36 34                                           064

第[1681 / 1681]行 - 第[17]个字符开始有差异：
        --------------------
        0         1         
        01234567890123456789
        --------------------
文件1 : regfile12: 00000068<CR>
文件2 : regfile12: 0000004c<CR>
文件1(HEX) : 
00000000 : 72 65 67 66 69 6c 65 31 - 32 3a 20 30 30 30 30 30  regfile12:.00000
00000010 : 30 36 38                                           068
文件2(HEX) : 
00000000 : 72 65 67 66 69 6c 65 31 - 32 3a 20 30 30 30 30 30  regfile12:.00000
00000010 : 30 34 63                                           04c

第[1682 / 1682]行 - 第[11]个字符开始有差异：
        --------------------
        0         1         
        01234567890123456789
        --------------------
文件1 : regfile13: 80000000<CR>
文件2 : regfile13: 00000043<CR>
文件1(HEX) : 
00000000 : 72 65 67 66 69 6c 65 31 - 33 3a 20 38 30 30 30 30  regfile13:.80000
00000010 : 30 30 30                                           000
文件2(HEX) : 
00000000 : 72 65 67 66 69 6c 65 31 - 33 3a 20 30 30 30 30 30  regfile13:.00000
00000010 : 30 34 33                                           043

第[1701 / 1701]行 - 第[10]个字符开始有差异：
        --------------------
        0         1         
        01234567890123456789
        --------------------
文件1 : pc: 00400074<CR>
文件2 : pc: 00400094<CR>
文件1(HEX) : 
00000000 : 70 63 3a 20 30 30 34 30 - 30 30 37 34              pc:.00400074
文件2(HEX) : 
00000000 : 70 63 3a 20 30 30 34 30 - 30 30 39 34              pc:.00400094

第[1702 / 1702]行 - 第[7]个字符开始有差异：
        --------------------
        0         1         
        01234567890123456789
        --------------------
文件1 : instr: 11c00006<CR>
文件2 : instr: 24840001<CR>
文件1(HEX) : 
00000000 : 69 6e 73 74 72 3a 20 31 - 31 63 30 30 30 30 36     instr:.11c00006
文件2(HEX) : 
00000000 : 69 6e 73 74 72 3a 20 32 - 34 38 34 30 30 30 31     instr:.24840001

第[1709 / 1709]行 - 第[16]个字符开始有差异：
        --------------------
        0         1         
        01234567890123456789
        --------------------
文件1 : regfile6: 00000065<CR>
文件2 : regfile6: 0000004a<CR>
文件1(HEX) : 
00000000 : 72 65 67 66 69 6c 65 36 - 3a 20 30 30 30 30 30 30  regfile6:.000000
00000010 : 36 35                                              65
文件2(HEX) : 
00000000 : 72 65 67 66 69 6c 65 36 - 3a 20 30 30 30 30 30 30  regfile6:.000000
00000010 : 34 61                                              4a

第[1710 / 1710]行 - 第[16]个字符开始有差异：
        --------------------
        0         1         
        01234567890123456789
        --------------------
文件1 : regfile7: 00000065<CR>
文件2 : regfile7: 00000031<CR>
文件1(HEX) : 
00000000 : 72 65 67 66 69 6c 65 37 - 3a 20 30 30 30 30 30 30  regfile7:.000000
00000010 : 36 35                                              65
文件2(HEX) : 
00000000 : 72 65 67 66 69 6c 65 37 - 3a 20 30 30 30 30 30 30  regfile7:.000000
00000010 : 33 31                                              31

第[1712 / 1712]行 - 第[17]个字符开始有差异：
        --------------------
        0         1         
        01234567890123456789
        --------------------
文件1 : regfile9: 00000001<CR>
文件2 : regfile9: 00000000<CR>
文件1(HEX) : 
00000000 : 72 65 67 66 69 6c 65 39 - 3a 20 30 30 30 30 30 30  regfile9:.000000
00000010 : 30 31                                              01
文件2(HEX) : 
00000000 : 72 65 67 66 69 6c 65 39 - 3a 20 30 30 30 30 30 30  regfile9:.000000
00000010 : 30 30                                              00

第[1713 / 1713]行 - 第[17]个字符开始有差异：
        --------------------
        0         1         
        01234567890123456789
        --------------------
文件1 : regfile10: 00000001<CR>
文件2 : regfile10: 00000034<CR>
文件1(HEX) : 
00000000 : 72 65 67 66 69 6c 65 31 - 30 3a 20 30 30 30 30 30  regfile10:.00000
00000010 : 30 30 31                                           001
文件2(HEX) : 
00000000 : 72 65 67 66 69 6c 65 31 - 30 3a 20 30 30 30 30 30  regfile10:.00000
00000010 : 30 33 34                                           034

第[1714 / 1714]行 - 第[18]个字符开始有差异：
        --------------------
        0         1         
        01234567890123456789
        --------------------
文件1 : regfile11: 00000066<CR>
文件2 : regfile11: 00000064<CR>
文件1(HEX) : 
00000000 : 72 65 67 66 69 6c 65 31 - 31 3a 20 30 30 30 30 30  regfile11:.00000
00000010 : 30 36 36                                           066
文件2(HEX) : 
00000000 : 72 65 67 66 69 6c 65 31 - 31 3a 20 30 30 30 30 30  regfile11:.00000
00000010 : 30 36 34                                           064

第[1715 / 1715]行 - 第[17]个字符开始有差异：
        --------------------
        0         1         
        01234567890123456789
        --------------------
文件1 : regfile12: 00000068<CR>
文件2 : regfile12: 0000004c<CR>
文件1(HEX) : 
00000000 : 72 65 67 66 69 6c 65 31 - 32 3a 20 30 30 30 30 30  regfile12:.00000
00000010 : 30 36 38                                           068
文件2(HEX) : 
00000000 : 72 65 67 66 69 6c 65 31 - 32 3a 20 30 30 30 30 30  regfile12:.00000
00000010 : 30 34 63                                           04c

第[1716 / 1716]行 - 第[11]个字符开始有差异：
        --------------------
        0         1         
        01234567890123456789
        --------------------
文件1 : regfile13: 80000000<CR>
文件2 : regfile13: 00000043<CR>
文件1(HEX) : 
00000000 : 72 65 67 66 69 6c 65 31 - 33 3a 20 38 30 30 30 30  regfile13:.80000
00000010 : 30 30 30                                           000
文件2(HEX) : 
00000000 : 72 65 67 66 69 6c 65 31 - 33 3a 20 30 30 30 30 30  regfile13:.00000
00000010 : 30 34 33                                           043

第[1735 / 1735]行 - 第[10]个字符开始有差异：
        --------------------
        0         1         
        01234567890123456789
        --------------------
文件1 : pc: 00400074<CR>
文件2 : pc: 00400098<CR>
文件1(HEX) : 
00000000 : 70 63 3a 20 30 30 34 30 - 30 30 37 34              pc:.00400074
文件2(HEX) : 
00000000 : 70 63 3a 20 30 30 34 30 - 30 30 39 38              pc:.00400098

第[1736 / 1736]行 - 第[7]个字符开始有差异：
        --------------------
        0         1         
        01234567890123456789
        --------------------
文件1 : instr: 00000000<CR>
文件2 : instr: 24090001<CR>
文件1(HEX) : 
00000000 : 69 6e 73 74 72 3a 20 30 - 30 30 30 30 30 30 30     instr:.00000000
文件2(HEX) : 
00000000 : 69 6e 73 74 72 3a 20 32 - 34 30 39 30 30 30 31     instr:.24090001

第[1743 / 1743]行 - 第[16]个字符开始有差异：
        --------------------
        0         1         
        01234567890123456789
        --------------------
文件1 : regfile6: 00000065<CR>
文件2 : regfile6: 0000004a<CR>
文件1(HEX) : 
00000000 : 72 65 67 66 69 6c 65 36 - 3a 20 30 30 30 30 30 30  regfile6:.000000
00000010 : 36 35                                              65
文件2(HEX) : 
00000000 : 72 65 67 66 69 6c 65 36 - 3a 20 30 30 30 30 30 30  regfile6:.000000
00000010 : 34 61                                              4a

第[1744 / 1744]行 - 第[16]个字符开始有差异：
        --------------------
        0         1         
        01234567890123456789
        --------------------
文件1 : regfile7: 00000065<CR>
文件2 : regfile7: 00000031<CR>
文件1(HEX) : 
00000000 : 72 65 67 66 69 6c 65 37 - 3a 20 30 30 30 30 30 30  regfile7:.000000
00000010 : 36 35                                              65
文件2(HEX) : 
00000000 : 72 65 67 66 69 6c 65 37 - 3a 20 30 30 30 30 30 30  regfile7:.000000
00000010 : 33 31                                              31

第[1747 / 1747]行 - 第[17]个字符开始有差异：
        --------------------
        0         1         
        01234567890123456789
        --------------------
文件1 : regfile10: 00000001<CR>
文件2 : regfile10: 00000034<CR>
文件1(HEX) : 
00000000 : 72 65 67 66 69 6c 65 31 - 30 3a 20 30 30 30 30 30  regfile10:.00000
00000010 : 30 30 31                                           001
文件2(HEX) : 
00000000 : 72 65 67 66 69 6c 65 31 - 30 3a 20 30 30 30 30 30  regfile10:.00000
00000010 : 30 33 34                                           034

第[1748 / 1748]行 - 第[18]个字符开始有差异：
        --------------------
        0         1         
        01234567890123456789
        --------------------
文件1 : regfile11: 00000066<CR>
文件2 : regfile11: 00000064<CR>
文件1(HEX) : 
00000000 : 72 65 67 66 69 6c 65 31 - 31 3a 20 30 30 30 30 30  regfile11:.00000
00000010 : 30 36 36                                           066
文件2(HEX) : 
00000000 : 72 65 67 66 69 6c 65 31 - 31 3a 20 30 30 30 30 30  regfile11:.00000
00000010 : 30 36 34                                           064

第[1749 / 1749]行 - 第[17]个字符开始有差异：
        --------------------
        0         1         
        01234567890123456789
        --------------------
文件1 : regfile12: 00000068<CR>
文件2 : regfile12: 0000004c<CR>
文件1(HEX) : 
00000000 : 72 65 67 66 69 6c 65 31 - 32 3a 20 30 30 30 30 30  regfile12:.00000
00000010 : 30 36 38                                           068
文件2(HEX) : 
00000000 : 72 65 67 66 69 6c 65 31 - 32 3a 20 30 30 30 30 30  regfile12:.00000
00000010 : 30 34 63                                           04c

第[1750 / 1750]行 - 第[17]个字符开始有差异：
        --------------------
        0         1         
        01234567890123456789
        --------------------
文件1 : regfile13: 00000067<CR>
文件2 : regfile13: 00000043<CR>
文件1(HEX) : 
00000000 : 72 65 67 66 69 6c 65 31 - 33 3a 20 30 30 30 30 30  regfile13:.00000
00000010 : 30 36 37                                           067
文件2(HEX) : 
00000000 : 72 65 67 66 69 6c 65 31 - 33 3a 20 30 30 30 30 30  regfile13:.00000
00000010 : 30 34 33                                           043

第[1769 / 1769]行 - 第[11]个字符开始有差异：
        --------------------
        0         1         
        01234567890123456789
        --------------------
文件1 : pc: 00400090<CR>
文件2 : pc: 0040009c<CR>
文件1(HEX) : 
00000000 : 70 63 3a 20 30 30 34 30 - 30 30 39 30              pc:.00400090
文件2(HEX) : 
00000000 : 70 63 3a 20 30 30 34 30 - 30 30 39 63              pc:.0040009c

第[1770 / 1770]行 - 第[7]个字符开始有差异：
        --------------------
        0         1         
        01234567890123456789
        --------------------
文件1 : instr: 25080001<CR>
文件2 : instr: 000c5820<CR>
文件1(HEX) : 
00000000 : 69 6e 73 74 72 3a 20 32 - 35 30 38 30 30 30 31     instr:.25080001
文件2(HEX) : 
00000000 : 69 6e 73 74 72 3a 20 30 - 30 30 63 35 38 32 30     instr:.000c5820

第[1777 / 1777]行 - 第[16]个字符开始有差异：
        --------------------
        0         1         
        01234567890123456789
        --------------------
文件1 : regfile6: 000000cc<CR>
文件2 : regfile6: 0000004a<CR>
文件1(HEX) : 
00000000 : 72 65 67 66 69 6c 65 36 - 3a 20 30 30 30 30 30 30  regfile6:.000000
00000010 : 63 63                                              cc
文件2(HEX) : 
00000000 : 72 65 67 66 69 6c 65 36 - 3a 20 30 30 30 30 30 30  regfile6:.000000
00000010 : 34 61                                              4a

第[1778 / 1778]行 - 第[16]个字符开始有差异：
        --------------------
        0         1         
        01234567890123456789
        --------------------
文件1 : regfile7: 00000065<CR>
文件2 : regfile7: 00000031<CR>
文件1(HEX) : 
00000000 : 72 65 67 66 69 6c 65 37 - 3a 20 30 30 30 30 30 30  regfile7:.000000
00000010 : 36 35                                              65
文件2(HEX) : 
00000000 : 72 65 67 66 69 6c 65 37 - 3a 20 30 30 30 30 30 30  regfile7:.000000
00000010 : 33 31                                              31

第[1781 / 1781]行 - 第[17]个字符开始有差异：
        --------------------
        0         1         
        01234567890123456789
        --------------------
文件1 : regfile10: 00000001<CR>
文件2 : regfile10: 00000034<CR>
文件1(HEX) : 
00000000 : 72 65 67 66 69 6c 65 31 - 30 3a 20 30 30 30 30 30  regfile10:.00000
00000010 : 30 30 31                                           001
文件2(HEX) : 
00000000 : 72 65 67 66 69 6c 65 31 - 30 3a 20 30 30 30 30 30  regfile10:.00000
00000010 : 30 33 34                                           034

第[1782 / 1782]行 - 第[17]个字符开始有差异：
        --------------------
        0         1         
        01234567890123456789
        --------------------
文件1 : regfile11: 00000066<CR>
文件2 : regfile11: 0000004c<CR>
文件1(HEX) : 
00000000 : 72 65 67 66 69 6c 65 31 - 31 3a 20 30 30 30 30 30  regfile11:.00000
00000010 : 30 36 36                                           066
文件2(HEX) : 
00000000 : 72 65 67 66 69 6c 65 31 - 31 3a 20 30 30 30 30 30  regfile11:.00000
00000010 : 30 34 63                                           04c

第[1783 / 1783]行 - 第[17]个字符开始有差异：
        --------------------
        0         1         
        01234567890123456789
        --------------------
文件1 : regfile12: 00000068<CR>
文件2 : regfile12: 0000004c<CR>
文件1(HEX) : 
00000000 : 72 65 67 66 69 6c 65 31 - 32 3a 20 30 30 30 30 30  regfile12:.00000
00000010 : 30 36 38                                           068
文件2(HEX) : 
00000000 : 72 65 67 66 69 6c 65 31 - 32 3a 20 30 30 30 30 30  regfile12:.00000
00000010 : 30 34 63                                           04c

第[1784 / 1784]行 - 第[17]个字符开始有差异：
        --------------------
        0         1         
        01234567890123456789
        --------------------
文件1 : regfile13: 00000067<CR>
文件2 : regfile13: 00000043<CR>
文件1(HEX) : 
00000000 : 72 65 67 66 69 6c 65 31 - 33 3a 20 30 30 30 30 30  regfile13:.00000
00000010 : 30 36 37                                           067
文件2(HEX) : 
00000000 : 72 65 67 66 69 6c 65 31 - 33 3a 20 30 30 30 30 30  regfile13:.00000
00000010 : 30 34 33                                           043

第[1803 / 1803]行 - 第[10]个字符开始有差异：
        --------------------
        0         1         
        01234567890123456789
        --------------------
文件1 : pc: 00400094<CR>
文件2 : pc: 004000a0<CR>
文件1(HEX) : 
00000000 : 70 63 3a 20 30 30 34 30 - 30 30 39 34              pc:.00400094
文件2(HEX) : 
00000000 : 70 63 3a 20 30 30 34 30 - 30 30 61 30              pc:.004000a0

第[1804 / 1804]行 - 第[7]个字符开始有差异：
        --------------------
        0         1         
        01234567890123456789
        --------------------
文件1 : instr: 24840001<CR>
文件2 : instr: 018a6823<CR>
文件1(HEX) : 
00000000 : 69 6e 73 74 72 3a 20 32 - 34 38 34 30 30 30 31     instr:.24840001
文件2(HEX) : 
00000000 : 69 6e 73 74 72 3a 20 30 - 31 38 61 36 38 32 33     instr:.018a6823

第[1811 / 1811]行 - 第[16]个字符开始有差异：
        --------------------
        0         1         
        01234567890123456789
        --------------------
文件1 : regfile6: 000000cc<CR>
文件2 : regfile6: 0000004a<CR>
文件1(HEX) : 
00000000 : 72 65 67 66 69 6c 65 36 - 3a 20 30 30 30 30 30 30  regfile6:.000000
00000010 : 63 63                                              cc
文件2(HEX) : 
00000000 : 72 65 67 66 69 6c 65 36 - 3a 20 30 30 30 30 30 30  regfile6:.000000
00000010 : 34 61                                              4a

第[1812 / 1812]行 - 第[16]个字符开始有差异：
        --------------------
        0         1         
        01234567890123456789
        --------------------
文件1 : regfile7: 00000065<CR>
文件2 : regfile7: 00000031<CR>
文件1(HEX) : 
00000000 : 72 65 67 66 69 6c 65 37 - 3a 20 30 30 30 30 30 30  regfile7:.000000
00000010 : 36 35                                              65
文件2(HEX) : 
00000000 : 72 65 67 66 69 6c 65 37 - 3a 20 30 30 30 30 30 30  regfile7:.000000
00000010 : 33 31                                              31

第[1815 / 1815]行 - 第[17]个字符开始有差异：
        --------------------
        0         1         
        01234567890123456789
        --------------------
文件1 : regfile10: 00000001<CR>
文件2 : regfile10: 00000034<CR>
文件1(HEX) : 
00000000 : 72 65 67 66 69 6c 65 31 - 30 3a 20 30 30 30 30 30  regfile10:.00000
00000010 : 30 30 31                                           001
文件2(HEX) : 
00000000 : 72 65 67 66 69 6c 65 31 - 30 3a 20 30 30 30 30 30  regfile10:.00000
00000010 : 30 33 34                                           034

第[1816 / 1816]行 - 第[17]个字符开始有差异：
        --------------------
        0         1         
        01234567890123456789
        --------------------
文件1 : regfile11: 00000066<CR>
文件2 : regfile11: 0000004c<CR>
文件1(HEX) : 
00000000 : 72 65 67 66 69 6c 65 31 - 31 3a 20 30 30 30 30 30  regfile11:.00000
00000010 : 30 36 36                                           066
文件2(HEX) : 
00000000 : 72 65 67 66 69 6c 65 31 - 31 3a 20 30 30 30 30 30  regfile11:.00000
00000010 : 30 34 63                                           04c

第[1817 / 1817]行 - 第[17]个字符开始有差异：
        --------------------
        0         1         
        01234567890123456789
        --------------------
文件1 : regfile12: 00000068<CR>
文件2 : regfile12: 0000004c<CR>
文件1(HEX) : 
00000000 : 72 65 67 66 69 6c 65 31 - 32 3a 20 30 30 30 30 30  regfile12:.00000
00000010 : 30 36 38                                           068
文件2(HEX) : 
00000000 : 72 65 67 66 69 6c 65 31 - 32 3a 20 30 30 30 30 30  regfile12:.00000
00000010 : 30 34 63                                           04c

第[1818 / 1818]行 - 第[17]个字符开始有差异：
        --------------------
        0         1         
        01234567890123456789
        --------------------
文件1 : regfile13: 00000043<CR>
文件2 : regfile13: 00000018<CR>
文件1(HEX) : 
00000000 : 72 65 67 66 69 6c 65 31 - 33 3a 20 30 30 30 30 30  regfile13:.00000
00000010 : 30 34 33                                           043
文件2(HEX) : 
00000000 : 72 65 67 66 69 6c 65 31 - 33 3a 20 30 30 30 30 30  regfile13:.00000
00000010 : 30 31 38                                           018

第[1837 / 1837]行 - 第[10]个字符开始有差异：
        --------------------
        0         1         
        01234567890123456789
        --------------------
文件1 : pc: 00400098<CR>
文件2 : pc: 004000a4<CR>
文件1(HEX) : 
00000000 : 70 63 3a 20 30 30 34 30 - 30 30 39 38              pc:.00400098
文件2(HEX) : 
00000000 : 70 63 3a 20 30 30 34 30 - 30 30 61 34              pc:.004000a4

第[1838 / 1838]行 - 第[7]个字符开始有差异：
        --------------------
        0         1         
        01234567890123456789
        --------------------
文件1 : instr: 24090001<CR>
文件2 : instr: 00ed3820<CR>
文件1(HEX) : 
00000000 : 69 6e 73 74 72 3a 20 32 - 34 30 39 30 30 30 31     instr:.24090001
文件2(HEX) : 
00000000 : 69 6e 73 74 72 3a 20 30 - 30 65 64 33 38 32 30     instr:.00ed3820

第[1845 / 1845]行 - 第[16]个字符开始有差异：
        --------------------
        0         1         
        01234567890123456789
        --------------------
文件1 : regfile6: 000000cc<CR>
文件2 : regfile6: 0000004a<CR>
文件1(HEX) : 
00000000 : 72 65 67 66 69 6c 65 36 - 3a 20 30 30 30 30 30 30  regfile6:.000000
00000010 : 63 63                                              cc
文件2(HEX) : 
00000000 : 72 65 67 66 69 6c 65 36 - 3a 20 30 30 30 30 30 30  regfile6:.000000
00000010 : 34 61                                              4a

第[1846 / 1846]行 - 第[16]个字符开始有差异：
        --------------------
        0         1         
        01234567890123456789
        --------------------
文件1 : regfile7: 00000065<CR>
文件2 : regfile7: 00000049<CR>
文件1(HEX) : 
00000000 : 72 65 67 66 69 6c 65 37 - 3a 20 30 30 30 30 30 30  regfile7:.000000
00000010 : 36 35                                              65
文件2(HEX) : 
00000000 : 72 65 67 66 69 6c 65 37 - 3a 20 30 30 30 30 30 30  regfile7:.000000
00000010 : 34 39                                              49

第[1849 / 1849]行 - 第[17]个字符开始有差异：
        --------------------
        0         1         
        01234567890123456789
        --------------------
文件1 : regfile10: 00000001<CR>
文件2 : regfile10: 00000034<CR>
文件1(HEX) : 
00000000 : 72 65 67 66 69 6c 65 31 - 30 3a 20 30 30 30 30 30  regfile10:.00000
00000010 : 30 30 31                                           001
文件2(HEX) : 
00000000 : 72 65 67 66 69 6c 65 31 - 30 3a 20 30 30 30 30 30  regfile10:.00000
00000010 : 30 33 34                                           034

第[1850 / 1850]行 - 第[17]个字符开始有差异：
        --------------------
        0         1         
        01234567890123456789
        --------------------
文件1 : regfile11: 00000066<CR>
文件2 : regfile11: 0000004c<CR>
文件1(HEX) : 
00000000 : 72 65 67 66 69 6c 65 31 - 31 3a 20 30 30 30 30 30  regfile11:.00000
00000010 : 30 36 36                                           066
文件2(HEX) : 
00000000 : 72 65 67 66 69 6c 65 31 - 31 3a 20 30 30 30 30 30  regfile11:.00000
00000010 : 30 34 63                                           04c

第[1851 / 1851]行 - 第[17]个字符开始有差异：
        --------------------
        0         1         
        01234567890123456789
        --------------------
文件1 : regfile12: 00000068<CR>
文件2 : regfile12: 0000004c<CR>
文件1(HEX) : 
00000000 : 72 65 67 66 69 6c 65 31 - 32 3a 20 30 30 30 30 30  regfile12:.00000
00000010 : 30 36 38                                           068
文件2(HEX) : 
00000000 : 72 65 67 66 69 6c 65 31 - 32 3a 20 30 30 30 30 30  regfile12:.00000
00000010 : 30 34 63                                           04c

第[1852 / 1852]行 - 第[17]个字符开始有差异：
        --------------------
        0         1         
        01234567890123456789
        --------------------
文件1 : regfile13: 00000043<CR>
文件2 : regfile13: 00000018<CR>
文件1(HEX) : 
00000000 : 72 65 67 66 69 6c 65 31 - 33 3a 20 30 30 30 30 30  regfile13:.00000
00000010 : 30 34 33                                           043
文件2(HEX) : 
00000000 : 72 65 67 66 69 6c 65 31 - 33 3a 20 30 30 30 30 30  regfile13:.00000
00000010 : 30 31 38                                           018

第[1871 / 1871]行 - 第[10]个字符开始有差异：
        --------------------
        0         1         
        01234567890123456789
        --------------------
文件1 : pc: 0040009c<CR>
文件2 : pc: 004000a8<CR>
文件1(HEX) : 
00000000 : 70 63 3a 20 30 30 34 30 - 30 30 39 63              pc:.0040009c
文件2(HEX) : 
00000000 : 70 63 3a 20 30 30 34 30 - 30 30 61 38              pc:.004000a8

第[1872 / 1872]行 - 第[7]个字符开始有差异：
        --------------------
        0         1         
        01234567890123456789
        --------------------
文件1 : instr: 000c5820<CR>
文件2 : instr: 1000ffe6<CR>
文件1(HEX) : 
00000000 : 69 6e 73 74 72 3a 20 30 - 30 30 63 35 38 32 30     instr:.000c5820
文件2(HEX) : 
00000000 : 69 6e 73 74 72 3a 20 31 - 30 30 30 66 66 65 36     instr:.1000ffe6

第[1879 / 1879]行 - 第[16]个字符开始有差异：
        --------------------
        0         1         
        01234567890123456789
        --------------------
文件1 : regfile6: 000000cc<CR>
文件2 : regfile6: 0000004a<CR>
文件1(HEX) : 
00000000 : 72 65 67 66 69 6c 65 36 - 3a 20 30 30 30 30 30 30  regfile6:.000000
00000010 : 63 63                                              cc
文件2(HEX) : 
00000000 : 72 65 67 66 69 6c 65 36 - 3a 20 30 30 30 30 30 30  regfile6:.000000
00000010 : 34 61                                              4a

第[1880 / 1880]行 - 第[16]个字符开始有差异：
        --------------------
        0         1         
        01234567890123456789
        --------------------
文件1 : regfile7: 00000065<CR>
文件2 : regfile7: 00000049<CR>
文件1(HEX) : 
00000000 : 72 65 67 66 69 6c 65 37 - 3a 20 30 30 30 30 30 30  regfile7:.000000
00000010 : 36 35                                              65
文件2(HEX) : 
00000000 : 72 65 67 66 69 6c 65 37 - 3a 20 30 30 30 30 30 30  regfile7:.000000
00000010 : 34 39                                              49

第[1883 / 1883]行 - 第[17]个字符开始有差异：
        --------------------
        0         1         
        01234567890123456789
        --------------------
文件1 : regfile10: 00000001<CR>
文件2 : regfile10: 00000034<CR>
文件1(HEX) : 
00000000 : 72 65 67 66 69 6c 65 31 - 30 3a 20 30 30 30 30 30  regfile10:.00000
00000010 : 30 30 31                                           001
文件2(HEX) : 
00000000 : 72 65 67 66 69 6c 65 31 - 30 3a 20 30 30 30 30 30  regfile10:.00000
00000010 : 30 33 34                                           034

第[1884 / 1884]行 - 第[17]个字符开始有差异：
        --------------------
        0         1         
        01234567890123456789
        --------------------
文件1 : regfile11: 00000066<CR>
文件2 : regfile11: 0000004c<CR>
文件1(HEX) : 
00000000 : 72 65 67 66 69 6c 65 31 - 31 3a 20 30 30 30 30 30  regfile11:.00000
00000010 : 30 36 36                                           066
文件2(HEX) : 
00000000 : 72 65 67 66 69 6c 65 31 - 31 3a 20 30 30 30 30 30  regfile11:.00000
00000010 : 30 34 63                                           04c

第[1885 / 1885]行 - 第[17]个字符开始有差异：
        --------------------
        0         1         
        01234567890123456789
        --------------------
文件1 : regfile12: 00000068<CR>
文件2 : regfile12: 0000004c<CR>
文件1(HEX) : 
00000000 : 72 65 67 66 69 6c 65 31 - 32 3a 20 30 30 30 30 30  regfile12:.00000
00000010 : 30 36 38                                           068
文件2(HEX) : 
00000000 : 72 65 67 66 69 6c 65 31 - 32 3a 20 30 30 30 30 30  regfile12:.00000
00000010 : 30 34 63                                           04c

第[1886 / 1886]行 - 第[17]个字符开始有差异：
        --------------------
        0         1         
        01234567890123456789
        --------------------
文件1 : regfile13: 00000043<CR>
文件2 : regfile13: 00000018<CR>
文件1(HEX) : 
00000000 : 72 65 67 66 69 6c 65 31 - 33 3a 20 30 30 30 30 30  regfile13:.00000
00000010 : 30 34 33                                           043
文件2(HEX) : 
00000000 : 72 65 67 66 69 6c 65 31 - 33 3a 20 30 30 30 30 30  regfile13:.00000
00000010 : 30 31 38                                           018

第[1905 / 1905]行 - 第[10]个字符开始有差异：
        --------------------
        0         1         
        01234567890123456789
        --------------------
文件1 : pc: 004000a0<CR>
文件2 : pc: 00400044<CR>
文件1(HEX) : 
00000000 : 70 63 3a 20 30 30 34 30 - 30 30 61 30              pc:.004000a0
文件2(HEX) : 
00000000 : 70 63 3a 20 30 30 34 30 - 30 30 34 34              pc:.00400044

第[1906 / 1906]行 - 第[9]个字符开始有差异：
        --------------------
        0         1         
        01234567890123456789
        --------------------
文件1 : instr: 018a6823<CR>
文件2 : instr: 014b602b<CR>
文件1(HEX) : 
00000000 : 69 6e 73 74 72 3a 20 30 - 31 38 61 36 38 32 33     instr:.018a6823
文件2(HEX) : 
00000000 : 69 6e 73 74 72 3a 20 30 - 31 34 62 36 30 32 62     instr:.014b602b

第[1913 / 1913]行 - 第[16]个字符开始有差异：
        --------------------
        0         1         
        01234567890123456789
        --------------------
文件1 : regfile6: 000000cc<CR>
文件2 : regfile6: 0000004a<CR>
文件1(HEX) : 
00000000 : 72 65 67 66 69 6c 65 36 - 3a 20 30 30 30 30 30 30  regfile6:.000000
00000010 : 63 63                                              cc
文件2(HEX) : 
00000000 : 72 65 67 66 69 6c 65 36 - 3a 20 30 30 30 30 30 30  regfile6:.000000
00000010 : 34 61                                              4a

第[1914 / 1914]行 - 第[16]个字符开始有差异：
        --------------------
        0         1         
        01234567890123456789
        --------------------
文件1 : regfile7: 00000065<CR>
文件2 : regfile7: 00000049<CR>
文件1(HEX) : 
00000000 : 72 65 67 66 69 6c 65 37 - 3a 20 30 30 30 30 30 30  regfile7:.000000
00000010 : 36 35                                              65
文件2(HEX) : 
00000000 : 72 65 67 66 69 6c 65 37 - 3a 20 30 30 30 30 30 30  regfile7:.000000
00000010 : 34 39                                              49

第[1917 / 1917]行 - 第[17]个字符开始有差异：
        --------------------
        0         1         
        01234567890123456789
        --------------------
文件1 : regfile10: 00000001<CR>
文件2 : regfile10: 00000034<CR>
文件1(HEX) : 
00000000 : 72 65 67 66 69 6c 65 31 - 30 3a 20 30 30 30 30 30  regfile10:.00000
00000010 : 30 30 31                                           001
文件2(HEX) : 
00000000 : 72 65 67 66 69 6c 65 31 - 30 3a 20 30 30 30 30 30  regfile10:.00000
00000010 : 30 33 34                                           034

第[1918 / 1918]行 - 第[17]个字符开始有差异：
        --------------------
        0         1         
        01234567890123456789
        --------------------
文件1 : regfile11: 00000066<CR>
文件2 : regfile11: 0000004c<CR>
文件1(HEX) : 
00000000 : 72 65 67 66 69 6c 65 31 - 31 3a 20 30 30 30 30 30  regfile11:.00000
00000010 : 30 36 36                                           066
文件2(HEX) : 
00000000 : 72 65 67 66 69 6c 65 31 - 31 3a 20 30 30 30 30 30  regfile11:.00000
00000010 : 30 34 63                                           04c

第[1919 / 1919]行 - 第[17]个字符开始有差异：
        --------------------
        0         1         
        01234567890123456789
        --------------------
文件1 : regfile12: 00000068<CR>
文件2 : regfile12: 00000001<CR>
文件1(HEX) : 
00000000 : 72 65 67 66 69 6c 65 31 - 32 3a 20 30 30 30 30 30  regfile12:.00000
00000010 : 30 36 38                                           068
文件2(HEX) : 
00000000 : 72 65 67 66 69 6c 65 31 - 32 3a 20 30 30 30 30 30  regfile12:.00000
00000010 : 30 30 31                                           001

第[1920 / 1920]行 - 第[17]个字符开始有差异：
        --------------------
        0         1         
        01234567890123456789
        --------------------
文件1 : regfile13: 00000043<CR>
文件2 : regfile13: 00000018<CR>
文件1(HEX) : 
00000000 : 72 65 67 66 69 6c 65 31 - 33 3a 20 30 30 30 30 30  regfile13:.00000
00000010 : 30 34 33                                           043
文件2(HEX) : 
00000000 : 72 65 67 66 69 6c 65 31 - 33 3a 20 30 30 30 30 30  regfile13:.00000
00000010 : 30 31 38                                           018

第[1939 / 1939]行 - 第[10]个字符开始有差异：
        --------------------
        0         1         
        01234567890123456789
        --------------------
文件1 : pc: 004000a4<CR>
文件2 : pc: 00400048<CR>
文件1(HEX) : 
00000000 : 70 63 3a 20 30 30 34 30 - 30 30 61 34              pc:.004000a4
文件2(HEX) : 
00000000 : 70 63 3a 20 30 30 34 30 - 30 30 34 38              pc:.00400048

第[1940 / 1940]行 - 第[7]个字符开始有差异：
        --------------------
        0         1         
        01234567890123456789
        --------------------
文件1 : instr: 00ed3820<CR>
文件2 : instr: 11800018<CR>
文件1(HEX) : 
00000000 : 69 6e 73 74 72 3a 20 30 - 30 65 64 33 38 32 30     instr:.00ed3820
文件2(HEX) : 
00000000 : 69 6e 73 74 72 3a 20 31 - 31 38 30 30 30 31 38     instr:.11800018

第[1947 / 1947]行 - 第[16]个字符开始有差异：
        --------------------
        0         1         
        01234567890123456789
        --------------------
文件1 : regfile6: 000000cc<CR>
文件2 : regfile6: 0000004a<CR>
文件1(HEX) : 
00000000 : 72 65 67 66 69 6c 65 36 - 3a 20 30 30 30 30 30 30  regfile6:.000000
00000010 : 63 63                                              cc
文件2(HEX) : 
00000000 : 72 65 67 66 69 6c 65 36 - 3a 20 30 30 30 30 30 30  regfile6:.000000
00000010 : 34 61                                              4a

第[1948 / 1948]行 - 第[16]个字符开始有差异：
        --------------------
        0         1         
        01234567890123456789
        --------------------
文件1 : regfile7: 00000065<CR>
文件2 : regfile7: 00000049<CR>
文件1(HEX) : 
00000000 : 72 65 67 66 69 6c 65 37 - 3a 20 30 30 30 30 30 30  regfile7:.000000
00000010 : 36 35                                              65
文件2(HEX) : 
00000000 : 72 65 67 66 69 6c 65 37 - 3a 20 30 30 30 30 30 30  regfile7:.000000
00000010 : 34 39                                              49

第[1949 / 1949]行 - 第[17]个字符开始有差异：
        --------------------
        0         1         
        01234567890123456789
        --------------------
文件1 : regfile8: 00000002<CR>
文件2 : regfile8: 00000001<CR>
文件1(HEX) : 
00000000 : 72 65 67 66 69 6c 65 38 - 3a 20 30 30 30 30 30 30  regfile8:.000000
00000010 : 30 32                                              02
文件2(HEX) : 
00000000 : 72 65 67 66 69 6c 65 38 - 3a 20 30 30 30 30 30 30  regfile8:.000000
00000010 : 30 31                                              01

第[1951 / 1951]行 - 第[17]个字符开始有差异：
        --------------------
        0         1         
        01234567890123456789
        --------------------
文件1 : regfile10: 00000001<CR>
文件2 : regfile10: 00000034<CR>
文件1(HEX) : 
00000000 : 72 65 67 66 69 6c 65 31 - 30 3a 20 30 30 30 30 30  regfile10:.00000
00000010 : 30 30 31                                           001
文件2(HEX) : 
00000000 : 72 65 67 66 69 6c 65 31 - 30 3a 20 30 30 30 30 30  regfile10:.00000
00000010 : 30 33 34                                           034

第[1952 / 1952]行 - 第[17]个字符开始有差异：
        --------------------
        0         1         
        01234567890123456789
        --------------------
文件1 : regfile11: 00000066<CR>
文件2 : regfile11: 0000004c<CR>
文件1(HEX) : 
00000000 : 72 65 67 66 69 6c 65 31 - 31 3a 20 30 30 30 30 30  regfile11:.00000
00000010 : 30 36 36                                           066
文件2(HEX) : 
00000000 : 72 65 67 66 69 6c 65 31 - 31 3a 20 30 30 30 30 30  regfile11:.00000
00000010 : 30 34 63                                           04c

第[1953 / 1953]行 - 第[17]个字符开始有差异：
        --------------------
        0         1         
        01234567890123456789
        --------------------
文件1 : regfile12: 00000068<CR>
文件2 : regfile12: 00000001<CR>
文件1(HEX) : 
00000000 : 72 65 67 66 69 6c 65 31 - 32 3a 20 30 30 30 30 30  regfile12:.00000
00000010 : 30 36 38                                           068
文件2(HEX) : 
00000000 : 72 65 67 66 69 6c 65 31 - 32 3a 20 30 30 30 30 30  regfile12:.00000
00000010 : 30 30 31                                           001

第[1954 / 1954]行 - 第[17]个字符开始有差异：
        --------------------
        0         1         
        01234567890123456789
        --------------------
文件1 : regfile13: 00000043<CR>
文件2 : regfile13: 00000018<CR>
文件1(HEX) : 
00000000 : 72 65 67 66 69 6c 65 31 - 33 3a 20 30 30 30 30 30  regfile13:.00000
00000010 : 30 34 33                                           043
文件2(HEX) : 
00000000 : 72 65 67 66 69 6c 65 31 - 33 3a 20 30 30 30 30 30  regfile13:.00000
00000010 : 30 31 38                                           018

第[1973 / 1973]行 - 第[10]个字符开始有差异：
        --------------------
        0         1         
        01234567890123456789
        --------------------
文件1 : pc: 004000a8<CR>
文件2 : pc: 0040004c<CR>
文件1(HEX) : 
00000000 : 70 63 3a 20 30 30 34 30 - 30 30 61 38              pc:.004000a8
文件2(HEX) : 
00000000 : 70 63 3a 20 30 30 34 30 - 30 30 34 63              pc:.0040004c

第[1974 / 1974]行 - 第[7]个字符开始有差异：
        --------------------
        0         1         
        01234567890123456789
        --------------------
文件1 : instr: 1000ffe6<CR>
文件2 : instr: 014b6020<CR>
文件1(HEX) : 
00000000 : 69 6e 73 74 72 3a 20 31 - 30 30 30 66 66 65 36     instr:.1000ffe6
文件2(HEX) : 
00000000 : 69 6e 73 74 72 3a 20 30 - 31 34 62 36 30 32 30     instr:.014b6020

第[1979 / 1979]行 - 第[17]个字符开始有差异：
        --------------------
        0         1         
        01234567890123456789
        --------------------
文件1 : regfile4: 00000003<CR>
文件2 : regfile4: 00000002<CR>
文件1(HEX) : 
00000000 : 72 65 67 66 69 6c 65 34 - 3a 20 30 30 30 30 30 30  regfile4:.000000
00000010 : 30 33                                              03
文件2(HEX) : 
00000000 : 72 65 67 66 69 6c 65 34 - 3a 20 30 30 30 30 30 30  regfile4:.000000
00000010 : 30 32                                              02

第[1981 / 1981]行 - 第[16]个字符开始有差异：
        --------------------
        0         1         
        01234567890123456789
        --------------------
文件1 : regfile6: 000000cc<CR>
文件2 : regfile6: 0000004a<CR>
文件1(HEX) : 
00000000 : 72 65 67 66 69 6c 65 36 - 3a 20 30 30 30 30 30 30  regfile6:.000000
00000010 : 63 63                                              cc
文件2(HEX) : 
00000000 : 72 65 67 66 69 6c 65 36 - 3a 20 30 30 30 30 30 30  regfile6:.000000
00000010 : 34 61                                              4a

第[1982 / 1982]行 - 第[16]个字符开始有差异：
        --------------------
        0         1         
        01234567890123456789
        --------------------
文件1 : regfile7: 00000065<CR>
文件2 : regfile7: 00000049<CR>
文件1(HEX) : 
00000000 : 72 65 67 66 69 6c 65 37 - 3a 20 30 30 30 30 30 30  regfile7:.000000
00000010 : 36 35                                              65
文件2(HEX) : 
00000000 : 72 65 67 66 69 6c 65 37 - 3a 20 30 30 30 30 30 30  regfile7:.000000
00000010 : 34 39                                              49

第[1983 / 1983]行 - 第[17]个字符开始有差异：
        --------------------
        0         1         
        01234567890123456789
        --------------------
文件1 : regfile8: 00000002<CR>
文件2 : regfile8: 00000001<CR>
文件1(HEX) : 
00000000 : 72 65 67 66 69 6c 65 38 - 3a 20 30 30 30 30 30 30  regfile8:.000000
00000010 : 30 32                                              02
文件2(HEX) : 
00000000 : 72 65 67 66 69 6c 65 38 - 3a 20 30 30 30 30 30 30  regfile8:.000000
00000010 : 30 31                                              01

第[1985 / 1985]行 - 第[17]个字符开始有差异：
        --------------------
        0         1         
        01234567890123456789
        --------------------
文件1 : regfile10: 00000001<CR>
文件2 : regfile10: 00000034<CR>
文件1(HEX) : 
00000000 : 72 65 67 66 69 6c 65 31 - 30 3a 20 30 30 30 30 30  regfile10:.00000
00000010 : 30 30 31                                           001
文件2(HEX) : 
00000000 : 72 65 67 66 69 6c 65 31 - 30 3a 20 30 30 30 30 30  regfile10:.00000
00000010 : 30 33 34                                           034

第[1986 / 1986]行 - 第[17]个字符开始有差异：
        --------------------
        0         1         
        01234567890123456789
        --------------------
文件1 : regfile11: 00000066<CR>
文件2 : regfile11: 0000004c<CR>
文件1(HEX) : 
00000000 : 72 65 67 66 69 6c 65 31 - 31 3a 20 30 30 30 30 30  regfile11:.00000
00000010 : 30 36 36                                           066
文件2(HEX) : 
00000000 : 72 65 67 66 69 6c 65 31 - 31 3a 20 30 30 30 30 30  regfile11:.00000
00000010 : 30 34 63                                           04c

第[1987 / 1987]行 - 第[17]个字符开始有差异：
        --------------------
        0         1         
        01234567890123456789
        --------------------
文件1 : regfile12: 00000068<CR>
文件2 : regfile12: 00000080<CR>
文件1(HEX) : 
00000000 : 72 65 67 66 69 6c 65 31 - 32 3a 20 30 30 30 30 30  regfile12:.00000
00000010 : 30 36 38                                           068
文件2(HEX) : 
00000000 : 72 65 67 66 69 6c 65 31 - 32 3a 20 30 30 30 30 30  regfile12:.00000
00000010 : 30 38 30                                           080

第[1988 / 1988]行 - 第[17]个字符开始有差异：
        --------------------
        0         1         
        01234567890123456789
        --------------------
文件1 : regfile13: 00000043<CR>
文件2 : regfile13: 00000018<CR>
文件1(HEX) : 
00000000 : 72 65 67 66 69 6c 65 31 - 33 3a 20 30 30 30 30 30  regfile13:.00000
00000010 : 30 34 33                                           043
文件2(HEX) : 
00000000 : 72 65 67 66 69 6c 65 31 - 33 3a 20 30 30 30 30 30  regfile13:.00000
00000010 : 30 31 38                                           018

第[2007 / 2007]行 - 第[10]个字符开始有差异：
        --------------------
        0         1         
        01234567890123456789
        --------------------
文件1 : pc: 004000a8<CR>
文件2 : pc: 00400050<CR>
文件1(HEX) : 
00000000 : 70 63 3a 20 30 30 34 30 - 30 30 61 38              pc:.004000a8
文件2(HEX) : 
00000000 : 70 63 3a 20 30 30 34 30 - 30 30 35 30              pc:.00400050

第[2008 / 2008]行 - 第[10]个字符开始有差异：
        --------------------
        0         1         
        01234567890123456789
        --------------------
文件1 : instr: 00000000<CR>
文件2 : instr: 000c6fc0<CR>
文件1(HEX) : 
00000000 : 69 6e 73 74 72 3a 20 30 - 30 30 30 30 30 30 30     instr:.00000000
文件2(HEX) : 
00000000 : 69 6e 73 74 72 3a 20 30 - 30 30 63 36 66 63 30     instr:.000c6fc0

第[2013 / 2013]行 - 第[17]个字符开始有差异：
        --------------------
        0         1         
        01234567890123456789
        --------------------
文件1 : regfile4: 00000003<CR>
文件2 : regfile4: 00000002<CR>
文件1(HEX) : 
00000000 : 72 65 67 66 69 6c 65 34 - 3a 20 30 30 30 30 30 30  regfile4:.000000
00000010 : 30 33                                              03
文件2(HEX) : 
00000000 : 72 65 67 66 69 6c 65 34 - 3a 20 30 30 30 30 30 30  regfile4:.000000
00000010 : 30 32                                              02

第[2015 / 2015]行 - 第[16]个字符开始有差异：
        --------------------
        0         1         
        01234567890123456789
        --------------------
文件1 : regfile6: 000000cc<CR>
文件2 : regfile6: 0000004a<CR>
文件1(HEX) : 
00000000 : 72 65 67 66 69 6c 65 36 - 3a 20 30 30 30 30 30 30  regfile6:.000000
00000010 : 63 63                                              cc
文件2(HEX) : 
00000000 : 72 65 67 66 69 6c 65 36 - 3a 20 30 30 30 30 30 30  regfile6:.000000
00000010 : 34 61                                              4a

第[2016 / 2016]行 - 第[16]个字符开始有差异：
        --------------------
        0         1         
        01234567890123456789
        --------------------
文件1 : regfile7: 00000065<CR>
文件2 : regfile7: 00000049<CR>
文件1(HEX) : 
00000000 : 72 65 67 66 69 6c 65 37 - 3a 20 30 30 30 30 30 30  regfile7:.000000
00000010 : 36 35                                              65
文件2(HEX) : 
00000000 : 72 65 67 66 69 6c 65 37 - 3a 20 30 30 30 30 30 30  regfile7:.000000
00000010 : 34 39                                              49

第[2017 / 2017]行 - 第[17]个字符开始有差异：
        --------------------
        0         1         
        01234567890123456789
        --------------------
文件1 : regfile8: 00000002<CR>
文件2 : regfile8: 00000001<CR>
文件1(HEX) : 
00000000 : 72 65 67 66 69 6c 65 38 - 3a 20 30 30 30 30 30 30  regfile8:.000000
00000010 : 30 32                                              02
文件2(HEX) : 
00000000 : 72 65 67 66 69 6c 65 38 - 3a 20 30 30 30 30 30 30  regfile8:.000000
00000010 : 30 31                                              01

第[2019 / 2019]行 - 第[17]个字符开始有差异：
        --------------------
        0         1         
        01234567890123456789
        --------------------
文件1 : regfile10: 00000001<CR>
文件2 : regfile10: 00000034<CR>
文件1(HEX) : 
00000000 : 72 65 67 66 69 6c 65 31 - 30 3a 20 30 30 30 30 30  regfile10:.00000
00000010 : 30 30 31                                           001
文件2(HEX) : 
00000000 : 72 65 67 66 69 6c 65 31 - 30 3a 20 30 30 30 30 30  regfile10:.00000
00000010 : 30 33 34                                           034

第[2020 / 2020]行 - 第[17]个字符开始有差异：
        --------------------
        0         1         
        01234567890123456789
        --------------------
文件1 : regfile11: 00000066<CR>
文件2 : regfile11: 0000004c<CR>
文件1(HEX) : 
00000000 : 72 65 67 66 69 6c 65 31 - 31 3a 20 30 30 30 30 30  regfile11:.00000
00000010 : 30 36 36                                           066
文件2(HEX) : 
00000000 : 72 65 67 66 69 6c 65 31 - 31 3a 20 30 30 30 30 30  regfile11:.00000
00000010 : 30 34 63                                           04c

第[2021 / 2021]行 - 第[17]个字符开始有差异：
        --------------------
        0         1         
        01234567890123456789
        --------------------
文件1 : regfile12: 00000068<CR>
文件2 : regfile12: 00000080<CR>
文件1(HEX) : 
00000000 : 72 65 67 66 69 6c 65 31 - 32 3a 20 30 30 30 30 30  regfile12:.00000
00000010 : 30 36 38                                           068
文件2(HEX) : 
00000000 : 72 65 67 66 69 6c 65 31 - 32 3a 20 30 30 30 30 30  regfile12:.00000
00000010 : 30 38 30                                           080

第[2022 / 2022]行 - 第[17]个字符开始有差异：
        --------------------
        0         1         
        01234567890123456789
        --------------------
文件1 : regfile13: 00000043<CR>
文件2 : regfile13: 00000000<CR>
文件1(HEX) : 
00000000 : 72 65 67 66 69 6c 65 31 - 33 3a 20 30 30 30 30 30  regfile13:.00000
00000010 : 30 34 33                                           043
文件2(HEX) : 
00000000 : 72 65 67 66 69 6c 65 31 - 33 3a 20 30 30 30 30 30  regfile13:.00000
00000010 : 30 30 30                                           000

第[2041 / 2041]行 - 第[10]个字符开始有差异：
        --------------------
        0         1         
        01234567890123456789
        --------------------
文件1 : pc: 00400044<CR>
文件2 : pc: 00400054<CR>
文件1(HEX) : 
00000000 : 70 63 3a 20 30 30 34 30 - 30 30 34 34              pc:.00400044
文件2(HEX) : 
00000000 : 70 63 3a 20 30 30 34 30 - 30 30 35 34              pc:.00400054

第[2042 / 2042]行 - 第[7]个字符开始有差异：
        --------------------
        0         1         
        01234567890123456789
        --------------------
文件1 : instr: 014b602b<CR>
文件2 : instr: 11a00001<CR>
文件1(HEX) : 
00000000 : 69 6e 73 74 72 3a 20 30 - 31 34 62 36 30 32 62     instr:.014b602b
文件2(HEX) : 
00000000 : 69 6e 73 74 72 3a 20 31 - 31 61 30 30 30 30 31     instr:.11a00001

第[2047 / 2047]行 - 第[17]个字符开始有差异：
        --------------------
        0         1         
        01234567890123456789
        --------------------
文件1 : regfile4: 00000003<CR>
文件2 : regfile4: 00000002<CR>
文件1(HEX) : 
00000000 : 72 65 67 66 69 6c 65 34 - 3a 20 30 30 30 30 30 30  regfile4:.000000
00000010 : 30 33                                              03
文件2(HEX) : 
00000000 : 72 65 67 66 69 6c 65 34 - 3a 20 30 30 30 30 30 30  regfile4:.000000
00000010 : 30 32                                              02

第[2049 / 2049]行 - 第[16]个字符开始有差异：
        --------------------
        0         1         
        01234567890123456789
        --------------------
文件1 : regfile6: 000000cc<CR>
文件2 : regfile6: 0000004a<CR>
文件1(HEX) : 
00000000 : 72 65 67 66 69 6c 65 36 - 3a 20 30 30 30 30 30 30  regfile6:.000000
00000010 : 63 63                                              cc
文件2(HEX) : 
00000000 : 72 65 67 66 69 6c 65 36 - 3a 20 30 30 30 30 30 30  regfile6:.000000
00000010 : 34 61                                              4a

第[2050 / 2050]行 - 第[16]个字符开始有差异：
        --------------------
        0         1         
        01234567890123456789
        --------------------
文件1 : regfile7: 00000065<CR>
文件2 : regfile7: 00000049<CR>
文件1(HEX) : 
00000000 : 72 65 67 66 69 6c 65 37 - 3a 20 30 30 30 30 30 30  regfile7:.000000
00000010 : 36 35                                              65
文件2(HEX) : 
00000000 : 72 65 67 66 69 6c 65 37 - 3a 20 30 30 30 30 30 30  regfile7:.000000
00000010 : 34 39                                              49

第[2051 / 2051]行 - 第[17]个字符开始有差异：
        --------------------
        0         1         
        01234567890123456789
        --------------------
文件1 : regfile8: 00000002<CR>
文件2 : regfile8: 00000001<CR>
文件1(HEX) : 
00000000 : 72 65 67 66 69 6c 65 38 - 3a 20 30 30 30 30 30 30  regfile8:.000000
00000010 : 30 32                                              02
文件2(HEX) : 
00000000 : 72 65 67 66 69 6c 65 38 - 3a 20 30 30 30 30 30 30  regfile8:.000000
00000010 : 30 31                                              01

第[2053 / 2053]行 - 第[17]个字符开始有差异：
        --------------------
        0         1         
        01234567890123456789
        --------------------
文件1 : regfile10: 00000001<CR>
文件2 : regfile10: 00000034<CR>
文件1(HEX) : 
00000000 : 72 65 67 66 69 6c 65 31 - 30 3a 20 30 30 30 30 30  regfile10:.00000
00000010 : 30 30 31                                           001
文件2(HEX) : 
00000000 : 72 65 67 66 69 6c 65 31 - 30 3a 20 30 30 30 30 30  regfile10:.00000
00000010 : 30 33 34                                           034

第[2054 / 2054]行 - 第[17]个字符开始有差异：
        --------------------
        0         1         
        01234567890123456789
        --------------------
文件1 : regfile11: 00000068<CR>
文件2 : regfile11: 0000004c<CR>
文件1(HEX) : 
00000000 : 72 65 67 66 69 6c 65 31 - 31 3a 20 30 30 30 30 30  regfile11:.00000
00000010 : 30 36 38                                           068
文件2(HEX) : 
00000000 : 72 65 67 66 69 6c 65 31 - 31 3a 20 30 30 30 30 30  regfile11:.00000
00000010 : 30 34 63                                           04c

第[2055 / 2055]行 - 第[17]个字符开始有差异：
        --------------------
        0         1         
        01234567890123456789
        --------------------
文件1 : regfile12: 00000068<CR>
文件2 : regfile12: 00000080<CR>
文件1(HEX) : 
00000000 : 72 65 67 66 69 6c 65 31 - 32 3a 20 30 30 30 30 30  regfile12:.00000
00000010 : 30 36 38                                           068
文件2(HEX) : 
00000000 : 72 65 67 66 69 6c 65 31 - 32 3a 20 30 30 30 30 30  regfile12:.00000
00000010 : 30 38 30                                           080

第[2056 / 2056]行 - 第[17]个字符开始有差异：
        --------------------
        0         1         
        01234567890123456789
        --------------------
文件1 : regfile13: 00000043<CR>
文件2 : regfile13: 00000000<CR>
文件1(HEX) : 
00000000 : 72 65 67 66 69 6c 65 31 - 33 3a 20 30 30 30 30 30  regfile13:.00000
00000010 : 30 34 33                                           043
文件2(HEX) : 
00000000 : 72 65 67 66 69 6c 65 31 - 33 3a 20 30 30 30 30 30  regfile13:.00000
00000010 : 30 30 30                                           000

第[2075 / 2075]行 - 第[10]个字符开始有差异：
        --------------------
        0         1         
        01234567890123456789
        --------------------
文件1 : pc: 00400048<CR>
文件2 : pc: 0040005c<CR>
文件1(HEX) : 
00000000 : 70 63 3a 20 30 30 34 30 - 30 30 34 38              pc:.00400048
文件2(HEX) : 
00000000 : 70 63 3a 20 30 30 34 30 - 30 30 35 63              pc:.0040005c

第[2076 / 2076]行 - 第[7]个字符开始有差异：
        --------------------
        0         1         
        01234567890123456789
        --------------------
文件1 : instr: 11800018<CR>
文件2 : instr: 000c6042<CR>
文件1(HEX) : 
00000000 : 69 6e 73 74 72 3a 20 31 - 31 38 30 30 30 31 38     instr:.11800018
文件2(HEX) : 
00000000 : 69 6e 73 74 72 3a 20 30 - 30 30 63 36 30 34 32     instr:.000c6042

第[2081 / 2081]行 - 第[17]个字符开始有差异：
        --------------------
        0         1         
        01234567890123456789
        --------------------
文件1 : regfile4: 00000003<CR>
文件2 : regfile4: 00000002<CR>
文件1(HEX) : 
00000000 : 72 65 67 66 69 6c 65 34 - 3a 20 30 30 30 30 30 30  regfile4:.000000
00000010 : 30 33                                              03
文件2(HEX) : 
00000000 : 72 65 67 66 69 6c 65 34 - 3a 20 30 30 30 30 30 30  regfile4:.000000
00000010 : 30 32                                              02

第[2083 / 2083]行 - 第[16]个字符开始有差异：
        --------------------
        0         1         
        01234567890123456789
        --------------------
文件1 : regfile6: 000000cc<CR>
文件2 : regfile6: 0000004a<CR>
文件1(HEX) : 
00000000 : 72 65 67 66 69 6c 65 36 - 3a 20 30 30 30 30 30 30  regfile6:.000000
00000010 : 63 63                                              cc
文件2(HEX) : 
00000000 : 72 65 67 66 69 6c 65 36 - 3a 20 30 30 30 30 30 30  regfile6:.000000
00000010 : 34 61                                              4a

第[2084 / 2084]行 - 第[16]个字符开始有差异：
        --------------------
        0         1         
        01234567890123456789
        --------------------
文件1 : regfile7: 00000065<CR>
文件2 : regfile7: 00000049<CR>
文件1(HEX) : 
00000000 : 72 65 67 66 69 6c 65 37 - 3a 20 30 30 30 30 30 30  regfile7:.000000
00000010 : 36 35                                              65
文件2(HEX) : 
00000000 : 72 65 67 66 69 6c 65 37 - 3a 20 30 30 30 30 30 30  regfile7:.000000
00000010 : 34 39                                              49

第[2085 / 2085]行 - 第[17]个字符开始有差异：
        --------------------
        0         1         
        01234567890123456789
        --------------------
文件1 : regfile8: 00000002<CR>
文件2 : regfile8: 00000001<CR>
文件1(HEX) : 
00000000 : 72 65 67 66 69 6c 65 38 - 3a 20 30 30 30 30 30 30  regfile8:.000000
00000010 : 30 32                                              02
文件2(HEX) : 
00000000 : 72 65 67 66 69 6c 65 38 - 3a 20 30 30 30 30 30 30  regfile8:.000000
00000010 : 30 31                                              01

第[2087 / 2087]行 - 第[17]个字符开始有差异：
        --------------------
        0         1         
        01234567890123456789
        --------------------
文件1 : regfile10: 00000001<CR>
文件2 : regfile10: 00000034<CR>
文件1(HEX) : 
00000000 : 72 65 67 66 69 6c 65 31 - 30 3a 20 30 30 30 30 30  regfile10:.00000
00000010 : 30 30 31                                           001
文件2(HEX) : 
00000000 : 72 65 67 66 69 6c 65 31 - 30 3a 20 30 30 30 30 30  regfile10:.00000
00000010 : 30 33 34                                           034

第[2088 / 2088]行 - 第[17]个字符开始有差异：
        --------------------
        0         1         
        01234567890123456789
        --------------------
文件1 : regfile11: 00000068<CR>
文件2 : regfile11: 0000004c<CR>
文件1(HEX) : 
00000000 : 72 65 67 66 69 6c 65 31 - 31 3a 20 30 30 30 30 30  regfile11:.00000
00000010 : 30 36 38                                           068
文件2(HEX) : 
00000000 : 72 65 67 66 69 6c 65 31 - 31 3a 20 30 30 30 30 30  regfile11:.00000
00000010 : 30 34 63                                           04c

第[2089 / 2089]行 - 第[17]个字符开始有差异：
        --------------------
        0         1         
        01234567890123456789
        --------------------
文件1 : regfile12: 00000068<CR>
文件2 : regfile12: 00000040<CR>
文件1(HEX) : 
00000000 : 72 65 67 66 69 6c 65 31 - 32 3a 20 30 30 30 30 30  regfile12:.00000
00000010 : 30 36 38                                           068
文件2(HEX) : 
00000000 : 72 65 67 66 69 6c 65 31 - 32 3a 20 30 30 30 30 30  regfile12:.00000
00000010 : 30 34 30                                           040

第[2090 / 2090]行 - 第[17]个字符开始有差异：
        --------------------
        0         1         
        01234567890123456789
        --------------------
文件1 : regfile13: 00000067<CR>
文件2 : regfile13: 00000000<CR>
文件1(HEX) : 
00000000 : 72 65 67 66 69 6c 65 31 - 33 3a 20 30 30 30 30 30  regfile13:.00000
00000010 : 30 36 37                                           067
文件2(HEX) : 
00000000 : 72 65 67 66 69 6c 65 31 - 33 3a 20 30 30 30 30 30  regfile13:.00000
00000010 : 30 30 30                                           000

第[2109 / 2109]行 - 第[10]个字符开始有差异：
        --------------------
        0         1         
        01234567890123456789
        --------------------
文件1 : pc: 00400048<CR>
文件2 : pc: 00400060<CR>
文件1(HEX) : 
00000000 : 70 63 3a 20 30 30 34 30 - 30 30 34 38              pc:.00400048
文件2(HEX) : 
00000000 : 70 63 3a 20 30 30 34 30 - 30 30 36 30              pc:.00400060

第[2110 / 2110]行 - 第[7]个字符开始有差异：
        --------------------
        0         1         
        01234567890123456789
        --------------------
文件1 : instr: 00000000<CR>
文件2 : instr: 24a50001<CR>
文件1(HEX) : 
00000000 : 69 6e 73 74 72 3a 20 30 - 30 30 30 30 30 30 30     instr:.00000000
文件2(HEX) : 
00000000 : 69 6e 73 74 72 3a 20 32 - 34 61 35 30 30 30 31     instr:.24a50001

第[2115 / 2115]行 - 第[17]个字符开始有差异：
        --------------------
        0         1         
        01234567890123456789
        --------------------
文件1 : regfile4: 00000003<CR>
文件2 : regfile4: 00000002<CR>
文件1(HEX) : 
00000000 : 72 65 67 66 69 6c 65 34 - 3a 20 30 30 30 30 30 30  regfile4:.000000
00000010 : 30 33                                              03
文件2(HEX) : 
00000000 : 72 65 67 66 69 6c 65 34 - 3a 20 30 30 30 30 30 30  regfile4:.000000
00000010 : 30 32                                              02

第[2116 / 2116]行 - 第[17]个字符开始有差异：
        --------------------
        0         1         
        01234567890123456789
        --------------------
文件1 : regfile5: 00000002<CR>
文件2 : regfile5: 00000003<CR>
文件1(HEX) : 
00000000 : 72 65 67 66 69 6c 65 35 - 3a 20 30 30 30 30 30 30  regfile5:.000000
00000010 : 30 32                                              02
文件2(HEX) : 
00000000 : 72 65 67 66 69 6c 65 35 - 3a 20 30 30 30 30 30 30  regfile5:.000000
00000010 : 30 33                                              03

第[2117 / 2117]行 - 第[16]个字符开始有差异：
        --------------------
        0         1         
        01234567890123456789
        --------------------
文件1 : regfile6: 000000cc<CR>
文件2 : regfile6: 0000004a<CR>
文件1(HEX) : 
00000000 : 72 65 67 66 69 6c 65 36 - 3a 20 30 30 30 30 30 30  regfile6:.000000
00000010 : 63 63                                              cc
文件2(HEX) : 
00000000 : 72 65 67 66 69 6c 65 36 - 3a 20 30 30 30 30 30 30  regfile6:.000000
00000010 : 34 61                                              4a

第[2118 / 2118]行 - 第[16]个字符开始有差异：
        --------------------
        0         1         
        01234567890123456789
        --------------------
文件1 : regfile7: 000000cc<CR>
文件2 : regfile7: 00000049<CR>
文件1(HEX) : 
00000000 : 72 65 67 66 69 6c 65 37 - 3a 20 30 30 30 30 30 30  regfile7:.000000
00000010 : 63 63                                              cc
文件2(HEX) : 
00000000 : 72 65 67 66 69 6c 65 37 - 3a 20 30 30 30 30 30 30  regfile7:.000000
00000010 : 34 39                                              49

第[2119 / 2119]行 - 第[17]个字符开始有差异：
        --------------------
        0         1         
        01234567890123456789
        --------------------
文件1 : regfile8: 00000002<CR>
文件2 : regfile8: 00000001<CR>
文件1(HEX) : 
00000000 : 72 65 67 66 69 6c 65 38 - 3a 20 30 30 30 30 30 30  regfile8:.000000
00000010 : 30 32                                              02
文件2(HEX) : 
00000000 : 72 65 67 66 69 6c 65 38 - 3a 20 30 30 30 30 30 30  regfile8:.000000
00000010 : 30 31                                              01

第[2121 / 2121]行 - 第[17]个字符开始有差异：
        --------------------
        0         1         
        01234567890123456789
        --------------------
文件1 : regfile10: 00000001<CR>
文件2 : regfile10: 00000034<CR>
文件1(HEX) : 
00000000 : 72 65 67 66 69 6c 65 31 - 30 3a 20 30 30 30 30 30  regfile10:.00000
00000010 : 30 30 31                                           001
文件2(HEX) : 
00000000 : 72 65 67 66 69 6c 65 31 - 30 3a 20 30 30 30 30 30  regfile10:.00000
00000010 : 30 33 34                                           034

第[2122 / 2122]行 - 第[17]个字符开始有差异：
        --------------------
        0         1         
        01234567890123456789
        --------------------
文件1 : regfile11: 00000068<CR>
文件2 : regfile11: 0000004c<CR>
文件1(HEX) : 
00000000 : 72 65 67 66 69 6c 65 31 - 31 3a 20 30 30 30 30 30  regfile11:.00000
00000010 : 30 36 38                                           068
文件2(HEX) : 
00000000 : 72 65 67 66 69 6c 65 31 - 31 3a 20 30 30 30 30 30  regfile11:.00000
00000010 : 30 34 63                                           04c

第[2123 / 2123]行 - 第[17]个字符开始有差异：
        --------------------
        0         1         
        01234567890123456789
        --------------------
文件1 : regfile12: 00000068<CR>
文件2 : regfile12: 00000040<CR>
文件1(HEX) : 
00000000 : 72 65 67 66 69 6c 65 31 - 32 3a 20 30 30 30 30 30  regfile12:.00000
00000010 : 30 36 38                                           068
文件2(HEX) : 
00000000 : 72 65 67 66 69 6c 65 31 - 32 3a 20 30 30 30 30 30  regfile12:.00000
00000010 : 30 34 30                                           040

第[2124 / 2124]行 - 第[17]个字符开始有差异：
        --------------------
        0         1         
        01234567890123456789
        --------------------
文件1 : regfile13: 00000067<CR>
文件2 : regfile13: 00000000<CR>
文件1(HEX) : 
00000000 : 72 65 67 66 69 6c 65 31 - 33 3a 20 30 30 30 30 30  regfile13:.00000
00000010 : 30 36 37                                           067
文件2(HEX) : 
00000000 : 72 65 67 66 69 6c 65 31 - 33 3a 20 30 30 30 30 30  regfile13:.00000
00000010 : 30 30 30                                           000

第[2143 / 2143]行 - 第[10]个字符开始有差异：
        --------------------
        0         1         
        01234567890123456789
        --------------------
文件1 : pc: 0040004c<CR>
文件2 : pc: 00400064<CR>
文件1(HEX) : 
00000000 : 70 63 3a 20 30 30 34 30 - 30 30 34 63              pc:.0040004c
文件2(HEX) : 
00000000 : 70 63 3a 20 30 30 34 30 - 30 30 36 34              pc:.00400064

第[2144 / 2144]行 - 第[9]个字符开始有差异：
        --------------------
        0         1         
        01234567890123456789
        --------------------
文件1 : instr: 014b6020<CR>
文件2 : instr: 018a6823<CR>
文件1(HEX) : 
00000000 : 69 6e 73 74 72 3a 20 30 - 31 34 62 36 30 32 30     instr:.014b6020
文件2(HEX) : 
00000000 : 69 6e 73 74 72 3a 20 30 - 31 38 61 36 38 32 33     instr:.018a6823

第[2149 / 2149]行 - 第[17]个字符开始有差异：
        --------------------
        0         1         
        01234567890123456789
        --------------------
文件1 : regfile4: 00000003<CR>
文件2 : regfile4: 00000002<CR>
文件1(HEX) : 
00000000 : 72 65 67 66 69 6c 65 34 - 3a 20 30 30 30 30 30 30  regfile4:.000000
00000010 : 30 33                                              03
文件2(HEX) : 
00000000 : 72 65 67 66 69 6c 65 34 - 3a 20 30 30 30 30 30 30  regfile4:.000000
00000010 : 30 32                                              02

第[2150 / 2150]行 - 第[17]个字符开始有差异：
        --------------------
        0         1         
        01234567890123456789
        --------------------
文件1 : regfile5: 00000002<CR>
文件2 : regfile5: 00000003<CR>
文件1(HEX) : 
00000000 : 72 65 67 66 69 6c 65 35 - 3a 20 30 30 30 30 30 30  regfile5:.000000
00000010 : 30 32                                              02
文件2(HEX) : 
00000000 : 72 65 67 66 69 6c 65 35 - 3a 20 30 30 30 30 30 30  regfile5:.000000
00000010 : 30 33                                              03

第[2151 / 2151]行 - 第[16]个字符开始有差异：
        --------------------
        0         1         
        01234567890123456789
        --------------------
文件1 : regfile6: 000000cc<CR>
文件2 : regfile6: 0000004a<CR>
文件1(HEX) : 
00000000 : 72 65 67 66 69 6c 65 36 - 3a 20 30 30 30 30 30 30  regfile6:.000000
00000010 : 63 63                                              cc
文件2(HEX) : 
00000000 : 72 65 67 66 69 6c 65 36 - 3a 20 30 30 30 30 30 30  regfile6:.000000
00000010 : 34 61                                              4a

第[2152 / 2152]行 - 第[16]个字符开始有差异：
        --------------------
        0         1         
        01234567890123456789
        --------------------
文件1 : regfile7: 000000cc<CR>
文件2 : regfile7: 00000049<CR>
文件1(HEX) : 
00000000 : 72 65 67 66 69 6c 65 37 - 3a 20 30 30 30 30 30 30  regfile7:.000000
00000010 : 63 63                                              cc
文件2(HEX) : 
00000000 : 72 65 67 66 69 6c 65 37 - 3a 20 30 30 30 30 30 30  regfile7:.000000
00000010 : 34 39                                              49

第[2153 / 2153]行 - 第[17]个字符开始有差异：
        --------------------
        0         1         
        01234567890123456789
        --------------------
文件1 : regfile8: 00000002<CR>
文件2 : regfile8: 00000001<CR>
文件1(HEX) : 
00000000 : 72 65 67 66 69 6c 65 38 - 3a 20 30 30 30 30 30 30  regfile8:.000000
00000010 : 30 32                                              02
文件2(HEX) : 
00000000 : 72 65 67 66 69 6c 65 38 - 3a 20 30 30 30 30 30 30  regfile8:.000000
00000010 : 30 31                                              01

第[2155 / 2155]行 - 第[17]个字符开始有差异：
        --------------------
        0         1         
        01234567890123456789
        --------------------
文件1 : regfile10: 00000001<CR>
文件2 : regfile10: 00000034<CR>
文件1(HEX) : 
00000000 : 72 65 67 66 69 6c 65 31 - 30 3a 20 30 30 30 30 30  regfile10:.00000
00000010 : 30 30 31                                           001
文件2(HEX) : 
00000000 : 72 65 67 66 69 6c 65 31 - 30 3a 20 30 30 30 30 30  regfile10:.00000
00000010 : 30 33 34                                           034

第[2156 / 2156]行 - 第[17]个字符开始有差异：
        --------------------
        0         1         
        01234567890123456789
        --------------------
文件1 : regfile11: 00000068<CR>
文件2 : regfile11: 0000004c<CR>
文件1(HEX) : 
00000000 : 72 65 67 66 69 6c 65 31 - 31 3a 20 30 30 30 30 30  regfile11:.00000
00000010 : 30 36 38                                           068
文件2(HEX) : 
00000000 : 72 65 67 66 69 6c 65 31 - 31 3a 20 30 30 30 30 30  regfile11:.00000
00000010 : 30 34 63                                           04c

第[2157 / 2157]行 - 第[17]个字符开始有差异：
        --------------------
        0         1         
        01234567890123456789
        --------------------
文件1 : regfile12: 00000068<CR>
文件2 : regfile12: 00000040<CR>
文件1(HEX) : 
00000000 : 72 65 67 66 69 6c 65 31 - 32 3a 20 30 30 30 30 30  regfile12:.00000
00000010 : 30 36 38                                           068
文件2(HEX) : 
00000000 : 72 65 67 66 69 6c 65 31 - 32 3a 20 30 30 30 30 30  regfile12:.00000
00000010 : 30 34 30                                           040

第[2158 / 2158]行 - 第[17]个字符开始有差异：
        --------------------
        0         1         
        01234567890123456789
        --------------------
文件1 : regfile13: 00000067<CR>
文件2 : regfile13: 0000000c<CR>
文件1(HEX) : 
00000000 : 72 65 67 66 69 6c 65 31 - 33 3a 20 30 30 30 30 30  regfile13:.00000
00000010 : 30 36 37                                           067
文件2(HEX) : 
00000000 : 72 65 67 66 69 6c 65 31 - 33 3a 20 30 30 30 30 30  regfile13:.00000
00000010 : 30 30 63                                           00c

第[2177 / 2177]行 - 第[10]个字符开始有差异：
        --------------------
        0         1         
        01234567890123456789
        --------------------
文件1 : pc: 00400050<CR>
文件2 : pc: 00400068<CR>
文件1(HEX) : 
00000000 : 70 63 3a 20 30 30 34 30 - 30 30 35 30              pc:.00400050
文件2(HEX) : 
00000000 : 70 63 3a 20 30 30 34 30 - 30 30 36 38              pc:.00400068

第[2178 / 2178]行 - 第[9]个字符开始有差异：
        --------------------
        0         1         
        01234567890123456789
        --------------------
文件1 : instr: 000c6fc0<CR>
文件2 : instr: 00cd3020<CR>
文件1(HEX) : 
00000000 : 69 6e 73 74 72 3a 20 30 - 30 30 63 36 66 63 30     instr:.000c6fc0
文件2(HEX) : 
00000000 : 69 6e 73 74 72 3a 20 30 - 30 63 64 33 30 32 30     instr:.00cd3020

第[2183 / 2183]行 - 第[17]个字符开始有差异：
        --------------------
        0         1         
        01234567890123456789
        --------------------
文件1 : regfile4: 00000003<CR>
文件2 : regfile4: 00000002<CR>
文件1(HEX) : 
00000000 : 72 65 67 66 69 6c 65 34 - 3a 20 30 30 30 30 30 30  regfile4:.000000
00000010 : 30 33                                              03
文件2(HEX) : 
00000000 : 72 65 67 66 69 6c 65 34 - 3a 20 30 30 30 30 30 30  regfile4:.000000
00000010 : 30 32                                              02

第[2184 / 2184]行 - 第[17]个字符开始有差异：
        --------------------
        0         1         
        01234567890123456789
        --------------------
文件1 : regfile5: 00000002<CR>
文件2 : regfile5: 00000003<CR>
文件1(HEX) : 
00000000 : 72 65 67 66 69 6c 65 35 - 3a 20 30 30 30 30 30 30  regfile5:.000000
00000010 : 30 32                                              02
文件2(HEX) : 
00000000 : 72 65 67 66 69 6c 65 35 - 3a 20 30 30 30 30 30 30  regfile5:.000000
00000010 : 30 33                                              03

第[2185 / 2185]行 - 第[16]个字符开始有差异：
        --------------------
        0         1         
        01234567890123456789
        --------------------
文件1 : regfile6: 000000cc<CR>
文件2 : regfile6: 00000056<CR>
文件1(HEX) : 
00000000 : 72 65 67 66 69 6c 65 36 - 3a 20 30 30 30 30 30 30  regfile6:.000000
00000010 : 63 63                                              cc
文件2(HEX) : 
00000000 : 72 65 67 66 69 6c 65 36 - 3a 20 30 30 30 30 30 30  regfile6:.000000
00000010 : 35 36                                              56

第[2186 / 2186]行 - 第[16]个字符开始有差异：
        --------------------
        0         1         
        01234567890123456789
        --------------------
文件1 : regfile7: 000000cc<CR>
文件2 : regfile7: 00000049<CR>
文件1(HEX) : 
00000000 : 72 65 67 66 69 6c 65 37 - 3a 20 30 30 30 30 30 30  regfile7:.000000
00000010 : 63 63                                              cc
文件2(HEX) : 
00000000 : 72 65 67 66 69 6c 65 37 - 3a 20 30 30 30 30 30 30  regfile7:.000000
00000010 : 34 39                                              49

第[2187 / 2187]行 - 第[17]个字符开始有差异：
        --------------------
        0         1         
        01234567890123456789
        --------------------
文件1 : regfile8: 00000002<CR>
文件2 : regfile8: 00000001<CR>
文件1(HEX) : 
00000000 : 72 65 67 66 69 6c 65 38 - 3a 20 30 30 30 30 30 30  regfile8:.000000
00000010 : 30 32                                              02
文件2(HEX) : 
00000000 : 72 65 67 66 69 6c 65 38 - 3a 20 30 30 30 30 30 30  regfile8:.000000
00000010 : 30 31                                              01

第[2189 / 2189]行 - 第[17]个字符开始有差异：
        --------------------
        0         1         
        01234567890123456789
        --------------------
文件1 : regfile10: 00000001<CR>
文件2 : regfile10: 00000034<CR>
文件1(HEX) : 
00000000 : 72 65 67 66 69 6c 65 31 - 30 3a 20 30 30 30 30 30  regfile10:.00000
00000010 : 30 30 31                                           001
文件2(HEX) : 
00000000 : 72 65 67 66 69 6c 65 31 - 30 3a 20 30 30 30 30 30  regfile10:.00000
00000010 : 30 33 34                                           034

第[2190 / 2190]行 - 第[17]个字符开始有差异：
        --------------------
        0         1         
        01234567890123456789
        --------------------
文件1 : regfile11: 00000068<CR>
文件2 : regfile11: 0000004c<CR>
文件1(HEX) : 
00000000 : 72 65 67 66 69 6c 65 31 - 31 3a 20 30 30 30 30 30  regfile11:.00000
00000010 : 30 36 38                                           068
文件2(HEX) : 
00000000 : 72 65 67 66 69 6c 65 31 - 31 3a 20 30 30 30 30 30  regfile11:.00000
00000010 : 30 34 63                                           04c

第[2191 / 2191]行 - 第[17]个字符开始有差异：
        --------------------
        0         1         
        01234567890123456789
        --------------------
文件1 : regfile12: 00000068<CR>
文件2 : regfile12: 00000040<CR>
文件1(HEX) : 
00000000 : 72 65 67 66 69 6c 65 31 - 32 3a 20 30 30 30 30 30  regfile12:.00000
00000010 : 30 36 38                                           068
文件2(HEX) : 
00000000 : 72 65 67 66 69 6c 65 31 - 32 3a 20 30 30 30 30 30  regfile12:.00000
00000010 : 30 34 30                                           040

第[2192 / 2192]行 - 第[17]个字符开始有差异：
        --------------------
        0         1         
        01234567890123456789
        --------------------
文件1 : regfile13: 00000067<CR>
文件2 : regfile13: 0000000c<CR>
文件1(HEX) : 
00000000 : 72 65 67 66 69 6c 65 31 - 33 3a 20 30 30 30 30 30  regfile13:.00000
00000010 : 30 36 37                                           067
文件2(HEX) : 
00000000 : 72 65 67 66 69 6c 65 31 - 33 3a 20 30 30 30 30 30  regfile13:.00000
00000010 : 30 30 63                                           00c

第[2211 / 2211]行 - 第[10]个字符开始有差异：
        --------------------
        0         1         
        01234567890123456789
        --------------------
文件1 : pc: 00400054<CR>
文件2 : pc: 0040006c<CR>
文件1(HEX) : 
00000000 : 70 63 3a 20 30 30 34 30 - 30 30 35 34              pc:.00400054
文件2(HEX) : 
00000000 : 70 63 3a 20 30 30 34 30 - 30 30 36 63              pc:.0040006c

第[2212 / 2212]行 - 第[7]个字符开始有差异：
        --------------------
        0         1         
        01234567890123456789
        --------------------
文件1 : instr: 11a00001<CR>
文件2 : instr: 246d0001<CR>
文件1(HEX) : 
00000000 : 69 6e 73 74 72 3a 20 31 - 31 61 30 30 30 30 31     instr:.11a00001
文件2(HEX) : 
00000000 : 69 6e 73 74 72 3a 20 32 - 34 36 64 30 30 30 31     instr:.246d0001

第[2217 / 2217]行 - 第[17]个字符开始有差异：
        --------------------
        0         1         
        01234567890123456789
        --------------------
文件1 : regfile4: 00000003<CR>
文件2 : regfile4: 00000002<CR>
文件1(HEX) : 
00000000 : 72 65 67 66 69 6c 65 34 - 3a 20 30 30 30 30 30 30  regfile4:.000000
00000010 : 30 33                                              03
文件2(HEX) : 
00000000 : 72 65 67 66 69 6c 65 34 - 3a 20 30 30 30 30 30 30  regfile4:.000000
00000010 : 30 32                                              02

第[2218 / 2218]行 - 第[17]个字符开始有差异：
        --------------------
        0         1         
        01234567890123456789
        --------------------
文件1 : regfile5: 00000002<CR>
文件2 : regfile5: 00000003<CR>
文件1(HEX) : 
00000000 : 72 65 67 66 69 6c 65 35 - 3a 20 30 30 30 30 30 30  regfile5:.000000
00000010 : 30 32                                              02
文件2(HEX) : 
00000000 : 72 65 67 66 69 6c 65 35 - 3a 20 30 30 30 30 30 30  regfile5:.000000
00000010 : 30 33                                              03

第[2219 / 2219]行 - 第[16]个字符开始有差异：
        --------------------
        0         1         
        01234567890123456789
        --------------------
文件1 : regfile6: 000000cc<CR>
文件2 : regfile6: 00000056<CR>
文件1(HEX) : 
00000000 : 72 65 67 66 69 6c 65 36 - 3a 20 30 30 30 30 30 30  regfile6:.000000
00000010 : 63 63                                              cc
文件2(HEX) : 
00000000 : 72 65 67 66 69 6c 65 36 - 3a 20 30 30 30 30 30 30  regfile6:.000000
00000010 : 35 36                                              56

第[2220 / 2220]行 - 第[16]个字符开始有差异：
        --------------------
        0         1         
        01234567890123456789
        --------------------
文件1 : regfile7: 000000cc<CR>
文件2 : regfile7: 00000049<CR>
文件1(HEX) : 
00000000 : 72 65 67 66 69 6c 65 37 - 3a 20 30 30 30 30 30 30  regfile7:.000000
00000010 : 63 63                                              cc
文件2(HEX) : 
00000000 : 72 65 67 66 69 6c 65 37 - 3a 20 30 30 30 30 30 30  regfile7:.000000
00000010 : 34 39                                              49

第[2221 / 2221]行 - 第[17]个字符开始有差异：
        --------------------
        0         1         
        01234567890123456789
        --------------------
文件1 : regfile8: 00000002<CR>
文件2 : regfile8: 00000001<CR>
文件1(HEX) : 
00000000 : 72 65 67 66 69 6c 65 38 - 3a 20 30 30 30 30 30 30  regfile8:.000000
00000010 : 30 32                                              02
文件2(HEX) : 
00000000 : 72 65 67 66 69 6c 65 38 - 3a 20 30 30 30 30 30 30  regfile8:.000000
00000010 : 30 31                                              01

第[2223 / 2223]行 - 第[17]个字符开始有差异：
        --------------------
        0         1         
        01234567890123456789
        --------------------
文件1 : regfile10: 00000001<CR>
文件2 : regfile10: 00000034<CR>
文件1(HEX) : 
00000000 : 72 65 67 66 69 6c 65 31 - 30 3a 20 30 30 30 30 30  regfile10:.00000
00000010 : 30 30 31                                           001
文件2(HEX) : 
00000000 : 72 65 67 66 69 6c 65 31 - 30 3a 20 30 30 30 30 30  regfile10:.00000
00000010 : 30 33 34                                           034

第[2224 / 2224]行 - 第[17]个字符开始有差异：
        --------------------
        0         1         
        01234567890123456789
        --------------------
文件1 : regfile11: 00000068<CR>
文件2 : regfile11: 0000004c<CR>
文件1(HEX) : 
00000000 : 72 65 67 66 69 6c 65 31 - 31 3a 20 30 30 30 30 30  regfile11:.00000
00000010 : 30 36 38                                           068
文件2(HEX) : 
00000000 : 72 65 67 66 69 6c 65 31 - 31 3a 20 30 30 30 30 30  regfile11:.00000
00000010 : 30 34 63                                           04c

第[2225 / 2225]行 - 第[17]个字符开始有差异：
        --------------------
        0         1         
        01234567890123456789
        --------------------
文件1 : regfile12: 00000001<CR>
文件2 : regfile12: 00000040<CR>
文件1(HEX) : 
00000000 : 72 65 67 66 69 6c 65 31 - 32 3a 20 30 30 30 30 30  regfile12:.00000
00000010 : 30 30 31                                           001
文件2(HEX) : 
00000000 : 72 65 67 66 69 6c 65 31 - 32 3a 20 30 30 30 30 30  regfile12:.00000
00000010 : 30 34 30                                           040

第[2226 / 2226]行 - 第[17]个字符开始有差异：
        --------------------
        0         1         
        01234567890123456789
        --------------------
文件1 : regfile13: 00000067<CR>
文件2 : regfile13: 00000043<CR>
文件1(HEX) : 
00000000 : 72 65 67 66 69 6c 65 31 - 33 3a 20 30 30 30 30 30  regfile13:.00000
00000010 : 30 36 37                                           067
文件2(HEX) : 
00000000 : 72 65 67 66 69 6c 65 31 - 33 3a 20 30 30 30 30 30  regfile13:.00000
00000010 : 30 34 33                                           043

第[2245 / 2245]行 - 第[10]个字符开始有差异：
        --------------------
        0         1         
        01234567890123456789
        --------------------
文件1 : pc: 00400054<CR>
文件2 : pc: 00400070<CR>
文件1(HEX) : 
00000000 : 70 63 3a 20 30 30 34 30 - 30 30 35 34              pc:.00400054
文件2(HEX) : 
00000000 : 70 63 3a 20 30 30 34 30 - 30 30 37 30              pc:.00400070

第[2246 / 2246]行 - 第[8]个字符开始有差异：
        --------------------
        0         1         
        01234567890123456789
        --------------------
文件1 : instr: 00000000<CR>
文件2 : instr: 018d702b<CR>
文件1(HEX) : 
00000000 : 69 6e 73 74 72 3a 20 30 - 30 30 30 30 30 30 30     instr:.00000000
文件2(HEX) : 
00000000 : 69 6e 73 74 72 3a 20 30 - 31 38 64 37 30 32 62     instr:.018d702b

第[2251 / 2251]行 - 第[17]个字符开始有差异：
        --------------------
        0         1         
        01234567890123456789
        --------------------
文件1 : regfile4: 00000003<CR>
文件2 : regfile4: 00000002<CR>
文件1(HEX) : 
00000000 : 72 65 67 66 69 6c 65 34 - 3a 20 30 30 30 30 30 30  regfile4:.000000
00000010 : 30 33                                              03
文件2(HEX) : 
00000000 : 72 65 67 66 69 6c 65 34 - 3a 20 30 30 30 30 30 30  regfile4:.000000
00000010 : 30 32                                              02

第[2252 / 2252]行 - 第[17]个字符开始有差异：
        --------------------
        0         1         
        01234567890123456789
        --------------------
文件1 : regfile5: 00000002<CR>
文件2 : regfile5: 00000003<CR>
文件1(HEX) : 
00000000 : 72 65 67 66 69 6c 65 35 - 3a 20 30 30 30 30 30 30  regfile5:.000000
00000010 : 30 32                                              02
文件2(HEX) : 
00000000 : 72 65 67 66 69 6c 65 35 - 3a 20 30 30 30 30 30 30  regfile5:.000000
00000010 : 30 33                                              03

第[2253 / 2253]行 - 第[16]个字符开始有差异：
        --------------------
        0         1         
        01234567890123456789
        --------------------
文件1 : regfile6: 000000cc<CR>
文件2 : regfile6: 00000056<CR>
文件1(HEX) : 
00000000 : 72 65 67 66 69 6c 65 36 - 3a 20 30 30 30 30 30 30  regfile6:.000000
00000010 : 63 63                                              cc
文件2(HEX) : 
00000000 : 72 65 67 66 69 6c 65 36 - 3a 20 30 30 30 30 30 30  regfile6:.000000
00000010 : 35 36                                              56

第[2254 / 2254]行 - 第[16]个字符开始有差异：
        --------------------
        0         1         
        01234567890123456789
        --------------------
文件1 : regfile7: 000000cc<CR>
文件2 : regfile7: 00000049<CR>
文件1(HEX) : 
00000000 : 72 65 67 66 69 6c 65 37 - 3a 20 30 30 30 30 30 30  regfile7:.000000
00000010 : 63 63                                              cc
文件2(HEX) : 
00000000 : 72 65 67 66 69 6c 65 37 - 3a 20 30 30 30 30 30 30  regfile7:.000000
00000010 : 34 39                                              49

第[2255 / 2255]行 - 第[17]个字符开始有差异：
        --------------------
        0         1         
        01234567890123456789
        --------------------
文件1 : regfile8: 00000002<CR>
文件2 : regfile8: 00000001<CR>
文件1(HEX) : 
00000000 : 72 65 67 66 69 6c 65 38 - 3a 20 30 30 30 30 30 30  regfile8:.000000
00000010 : 30 32                                              02
文件2(HEX) : 
00000000 : 72 65 67 66 69 6c 65 38 - 3a 20 30 30 30 30 30 30  regfile8:.000000
00000010 : 30 31                                              01

第[2257 / 2257]行 - 第[17]个字符开始有差异：
        --------------------
        0         1         
        01234567890123456789
        --------------------
文件1 : regfile10: 00000001<CR>
文件2 : regfile10: 00000034<CR>
文件1(HEX) : 
00000000 : 72 65 67 66 69 6c 65 31 - 30 3a 20 30 30 30 30 30  regfile10:.00000
00000010 : 30 30 31                                           001
文件2(HEX) : 
00000000 : 72 65 67 66 69 6c 65 31 - 30 3a 20 30 30 30 30 30  regfile10:.00000
00000010 : 30 33 34                                           034

第[2258 / 2258]行 - 第[17]个字符开始有差异：
        --------------------
        0         1         
        01234567890123456789
        --------------------
文件1 : regfile11: 00000068<CR>
文件2 : regfile11: 0000004c<CR>
文件1(HEX) : 
00000000 : 72 65 67 66 69 6c 65 31 - 31 3a 20 30 30 30 30 30  regfile11:.00000
00000010 : 30 36 38                                           068
文件2(HEX) : 
00000000 : 72 65 67 66 69 6c 65 31 - 31 3a 20 30 30 30 30 30  regfile11:.00000
00000010 : 30 34 63                                           04c

第[2259 / 2259]行 - 第[17]个字符开始有差异：
        --------------------
        0         1         
        01234567890123456789
        --------------------
文件1 : regfile12: 00000001<CR>
文件2 : regfile12: 00000040<CR>
文件1(HEX) : 
00000000 : 72 65 67 66 69 6c 65 31 - 32 3a 20 30 30 30 30 30  regfile12:.00000
00000010 : 30 30 31                                           001
文件2(HEX) : 
00000000 : 72 65 67 66 69 6c 65 31 - 32 3a 20 30 30 30 30 30  regfile12:.00000
00000010 : 30 34 30                                           040

第[2260 / 2260]行 - 第[17]个字符开始有差异：
        --------------------
        0         1         
        01234567890123456789
        --------------------
文件1 : regfile13: 00000067<CR>
文件2 : regfile13: 00000043<CR>
文件1(HEX) : 
00000000 : 72 65 67 66 69 6c 65 31 - 33 3a 20 30 30 30 30 30  regfile13:.00000
00000010 : 30 36 37                                           067
文件2(HEX) : 
00000000 : 72 65 67 66 69 6c 65 31 - 33 3a 20 30 30 30 30 30  regfile13:.00000
00000010 : 30 34 33                                           043

第[2261 / 2261]行 - 第[18]个字符开始有差异：
        --------------------
        0         1         
        01234567890123456789
        --------------------
文件1 : regfile14: 00000000<CR>
文件2 : regfile14: 00000001<CR>
文件1(HEX) : 
00000000 : 72 65 67 66 69 6c 65 31 - 34 3a 20 30 30 30 30 30  regfile14:.00000
00000010 : 30 30 30                                           000
文件2(HEX) : 
00000000 : 72 65 67 66 69 6c 65 31 - 34 3a 20 30 30 30 30 30  regfile14:.00000
00000010 : 30 30 31                                           001

第[2279 / 2279]行 - 第[10]个字符开始有差异：
        --------------------
        0         1         
        01234567890123456789
        --------------------
文件1 : pc: 00400058<CR>
文件2 : pc: 00400074<CR>
文件1(HEX) : 
00000000 : 70 63 3a 20 30 30 34 30 - 30 30 35 38              pc:.00400058
文件2(HEX) : 
00000000 : 70 63 3a 20 30 30 34 30 - 30 30 37 34              pc:.00400074

第[2280 / 2280]行 - 第[7]个字符开始有差异：
        --------------------
        0         1         
        01234567890123456789
        --------------------
文件1 : instr: 258c0001<CR>
文件2 : instr: 11c00006<CR>
文件1(HEX) : 
00000000 : 69 6e 73 74 72 3a 20 32 - 35 38 63 30 30 30 31     instr:.258c0001
文件2(HEX) : 
00000000 : 69 6e 73 74 72 3a 20 31 - 31 63 30 30 30 30 36     instr:.11c00006

第[2285 / 2285]行 - 第[17]个字符开始有差异：
        --------------------
        0         1         
        01234567890123456789
        --------------------
文件1 : regfile4: 00000003<CR>
文件2 : regfile4: 00000002<CR>
文件1(HEX) : 
00000000 : 72 65 67 66 69 6c 65 34 - 3a 20 30 30 30 30 30 30  regfile4:.000000
00000010 : 30 33                                              03
文件2(HEX) : 
00000000 : 72 65 67 66 69 6c 65 34 - 3a 20 30 30 30 30 30 30  regfile4:.000000
00000010 : 30 32                                              02

第[2286 / 2286]行 - 第[17]个字符开始有差异：
        --------------------
        0         1         
        01234567890123456789
        --------------------
文件1 : regfile5: 00000002<CR>
文件2 : regfile5: 00000003<CR>
文件1(HEX) : 
00000000 : 72 65 67 66 69 6c 65 35 - 3a 20 30 30 30 30 30 30  regfile5:.000000
00000010 : 30 32                                              02
文件2(HEX) : 
00000000 : 72 65 67 66 69 6c 65 35 - 3a 20 30 30 30 30 30 30  regfile5:.000000
00000010 : 30 33                                              03

第[2287 / 2287]行 - 第[16]个字符开始有差异：
        --------------------
        0         1         
        01234567890123456789
        --------------------
文件1 : regfile6: 000000cc<CR>
文件2 : regfile6: 00000056<CR>
文件1(HEX) : 
00000000 : 72 65 67 66 69 6c 65 36 - 3a 20 30 30 30 30 30 30  regfile6:.000000
00000010 : 63 63                                              cc
文件2(HEX) : 
00000000 : 72 65 67 66 69 6c 65 36 - 3a 20 30 30 30 30 30 30  regfile6:.000000
00000010 : 35 36                                              56

第[2288 / 2288]行 - 第[16]个字符开始有差异：
        --------------------
        0         1         
        01234567890123456789
        --------------------
文件1 : regfile7: 000000cc<CR>
文件2 : regfile7: 00000049<CR>
文件1(HEX) : 
00000000 : 72 65 67 66 69 6c 65 37 - 3a 20 30 30 30 30 30 30  regfile7:.000000
00000010 : 63 63                                              cc
文件2(HEX) : 
00000000 : 72 65 67 66 69 6c 65 37 - 3a 20 30 30 30 30 30 30  regfile7:.000000
00000010 : 34 39                                              49

第[2289 / 2289]行 - 第[17]个字符开始有差异：
        --------------------
        0         1         
        01234567890123456789
        --------------------
文件1 : regfile8: 00000002<CR>
文件2 : regfile8: 00000001<CR>
文件1(HEX) : 
00000000 : 72 65 67 66 69 6c 65 38 - 3a 20 30 30 30 30 30 30  regfile8:.000000
00000010 : 30 32                                              02
文件2(HEX) : 
00000000 : 72 65 67 66 69 6c 65 38 - 3a 20 30 30 30 30 30 30  regfile8:.000000
00000010 : 30 31                                              01

第[2291 / 2291]行 - 第[17]个字符开始有差异：
        --------------------
        0         1         
        01234567890123456789
        --------------------
文件1 : regfile10: 00000001<CR>
文件2 : regfile10: 00000034<CR>
文件1(HEX) : 
00000000 : 72 65 67 66 69 6c 65 31 - 30 3a 20 30 30 30 30 30  regfile10:.00000
00000010 : 30 30 31                                           001
文件2(HEX) : 
00000000 : 72 65 67 66 69 6c 65 31 - 30 3a 20 30 30 30 30 30  regfile10:.00000
00000010 : 30 33 34                                           034

第[2292 / 2292]行 - 第[17]个字符开始有差异：
        --------------------
        0         1         
        01234567890123456789
        --------------------
文件1 : regfile11: 00000068<CR>
文件2 : regfile11: 0000004c<CR>
文件1(HEX) : 
00000000 : 72 65 67 66 69 6c 65 31 - 31 3a 20 30 30 30 30 30  regfile11:.00000
00000010 : 30 36 38                                           068
文件2(HEX) : 
00000000 : 72 65 67 66 69 6c 65 31 - 31 3a 20 30 30 30 30 30  regfile11:.00000
00000010 : 30 34 63                                           04c

第[2293 / 2293]行 - 第[17]个字符开始有差异：
        --------------------
        0         1         
        01234567890123456789
        --------------------
文件1 : regfile12: 00000001<CR>
文件2 : regfile12: 00000040<CR>
文件1(HEX) : 
00000000 : 72 65 67 66 69 6c 65 31 - 32 3a 20 30 30 30 30 30  regfile12:.00000
00000010 : 30 30 31                                           001
文件2(HEX) : 
00000000 : 72 65 67 66 69 6c 65 31 - 32 3a 20 30 30 30 30 30  regfile12:.00000
00000010 : 30 34 30                                           040

第[2294 / 2294]行 - 第[17]个字符开始有差异：
        --------------------
        0         1         
        01234567890123456789
        --------------------
文件1 : regfile13: 00000067<CR>
文件2 : regfile13: 00000043<CR>
文件1(HEX) : 
00000000 : 72 65 67 66 69 6c 65 31 - 33 3a 20 30 30 30 30 30  regfile13:.00000
00000010 : 30 36 37                                           067
文件2(HEX) : 
00000000 : 72 65 67 66 69 6c 65 31 - 33 3a 20 30 30 30 30 30  regfile13:.00000
00000010 : 30 34 33                                           043

第[2295 / 2295]行 - 第[18]个字符开始有差异：
        --------------------
        0         1         
        01234567890123456789
        --------------------
文件1 : regfile14: 00000000<CR>
文件2 : regfile14: 00000001<CR>
文件1(HEX) : 
00000000 : 72 65 67 66 69 6c 65 31 - 34 3a 20 30 30 30 30 30  regfile14:.00000
00000010 : 30 30 30                                           000
文件2(HEX) : 
00000000 : 72 65 67 66 69 6c 65 31 - 34 3a 20 30 30 30 30 30  regfile14:.00000
00000010 : 30 30 31                                           001

第[2313 / 2313]行 - 第[10]个字符开始有差异：
        --------------------
        0         1         
        01234567890123456789
        --------------------
文件1 : pc: 0040005c<CR>
文件2 : pc: 00400078<CR>
文件1(HEX) : 
00000000 : 70 63 3a 20 30 30 34 30 - 30 30 35 63              pc:.0040005c
文件2(HEX) : 
00000000 : 70 63 3a 20 30 30 34 30 - 30 30 37 38              pc:.00400078

第[2314 / 2314]行 - 第[7]个字符开始有差异：
        --------------------
        0         1         
        01234567890123456789
        --------------------
文件1 : instr: 000c6042<CR>
文件2 : instr: 24090000<CR>
文件1(HEX) : 
00000000 : 69 6e 73 74 72 3a 20 30 - 30 30 63 36 30 34 32     instr:.000c6042
文件2(HEX) : 
00000000 : 69 6e 73 74 72 3a 20 32 - 34 30 39 30 30 30 30     instr:.24090000

第[2319 / 2319]行 - 第[17]个字符开始有差异：
        --------------------
        0         1         
        01234567890123456789
        --------------------
文件1 : regfile4: 00000003<CR>
文件2 : regfile4: 00000002<CR>
文件1(HEX) : 
00000000 : 72 65 67 66 69 6c 65 34 - 3a 20 30 30 30 30 30 30  regfile4:.000000
00000010 : 30 33                                              03
文件2(HEX) : 
00000000 : 72 65 67 66 69 6c 65 34 - 3a 20 30 30 30 30 30 30  regfile4:.000000
00000010 : 30 32                                              02

第[2320 / 2320]行 - 第[17]个字符开始有差异：
        --------------------
        0         1         
        01234567890123456789
        --------------------
文件1 : regfile5: 00000002<CR>
文件2 : regfile5: 00000003<CR>
文件1(HEX) : 
00000000 : 72 65 67 66 69 6c 65 35 - 3a 20 30 30 30 30 30 30  regfile5:.000000
00000010 : 30 32                                              02
文件2(HEX) : 
00000000 : 72 65 67 66 69 6c 65 35 - 3a 20 30 30 30 30 30 30  regfile5:.000000
00000010 : 30 33                                              03

第[2321 / 2321]行 - 第[16]个字符开始有差异：
        --------------------
        0         1         
        01234567890123456789
        --------------------
文件1 : regfile6: 000000cc<CR>
文件2 : regfile6: 00000056<CR>
文件1(HEX) : 
00000000 : 72 65 67 66 69 6c 65 36 - 3a 20 30 30 30 30 30 30  regfile6:.000000
00000010 : 63 63                                              cc
文件2(HEX) : 
00000000 : 72 65 67 66 69 6c 65 36 - 3a 20 30 30 30 30 30 30  regfile6:.000000
00000010 : 35 36                                              56

第[2322 / 2322]行 - 第[16]个字符开始有差异：
        --------------------
        0         1         
        01234567890123456789
        --------------------
文件1 : regfile7: 000000cc<CR>
文件2 : regfile7: 00000049<CR>
文件1(HEX) : 
00000000 : 72 65 67 66 69 6c 65 37 - 3a 20 30 30 30 30 30 30  regfile7:.000000
00000010 : 63 63                                              cc
文件2(HEX) : 
00000000 : 72 65 67 66 69 6c 65 37 - 3a 20 30 30 30 30 30 30  regfile7:.000000
00000010 : 34 39                                              49

第[2323 / 2323]行 - 第[17]个字符开始有差异：
        --------------------
        0         1         
        01234567890123456789
        --------------------
文件1 : regfile8: 00000002<CR>
文件2 : regfile8: 00000001<CR>
文件1(HEX) : 
00000000 : 72 65 67 66 69 6c 65 38 - 3a 20 30 30 30 30 30 30  regfile8:.000000
00000010 : 30 32                                              02
文件2(HEX) : 
00000000 : 72 65 67 66 69 6c 65 38 - 3a 20 30 30 30 30 30 30  regfile8:.000000
00000010 : 30 31                                              01

第[2324 / 2324]行 - 第[17]个字符开始有差异：
        --------------------
        0         1         
        01234567890123456789
        --------------------
文件1 : regfile9: 00000001<CR>
文件2 : regfile9: 00000000<CR>
文件1(HEX) : 
00000000 : 72 65 67 66 69 6c 65 39 - 3a 20 30 30 30 30 30 30  regfile9:.000000
00000010 : 30 31                                              01
文件2(HEX) : 
00000000 : 72 65 67 66 69 6c 65 39 - 3a 20 30 30 30 30 30 30  regfile9:.000000
00000010 : 30 30                                              00

第[2325 / 2325]行 - 第[17]个字符开始有差异：
        --------------------
        0         1         
        01234567890123456789
        --------------------
文件1 : regfile10: 00000001<CR>
文件2 : regfile10: 00000034<CR>
文件1(HEX) : 
00000000 : 72 65 67 66 69 6c 65 31 - 30 3a 20 30 30 30 30 30  regfile10:.00000
00000010 : 30 30 31                                           001
文件2(HEX) : 
00000000 : 72 65 67 66 69 6c 65 31 - 30 3a 20 30 30 30 30 30  regfile10:.00000
00000010 : 30 33 34                                           034

第[2326 / 2326]行 - 第[17]个字符开始有差异：
        --------------------
        0         1         
        01234567890123456789
        --------------------
文件1 : regfile11: 00000068<CR>
文件2 : regfile11: 0000004c<CR>
文件1(HEX) : 
00000000 : 72 65 67 66 69 6c 65 31 - 31 3a 20 30 30 30 30 30  regfile11:.00000
00000010 : 30 36 38                                           068
文件2(HEX) : 
00000000 : 72 65 67 66 69 6c 65 31 - 31 3a 20 30 30 30 30 30  regfile11:.00000
00000010 : 30 34 63                                           04c

第[2327 / 2327]行 - 第[17]个字符开始有差异：
        --------------------
        0         1         
        01234567890123456789
        --------------------
文件1 : regfile12: 00000069<CR>
文件2 : regfile12: 00000040<CR>
文件1(HEX) : 
00000000 : 72 65 67 66 69 6c 65 31 - 32 3a 20 30 30 30 30 30  regfile12:.00000
00000010 : 30 36 39                                           069
文件2(HEX) : 
00000000 : 72 65 67 66 69 6c 65 31 - 32 3a 20 30 30 30 30 30  regfile12:.00000
00000010 : 30 34 30                                           040

第[2328 / 2328]行 - 第[17]个字符开始有差异：
        --------------------
        0         1         
        01234567890123456789
        --------------------
文件1 : regfile13: 00000067<CR>
文件2 : regfile13: 00000043<CR>
文件1(HEX) : 
00000000 : 72 65 67 66 69 6c 65 31 - 33 3a 20 30 30 30 30 30  regfile13:.00000
00000010 : 30 36 37                                           067
文件2(HEX) : 
00000000 : 72 65 67 66 69 6c 65 31 - 33 3a 20 30 30 30 30 30  regfile13:.00000
00000010 : 30 34 33                                           043

第[2329 / 2329]行 - 第[18]个字符开始有差异：
        --------------------
        0         1         
        01234567890123456789
        --------------------
文件1 : regfile14: 00000000<CR>
文件2 : regfile14: 00000001<CR>
文件1(HEX) : 
00000000 : 72 65 67 66 69 6c 65 31 - 34 3a 20 30 30 30 30 30  regfile14:.00000
00000010 : 30 30 30                                           000
文件2(HEX) : 
00000000 : 72 65 67 66 69 6c 65 31 - 34 3a 20 30 30 30 30 30  regfile14:.00000
00000010 : 30 30 31                                           001

第[2347 / 2347]行 - 第[10]个字符开始有差异：
        --------------------
        0         1         
        01234567890123456789
        --------------------
文件1 : pc: 00400060<CR>
文件2 : pc: 0040007c<CR>
文件1(HEX) : 
00000000 : 70 63 3a 20 30 30 34 30 - 30 30 36 30              pc:.00400060
文件2(HEX) : 
00000000 : 70 63 3a 20 30 30 34 30 - 30 30 37 63              pc:.0040007c

第[2348 / 2348]行 - 第[7]个字符开始有差异：
        --------------------
        0         1         
        01234567890123456789
        --------------------
文件1 : instr: 24a50001<CR>
文件2 : instr: 000c5020<CR>
文件1(HEX) : 
00000000 : 69 6e 73 74 72 3a 20 32 - 34 61 35 30 30 30 31     instr:.24a50001
文件2(HEX) : 
00000000 : 69 6e 73 74 72 3a 20 30 - 30 30 63 35 30 32 30     instr:.000c5020

第[2353 / 2353]行 - 第[17]个字符开始有差异：
        --------------------
        0         1         
        01234567890123456789
        --------------------
文件1 : regfile4: 00000003<CR>
文件2 : regfile4: 00000002<CR>
文件1(HEX) : 
00000000 : 72 65 67 66 69 6c 65 34 - 3a 20 30 30 30 30 30 30  regfile4:.000000
00000010 : 30 33                                              03
文件2(HEX) : 
00000000 : 72 65 67 66 69 6c 65 34 - 3a 20 30 30 30 30 30 30  regfile4:.000000
00000010 : 30 32                                              02

第[2354 / 2354]行 - 第[17]个字符开始有差异：
        --------------------
        0         1         
        01234567890123456789
        --------------------
文件1 : regfile5: 00000002<CR>
文件2 : regfile5: 00000003<CR>
文件1(HEX) : 
00000000 : 72 65 67 66 69 6c 65 35 - 3a 20 30 30 30 30 30 30  regfile5:.000000
00000010 : 30 32                                              02
文件2(HEX) : 
00000000 : 72 65 67 66 69 6c 65 35 - 3a 20 30 30 30 30 30 30  regfile5:.000000
00000010 : 30 33                                              03

第[2355 / 2355]行 - 第[16]个字符开始有差异：
        --------------------
        0         1         
        01234567890123456789
        --------------------
文件1 : regfile6: 000000cc<CR>
文件2 : regfile6: 00000056<CR>
文件1(HEX) : 
00000000 : 72 65 67 66 69 6c 65 36 - 3a 20 30 30 30 30 30 30  regfile6:.000000
00000010 : 63 63                                              cc
文件2(HEX) : 
00000000 : 72 65 67 66 69 6c 65 36 - 3a 20 30 30 30 30 30 30  regfile6:.000000
00000010 : 35 36                                              56

第[2356 / 2356]行 - 第[16]个字符开始有差异：
        --------------------
        0         1         
        01234567890123456789
        --------------------
文件1 : regfile7: 000000cc<CR>
文件2 : regfile7: 00000049<CR>
文件1(HEX) : 
00000000 : 72 65 67 66 69 6c 65 37 - 3a 20 30 30 30 30 30 30  regfile7:.000000
00000010 : 63 63                                              cc
文件2(HEX) : 
00000000 : 72 65 67 66 69 6c 65 37 - 3a 20 30 30 30 30 30 30  regfile7:.000000
00000010 : 34 39                                              49

第[2357 / 2357]行 - 第[17]个字符开始有差异：
        --------------------
        0         1         
        01234567890123456789
        --------------------
文件1 : regfile8: 00000002<CR>
文件2 : regfile8: 00000001<CR>
文件1(HEX) : 
00000000 : 72 65 67 66 69 6c 65 38 - 3a 20 30 30 30 30 30 30  regfile8:.000000
00000010 : 30 32                                              02
文件2(HEX) : 
00000000 : 72 65 67 66 69 6c 65 38 - 3a 20 30 30 30 30 30 30  regfile8:.000000
00000010 : 30 31                                              01

第[2358 / 2358]行 - 第[17]个字符开始有差异：
        --------------------
        0         1         
        01234567890123456789
        --------------------
文件1 : regfile9: 00000001<CR>
文件2 : regfile9: 00000000<CR>
文件1(HEX) : 
00000000 : 72 65 67 66 69 6c 65 39 - 3a 20 30 30 30 30 30 30  regfile9:.000000
00000010 : 30 31                                              01
文件2(HEX) : 
00000000 : 72 65 67 66 69 6c 65 39 - 3a 20 30 30 30 30 30 30  regfile9:.000000
00000010 : 30 30                                              00

第[2359 / 2359]行 - 第[17]个字符开始有差异：
        --------------------
        0         1         
        01234567890123456789
        --------------------
文件1 : regfile10: 00000001<CR>
文件2 : regfile10: 00000040<CR>
文件1(HEX) : 
00000000 : 72 65 67 66 69 6c 65 31 - 30 3a 20 30 30 30 30 30  regfile10:.00000
00000010 : 30 30 31                                           001
文件2(HEX) : 
00000000 : 72 65 67 66 69 6c 65 31 - 30 3a 20 30 30 30 30 30  regfile10:.00000
00000010 : 30 34 30                                           040

第[2360 / 2360]行 - 第[17]个字符开始有差异：
        --------------------
        0         1         
        01234567890123456789
        --------------------
文件1 : regfile11: 00000068<CR>
文件2 : regfile11: 0000004c<CR>
文件1(HEX) : 
00000000 : 72 65 67 66 69 6c 65 31 - 31 3a 20 30 30 30 30 30  regfile11:.00000
00000010 : 30 36 38                                           068
文件2(HEX) : 
00000000 : 72 65 67 66 69 6c 65 31 - 31 3a 20 30 30 30 30 30  regfile11:.00000
00000010 : 30 34 63                                           04c

第[2361 / 2361]行 - 第[17]个字符开始有差异：
        --------------------
        0         1         
        01234567890123456789
        --------------------
文件1 : regfile12: 00000069<CR>
文件2 : regfile12: 00000040<CR>
文件1(HEX) : 
00000000 : 72 65 67 66 69 6c 65 31 - 32 3a 20 30 30 30 30 30  regfile12:.00000
00000010 : 30 36 39                                           069
文件2(HEX) : 
00000000 : 72 65 67 66 69 6c 65 31 - 32 3a 20 30 30 30 30 30  regfile12:.00000
00000010 : 30 34 30                                           040

第[2362 / 2362]行 - 第[11]个字符开始有差异：
        --------------------
        0         1         
        01234567890123456789
        --------------------
文件1 : regfile13: 80000000<CR>
文件2 : regfile13: 00000043<CR>
文件1(HEX) : 
00000000 : 72 65 67 66 69 6c 65 31 - 33 3a 20 38 30 30 30 30  regfile13:.80000
00000010 : 30 30 30                                           000
文件2(HEX) : 
00000000 : 72 65 67 66 69 6c 65 31 - 33 3a 20 30 30 30 30 30  regfile13:.00000
00000010 : 30 34 33                                           043

第[2363 / 2363]行 - 第[18]个字符开始有差异：
        --------------------
        0         1         
        01234567890123456789
        --------------------
文件1 : regfile14: 00000000<CR>
文件2 : regfile14: 00000001<CR>
文件1(HEX) : 
00000000 : 72 65 67 66 69 6c 65 31 - 34 3a 20 30 30 30 30 30  regfile14:.00000
00000010 : 30 30 30                                           000
文件2(HEX) : 
00000000 : 72 65 67 66 69 6c 65 31 - 34 3a 20 30 30 30 30 30  regfile14:.00000
00000010 : 30 30 31                                           001

第[2381 / 2381]行 - 第[10]个字符开始有差异：
        --------------------
        0         1         
        01234567890123456789
        --------------------
文件1 : pc: 00400064<CR>
文件2 : pc: 00400080<CR>
文件1(HEX) : 
00000000 : 70 63 3a 20 30 30 34 30 - 30 30 36 34              pc:.00400064
文件2(HEX) : 
00000000 : 70 63 3a 20 30 30 34 30 - 30 30 38 30              pc:.00400080

第[2382 / 2382]行 - 第[7]个字符开始有差异：
        --------------------
        0         1         
        01234567890123456789
        --------------------
文件1 : instr: 018a6823<CR>
文件2 : instr: 254a0001<CR>
文件1(HEX) : 
00000000 : 69 6e 73 74 72 3a 20 30 - 31 38 61 36 38 32 33     instr:.018a6823
文件2(HEX) : 
00000000 : 69 6e 73 74 72 3a 20 32 - 35 34 61 30 30 30 31     instr:.254a0001

第[2387 / 2387]行 - 第[17]个字符开始有差异：
        --------------------
        0         1         
        01234567890123456789
        --------------------
文件1 : regfile4: 00000003<CR>
文件2 : regfile4: 00000002<CR>
文件1(HEX) : 
00000000 : 72 65 67 66 69 6c 65 34 - 3a 20 30 30 30 30 30 30  regfile4:.000000
00000010 : 30 33                                              03
文件2(HEX) : 
00000000 : 72 65 67 66 69 6c 65 34 - 3a 20 30 30 30 30 30 30  regfile4:.000000
00000010 : 30 32                                              02

第[2388 / 2388]行 - 第[17]个字符开始有差异：
        --------------------
        0         1         
        01234567890123456789
        --------------------
文件1 : regfile5: 00000002<CR>
文件2 : regfile5: 00000003<CR>
文件1(HEX) : 
00000000 : 72 65 67 66 69 6c 65 35 - 3a 20 30 30 30 30 30 30  regfile5:.000000
00000010 : 30 32                                              02
文件2(HEX) : 
00000000 : 72 65 67 66 69 6c 65 35 - 3a 20 30 30 30 30 30 30  regfile5:.000000
00000010 : 30 33                                              03

第[2389 / 2389]行 - 第[16]个字符开始有差异：
        --------------------
        0         1         
        01234567890123456789
        --------------------
文件1 : regfile6: 000000cc<CR>
文件2 : regfile6: 00000056<CR>
文件1(HEX) : 
00000000 : 72 65 67 66 69 6c 65 36 - 3a 20 30 30 30 30 30 30  regfile6:.000000
00000010 : 63 63                                              cc
文件2(HEX) : 
00000000 : 72 65 67 66 69 6c 65 36 - 3a 20 30 30 30 30 30 30  regfile6:.000000
00000010 : 35 36                                              56

第[2390 / 2390]行 - 第[16]个字符开始有差异：
        --------------------
        0         1         
        01234567890123456789
        --------------------
文件1 : regfile7: 000000cc<CR>
文件2 : regfile7: 00000049<CR>
文件1(HEX) : 
00000000 : 72 65 67 66 69 6c 65 37 - 3a 20 30 30 30 30 30 30  regfile7:.000000
00000010 : 63 63                                              cc
文件2(HEX) : 
00000000 : 72 65 67 66 69 6c 65 37 - 3a 20 30 30 30 30 30 30  regfile7:.000000
00000010 : 34 39                                              49

第[2391 / 2391]行 - 第[17]个字符开始有差异：
        --------------------
        0         1         
        01234567890123456789
        --------------------
文件1 : regfile8: 00000002<CR>
文件2 : regfile8: 00000001<CR>
文件1(HEX) : 
00000000 : 72 65 67 66 69 6c 65 38 - 3a 20 30 30 30 30 30 30  regfile8:.000000
00000010 : 30 32                                              02
文件2(HEX) : 
00000000 : 72 65 67 66 69 6c 65 38 - 3a 20 30 30 30 30 30 30  regfile8:.000000
00000010 : 30 31                                              01

第[2392 / 2392]行 - 第[17]个字符开始有差异：
        --------------------
        0         1         
        01234567890123456789
        --------------------
文件1 : regfile9: 00000001<CR>
文件2 : regfile9: 00000000<CR>
文件1(HEX) : 
00000000 : 72 65 67 66 69 6c 65 39 - 3a 20 30 30 30 30 30 30  regfile9:.000000
00000010 : 30 31                                              01
文件2(HEX) : 
00000000 : 72 65 67 66 69 6c 65 39 - 3a 20 30 30 30 30 30 30  regfile9:.000000
00000010 : 30 30                                              00

第[2393 / 2393]行 - 第[17]个字符开始有差异：
        --------------------
        0         1         
        01234567890123456789
        --------------------
文件1 : regfile10: 00000001<CR>
文件2 : regfile10: 00000041<CR>
文件1(HEX) : 
00000000 : 72 65 67 66 69 6c 65 31 - 30 3a 20 30 30 30 30 30  regfile10:.00000
00000010 : 30 30 31                                           001
文件2(HEX) : 
00000000 : 72 65 67 66 69 6c 65 31 - 30 3a 20 30 30 30 30 30  regfile10:.00000
00000010 : 30 34 31                                           041

第[2394 / 2394]行 - 第[17]个字符开始有差异：
        --------------------
        0         1         
        01234567890123456789
        --------------------
文件1 : regfile11: 00000068<CR>
文件2 : regfile11: 0000004c<CR>
文件1(HEX) : 
00000000 : 72 65 67 66 69 6c 65 31 - 31 3a 20 30 30 30 30 30  regfile11:.00000
00000010 : 30 36 38                                           068
文件2(HEX) : 
00000000 : 72 65 67 66 69 6c 65 31 - 31 3a 20 30 30 30 30 30  regfile11:.00000
00000010 : 30 34 63                                           04c

第[2395 / 2395]行 - 第[17]个字符开始有差异：
        --------------------
        0         1         
        01234567890123456789
        --------------------
文件1 : regfile12: 00000069<CR>
文件2 : regfile12: 00000040<CR>
文件1(HEX) : 
00000000 : 72 65 67 66 69 6c 65 31 - 32 3a 20 30 30 30 30 30  regfile12:.00000
00000010 : 30 36 39                                           069
文件2(HEX) : 
00000000 : 72 65 67 66 69 6c 65 31 - 32 3a 20 30 30 30 30 30  regfile12:.00000
00000010 : 30 34 30                                           040

第[2396 / 2396]行 - 第[11]个字符开始有差异：
        --------------------
        0         1         
        01234567890123456789
        --------------------
文件1 : regfile13: 80000000<CR>
文件2 : regfile13: 00000043<CR>
文件1(HEX) : 
00000000 : 72 65 67 66 69 6c 65 31 - 33 3a 20 38 30 30 30 30  regfile13:.80000
00000010 : 30 30 30                                           000
文件2(HEX) : 
00000000 : 72 65 67 66 69 6c 65 31 - 33 3a 20 30 30 30 30 30  regfile13:.00000
00000010 : 30 34 33                                           043

第[2397 / 2397]行 - 第[18]个字符开始有差异：
        --------------------
        0         1         
        01234567890123456789
        --------------------
文件1 : regfile14: 00000000<CR>
文件2 : regfile14: 00000001<CR>
文件1(HEX) : 
00000000 : 72 65 67 66 69 6c 65 31 - 34 3a 20 30 30 30 30 30  regfile14:.00000
00000010 : 30 30 30                                           000
文件2(HEX) : 
00000000 : 72 65 67 66 69 6c 65 31 - 34 3a 20 30 30 30 30 30  regfile14:.00000
00000010 : 30 30 31                                           001

第[2415 / 2415]行 - 第[10]个字符开始有差异：
        --------------------
        0         1         
        01234567890123456789
        --------------------
文件1 : pc: 00400068<CR>
文件2 : pc: 00400084<CR>
文件1(HEX) : 
00000000 : 70 63 3a 20 30 30 34 30 - 30 30 36 38              pc:.00400068
文件2(HEX) : 
00000000 : 70 63 3a 20 30 30 34 30 - 30 30 38 34              pc:.00400084

第[2416 / 2416]行 - 第[8]个字符开始有差异：
        --------------------
        0         1         
        01234567890123456789
        --------------------
文件1 : instr: 00cd3020<CR>
文件2 : instr: 016c6823<CR>
文件1(HEX) : 
00000000 : 69 6e 73 74 72 3a 20 30 - 30 63 64 33 30 32 30     instr:.00cd3020
文件2(HEX) : 
00000000 : 69 6e 73 74 72 3a 20 30 - 31 36 63 36 38 32 33     instr:.016c6823

第[2421 / 2421]行 - 第[17]个字符开始有差异：
        --------------------
        0         1         
        01234567890123456789
        --------------------
文件1 : regfile4: 00000003<CR>
文件2 : regfile4: 00000002<CR>
文件1(HEX) : 
00000000 : 72 65 67 66 69 6c 65 34 - 3a 20 30 30 30 30 30 30  regfile4:.000000
00000010 : 30 33                                              03
文件2(HEX) : 
00000000 : 72 65 67 66 69 6c 65 34 - 3a 20 30 30 30 30 30 30  regfile4:.000000
00000010 : 30 32                                              02

第[2422 / 2422]行 - 第[17]个字符开始有差异：
        --------------------
        0         1         
        01234567890123456789
        --------------------
文件1 : regfile5: 00000002<CR>
文件2 : regfile5: 00000003<CR>
文件1(HEX) : 
00000000 : 72 65 67 66 69 6c 65 35 - 3a 20 30 30 30 30 30 30  regfile5:.000000
00000010 : 30 32                                              02
文件2(HEX) : 
00000000 : 72 65 67 66 69 6c 65 35 - 3a 20 30 30 30 30 30 30  regfile5:.000000
00000010 : 30 33                                              03

第[2423 / 2423]行 - 第[16]个字符开始有差异：
        --------------------
        0         1         
        01234567890123456789
        --------------------
文件1 : regfile6: 000000cc<CR>
文件2 : regfile6: 00000056<CR>
文件1(HEX) : 
00000000 : 72 65 67 66 69 6c 65 36 - 3a 20 30 30 30 30 30 30  regfile6:.000000
00000010 : 63 63                                              cc
文件2(HEX) : 
00000000 : 72 65 67 66 69 6c 65 36 - 3a 20 30 30 30 30 30 30  regfile6:.000000
00000010 : 35 36                                              56

第[2424 / 2424]行 - 第[16]个字符开始有差异：
        --------------------
        0         1         
        01234567890123456789
        --------------------
文件1 : regfile7: 000000cc<CR>
文件2 : regfile7: 00000049<CR>
文件1(HEX) : 
00000000 : 72 65 67 66 69 6c 65 37 - 3a 20 30 30 30 30 30 30  regfile7:.000000
00000010 : 63 63                                              cc
文件2(HEX) : 
00000000 : 72 65 67 66 69 6c 65 37 - 3a 20 30 30 30 30 30 30  regfile7:.000000
00000010 : 34 39                                              49

第[2425 / 2425]行 - 第[17]个字符开始有差异：
        --------------------
        0         1         
        01234567890123456789
        --------------------
文件1 : regfile8: 00000002<CR>
文件2 : regfile8: 00000001<CR>
文件1(HEX) : 
00000000 : 72 65 67 66 69 6c 65 38 - 3a 20 30 30 30 30 30 30  regfile8:.000000
00000010 : 30 32                                              02
文件2(HEX) : 
00000000 : 72 65 67 66 69 6c 65 38 - 3a 20 30 30 30 30 30 30  regfile8:.000000
00000010 : 30 31                                              01

第[2426 / 2426]行 - 第[17]个字符开始有差异：
        --------------------
        0         1         
        01234567890123456789
        --------------------
文件1 : regfile9: 00000001<CR>
文件2 : regfile9: 00000000<CR>
文件1(HEX) : 
00000000 : 72 65 67 66 69 6c 65 39 - 3a 20 30 30 30 30 30 30  regfile9:.000000
00000010 : 30 31                                              01
文件2(HEX) : 
00000000 : 72 65 67 66 69 6c 65 39 - 3a 20 30 30 30 30 30 30  regfile9:.000000
00000010 : 30 30                                              00

第[2427 / 2427]行 - 第[17]个字符开始有差异：
        --------------------
        0         1         
        01234567890123456789
        --------------------
文件1 : regfile10: 00000001<CR>
文件2 : regfile10: 00000041<CR>
文件1(HEX) : 
00000000 : 72 65 67 66 69 6c 65 31 - 30 3a 20 30 30 30 30 30  regfile10:.00000
00000010 : 30 30 31                                           001
文件2(HEX) : 
00000000 : 72 65 67 66 69 6c 65 31 - 30 3a 20 30 30 30 30 30  regfile10:.00000
00000010 : 30 34 31                                           041

第[2428 / 2428]行 - 第[17]个字符开始有差异：
        --------------------
        0         1         
        01234567890123456789
        --------------------
文件1 : regfile11: 00000068<CR>
文件2 : regfile11: 0000004c<CR>
文件1(HEX) : 
00000000 : 72 65 67 66 69 6c 65 31 - 31 3a 20 30 30 30 30 30  regfile11:.00000
00000010 : 30 36 38                                           068
文件2(HEX) : 
00000000 : 72 65 67 66 69 6c 65 31 - 31 3a 20 30 30 30 30 30  regfile11:.00000
00000010 : 30 34 63                                           04c

第[2429 / 2429]行 - 第[17]个字符开始有差异：
        --------------------
        0         1         
        01234567890123456789
        --------------------
文件1 : regfile12: 00000069<CR>
文件2 : regfile12: 00000040<CR>
文件1(HEX) : 
00000000 : 72 65 67 66 69 6c 65 31 - 32 3a 20 30 30 30 30 30  regfile12:.00000
00000010 : 30 36 39                                           069
文件2(HEX) : 
00000000 : 72 65 67 66 69 6c 65 31 - 32 3a 20 30 30 30 30 30  regfile12:.00000
00000010 : 30 34 30                                           040

第[2430 / 2430]行 - 第[11]个字符开始有差异：
        --------------------
        0         1         
        01234567890123456789
        --------------------
文件1 : regfile13: 80000000<CR>
文件2 : regfile13: 0000000c<CR>
文件1(HEX) : 
00000000 : 72 65 67 66 69 6c 65 31 - 33 3a 20 38 30 30 30 30  regfile13:.80000
00000010 : 30 30 30                                           000
文件2(HEX) : 
00000000 : 72 65 67 66 69 6c 65 31 - 33 3a 20 30 30 30 30 30  regfile13:.00000
00000010 : 30 30 63                                           00c

第[2431 / 2431]行 - 第[18]个字符开始有差异：
        --------------------
        0         1         
        01234567890123456789
        --------------------
文件1 : regfile14: 00000000<CR>
文件2 : regfile14: 00000001<CR>
文件1(HEX) : 
00000000 : 72 65 67 66 69 6c 65 31 - 34 3a 20 30 30 30 30 30  regfile14:.00000
00000010 : 30 30 30                                           000
文件2(HEX) : 
00000000 : 72 65 67 66 69 6c 65 31 - 34 3a 20 30 30 30 30 30  regfile14:.00000
00000010 : 30 30 31                                           001

第[2449 / 2449]行 - 第[10]个字符开始有差异：
        --------------------
        0         1         
        01234567890123456789
        --------------------
文件1 : pc: 0040006c<CR>
文件2 : pc: 00400088<CR>
文件1(HEX) : 
00000000 : 70 63 3a 20 30 30 34 30 - 30 30 36 63              pc:.0040006c
文件2(HEX) : 
00000000 : 70 63 3a 20 30 30 34 30 - 30 30 38 38              pc:.00400088

第[2450 / 2450]行 - 第[7]个字符开始有差异：
        --------------------
        0         1         
        01234567890123456789
        --------------------
文件1 : instr: 246d0001<CR>
文件2 : instr: 00ed3820<CR>
文件1(HEX) : 
00000000 : 69 6e 73 74 72 3a 20 32 - 34 36 64 30 30 30 31     instr:.246d0001
文件2(HEX) : 
00000000 : 69 6e 73 74 72 3a 20 30 - 30 65 64 33 38 32 30     instr:.00ed3820

第[2455 / 2455]行 - 第[17]个字符开始有差异：
        --------------------
        0         1         
        01234567890123456789
        --------------------
文件1 : regfile4: 00000003<CR>
文件2 : regfile4: 00000002<CR>
文件1(HEX) : 
00000000 : 72 65 67 66 69 6c 65 34 - 3a 20 30 30 30 30 30 30  regfile4:.000000
00000010 : 30 33                                              03
文件2(HEX) : 
00000000 : 72 65 67 66 69 6c 65 34 - 3a 20 30 30 30 30 30 30  regfile4:.000000
00000010 : 30 32                                              02

第[2456 / 2456]行 - 第[17]个字符开始有差异：
        --------------------
        0         1         
        01234567890123456789
        --------------------
文件1 : regfile5: 00000002<CR>
文件2 : regfile5: 00000003<CR>
文件1(HEX) : 
00000000 : 72 65 67 66 69 6c 65 35 - 3a 20 30 30 30 30 30 30  regfile5:.000000
00000010 : 30 32                                              02
文件2(HEX) : 
00000000 : 72 65 67 66 69 6c 65 35 - 3a 20 30 30 30 30 30 30  regfile5:.000000
00000010 : 30 33                                              03

第[2457 / 2457]行 - 第[16]个字符开始有差异：
        --------------------
        0         1         
        01234567890123456789
        --------------------
文件1 : regfile6: 000000cc<CR>
文件2 : regfile6: 00000056<CR>
文件1(HEX) : 
00000000 : 72 65 67 66 69 6c 65 36 - 3a 20 30 30 30 30 30 30  regfile6:.000000
00000010 : 63 63                                              cc
文件2(HEX) : 
00000000 : 72 65 67 66 69 6c 65 36 - 3a 20 30 30 30 30 30 30  regfile6:.000000
00000010 : 35 36                                              56

第[2458 / 2458]行 - 第[16]个字符开始有差异：
        --------------------
        0         1         
        01234567890123456789
        --------------------
文件1 : regfile7: 000000cc<CR>
文件2 : regfile7: 00000055<CR>
文件1(HEX) : 
00000000 : 72 65 67 66 69 6c 65 37 - 3a 20 30 30 30 30 30 30  regfile7:.000000
00000010 : 63 63                                              cc
文件2(HEX) : 
00000000 : 72 65 67 66 69 6c 65 37 - 3a 20 30 30 30 30 30 30  regfile7:.000000
00000010 : 35 35                                              55

第[2459 / 2459]行 - 第[17]个字符开始有差异：
        --------------------
        0         1         
        01234567890123456789
        --------------------
文件1 : regfile8: 00000002<CR>
文件2 : regfile8: 00000001<CR>
文件1(HEX) : 
00000000 : 72 65 67 66 69 6c 65 38 - 3a 20 30 30 30 30 30 30  regfile8:.000000
00000010 : 30 32                                              02
文件2(HEX) : 
00000000 : 72 65 67 66 69 6c 65 38 - 3a 20 30 30 30 30 30 30  regfile8:.000000
00000010 : 30 31                                              01

第[2460 / 2460]行 - 第[17]个字符开始有差异：
        --------------------
        0         1         
        01234567890123456789
        --------------------
文件1 : regfile9: 00000001<CR>
文件2 : regfile9: 00000000<CR>
文件1(HEX) : 
00000000 : 72 65 67 66 69 6c 65 39 - 3a 20 30 30 30 30 30 30  regfile9:.000000
00000010 : 30 31                                              01
文件2(HEX) : 
00000000 : 72 65 67 66 69 6c 65 39 - 3a 20 30 30 30 30 30 30  regfile9:.000000
00000010 : 30 30                                              00

第[2461 / 2461]行 - 第[17]个字符开始有差异：
        --------------------
        0         1         
        01234567890123456789
        --------------------
文件1 : regfile10: 00000001<CR>
文件2 : regfile10: 00000041<CR>
文件1(HEX) : 
00000000 : 72 65 67 66 69 6c 65 31 - 30 3a 20 30 30 30 30 30  regfile10:.00000
00000010 : 30 30 31                                           001
文件2(HEX) : 
00000000 : 72 65 67 66 69 6c 65 31 - 30 3a 20 30 30 30 30 30  regfile10:.00000
00000010 : 30 34 31                                           041

第[2462 / 2462]行 - 第[17]个字符开始有差异：
        --------------------
        0         1         
        01234567890123456789
        --------------------
文件1 : regfile11: 00000068<CR>
文件2 : regfile11: 0000004c<CR>
文件1(HEX) : 
00000000 : 72 65 67 66 69 6c 65 31 - 31 3a 20 30 30 30 30 30  regfile11:.00000
00000010 : 30 36 38                                           068
文件2(HEX) : 
00000000 : 72 65 67 66 69 6c 65 31 - 31 3a 20 30 30 30 30 30  regfile11:.00000
00000010 : 30 34 63                                           04c

第[2463 / 2463]行 - 第[17]个字符开始有差异：
        --------------------
        0         1         
        01234567890123456789
        --------------------
文件1 : regfile12: 0000006a<CR>
文件2 : regfile12: 00000040<CR>
文件1(HEX) : 
00000000 : 72 65 67 66 69 6c 65 31 - 32 3a 20 30 30 30 30 30  regfile12:.00000
00000010 : 30 36 61                                           06a
文件2(HEX) : 
00000000 : 72 65 67 66 69 6c 65 31 - 32 3a 20 30 30 30 30 30  regfile12:.00000
00000010 : 30 34 30                                           040

第[2464 / 2464]行 - 第[11]个字符开始有差异：
        --------------------
        0         1         
        01234567890123456789
        --------------------
文件1 : regfile13: 80000000<CR>
文件2 : regfile13: 0000000c<CR>
文件1(HEX) : 
00000000 : 72 65 67 66 69 6c 65 31 - 33 3a 20 38 30 30 30 30  regfile13:.80000
00000010 : 30 30 30                                           000
文件2(HEX) : 
00000000 : 72 65 67 66 69 6c 65 31 - 33 3a 20 30 30 30 30 30  regfile13:.00000
00000010 : 30 30 63                                           00c

第[2465 / 2465]行 - 第[18]个字符开始有差异：
        --------------------
        0         1         
        01234567890123456789
        --------------------
文件1 : regfile14: 00000000<CR>
文件2 : regfile14: 00000001<CR>
文件1(HEX) : 
00000000 : 72 65 67 66 69 6c 65 31 - 34 3a 20 30 30 30 30 30  regfile14:.00000
00000010 : 30 30 30                                           000
文件2(HEX) : 
00000000 : 72 65 67 66 69 6c 65 31 - 34 3a 20 30 30 30 30 30  regfile14:.00000
00000010 : 30 30 31                                           001

第[2483 / 2483]行 - 第[10]个字符开始有差异：
        --------------------
        0         1         
        01234567890123456789
        --------------------
文件1 : pc: 00400070<CR>
文件2 : pc: 0040008c<CR>
文件1(HEX) : 
00000000 : 70 63 3a 20 30 30 34 30 - 30 30 37 30              pc:.00400070
文件2(HEX) : 
00000000 : 70 63 3a 20 30 30 34 30 - 30 30 38 63              pc:.0040008c

第[2484 / 2484]行 - 第[7]个字符开始有差异：
        --------------------
        0         1         
        01234567890123456789
        --------------------
文件1 : instr: 018d702b<CR>
文件2 : instr: 10000006<CR>
文件1(HEX) : 
00000000 : 69 6e 73 74 72 3a 20 30 - 31 38 64 37 30 32 62     instr:.018d702b
文件2(HEX) : 
00000000 : 69 6e 73 74 72 3a 20 31 - 30 30 30 30 30 30 36     instr:.10000006

第[2489 / 2489]行 - 第[17]个字符开始有差异：
        --------------------
        0         1         
        01234567890123456789
        --------------------
文件1 : regfile4: 00000003<CR>
文件2 : regfile4: 00000002<CR>
文件1(HEX) : 
00000000 : 72 65 67 66 69 6c 65 34 - 3a 20 30 30 30 30 30 30  regfile4:.000000
00000010 : 30 33                                              03
文件2(HEX) : 
00000000 : 72 65 67 66 69 6c 65 34 - 3a 20 30 30 30 30 30 30  regfile4:.000000
00000010 : 30 32                                              02

第[2490 / 2490]行 - 第[17]个字符开始有差异：
        --------------------
        0         1         
        01234567890123456789
        --------------------
文件1 : regfile5: 00000002<CR>
文件2 : regfile5: 00000003<CR>
文件1(HEX) : 
00000000 : 72 65 67 66 69 6c 65 35 - 3a 20 30 30 30 30 30 30  regfile5:.000000
00000010 : 30 32                                              02
文件2(HEX) : 
00000000 : 72 65 67 66 69 6c 65 35 - 3a 20 30 30 30 30 30 30  regfile5:.000000
00000010 : 30 33                                              03

第[2491 / 2491]行 - 第[16]个字符开始有差异：
        --------------------
        0         1         
        01234567890123456789
        --------------------
文件1 : regfile6: 000000cc<CR>
文件2 : regfile6: 00000056<CR>
文件1(HEX) : 
00000000 : 72 65 67 66 69 6c 65 36 - 3a 20 30 30 30 30 30 30  regfile6:.000000
00000010 : 63 63                                              cc
文件2(HEX) : 
00000000 : 72 65 67 66 69 6c 65 36 - 3a 20 30 30 30 30 30 30  regfile6:.000000
00000010 : 35 36                                              56

第[2492 / 2492]行 - 第[16]个字符开始有差异：
        --------------------
        0         1         
        01234567890123456789
        --------------------
文件1 : regfile7: 000000cc<CR>
文件2 : regfile7: 00000055<CR>
文件1(HEX) : 
00000000 : 72 65 67 66 69 6c 65 37 - 3a 20 30 30 30 30 30 30  regfile7:.000000
00000010 : 63 63                                              cc
文件2(HEX) : 
00000000 : 72 65 67 66 69 6c 65 37 - 3a 20 30 30 30 30 30 30  regfile7:.000000
00000010 : 35 35                                              55

第[2493 / 2493]行 - 第[17]个字符开始有差异：
        --------------------
        0         1         
        01234567890123456789
        --------------------
文件1 : regfile8: 00000002<CR>
文件2 : regfile8: 00000001<CR>
文件1(HEX) : 
00000000 : 72 65 67 66 69 6c 65 38 - 3a 20 30 30 30 30 30 30  regfile8:.000000
00000010 : 30 32                                              02
文件2(HEX) : 
00000000 : 72 65 67 66 69 6c 65 38 - 3a 20 30 30 30 30 30 30  regfile8:.000000
00000010 : 30 31                                              01

第[2494 / 2494]行 - 第[17]个字符开始有差异：
        --------------------
        0         1         
        01234567890123456789
        --------------------
文件1 : regfile9: 00000001<CR>
文件2 : regfile9: 00000000<CR>
文件1(HEX) : 
00000000 : 72 65 67 66 69 6c 65 39 - 3a 20 30 30 30 30 30 30  regfile9:.000000
00000010 : 30 31                                              01
文件2(HEX) : 
00000000 : 72 65 67 66 69 6c 65 39 - 3a 20 30 30 30 30 30 30  regfile9:.000000
00000010 : 30 30                                              00

第[2495 / 2495]行 - 第[17]个字符开始有差异：
        --------------------
        0         1         
        01234567890123456789
        --------------------
文件1 : regfile10: 00000001<CR>
文件2 : regfile10: 00000041<CR>
文件1(HEX) : 
00000000 : 72 65 67 66 69 6c 65 31 - 30 3a 20 30 30 30 30 30  regfile10:.00000
00000010 : 30 30 31                                           001
文件2(HEX) : 
00000000 : 72 65 67 66 69 6c 65 31 - 30 3a 20 30 30 30 30 30  regfile10:.00000
00000010 : 30 34 31                                           041

第[2496 / 2496]行 - 第[17]个字符开始有差异：
        --------------------
        0         1         
        01234567890123456789
        --------------------
文件1 : regfile11: 00000068<CR>
文件2 : regfile11: 0000004c<CR>
文件1(HEX) : 
00000000 : 72 65 67 66 69 6c 65 31 - 31 3a 20 30 30 30 30 30  regfile11:.00000
00000010 : 30 36 38                                           068
文件2(HEX) : 
00000000 : 72 65 67 66 69 6c 65 31 - 31 3a 20 30 30 30 30 30  regfile11:.00000
00000010 : 30 34 63                                           04c

第[2497 / 2497]行 - 第[17]个字符开始有差异：
        --------------------
        0         1         
        01234567890123456789
        --------------------
文件1 : regfile12: 0000006a<CR>
文件2 : regfile12: 00000040<CR>
文件1(HEX) : 
00000000 : 72 65 67 66 69 6c 65 31 - 32 3a 20 30 30 30 30 30  regfile12:.00000
00000010 : 30 36 61                                           06a
文件2(HEX) : 
00000000 : 72 65 67 66 69 6c 65 31 - 32 3a 20 30 30 30 30 30  regfile12:.00000
00000010 : 30 34 30                                           040

第[2498 / 2498]行 - 第[11]个字符开始有差异：
        --------------------
        0         1         
        01234567890123456789
        --------------------
文件1 : regfile13: 80000000<CR>
文件2 : regfile13: 0000000c<CR>
文件1(HEX) : 
00000000 : 72 65 67 66 69 6c 65 31 - 33 3a 20 38 30 30 30 30  regfile13:.80000
00000010 : 30 30 30                                           000
文件2(HEX) : 
00000000 : 72 65 67 66 69 6c 65 31 - 33 3a 20 30 30 30 30 30  regfile13:.00000
00000010 : 30 30 63                                           00c

第[2499 / 2499]行 - 第[18]个字符开始有差异：
        --------------------
        0         1         
        01234567890123456789
        --------------------
文件1 : regfile14: 00000000<CR>
文件2 : regfile14: 00000001<CR>
文件1(HEX) : 
00000000 : 72 65 67 66 69 6c 65 31 - 34 3a 20 30 30 30 30 30  regfile14:.00000
00000010 : 30 30 30                                           000
文件2(HEX) : 
00000000 : 72 65 67 66 69 6c 65 31 - 34 3a 20 30 30 30 30 30  regfile14:.00000
00000010 : 30 30 31                                           001

第[2517 / 2517]行 - 第[10]个字符开始有差异：
        --------------------
        0         1         
        01234567890123456789
        --------------------
文件1 : pc: 00400074<CR>
文件2 : pc: 004000a8<CR>
文件1(HEX) : 
00000000 : 70 63 3a 20 30 30 34 30 - 30 30 37 34              pc:.00400074
文件2(HEX) : 
00000000 : 70 63 3a 20 30 30 34 30 - 30 30 61 38              pc:.004000a8

第[2518 / 2518]行 - 第[8]个字符开始有差异：
        --------------------
        0         1         
        01234567890123456789
        --------------------
文件1 : instr: 11c00006<CR>
文件2 : instr: 1000ffe6<CR>
文件1(HEX) : 
00000000 : 69 6e 73 74 72 3a 20 31 - 31 63 30 30 30 30 36     instr:.11c00006
文件2(HEX) : 
00000000 : 69 6e 73 74 72 3a 20 31 - 30 30 30 66 66 65 36     instr:.1000ffe6

第[2523 / 2523]行 - 第[17]个字符开始有差异：
        --------------------
        0         1         
        01234567890123456789
        --------------------
文件1 : regfile4: 00000003<CR>
文件2 : regfile4: 00000002<CR>
文件1(HEX) : 
00000000 : 72 65 67 66 69 6c 65 34 - 3a 20 30 30 30 30 30 30  regfile4:.000000
00000010 : 30 33                                              03
文件2(HEX) : 
00000000 : 72 65 67 66 69 6c 65 34 - 3a 20 30 30 30 30 30 30  regfile4:.000000
00000010 : 30 32                                              02

第[2525 / 2525]行 - 第[16]个字符开始有差异：
        --------------------
        0         1         
        01234567890123456789
        --------------------
文件1 : regfile6: 000000cc<CR>
文件2 : regfile6: 00000056<CR>
文件1(HEX) : 
00000000 : 72 65 67 66 69 6c 65 36 - 3a 20 30 30 30 30 30 30  regfile6:.000000
00000010 : 63 63                                              cc
文件2(HEX) : 
00000000 : 72 65 67 66 69 6c 65 36 - 3a 20 30 30 30 30 30 30  regfile6:.000000
00000010 : 35 36                                              56

第[2526 / 2526]行 - 第[16]个字符开始有差异：
        --------------------
        0         1         
        01234567890123456789
        --------------------
文件1 : regfile7: 000000cc<CR>
文件2 : regfile7: 00000055<CR>
文件1(HEX) : 
00000000 : 72 65 67 66 69 6c 65 37 - 3a 20 30 30 30 30 30 30  regfile7:.000000
00000010 : 63 63                                              cc
文件2(HEX) : 
00000000 : 72 65 67 66 69 6c 65 37 - 3a 20 30 30 30 30 30 30  regfile7:.000000
00000010 : 35 35                                              55

第[2527 / 2527]行 - 第[17]个字符开始有差异：
        --------------------
        0         1         
        01234567890123456789
        --------------------
文件1 : regfile8: 00000002<CR>
文件2 : regfile8: 00000001<CR>
文件1(HEX) : 
00000000 : 72 65 67 66 69 6c 65 38 - 3a 20 30 30 30 30 30 30  regfile8:.000000
00000010 : 30 32                                              02
文件2(HEX) : 
00000000 : 72 65 67 66 69 6c 65 38 - 3a 20 30 30 30 30 30 30  regfile8:.000000
00000010 : 30 31                                              01

第[2528 / 2528]行 - 第[17]个字符开始有差异：
        --------------------
        0         1         
        01234567890123456789
        --------------------
文件1 : regfile9: 00000001<CR>
文件2 : regfile9: 00000000<CR>
文件1(HEX) : 
00000000 : 72 65 67 66 69 6c 65 39 - 3a 20 30 30 30 30 30 30  regfile9:.000000
00000010 : 30 31                                              01
文件2(HEX) : 
00000000 : 72 65 67 66 69 6c 65 39 - 3a 20 30 30 30 30 30 30  regfile9:.000000
00000010 : 30 30                                              00

第[2529 / 2529]行 - 第[17]个字符开始有差异：
        --------------------
        0         1         
        01234567890123456789
        --------------------
文件1 : regfile10: 00000001<CR>
文件2 : regfile10: 00000041<CR>
文件1(HEX) : 
00000000 : 72 65 67 66 69 6c 65 31 - 30 3a 20 30 30 30 30 30  regfile10:.00000
00000010 : 30 30 31                                           001
文件2(HEX) : 
00000000 : 72 65 67 66 69 6c 65 31 - 30 3a 20 30 30 30 30 30  regfile10:.00000
00000010 : 30 34 31                                           041

第[2530 / 2530]行 - 第[17]个字符开始有差异：
        --------------------
        0         1         
        01234567890123456789
        --------------------
文件1 : regfile11: 00000068<CR>
文件2 : regfile11: 0000004c<CR>
文件1(HEX) : 
00000000 : 72 65 67 66 69 6c 65 31 - 31 3a 20 30 30 30 30 30  regfile11:.00000
00000010 : 30 36 38                                           068
文件2(HEX) : 
00000000 : 72 65 67 66 69 6c 65 31 - 31 3a 20 30 30 30 30 30  regfile11:.00000
00000010 : 30 34 63                                           04c

第[2531 / 2531]行 - 第[17]个字符开始有差异：
        --------------------
        0         1         
        01234567890123456789
        --------------------
文件1 : regfile12: 0000006a<CR>
文件2 : regfile12: 00000040<CR>
文件1(HEX) : 
00000000 : 72 65 67 66 69 6c 65 31 - 32 3a 20 30 30 30 30 30  regfile12:.00000
00000010 : 30 36 61                                           06a
文件2(HEX) : 
00000000 : 72 65 67 66 69 6c 65 31 - 32 3a 20 30 30 30 30 30  regfile12:.00000
00000010 : 30 34 30                                           040

第[2532 / 2532]行 - 第[11]个字符开始有差异：
        --------------------
        0         1         
        01234567890123456789
        --------------------
文件1 : regfile13: 80000000<CR>
文件2 : regfile13: 0000000c<CR>
文件1(HEX) : 
00000000 : 72 65 67 66 69 6c 65 31 - 33 3a 20 38 30 30 30 30  regfile13:.80000
00000010 : 30 30 30                                           000
文件2(HEX) : 
00000000 : 72 65 67 66 69 6c 65 31 - 33 3a 20 30 30 30 30 30  regfile13:.00000
00000010 : 30 30 63                                           00c

第[2533 / 2533]行 - 第[18]个字符开始有差异：
        --------------------
        0         1         
        01234567890123456789
        --------------------
文件1 : regfile14: 00000000<CR>
文件2 : regfile14: 00000001<CR>
文件1(HEX) : 
00000000 : 72 65 67 66 69 6c 65 31 - 34 3a 20 30 30 30 30 30  regfile14:.00000
00000010 : 30 30 30                                           000
文件2(HEX) : 
00000000 : 72 65 67 66 69 6c 65 31 - 34 3a 20 30 30 30 30 30  regfile14:.00000
00000010 : 30 30 31                                           001

第[2551 / 2551]行 - 第[10]个字符开始有差异：
        --------------------
        0         1         
        01234567890123456789
        --------------------
文件1 : pc: 00400074<CR>
文件2 : pc: 00400044<CR>
文件1(HEX) : 
00000000 : 70 63 3a 20 30 30 34 30 - 30 30 37 34              pc:.00400074
文件2(HEX) : 
00000000 : 70 63 3a 20 30 30 34 30 - 30 30 34 34              pc:.00400044

第[2552 / 2552]行 - 第[8]个字符开始有差异：
        --------------------
        0         1         
        01234567890123456789
        --------------------
文件1 : instr: 00000000<CR>
文件2 : instr: 014b602b<CR>
文件1(HEX) : 
00000000 : 69 6e 73 74 72 3a 20 30 - 30 30 30 30 30 30 30     instr:.00000000
文件2(HEX) : 
00000000 : 69 6e 73 74 72 3a 20 30 - 31 34 62 36 30 32 62     instr:.014b602b

第[2557 / 2557]行 - 第[17]个字符开始有差异：
        --------------------
        0         1         
        01234567890123456789
        --------------------
文件1 : regfile4: 00000003<CR>
文件2 : regfile4: 00000002<CR>
文件1(HEX) : 
00000000 : 72 65 67 66 69 6c 65 34 - 3a 20 30 30 30 30 30 30  regfile4:.000000
00000010 : 30 33                                              03
文件2(HEX) : 
00000000 : 72 65 67 66 69 6c 65 34 - 3a 20 30 30 30 30 30 30  regfile4:.000000
00000010 : 30 32                                              02

第[2559 / 2559]行 - 第[16]个字符开始有差异：
        --------------------
        0         1         
        01234567890123456789
        --------------------
文件1 : regfile6: 000000cc<CR>
文件2 : regfile6: 00000056<CR>
文件1(HEX) : 
00000000 : 72 65 67 66 69 6c 65 36 - 3a 20 30 30 30 30 30 30  regfile6:.000000
00000010 : 63 63                                              cc
文件2(HEX) : 
00000000 : 72 65 67 66 69 6c 65 36 - 3a 20 30 30 30 30 30 30  regfile6:.000000
00000010 : 35 36                                              56

第[2560 / 2560]行 - 第[16]个字符开始有差异：
        --------------------
        0         1         
        01234567890123456789
        --------------------
文件1 : regfile7: 000000cc<CR>
文件2 : regfile7: 00000055<CR>
文件1(HEX) : 
00000000 : 72 65 67 66 69 6c 65 37 - 3a 20 30 30 30 30 30 30  regfile7:.000000
00000010 : 63 63                                              cc
文件2(HEX) : 
00000000 : 72 65 67 66 69 6c 65 37 - 3a 20 30 30 30 30 30 30  regfile7:.000000
00000010 : 35 35                                              55

第[2561 / 2561]行 - 第[17]个字符开始有差异：
        --------------------
        0         1         
        01234567890123456789
        --------------------
文件1 : regfile8: 00000002<CR>
文件2 : regfile8: 00000001<CR>
文件1(HEX) : 
00000000 : 72 65 67 66 69 6c 65 38 - 3a 20 30 30 30 30 30 30  regfile8:.000000
00000010 : 30 32                                              02
文件2(HEX) : 
00000000 : 72 65 67 66 69 6c 65 38 - 3a 20 30 30 30 30 30 30  regfile8:.000000
00000010 : 30 31                                              01

第[2562 / 2562]行 - 第[17]个字符开始有差异：
        --------------------
        0         1         
        01234567890123456789
        --------------------
文件1 : regfile9: 00000001<CR>
文件2 : regfile9: 00000000<CR>
文件1(HEX) : 
00000000 : 72 65 67 66 69 6c 65 39 - 3a 20 30 30 30 30 30 30  regfile9:.000000
00000010 : 30 31                                              01
文件2(HEX) : 
00000000 : 72 65 67 66 69 6c 65 39 - 3a 20 30 30 30 30 30 30  regfile9:.000000
00000010 : 30 30                                              00

第[2563 / 2563]行 - 第[17]个字符开始有差异：
        --------------------
        0         1         
        01234567890123456789
        --------------------
文件1 : regfile10: 00000001<CR>
文件2 : regfile10: 00000041<CR>
文件1(HEX) : 
00000000 : 72 65 67 66 69 6c 65 31 - 30 3a 20 30 30 30 30 30  regfile10:.00000
00000010 : 30 30 31                                           001
文件2(HEX) : 
00000000 : 72 65 67 66 69 6c 65 31 - 30 3a 20 30 30 30 30 30  regfile10:.00000
00000010 : 30 34 31                                           041

第[2564 / 2564]行 - 第[17]个字符开始有差异：
        --------------------
        0         1         
        01234567890123456789
        --------------------
文件1 : regfile11: 00000068<CR>
文件2 : regfile11: 0000004c<CR>
文件1(HEX) : 
00000000 : 72 65 67 66 69 6c 65 31 - 31 3a 20 30 30 30 30 30  regfile11:.00000
00000010 : 30 36 38                                           068
文件2(HEX) : 
00000000 : 72 65 67 66 69 6c 65 31 - 31 3a 20 30 30 30 30 30  regfile11:.00000
00000010 : 30 34 63                                           04c

第[2565 / 2565]行 - 第[17]个字符开始有差异：
        --------------------
        0         1         
        01234567890123456789
        --------------------
文件1 : regfile12: 0000006a<CR>
文件2 : regfile12: 00000001<CR>
文件1(HEX) : 
00000000 : 72 65 67 66 69 6c 65 31 - 32 3a 20 30 30 30 30 30  regfile12:.00000
00000010 : 30 36 61                                           06a
文件2(HEX) : 
00000000 : 72 65 67 66 69 6c 65 31 - 32 3a 20 30 30 30 30 30  regfile12:.00000
00000010 : 30 30 31                                           001

第[2566 / 2566]行 - 第[17]个字符开始有差异：
        --------------------
        0         1         
        01234567890123456789
        --------------------
文件1 : regfile13: 00000069<CR>
文件2 : regfile13: 0000000c<CR>
文件1(HEX) : 
00000000 : 72 65 67 66 69 6c 65 31 - 33 3a 20 30 30 30 30 30  regfile13:.00000
00000010 : 30 36 39                                           069
文件2(HEX) : 
00000000 : 72 65 67 66 69 6c 65 31 - 33 3a 20 30 30 30 30 30  regfile13:.00000
00000010 : 30 30 63                                           00c

第[2567 / 2567]行 - 第[18]个字符开始有差异：
        --------------------
        0         1         
        01234567890123456789
        --------------------
文件1 : regfile14: 00000000<CR>
文件2 : regfile14: 00000001<CR>
文件1(HEX) : 
00000000 : 72 65 67 66 69 6c 65 31 - 34 3a 20 30 30 30 30 30  regfile14:.00000
00000010 : 30 30 30                                           000
文件2(HEX) : 
00000000 : 72 65 67 66 69 6c 65 31 - 34 3a 20 30 30 30 30 30  regfile14:.00000
00000010 : 30 30 31                                           001

第[2585 / 2585]行 - 第[10]个字符开始有差异：
        --------------------
        0         1         
        01234567890123456789
        --------------------
文件1 : pc: 00400090<CR>
文件2 : pc: 00400048<CR>
文件1(HEX) : 
00000000 : 70 63 3a 20 30 30 34 30 - 30 30 39 30              pc:.00400090
文件2(HEX) : 
00000000 : 70 63 3a 20 30 30 34 30 - 30 30 34 38              pc:.00400048

第[2586 / 2586]行 - 第[7]个字符开始有差异：
        --------------------
        0         1         
        01234567890123456789
        --------------------
文件1 : instr: 25080001<CR>
文件2 : instr: 11800018<CR>
文件1(HEX) : 
00000000 : 69 6e 73 74 72 3a 20 32 - 35 30 38 30 30 30 31     instr:.25080001
文件2(HEX) : 
00000000 : 69 6e 73 74 72 3a 20 31 - 31 38 30 30 30 31 38     instr:.11800018

第[2591 / 2591]行 - 第[17]个字符开始有差异：
        --------------------
        0         1         
        01234567890123456789
        --------------------
文件1 : regfile4: 00000003<CR>
文件2 : regfile4: 00000002<CR>
文件1(HEX) : 
00000000 : 72 65 67 66 69 6c 65 34 - 3a 20 30 30 30 30 30 30  regfile4:.000000
00000010 : 30 33                                              03
文件2(HEX) : 
00000000 : 72 65 67 66 69 6c 65 34 - 3a 20 30 30 30 30 30 30  regfile4:.000000
00000010 : 30 32                                              02

第[2593 / 2593]行 - 第[15]个字符开始有差异：
        --------------------
        0         1         
        01234567890123456789
        --------------------
文件1 : regfile6: 00000135<CR>
文件2 : regfile6: 00000056<CR>
文件1(HEX) : 
00000000 : 72 65 67 66 69 6c 65 36 - 3a 20 30 30 30 30 30 31  regfile6:.000001
00000010 : 33 35                                              35
文件2(HEX) : 
00000000 : 72 65 67 66 69 6c 65 36 - 3a 20 30 30 30 30 30 30  regfile6:.000000
00000010 : 35 36                                              56

第[2594 / 2594]行 - 第[16]个字符开始有差异：
        --------------------
        0         1         
        01234567890123456789
        --------------------
文件1 : regfile7: 000000cc<CR>
文件2 : regfile7: 00000055<CR>
文件1(HEX) : 
00000000 : 72 65 67 66 69 6c 65 37 - 3a 20 30 30 30 30 30 30  regfile7:.000000
00000010 : 63 63                                              cc
文件2(HEX) : 
00000000 : 72 65 67 66 69 6c 65 37 - 3a 20 30 30 30 30 30 30  regfile7:.000000
00000010 : 35 35                                              55

第[2595 / 2595]行 - 第[17]个字符开始有差异：
        --------------------
        0         1         
        01234567890123456789
        --------------------
文件1 : regfile8: 00000002<CR>
文件2 : regfile8: 00000001<CR>
文件1(HEX) : 
00000000 : 72 65 67 66 69 6c 65 38 - 3a 20 30 30 30 30 30 30  regfile8:.000000
00000010 : 30 32                                              02
文件2(HEX) : 
00000000 : 72 65 67 66 69 6c 65 38 - 3a 20 30 30 30 30 30 30  regfile8:.000000
00000010 : 30 31                                              01

第[2596 / 2596]行 - 第[17]个字符开始有差异：
        --------------------
        0         1         
        01234567890123456789
        --------------------
文件1 : regfile9: 00000001<CR>
文件2 : regfile9: 00000000<CR>
文件1(HEX) : 
00000000 : 72 65 67 66 69 6c 65 39 - 3a 20 30 30 30 30 30 30  regfile9:.000000
00000010 : 30 31                                              01
文件2(HEX) : 
00000000 : 72 65 67 66 69 6c 65 39 - 3a 20 30 30 30 30 30 30  regfile9:.000000
00000010 : 30 30                                              00

第[2597 / 2597]行 - 第[17]个字符开始有差异：
        --------------------
        0         1         
        01234567890123456789
        --------------------
文件1 : regfile10: 00000001<CR>
文件2 : regfile10: 00000041<CR>
文件1(HEX) : 
00000000 : 72 65 67 66 69 6c 65 31 - 30 3a 20 30 30 30 30 30  regfile10:.00000
00000010 : 30 30 31                                           001
文件2(HEX) : 
00000000 : 72 65 67 66 69 6c 65 31 - 30 3a 20 30 30 30 30 30  regfile10:.00000
00000010 : 30 34 31                                           041

第[2598 / 2598]行 - 第[17]个字符开始有差异：
        --------------------
        0         1         
        01234567890123456789
        --------------------
文件1 : regfile11: 00000068<CR>
文件2 : regfile11: 0000004c<CR>
文件1(HEX) : 
00000000 : 72 65 67 66 69 6c 65 31 - 31 3a 20 30 30 30 30 30  regfile11:.00000
00000010 : 30 36 38                                           068
文件2(HEX) : 
00000000 : 72 65 67 66 69 6c 65 31 - 31 3a 20 30 30 30 30 30  regfile11:.00000
00000010 : 30 34 63                                           04c

第[2599 / 2599]行 - 第[17]个字符开始有差异：
        --------------------
        0         1         
        01234567890123456789
        --------------------
文件1 : regfile12: 0000006a<CR>
文件2 : regfile12: 00000001<CR>
文件1(HEX) : 
00000000 : 72 65 67 66 69 6c 65 31 - 32 3a 20 30 30 30 30 30  regfile12:.00000
00000010 : 30 36 61                                           06a
文件2(HEX) : 
00000000 : 72 65 67 66 69 6c 65 31 - 32 3a 20 30 30 30 30 30  regfile12:.00000
00000010 : 30 30 31                                           001

第[2600 / 2600]行 - 第[17]个字符开始有差异：
        --------------------
        0         1         
        01234567890123456789
        --------------------
文件1 : regfile13: 00000069<CR>
文件2 : regfile13: 0000000c<CR>
文件1(HEX) : 
00000000 : 72 65 67 66 69 6c 65 31 - 33 3a 20 30 30 30 30 30  regfile13:.00000
00000010 : 30 36 39                                           069
文件2(HEX) : 
00000000 : 72 65 67 66 69 6c 65 31 - 33 3a 20 30 30 30 30 30  regfile13:.00000
00000010 : 30 30 63                                           00c

第[2601 / 2601]行 - 第[18]个字符开始有差异：
        --------------------
        0         1         
        01234567890123456789
        --------------------
文件1 : regfile14: 00000000<CR>
文件2 : regfile14: 00000001<CR>
文件1(HEX) : 
00000000 : 72 65 67 66 69 6c 65 31 - 34 3a 20 30 30 30 30 30  regfile14:.00000
00000010 : 30 30 30                                           000
文件2(HEX) : 
00000000 : 72 65 67 66 69 6c 65 31 - 34 3a 20 30 30 30 30 30  regfile14:.00000
00000010 : 30 30 31                                           001

第[2619 / 2619]行 - 第[10]个字符开始有差异：
        --------------------
        0         1         
        01234567890123456789
        --------------------
文件1 : pc: 00400094<CR>
文件2 : pc: 0040004c<CR>
文件1(HEX) : 
00000000 : 70 63 3a 20 30 30 34 30 - 30 30 39 34              pc:.00400094
文件2(HEX) : 
00000000 : 70 63 3a 20 30 30 34 30 - 30 30 34 63              pc:.0040004c

第[2620 / 2620]行 - 第[7]个字符开始有差异：
        --------------------
        0         1         
        01234567890123456789
        --------------------
文件1 : instr: 24840001<CR>
文件2 : instr: 014b6020<CR>
文件1(HEX) : 
00000000 : 69 6e 73 74 72 3a 20 32 - 34 38 34 30 30 30 31     instr:.24840001
文件2(HEX) : 
00000000 : 69 6e 73 74 72 3a 20 30 - 31 34 62 36 30 32 30     instr:.014b6020

第[2625 / 2625]行 - 第[17]个字符开始有差异：
        --------------------
        0         1         
        01234567890123456789
        --------------------
文件1 : regfile4: 00000003<CR>
文件2 : regfile4: 00000002<CR>
文件1(HEX) : 
00000000 : 72 65 67 66 69 6c 65 34 - 3a 20 30 30 30 30 30 30  regfile4:.000000
00000010 : 30 33                                              03
文件2(HEX) : 
00000000 : 72 65 67 66 69 6c 65 34 - 3a 20 30 30 30 30 30 30  regfile4:.000000
00000010 : 30 32                                              02

第[2627 / 2627]行 - 第[15]个字符开始有差异：
        --------------------
        0         1         
        01234567890123456789
        --------------------
文件1 : regfile6: 00000135<CR>
文件2 : regfile6: 00000056<CR>
文件1(HEX) : 
00000000 : 72 65 67 66 69 6c 65 36 - 3a 20 30 30 30 30 30 31  regfile6:.000001
00000010 : 33 35                                              35
文件2(HEX) : 
00000000 : 72 65 67 66 69 6c 65 36 - 3a 20 30 30 30 30 30 30  regfile6:.000000
00000010 : 35 36                                              56

第[2628 / 2628]行 - 第[16]个字符开始有差异：
        --------------------
        0         1         
        01234567890123456789
        --------------------
文件1 : regfile7: 000000cc<CR>
文件2 : regfile7: 00000055<CR>
文件1(HEX) : 
00000000 : 72 65 67 66 69 6c 65 37 - 3a 20 30 30 30 30 30 30  regfile7:.000000
00000010 : 63 63                                              cc
文件2(HEX) : 
00000000 : 72 65 67 66 69 6c 65 37 - 3a 20 30 30 30 30 30 30  regfile7:.000000
00000010 : 35 35                                              55

第[2629 / 2629]行 - 第[17]个字符开始有差异：
        --------------------
        0         1         
        01234567890123456789
        --------------------
文件1 : regfile8: 00000002<CR>
文件2 : regfile8: 00000001<CR>
文件1(HEX) : 
00000000 : 72 65 67 66 69 6c 65 38 - 3a 20 30 30 30 30 30 30  regfile8:.000000
00000010 : 30 32                                              02
文件2(HEX) : 
00000000 : 72 65 67 66 69 6c 65 38 - 3a 20 30 30 30 30 30 30  regfile8:.000000
00000010 : 30 31                                              01

第[2630 / 2630]行 - 第[17]个字符开始有差异：
        --------------------
        0         1         
        01234567890123456789
        --------------------
文件1 : regfile9: 00000001<CR>
文件2 : regfile9: 00000000<CR>
文件1(HEX) : 
00000000 : 72 65 67 66 69 6c 65 39 - 3a 20 30 30 30 30 30 30  regfile9:.000000
00000010 : 30 31                                              01
文件2(HEX) : 
00000000 : 72 65 67 66 69 6c 65 39 - 3a 20 30 30 30 30 30 30  regfile9:.000000
00000010 : 30 30                                              00

第[2631 / 2631]行 - 第[17]个字符开始有差异：
        --------------------
        0         1         
        01234567890123456789
        --------------------
文件1 : regfile10: 00000001<CR>
文件2 : regfile10: 00000041<CR>
文件1(HEX) : 
00000000 : 72 65 67 66 69 6c 65 31 - 30 3a 20 30 30 30 30 30  regfile10:.00000
00000010 : 30 30 31                                           001
文件2(HEX) : 
00000000 : 72 65 67 66 69 6c 65 31 - 30 3a 20 30 30 30 30 30  regfile10:.00000
00000010 : 30 34 31                                           041

第[2632 / 2632]行 - 第[17]个字符开始有差异：
        --------------------
        0         1         
        01234567890123456789
        --------------------
文件1 : regfile11: 00000068<CR>
文件2 : regfile11: 0000004c<CR>
文件1(HEX) : 
00000000 : 72 65 67 66 69 6c 65 31 - 31 3a 20 30 30 30 30 30  regfile11:.00000
00000010 : 30 36 38                                           068
文件2(HEX) : 
00000000 : 72 65 67 66 69 6c 65 31 - 31 3a 20 30 30 30 30 30  regfile11:.00000
00000010 : 30 34 63                                           04c

第[2633 / 2633]行 - 第[17]个字符开始有差异：
        --------------------
        0         1         
        01234567890123456789
        --------------------
文件1 : regfile12: 0000006a<CR>
文件2 : regfile12: 0000008d<CR>
文件1(HEX) : 
00000000 : 72 65 67 66 69 6c 65 31 - 32 3a 20 30 30 30 30 30  regfile12:.00000
00000010 : 30 36 61                                           06a
文件2(HEX) : 
00000000 : 72 65 67 66 69 6c 65 31 - 32 3a 20 30 30 30 30 30  regfile12:.00000
00000010 : 30 38 64                                           08d

第[2634 / 2634]行 - 第[17]个字符开始有差异：
        --------------------
        0         1         
        01234567890123456789
        --------------------
文件1 : regfile13: 00000043<CR>
文件2 : regfile13: 0000000c<CR>
文件1(HEX) : 
00000000 : 72 65 67 66 69 6c 65 31 - 33 3a 20 30 30 30 30 30  regfile13:.00000
00000010 : 30 34 33                                           043
文件2(HEX) : 
00000000 : 72 65 67 66 69 6c 65 31 - 33 3a 20 30 30 30 30 30  regfile13:.00000
00000010 : 30 30 63                                           00c

第[2635 / 2635]行 - 第[18]个字符开始有差异：
        --------------------
        0         1         
        01234567890123456789
        --------------------
文件1 : regfile14: 00000000<CR>
文件2 : regfile14: 00000001<CR>
文件1(HEX) : 
00000000 : 72 65 67 66 69 6c 65 31 - 34 3a 20 30 30 30 30 30  regfile14:.00000
00000010 : 30 30 30                                           000
文件2(HEX) : 
00000000 : 72 65 67 66 69 6c 65 31 - 34 3a 20 30 30 30 30 30  regfile14:.00000
00000010 : 30 30 31                                           001

第[2653 / 2653]行 - 第[10]个字符开始有差异：
        --------------------
        0         1         
        01234567890123456789
        --------------------
文件1 : pc: 00400098<CR>
文件2 : pc: 00400050<CR>
文件1(HEX) : 
00000000 : 70 63 3a 20 30 30 34 30 - 30 30 39 38              pc:.00400098
文件2(HEX) : 
00000000 : 70 63 3a 20 30 30 34 30 - 30 30 35 30              pc:.00400050

第[2654 / 2654]行 - 第[7]个字符开始有差异：
        --------------------
        0         1         
        01234567890123456789
        --------------------
文件1 : instr: 24090001<CR>
文件2 : instr: 000c6fc0<CR>
文件1(HEX) : 
00000000 : 69 6e 73 74 72 3a 20 32 - 34 30 39 30 30 30 31     instr:.24090001
文件2(HEX) : 
00000000 : 69 6e 73 74 72 3a 20 30 - 30 30 63 36 66 63 30     instr:.000c6fc0

第[2659 / 2659]行 - 第[17]个字符开始有差异：
        --------------------
        0         1         
        01234567890123456789
        --------------------
文件1 : regfile4: 00000003<CR>
文件2 : regfile4: 00000002<CR>
文件1(HEX) : 
00000000 : 72 65 67 66 69 6c 65 34 - 3a 20 30 30 30 30 30 30  regfile4:.000000
00000010 : 30 33                                              03
文件2(HEX) : 
00000000 : 72 65 67 66 69 6c 65 34 - 3a 20 30 30 30 30 30 30  regfile4:.000000
00000010 : 30 32                                              02

第[2661 / 2661]行 - 第[15]个字符开始有差异：
        --------------------
        0         1         
        01234567890123456789
        --------------------
文件1 : regfile6: 00000135<CR>
文件2 : regfile6: 00000056<CR>
文件1(HEX) : 
00000000 : 72 65 67 66 69 6c 65 36 - 3a 20 30 30 30 30 30 31  regfile6:.000001
00000010 : 33 35                                              35
文件2(HEX) : 
00000000 : 72 65 67 66 69 6c 65 36 - 3a 20 30 30 30 30 30 30  regfile6:.000000
00000010 : 35 36                                              56

第[2662 / 2662]行 - 第[16]个字符开始有差异：
        --------------------
        0         1         
        01234567890123456789
        --------------------
文件1 : regfile7: 000000cc<CR>
文件2 : regfile7: 00000055<CR>
文件1(HEX) : 
00000000 : 72 65 67 66 69 6c 65 37 - 3a 20 30 30 30 30 30 30  regfile7:.000000
00000010 : 63 63                                              cc
文件2(HEX) : 
00000000 : 72 65 67 66 69 6c 65 37 - 3a 20 30 30 30 30 30 30  regfile7:.000000
00000010 : 35 35                                              55

第[2663 / 2663]行 - 第[17]个字符开始有差异：
        --------------------
        0         1         
        01234567890123456789
        --------------------
文件1 : regfile8: 00000002<CR>
文件2 : regfile8: 00000001<CR>
文件1(HEX) : 
00000000 : 72 65 67 66 69 6c 65 38 - 3a 20 30 30 30 30 30 30  regfile8:.000000
00000010 : 30 32                                              02
文件2(HEX) : 
00000000 : 72 65 67 66 69 6c 65 38 - 3a 20 30 30 30 30 30 30  regfile8:.000000
00000010 : 30 31                                              01

第[2664 / 2664]行 - 第[17]个字符开始有差异：
        --------------------
        0         1         
        01234567890123456789
        --------------------
文件1 : regfile9: 00000001<CR>
文件2 : regfile9: 00000000<CR>
文件1(HEX) : 
00000000 : 72 65 67 66 69 6c 65 39 - 3a 20 30 30 30 30 30 30  regfile9:.000000
00000010 : 30 31                                              01
文件2(HEX) : 
00000000 : 72 65 67 66 69 6c 65 39 - 3a 20 30 30 30 30 30 30  regfile9:.000000
00000010 : 30 30                                              00

第[2665 / 2665]行 - 第[17]个字符开始有差异：
        --------------------
        0         1         
        01234567890123456789
        --------------------
文件1 : regfile10: 00000001<CR>
文件2 : regfile10: 00000041<CR>
文件1(HEX) : 
00000000 : 72 65 67 66 69 6c 65 31 - 30 3a 20 30 30 30 30 30  regfile10:.00000
00000010 : 30 30 31                                           001
文件2(HEX) : 
00000000 : 72 65 67 66 69 6c 65 31 - 30 3a 20 30 30 30 30 30  regfile10:.00000
00000010 : 30 34 31                                           041

第[2666 / 2666]行 - 第[17]个字符开始有差异：
        --------------------
        0         1         
        01234567890123456789
        --------------------
文件1 : regfile11: 00000068<CR>
文件2 : regfile11: 0000004c<CR>
文件1(HEX) : 
00000000 : 72 65 67 66 69 6c 65 31 - 31 3a 20 30 30 30 30 30  regfile11:.00000
00000010 : 30 36 38                                           068
文件2(HEX) : 
00000000 : 72 65 67 66 69 6c 65 31 - 31 3a 20 30 30 30 30 30  regfile11:.00000
00000010 : 30 34 63                                           04c

第[2667 / 2667]行 - 第[17]个字符开始有差异：
        --------------------
        0         1         
        01234567890123456789
        --------------------
文件1 : regfile12: 0000006a<CR>
文件2 : regfile12: 0000008d<CR>
文件1(HEX) : 
00000000 : 72 65 67 66 69 6c 65 31 - 32 3a 20 30 30 30 30 30  regfile12:.00000
00000010 : 30 36 61                                           06a
文件2(HEX) : 
00000000 : 72 65 67 66 69 6c 65 31 - 32 3a 20 30 30 30 30 30  regfile12:.00000
00000010 : 30 38 64                                           08d

第[2668 / 2668]行 - 第[11]个字符开始有差异：
        --------------------
        0         1         
        01234567890123456789
        --------------------
文件1 : regfile13: 00000043<CR>
文件2 : regfile13: 80000000<CR>
文件1(HEX) : 
00000000 : 72 65 67 66 69 6c 65 31 - 33 3a 20 30 30 30 30 30  regfile13:.00000
00000010 : 30 34 33                                           043
文件2(HEX) : 
00000000 : 72 65 67 66 69 6c 65 31 - 33 3a 20 38 30 30 30 30  regfile13:.80000
00000010 : 30 30 30                                           000

第[2669 / 2669]行 - 第[18]个字符开始有差异：
        --------------------
        0         1         
        01234567890123456789
        --------------------
文件1 : regfile14: 00000000<CR>
文件2 : regfile14: 00000001<CR>
文件1(HEX) : 
00000000 : 72 65 67 66 69 6c 65 31 - 34 3a 20 30 30 30 30 30  regfile14:.00000
00000010 : 30 30 30                                           000
文件2(HEX) : 
00000000 : 72 65 67 66 69 6c 65 31 - 34 3a 20 30 30 30 30 30  regfile14:.00000
00000010 : 30 30 31                                           001

第[2687 / 2687]行 - 第[10]个字符开始有差异：
        --------------------
        0         1         
        01234567890123456789
        --------------------
文件1 : pc: 0040009c<CR>
文件2 : pc: 00400054<CR>
文件1(HEX) : 
00000000 : 70 63 3a 20 30 30 34 30 - 30 30 39 63              pc:.0040009c
文件2(HEX) : 
00000000 : 70 63 3a 20 30 30 34 30 - 30 30 35 34              pc:.00400054

第[2688 / 2688]行 - 第[7]个字符开始有差异：
        --------------------
        0         1         
        01234567890123456789
        --------------------
文件1 : instr: 000c5820<CR>
文件2 : instr: 11a00001<CR>
文件1(HEX) : 
00000000 : 69 6e 73 74 72 3a 20 30 - 30 30 63 35 38 32 30     instr:.000c5820
文件2(HEX) : 
00000000 : 69 6e 73 74 72 3a 20 31 - 31 61 30 30 30 30 31     instr:.11a00001

第[2693 / 2693]行 - 第[17]个字符开始有差异：
        --------------------
        0         1         
        01234567890123456789
        --------------------
文件1 : regfile4: 00000003<CR>
文件2 : regfile4: 00000002<CR>
文件1(HEX) : 
00000000 : 72 65 67 66 69 6c 65 34 - 3a 20 30 30 30 30 30 30  regfile4:.000000
00000010 : 30 33                                              03
文件2(HEX) : 
00000000 : 72 65 67 66 69 6c 65 34 - 3a 20 30 30 30 30 30 30  regfile4:.000000
00000010 : 30 32                                              02

第[2695 / 2695]行 - 第[15]个字符开始有差异：
        --------------------
        0         1         
        01234567890123456789
        --------------------
文件1 : regfile6: 00000135<CR>
文件2 : regfile6: 00000056<CR>
文件1(HEX) : 
00000000 : 72 65 67 66 69 6c 65 36 - 3a 20 30 30 30 30 30 31  regfile6:.000001
00000010 : 33 35                                              35
文件2(HEX) : 
00000000 : 72 65 67 66 69 6c 65 36 - 3a 20 30 30 30 30 30 30  regfile6:.000000
00000010 : 35 36                                              56

第[2696 / 2696]行 - 第[16]个字符开始有差异：
        --------------------
        0         1         
        01234567890123456789
        --------------------
文件1 : regfile7: 000000cc<CR>
文件2 : regfile7: 00000055<CR>
文件1(HEX) : 
00000000 : 72 65 67 66 69 6c 65 37 - 3a 20 30 30 30 30 30 30  regfile7:.000000
00000010 : 63 63                                              cc
文件2(HEX) : 
00000000 : 72 65 67 66 69 6c 65 37 - 3a 20 30 30 30 30 30 30  regfile7:.000000
00000010 : 35 35                                              55

第[2697 / 2697]行 - 第[17]个字符开始有差异：
        --------------------
        0         1         
        01234567890123456789
        --------------------
文件1 : regfile8: 00000002<CR>
文件2 : regfile8: 00000001<CR>
文件1(HEX) : 
00000000 : 72 65 67 66 69 6c 65 38 - 3a 20 30 30 30 30 30 30  regfile8:.000000
00000010 : 30 32                                              02
文件2(HEX) : 
00000000 : 72 65 67 66 69 6c 65 38 - 3a 20 30 30 30 30 30 30  regfile8:.000000
00000010 : 30 31                                              01

第[2698 / 2698]行 - 第[17]个字符开始有差异：
        --------------------
        0         1         
        01234567890123456789
        --------------------
文件1 : regfile9: 00000001<CR>
文件2 : regfile9: 00000000<CR>
文件1(HEX) : 
00000000 : 72 65 67 66 69 6c 65 39 - 3a 20 30 30 30 30 30 30  regfile9:.000000
00000010 : 30 31                                              01
文件2(HEX) : 
00000000 : 72 65 67 66 69 6c 65 39 - 3a 20 30 30 30 30 30 30  regfile9:.000000
00000010 : 30 30                                              00

第[2699 / 2699]行 - 第[17]个字符开始有差异：
        --------------------
        0         1         
        01234567890123456789
        --------------------
文件1 : regfile10: 00000001<CR>
文件2 : regfile10: 00000041<CR>
文件1(HEX) : 
00000000 : 72 65 67 66 69 6c 65 31 - 30 3a 20 30 30 30 30 30  regfile10:.00000
00000010 : 30 30 31                                           001
文件2(HEX) : 
00000000 : 72 65 67 66 69 6c 65 31 - 30 3a 20 30 30 30 30 30  regfile10:.00000
00000010 : 30 34 31                                           041

第[2700 / 2700]行 - 第[17]个字符开始有差异：
        --------------------
        0         1         
        01234567890123456789
        --------------------
文件1 : regfile11: 00000068<CR>
文件2 : regfile11: 0000004c<CR>
文件1(HEX) : 
00000000 : 72 65 67 66 69 6c 65 31 - 31 3a 20 30 30 30 30 30  regfile11:.00000
00000010 : 30 36 38                                           068
文件2(HEX) : 
00000000 : 72 65 67 66 69 6c 65 31 - 31 3a 20 30 30 30 30 30  regfile11:.00000
00000010 : 30 34 63                                           04c

第[2701 / 2701]行 - 第[17]个字符开始有差异：
        --------------------
        0         1         
        01234567890123456789
        --------------------
文件1 : regfile12: 0000006a<CR>
文件2 : regfile12: 0000008d<CR>
文件1(HEX) : 
00000000 : 72 65 67 66 69 6c 65 31 - 32 3a 20 30 30 30 30 30  regfile12:.00000
00000010 : 30 36 61                                           06a
文件2(HEX) : 
00000000 : 72 65 67 66 69 6c 65 31 - 32 3a 20 30 30 30 30 30  regfile12:.00000
00000010 : 30 38 64                                           08d

第[2702 / 2702]行 - 第[11]个字符开始有差异：
        --------------------
        0         1         
        01234567890123456789
        --------------------
文件1 : regfile13: 00000043<CR>
文件2 : regfile13: 80000000<CR>
文件1(HEX) : 
00000000 : 72 65 67 66 69 6c 65 31 - 33 3a 20 30 30 30 30 30  regfile13:.00000
00000010 : 30 34 33                                           043
文件2(HEX) : 
00000000 : 72 65 67 66 69 6c 65 31 - 33 3a 20 38 30 30 30 30  regfile13:.80000
00000010 : 30 30 30                                           000

第[2703 / 2703]行 - 第[18]个字符开始有差异：
        --------------------
        0         1         
        01234567890123456789
        --------------------
文件1 : regfile14: 00000000<CR>
文件2 : regfile14: 00000001<CR>
文件1(HEX) : 
00000000 : 72 65 67 66 69 6c 65 31 - 34 3a 20 30 30 30 30 30  regfile14:.00000
00000010 : 30 30 30                                           000
文件2(HEX) : 
00000000 : 72 65 67 66 69 6c 65 31 - 34 3a 20 30 30 30 30 30  regfile14:.00000
00000010 : 30 30 31                                           001

第[2721 / 2721]行 - 第[10]个字符开始有差异：
        --------------------
        0         1         
        01234567890123456789
        --------------------
文件1 : pc: 004000a0<CR>
文件2 : pc: 00400058<CR>
文件1(HEX) : 
00000000 : 70 63 3a 20 30 30 34 30 - 30 30 61 30              pc:.004000a0
文件2(HEX) : 
00000000 : 70 63 3a 20 30 30 34 30 - 30 30 35 38              pc:.00400058

第[2722 / 2722]行 - 第[7]个字符开始有差异：
        --------------------
        0         1         
        01234567890123456789
        --------------------
文件1 : instr: 018a6823<CR>
文件2 : instr: 258c0001<CR>
文件1(HEX) : 
00000000 : 69 6e 73 74 72 3a 20 30 - 31 38 61 36 38 32 33     instr:.018a6823
文件2(HEX) : 
00000000 : 69 6e 73 74 72 3a 20 32 - 35 38 63 30 30 30 31     instr:.258c0001

第[2727 / 2727]行 - 第[17]个字符开始有差异：
        --------------------
        0         1         
        01234567890123456789
        --------------------
文件1 : regfile4: 00000003<CR>
文件2 : regfile4: 00000002<CR>
文件1(HEX) : 
00000000 : 72 65 67 66 69 6c 65 34 - 3a 20 30 30 30 30 30 30  regfile4:.000000
00000010 : 30 33                                              03
文件2(HEX) : 
00000000 : 72 65 67 66 69 6c 65 34 - 3a 20 30 30 30 30 30 30  regfile4:.000000
00000010 : 30 32                                              02

第[2729 / 2729]行 - 第[15]个字符开始有差异：
        --------------------
        0         1         
        01234567890123456789
        --------------------
文件1 : regfile6: 00000135<CR>
文件2 : regfile6: 00000056<CR>
文件1(HEX) : 
00000000 : 72 65 67 66 69 6c 65 36 - 3a 20 30 30 30 30 30 31  regfile6:.000001
00000010 : 33 35                                              35
文件2(HEX) : 
00000000 : 72 65 67 66 69 6c 65 36 - 3a 20 30 30 30 30 30 30  regfile6:.000000
00000010 : 35 36                                              56

第[2730 / 2730]行 - 第[16]个字符开始有差异：
        --------------------
        0         1         
        01234567890123456789
        --------------------
文件1 : regfile7: 000000cc<CR>
文件2 : regfile7: 00000055<CR>
文件1(HEX) : 
00000000 : 72 65 67 66 69 6c 65 37 - 3a 20 30 30 30 30 30 30  regfile7:.000000
00000010 : 63 63                                              cc
文件2(HEX) : 
00000000 : 72 65 67 66 69 6c 65 37 - 3a 20 30 30 30 30 30 30  regfile7:.000000
00000010 : 35 35                                              55

第[2731 / 2731]行 - 第[17]个字符开始有差异：
        --------------------
        0         1         
        01234567890123456789
        --------------------
文件1 : regfile8: 00000002<CR>
文件2 : regfile8: 00000001<CR>
文件1(HEX) : 
00000000 : 72 65 67 66 69 6c 65 38 - 3a 20 30 30 30 30 30 30  regfile8:.000000
00000010 : 30 32                                              02
文件2(HEX) : 
00000000 : 72 65 67 66 69 6c 65 38 - 3a 20 30 30 30 30 30 30  regfile8:.000000
00000010 : 30 31                                              01

第[2732 / 2732]行 - 第[17]个字符开始有差异：
        --------------------
        0         1         
        01234567890123456789
        --------------------
文件1 : regfile9: 00000001<CR>
文件2 : regfile9: 00000000<CR>
文件1(HEX) : 
00000000 : 72 65 67 66 69 6c 65 39 - 3a 20 30 30 30 30 30 30  regfile9:.000000
00000010 : 30 31                                              01
文件2(HEX) : 
00000000 : 72 65 67 66 69 6c 65 39 - 3a 20 30 30 30 30 30 30  regfile9:.000000
00000010 : 30 30                                              00

第[2733 / 2733]行 - 第[17]个字符开始有差异：
        --------------------
        0         1         
        01234567890123456789
        --------------------
文件1 : regfile10: 00000001<CR>
文件2 : regfile10: 00000041<CR>
文件1(HEX) : 
00000000 : 72 65 67 66 69 6c 65 31 - 30 3a 20 30 30 30 30 30  regfile10:.00000
00000010 : 30 30 31                                           001
文件2(HEX) : 
00000000 : 72 65 67 66 69 6c 65 31 - 30 3a 20 30 30 30 30 30  regfile10:.00000
00000010 : 30 34 31                                           041

第[2734 / 2734]行 - 第[17]个字符开始有差异：
        --------------------
        0         1         
        01234567890123456789
        --------------------
文件1 : regfile11: 00000068<CR>
文件2 : regfile11: 0000004c<CR>
文件1(HEX) : 
00000000 : 72 65 67 66 69 6c 65 31 - 31 3a 20 30 30 30 30 30  regfile11:.00000
00000010 : 30 36 38                                           068
文件2(HEX) : 
00000000 : 72 65 67 66 69 6c 65 31 - 31 3a 20 30 30 30 30 30  regfile11:.00000
00000010 : 30 34 63                                           04c

第[2735 / 2735]行 - 第[17]个字符开始有差异：
        --------------------
        0         1         
        01234567890123456789
        --------------------
文件1 : regfile12: 0000006a<CR>
文件2 : regfile12: 0000008e<CR>
文件1(HEX) : 
00000000 : 72 65 67 66 69 6c 65 31 - 32 3a 20 30 30 30 30 30  regfile12:.00000
00000010 : 30 36 61                                           06a
文件2(HEX) : 
00000000 : 72 65 67 66 69 6c 65 31 - 32 3a 20 30 30 30 30 30  regfile12:.00000
00000010 : 30 38 65                                           08e

第[2736 / 2736]行 - 第[11]个字符开始有差异：
        --------------------
        0         1         
        01234567890123456789
        --------------------
文件1 : regfile13: 00000043<CR>
文件2 : regfile13: 80000000<CR>
文件1(HEX) : 
00000000 : 72 65 67 66 69 6c 65 31 - 33 3a 20 30 30 30 30 30  regfile13:.00000
00000010 : 30 34 33                                           043
文件2(HEX) : 
00000000 : 72 65 67 66 69 6c 65 31 - 33 3a 20 38 30 30 30 30  regfile13:.80000
00000010 : 30 30 30                                           000

第[2737 / 2737]行 - 第[18]个字符开始有差异：
        --------------------
        0         1         
        01234567890123456789
        --------------------
文件1 : regfile14: 00000000<CR>
文件2 : regfile14: 00000001<CR>
文件1(HEX) : 
00000000 : 72 65 67 66 69 6c 65 31 - 34 3a 20 30 30 30 30 30  regfile14:.00000
00000010 : 30 30 30                                           000
文件2(HEX) : 
00000000 : 72 65 67 66 69 6c 65 31 - 34 3a 20 30 30 30 30 30  regfile14:.00000
00000010 : 30 30 31                                           001

第[2755 / 2755]行 - 第[10]个字符开始有差异：
        --------------------
        0         1         
        01234567890123456789
        --------------------
文件1 : pc: 004000a4<CR>
文件2 : pc: 0040005c<CR>
文件1(HEX) : 
00000000 : 70 63 3a 20 30 30 34 30 - 30 30 61 34              pc:.004000a4
文件2(HEX) : 
00000000 : 70 63 3a 20 30 30 34 30 - 30 30 35 63              pc:.0040005c

第[2756 / 2756]行 - 第[9]个字符开始有差异：
        --------------------
        0         1         
        01234567890123456789
        --------------------
文件1 : instr: 00ed3820<CR>
文件2 : instr: 000c6042<CR>
文件1(HEX) : 
00000000 : 69 6e 73 74 72 3a 20 30 - 30 65 64 33 38 32 30     instr:.00ed3820
文件2(HEX) : 
00000000 : 69 6e 73 74 72 3a 20 30 - 30 30 63 36 30 34 32     instr:.000c6042

第[2761 / 2761]行 - 第[17]个字符开始有差异：
        --------------------
        0         1         
        01234567890123456789
        --------------------
文件1 : regfile4: 00000003<CR>
文件2 : regfile4: 00000002<CR>
文件1(HEX) : 
00000000 : 72 65 67 66 69 6c 65 34 - 3a 20 30 30 30 30 30 30  regfile4:.000000
00000010 : 30 33                                              03
文件2(HEX) : 
00000000 : 72 65 67 66 69 6c 65 34 - 3a 20 30 30 30 30 30 30  regfile4:.000000
00000010 : 30 32                                              02

第[2763 / 2763]行 - 第[15]个字符开始有差异：
        --------------------
        0         1         
        01234567890123456789
        --------------------
文件1 : regfile6: 00000135<CR>
文件2 : regfile6: 00000056<CR>
文件1(HEX) : 
00000000 : 72 65 67 66 69 6c 65 36 - 3a 20 30 30 30 30 30 31  regfile6:.000001
00000010 : 33 35                                              35
文件2(HEX) : 
00000000 : 72 65 67 66 69 6c 65 36 - 3a 20 30 30 30 30 30 30  regfile6:.000000
00000010 : 35 36                                              56

第[2764 / 2764]行 - 第[16]个字符开始有差异：
        --------------------
        0         1         
        01234567890123456789
        --------------------
文件1 : regfile7: 000000cc<CR>
文件2 : regfile7: 00000055<CR>
文件1(HEX) : 
00000000 : 72 65 67 66 69 6c 65 37 - 3a 20 30 30 30 30 30 30  regfile7:.000000
00000010 : 63 63                                              cc
文件2(HEX) : 
00000000 : 72 65 67 66 69 6c 65 37 - 3a 20 30 30 30 30 30 30  regfile7:.000000
00000010 : 35 35                                              55

第[2765 / 2765]行 - 第[17]个字符开始有差异：
        --------------------
        0         1         
        01234567890123456789
        --------------------
文件1 : regfile8: 00000003<CR>
文件2 : regfile8: 00000001<CR>
文件1(HEX) : 
00000000 : 72 65 67 66 69 6c 65 38 - 3a 20 30 30 30 30 30 30  regfile8:.000000
00000010 : 30 33                                              03
文件2(HEX) : 
00000000 : 72 65 67 66 69 6c 65 38 - 3a 20 30 30 30 30 30 30  regfile8:.000000
00000010 : 30 31                                              01

第[2766 / 2766]行 - 第[17]个字符开始有差异：
        --------------------
        0         1         
        01234567890123456789
        --------------------
文件1 : regfile9: 00000001<CR>
文件2 : regfile9: 00000000<CR>
文件1(HEX) : 
00000000 : 72 65 67 66 69 6c 65 39 - 3a 20 30 30 30 30 30 30  regfile9:.000000
00000010 : 30 31                                              01
文件2(HEX) : 
00000000 : 72 65 67 66 69 6c 65 39 - 3a 20 30 30 30 30 30 30  regfile9:.000000
00000010 : 30 30                                              00

第[2767 / 2767]行 - 第[17]个字符开始有差异：
        --------------------
        0         1         
        01234567890123456789
        --------------------
文件1 : regfile10: 00000001<CR>
文件2 : regfile10: 00000041<CR>
文件1(HEX) : 
00000000 : 72 65 67 66 69 6c 65 31 - 30 3a 20 30 30 30 30 30  regfile10:.00000
00000010 : 30 30 31                                           001
文件2(HEX) : 
00000000 : 72 65 67 66 69 6c 65 31 - 30 3a 20 30 30 30 30 30  regfile10:.00000
00000010 : 30 34 31                                           041

第[2768 / 2768]行 - 第[17]个字符开始有差异：
        --------------------
        0         1         
        01234567890123456789
        --------------------
文件1 : regfile11: 00000068<CR>
文件2 : regfile11: 0000004c<CR>
文件1(HEX) : 
00000000 : 72 65 67 66 69 6c 65 31 - 31 3a 20 30 30 30 30 30  regfile11:.00000
00000010 : 30 36 38                                           068
文件2(HEX) : 
00000000 : 72 65 67 66 69 6c 65 31 - 31 3a 20 30 30 30 30 30  regfile11:.00000
00000010 : 30 34 63                                           04c

第[2769 / 2769]行 - 第[17]个字符开始有差异：
        --------------------
        0         1         
        01234567890123456789
        --------------------
文件1 : regfile12: 0000006a<CR>
文件2 : regfile12: 00000047<CR>
文件1(HEX) : 
00000000 : 72 65 67 66 69 6c 65 31 - 32 3a 20 30 30 30 30 30  regfile12:.00000
00000010 : 30 36 61                                           06a
文件2(HEX) : 
00000000 : 72 65 67 66 69 6c 65 31 - 32 3a 20 30 30 30 30 30  regfile12:.00000
00000010 : 30 34 37                                           047

第[2770 / 2770]行 - 第[11]个字符开始有差异：
        --------------------
        0         1         
        01234567890123456789
        --------------------
文件1 : regfile13: 00000043<CR>
文件2 : regfile13: 80000000<CR>
文件1(HEX) : 
00000000 : 72 65 67 66 69 6c 65 31 - 33 3a 20 30 30 30 30 30  regfile13:.00000
00000010 : 30 34 33                                           043
文件2(HEX) : 
00000000 : 72 65 67 66 69 6c 65 31 - 33 3a 20 38 30 30 30 30  regfile13:.80000
00000010 : 30 30 30                                           000

第[2771 / 2771]行 - 第[18]个字符开始有差异：
        --------------------
        0         1         
        01234567890123456789
        --------------------
文件1 : regfile14: 00000000<CR>
文件2 : regfile14: 00000001<CR>
文件1(HEX) : 
00000000 : 72 65 67 66 69 6c 65 31 - 34 3a 20 30 30 30 30 30  regfile14:.00000
00000010 : 30 30 30                                           000
文件2(HEX) : 
00000000 : 72 65 67 66 69 6c 65 31 - 34 3a 20 30 30 30 30 30  regfile14:.00000
00000010 : 30 30 31                                           001

第[2789 / 2789]行 - 第[10]个字符开始有差异：
        --------------------
        0         1         
        01234567890123456789
        --------------------
文件1 : pc: 004000a8<CR>
文件2 : pc: 00400060<CR>
文件1(HEX) : 
00000000 : 70 63 3a 20 30 30 34 30 - 30 30 61 38              pc:.004000a8
文件2(HEX) : 
00000000 : 70 63 3a 20 30 30 34 30 - 30 30 36 30              pc:.00400060

第[2790 / 2790]行 - 第[7]个字符开始有差异：
        --------------------
        0         1         
        01234567890123456789
        --------------------
文件1 : instr: 1000ffe6<CR>
文件2 : instr: 24a50001<CR>
文件1(HEX) : 
00000000 : 69 6e 73 74 72 3a 20 31 - 30 30 30 66 66 65 36     instr:.1000ffe6
文件2(HEX) : 
00000000 : 69 6e 73 74 72 3a 20 32 - 34 61 35 30 30 30 31     instr:.24a50001

第[2795 / 2795]行 - 第[17]个字符开始有差异：
        --------------------
        0         1         
        01234567890123456789
        --------------------
文件1 : regfile4: 00000004<CR>
文件2 : regfile4: 00000002<CR>
文件1(HEX) : 
00000000 : 72 65 67 66 69 6c 65 34 - 3a 20 30 30 30 30 30 30  regfile4:.000000
00000010 : 30 34                                              04
文件2(HEX) : 
00000000 : 72 65 67 66 69 6c 65 34 - 3a 20 30 30 30 30 30 30  regfile4:.000000
00000010 : 30 32                                              02

第[2796 / 2796]行 - 第[17]个字符开始有差异：
        --------------------
        0         1         
        01234567890123456789
        --------------------
文件1 : regfile5: 00000003<CR>
文件2 : regfile5: 00000004<CR>
文件1(HEX) : 
00000000 : 72 65 67 66 69 6c 65 35 - 3a 20 30 30 30 30 30 30  regfile5:.000000
00000010 : 30 33                                              03
文件2(HEX) : 
00000000 : 72 65 67 66 69 6c 65 35 - 3a 20 30 30 30 30 30 30  regfile5:.000000
00000010 : 30 34                                              04

第[2797 / 2797]行 - 第[15]个字符开始有差异：
        --------------------
        0         1         
        01234567890123456789
        --------------------
文件1 : regfile6: 00000135<CR>
文件2 : regfile6: 00000056<CR>
文件1(HEX) : 
00000000 : 72 65 67 66 69 6c 65 36 - 3a 20 30 30 30 30 30 31  regfile6:.000001
00000010 : 33 35                                              35
文件2(HEX) : 
00000000 : 72 65 67 66 69 6c 65 36 - 3a 20 30 30 30 30 30 30  regfile6:.000000
00000010 : 35 36                                              56

第[2798 / 2798]行 - 第[16]个字符开始有差异：
        --------------------
        0         1         
        01234567890123456789
        --------------------
文件1 : regfile7: 000000cc<CR>
文件2 : regfile7: 00000055<CR>
文件1(HEX) : 
00000000 : 72 65 67 66 69 6c 65 37 - 3a 20 30 30 30 30 30 30  regfile7:.000000
00000010 : 63 63                                              cc
文件2(HEX) : 
00000000 : 72 65 67 66 69 6c 65 37 - 3a 20 30 30 30 30 30 30  regfile7:.000000
00000010 : 35 35                                              55

第[2799 / 2799]行 - 第[17]个字符开始有差异：
        --------------------
        0         1         
        01234567890123456789
        --------------------
文件1 : regfile8: 00000003<CR>
文件2 : regfile8: 00000001<CR>
文件1(HEX) : 
00000000 : 72 65 67 66 69 6c 65 38 - 3a 20 30 30 30 30 30 30  regfile8:.000000
00000010 : 30 33                                              03
文件2(HEX) : 
00000000 : 72 65 67 66 69 6c 65 38 - 3a 20 30 30 30 30 30 30  regfile8:.000000
00000010 : 30 31                                              01

第[2800 / 2800]行 - 第[17]个字符开始有差异：
        --------------------
        0         1         
        01234567890123456789
        --------------------
文件1 : regfile9: 00000001<CR>
文件2 : regfile9: 00000000<CR>
文件1(HEX) : 
00000000 : 72 65 67 66 69 6c 65 39 - 3a 20 30 30 30 30 30 30  regfile9:.000000
00000010 : 30 31                                              01
文件2(HEX) : 
00000000 : 72 65 67 66 69 6c 65 39 - 3a 20 30 30 30 30 30 30  regfile9:.000000
00000010 : 30 30                                              00

第[2801 / 2801]行 - 第[17]个字符开始有差异：
        --------------------
        0         1         
        01234567890123456789
        --------------------
文件1 : regfile10: 00000001<CR>
文件2 : regfile10: 00000041<CR>
文件1(HEX) : 
00000000 : 72 65 67 66 69 6c 65 31 - 30 3a 20 30 30 30 30 30  regfile10:.00000
00000010 : 30 30 31                                           001
文件2(HEX) : 
00000000 : 72 65 67 66 69 6c 65 31 - 30 3a 20 30 30 30 30 30  regfile10:.00000
00000010 : 30 34 31                                           041

第[2802 / 2802]行 - 第[17]个字符开始有差异：
        --------------------
        0         1         
        01234567890123456789
        --------------------
文件1 : regfile11: 00000068<CR>
文件2 : regfile11: 0000004c<CR>
文件1(HEX) : 
00000000 : 72 65 67 66 69 6c 65 31 - 31 3a 20 30 30 30 30 30  regfile11:.00000
00000010 : 30 36 38                                           068
文件2(HEX) : 
00000000 : 72 65 67 66 69 6c 65 31 - 31 3a 20 30 30 30 30 30  regfile11:.00000
00000010 : 30 34 63                                           04c

第[2803 / 2803]行 - 第[17]个字符开始有差异：
        --------------------
        0         1         
        01234567890123456789
        --------------------
文件1 : regfile12: 0000006a<CR>
文件2 : regfile12: 00000047<CR>
文件1(HEX) : 
00000000 : 72 65 67 66 69 6c 65 31 - 32 3a 20 30 30 30 30 30  regfile12:.00000
00000010 : 30 36 61                                           06a
文件2(HEX) : 
00000000 : 72 65 67 66 69 6c 65 31 - 32 3a 20 30 30 30 30 30  regfile12:.00000
00000010 : 30 34 37                                           047

第[2804 / 2804]行 - 第[11]个字符开始有差异：
        --------------------
        0         1         
        01234567890123456789
        --------------------
文件1 : regfile13: 00000043<CR>
文件2 : regfile13: 80000000<CR>
文件1(HEX) : 
00000000 : 72 65 67 66 69 6c 65 31 - 33 3a 20 30 30 30 30 30  regfile13:.00000
00000010 : 30 34 33                                           043
文件2(HEX) : 
00000000 : 72 65 67 66 69 6c 65 31 - 33 3a 20 38 30 30 30 30  regfile13:.80000
00000010 : 30 30 30                                           000

第[2805 / 2805]行 - 第[18]个字符开始有差异：
        --------------------
        0         1         
        01234567890123456789
        --------------------
文件1 : regfile14: 00000000<CR>
文件2 : regfile14: 00000001<CR>
文件1(HEX) : 
00000000 : 72 65 67 66 69 6c 65 31 - 34 3a 20 30 30 30 30 30  regfile14:.00000
00000010 : 30 30 30                                           000
文件2(HEX) : 
00000000 : 72 65 67 66 69 6c 65 31 - 34 3a 20 30 30 30 30 30  regfile14:.00000
00000010 : 30 30 31                                           001

第[2823 / 2823]行 - 第[10]个字符开始有差异：
        --------------------
        0         1         
        01234567890123456789
        --------------------
文件1 : pc: 004000a8<CR>
文件2 : pc: 00400064<CR>
文件1(HEX) : 
00000000 : 70 63 3a 20 30 30 34 30 - 30 30 61 38              pc:.004000a8
文件2(HEX) : 
00000000 : 70 63 3a 20 30 30 34 30 - 30 30 36 34              pc:.00400064

第[2824 / 2824]行 - 第[8]个字符开始有差异：
        --------------------
        0         1         
        01234567890123456789
        --------------------
文件1 : instr: 00000000<CR>
文件2 : instr: 018a6823<CR>
文件1(HEX) : 
00000000 : 69 6e 73 74 72 3a 20 30 - 30 30 30 30 30 30 30     instr:.00000000
文件2(HEX) : 
00000000 : 69 6e 73 74 72 3a 20 30 - 31 38 61 36 38 32 33     instr:.018a6823

第[2829 / 2829]行 - 第[17]个字符开始有差异：
        --------------------
        0         1         
        01234567890123456789
        --------------------
文件1 : regfile4: 00000004<CR>
文件2 : regfile4: 00000002<CR>
文件1(HEX) : 
00000000 : 72 65 67 66 69 6c 65 34 - 3a 20 30 30 30 30 30 30  regfile4:.000000
00000010 : 30 34                                              04
文件2(HEX) : 
00000000 : 72 65 67 66 69 6c 65 34 - 3a 20 30 30 30 30 30 30  regfile4:.000000
00000010 : 30 32                                              02

第[2830 / 2830]行 - 第[17]个字符开始有差异：
        --------------------
        0         1         
        01234567890123456789
        --------------------
文件1 : regfile5: 00000003<CR>
文件2 : regfile5: 00000004<CR>
文件1(HEX) : 
00000000 : 72 65 67 66 69 6c 65 35 - 3a 20 30 30 30 30 30 30  regfile5:.000000
00000010 : 30 33                                              03
文件2(HEX) : 
00000000 : 72 65 67 66 69 6c 65 35 - 3a 20 30 30 30 30 30 30  regfile5:.000000
00000010 : 30 34                                              04

第[2831 / 2831]行 - 第[15]个字符开始有差异：
        --------------------
        0         1         
        01234567890123456789
        --------------------
文件1 : regfile6: 00000135<CR>
文件2 : regfile6: 00000056<CR>
文件1(HEX) : 
00000000 : 72 65 67 66 69 6c 65 36 - 3a 20 30 30 30 30 30 31  regfile6:.000001
00000010 : 33 35                                              35
文件2(HEX) : 
00000000 : 72 65 67 66 69 6c 65 36 - 3a 20 30 30 30 30 30 30  regfile6:.000000
00000010 : 35 36                                              56

第[2832 / 2832]行 - 第[16]个字符开始有差异：
        --------------------
        0         1         
        01234567890123456789
        --------------------
文件1 : regfile7: 000000cc<CR>
文件2 : regfile7: 00000055<CR>
文件1(HEX) : 
00000000 : 72 65 67 66 69 6c 65 37 - 3a 20 30 30 30 30 30 30  regfile7:.000000
00000010 : 63 63                                              cc
文件2(HEX) : 
00000000 : 72 65 67 66 69 6c 65 37 - 3a 20 30 30 30 30 30 30  regfile7:.000000
00000010 : 35 35                                              55

第[2833 / 2833]行 - 第[17]个字符开始有差异：
        --------------------
        0         1         
        01234567890123456789
        --------------------
文件1 : regfile8: 00000003<CR>
文件2 : regfile8: 00000001<CR>
文件1(HEX) : 
00000000 : 72 65 67 66 69 6c 65 38 - 3a 20 30 30 30 30 30 30  regfile8:.000000
00000010 : 30 33                                              03
文件2(HEX) : 
00000000 : 72 65 67 66 69 6c 65 38 - 3a 20 30 30 30 30 30 30  regfile8:.000000
00000010 : 30 31                                              01

第[2834 / 2834]行 - 第[17]个字符开始有差异：
        --------------------
        0         1         
        01234567890123456789
        --------------------
文件1 : regfile9: 00000001<CR>
文件2 : regfile9: 00000000<CR>
文件1(HEX) : 
00000000 : 72 65 67 66 69 6c 65 39 - 3a 20 30 30 30 30 30 30  regfile9:.000000
00000010 : 30 31                                              01
文件2(HEX) : 
00000000 : 72 65 67 66 69 6c 65 39 - 3a 20 30 30 30 30 30 30  regfile9:.000000
00000010 : 30 30                                              00

第[2835 / 2835]行 - 第[17]个字符开始有差异：
        --------------------
        0         1         
        01234567890123456789
        --------------------
文件1 : regfile10: 00000001<CR>
文件2 : regfile10: 00000041<CR>
文件1(HEX) : 
00000000 : 72 65 67 66 69 6c 65 31 - 30 3a 20 30 30 30 30 30  regfile10:.00000
00000010 : 30 30 31                                           001
文件2(HEX) : 
00000000 : 72 65 67 66 69 6c 65 31 - 30 3a 20 30 30 30 30 30  regfile10:.00000
00000010 : 30 34 31                                           041

第[2836 / 2836]行 - 第[17]个字符开始有差异：
        --------------------
        0         1         
        01234567890123456789
        --------------------
文件1 : regfile11: 00000068<CR>
文件2 : regfile11: 0000004c<CR>
文件1(HEX) : 
00000000 : 72 65 67 66 69 6c 65 31 - 31 3a 20 30 30 30 30 30  regfile11:.00000
00000010 : 30 36 38                                           068
文件2(HEX) : 
00000000 : 72 65 67 66 69 6c 65 31 - 31 3a 20 30 30 30 30 30  regfile11:.00000
00000010 : 30 34 63                                           04c

第[2837 / 2837]行 - 第[17]个字符开始有差异：
        --------------------
        0         1         
        01234567890123456789
        --------------------
文件1 : regfile12: 0000006a<CR>
文件2 : regfile12: 00000047<CR>
文件1(HEX) : 
00000000 : 72 65 67 66 69 6c 65 31 - 32 3a 20 30 30 30 30 30  regfile12:.00000
00000010 : 30 36 61                                           06a
文件2(HEX) : 
00000000 : 72 65 67 66 69 6c 65 31 - 32 3a 20 30 30 30 30 30  regfile12:.00000
00000010 : 30 34 37                                           047

第[2838 / 2838]行 - 第[17]个字符开始有差异：
        --------------------
        0         1         
        01234567890123456789
        --------------------
文件1 : regfile13: 00000043<CR>
文件2 : regfile13: 00000006<CR>
文件1(HEX) : 
00000000 : 72 65 67 66 69 6c 65 31 - 33 3a 20 30 30 30 30 30  regfile13:.00000
00000010 : 30 34 33                                           043
文件2(HEX) : 
00000000 : 72 65 67 66 69 6c 65 31 - 33 3a 20 30 30 30 30 30  regfile13:.00000
00000010 : 30 30 36                                           006

第[2839 / 2839]行 - 第[18]个字符开始有差异：
        --------------------
        0         1         
        01234567890123456789
        --------------------
文件1 : regfile14: 00000000<CR>
文件2 : regfile14: 00000001<CR>
文件1(HEX) : 
00000000 : 72 65 67 66 69 6c 65 31 - 34 3a 20 30 30 30 30 30  regfile14:.00000
00000010 : 30 30 30                                           000
文件2(HEX) : 
00000000 : 72 65 67 66 69 6c 65 31 - 34 3a 20 30 30 30 30 30  regfile14:.00000
00000010 : 30 30 31                                           001

第[2857 / 2857]行 - 第[10]个字符开始有差异：
        --------------------
        0         1         
        01234567890123456789
        --------------------
文件1 : pc: 00400044<CR>
文件2 : pc: 00400068<CR>
文件1(HEX) : 
00000000 : 70 63 3a 20 30 30 34 30 - 30 30 34 34              pc:.00400044
文件2(HEX) : 
00000000 : 70 63 3a 20 30 30 34 30 - 30 30 36 38              pc:.00400068

第[2858 / 2858]行 - 第[8]个字符开始有差异：
        --------------------
        0         1         
        01234567890123456789
        --------------------
文件1 : instr: 014b602b<CR>
文件2 : instr: 00cd3020<CR>
文件1(HEX) : 
00000000 : 69 6e 73 74 72 3a 20 30 - 31 34 62 36 30 32 62     instr:.014b602b
文件2(HEX) : 
00000000 : 69 6e 73 74 72 3a 20 30 - 30 63 64 33 30 32 30     instr:.00cd3020

第[2863 / 2863]行 - 第[17]个字符开始有差异：
        --------------------
        0         1         
        01234567890123456789
        --------------------
文件1 : regfile4: 00000004<CR>
文件2 : regfile4: 00000002<CR>
文件1(HEX) : 
00000000 : 72 65 67 66 69 6c 65 34 - 3a 20 30 30 30 30 30 30  regfile4:.000000
00000010 : 30 34                                              04
文件2(HEX) : 
00000000 : 72 65 67 66 69 6c 65 34 - 3a 20 30 30 30 30 30 30  regfile4:.000000
00000010 : 30 32                                              02

第[2864 / 2864]行 - 第[17]个字符开始有差异：
        --------------------
        0         1         
        01234567890123456789
        --------------------
文件1 : regfile5: 00000003<CR>
文件2 : regfile5: 00000004<CR>
文件1(HEX) : 
00000000 : 72 65 67 66 69 6c 65 35 - 3a 20 30 30 30 30 30 30  regfile5:.000000
00000010 : 30 33                                              03
文件2(HEX) : 
00000000 : 72 65 67 66 69 6c 65 35 - 3a 20 30 30 30 30 30 30  regfile5:.000000
00000010 : 30 34                                              04

第[2865 / 2865]行 - 第[15]个字符开始有差异：
        --------------------
        0         1         
        01234567890123456789
        --------------------
文件1 : regfile6: 00000135<CR>
文件2 : regfile6: 0000005c<CR>
文件1(HEX) : 
00000000 : 72 65 67 66 69 6c 65 36 - 3a 20 30 30 30 30 30 31  regfile6:.000001
00000010 : 33 35                                              35
文件2(HEX) : 
00000000 : 72 65 67 66 69 6c 65 36 - 3a 20 30 30 30 30 30 30  regfile6:.000000
00000010 : 35 63                                              5c

第[2866 / 2866]行 - 第[16]个字符开始有差异：
        --------------------
        0         1         
        01234567890123456789
        --------------------
文件1 : regfile7: 000000cc<CR>
文件2 : regfile7: 00000055<CR>
文件1(HEX) : 
00000000 : 72 65 67 66 69 6c 65 37 - 3a 20 30 30 30 30 30 30  regfile7:.000000
00000010 : 63 63                                              cc
文件2(HEX) : 
00000000 : 72 65 67 66 69 6c 65 37 - 3a 20 30 30 30 30 30 30  regfile7:.000000
00000010 : 35 35                                              55

第[2867 / 2867]行 - 第[17]个字符开始有差异：
        --------------------
        0         1         
        01234567890123456789
        --------------------
文件1 : regfile8: 00000003<CR>
文件2 : regfile8: 00000001<CR>
文件1(HEX) : 
00000000 : 72 65 67 66 69 6c 65 38 - 3a 20 30 30 30 30 30 30  regfile8:.000000
00000010 : 30 33                                              03
文件2(HEX) : 
00000000 : 72 65 67 66 69 6c 65 38 - 3a 20 30 30 30 30 30 30  regfile8:.000000
00000010 : 30 31                                              01

第[2868 / 2868]行 - 第[17]个字符开始有差异：
        --------------------
        0         1         
        01234567890123456789
        --------------------
文件1 : regfile9: 00000001<CR>
文件2 : regfile9: 00000000<CR>
文件1(HEX) : 
00000000 : 72 65 67 66 69 6c 65 39 - 3a 20 30 30 30 30 30 30  regfile9:.000000
00000010 : 30 31                                              01
文件2(HEX) : 
00000000 : 72 65 67 66 69 6c 65 39 - 3a 20 30 30 30 30 30 30  regfile9:.000000
00000010 : 30 30                                              00

第[2869 / 2869]行 - 第[17]个字符开始有差异：
        --------------------
        0         1         
        01234567890123456789
        --------------------
文件1 : regfile10: 00000001<CR>
文件2 : regfile10: 00000041<CR>
文件1(HEX) : 
00000000 : 72 65 67 66 69 6c 65 31 - 30 3a 20 30 30 30 30 30  regfile10:.00000
00000010 : 30 30 31                                           001
文件2(HEX) : 
00000000 : 72 65 67 66 69 6c 65 31 - 30 3a 20 30 30 30 30 30  regfile10:.00000
00000010 : 30 34 31                                           041

第[2870 / 2870]行 - 第[17]个字符开始有差异：
        --------------------
        0         1         
        01234567890123456789
        --------------------
文件1 : regfile11: 0000006a<CR>
文件2 : regfile11: 0000004c<CR>
文件1(HEX) : 
00000000 : 72 65 67 66 69 6c 65 31 - 31 3a 20 30 30 30 30 30  regfile11:.00000
00000010 : 30 36 61                                           06a
文件2(HEX) : 
00000000 : 72 65 67 66 69 6c 65 31 - 31 3a 20 30 30 30 30 30  regfile11:.00000
00000010 : 30 34 63                                           04c

第[2871 / 2871]行 - 第[17]个字符开始有差异：
        --------------------
        0         1         
        01234567890123456789
        --------------------
文件1 : regfile12: 0000006a<CR>
文件2 : regfile12: 00000047<CR>
文件1(HEX) : 
00000000 : 72 65 67 66 69 6c 65 31 - 32 3a 20 30 30 30 30 30  regfile12:.00000
00000010 : 30 36 61                                           06a
文件2(HEX) : 
00000000 : 72 65 67 66 69 6c 65 31 - 32 3a 20 30 30 30 30 30  regfile12:.00000
00000010 : 30 34 37                                           047

第[2872 / 2872]行 - 第[17]个字符开始有差异：
        --------------------
        0         1         
        01234567890123456789
        --------------------
文件1 : regfile13: 00000043<CR>
文件2 : regfile13: 00000006<CR>
文件1(HEX) : 
00000000 : 72 65 67 66 69 6c 65 31 - 33 3a 20 30 30 30 30 30  regfile13:.00000
00000010 : 30 34 33                                           043
文件2(HEX) : 
00000000 : 72 65 67 66 69 6c 65 31 - 33 3a 20 30 30 30 30 30  regfile13:.00000
00000010 : 30 30 36                                           006

第[2873 / 2873]行 - 第[18]个字符开始有差异：
        --------------------
        0         1         
        01234567890123456789
        --------------------
文件1 : regfile14: 00000000<CR>
文件2 : regfile14: 00000001<CR>
文件1(HEX) : 
00000000 : 72 65 67 66 69 6c 65 31 - 34 3a 20 30 30 30 30 30  regfile14:.00000
00000010 : 30 30 30                                           000
文件2(HEX) : 
00000000 : 72 65 67 66 69 6c 65 31 - 34 3a 20 30 30 30 30 30  regfile14:.00000
00000010 : 30 30 31                                           001

第[2891 / 2891]行 - 第[10]个字符开始有差异：
        --------------------
        0         1         
        01234567890123456789
        --------------------
文件1 : pc: 00400048<CR>
文件2 : pc: 0040006c<CR>
文件1(HEX) : 
00000000 : 70 63 3a 20 30 30 34 30 - 30 30 34 38              pc:.00400048
文件2(HEX) : 
00000000 : 70 63 3a 20 30 30 34 30 - 30 30 36 63              pc:.0040006c

第[2892 / 2892]行 - 第[7]个字符开始有差异：
        --------------------
        0         1         
        01234567890123456789
        --------------------
文件1 : instr: 11800018<CR>
文件2 : instr: 246d0001<CR>
文件1(HEX) : 
00000000 : 69 6e 73 74 72 3a 20 31 - 31 38 30 30 30 31 38     instr:.11800018
文件2(HEX) : 
00000000 : 69 6e 73 74 72 3a 20 32 - 34 36 64 30 30 30 31     instr:.246d0001

第[2897 / 2897]行 - 第[17]个字符开始有差异：
        --------------------
        0         1         
        01234567890123456789
        --------------------
文件1 : regfile4: 00000004<CR>
文件2 : regfile4: 00000002<CR>
文件1(HEX) : 
00000000 : 72 65 67 66 69 6c 65 34 - 3a 20 30 30 30 30 30 30  regfile4:.000000
00000010 : 30 34                                              04
文件2(HEX) : 
00000000 : 72 65 67 66 69 6c 65 34 - 3a 20 30 30 30 30 30 30  regfile4:.000000
00000010 : 30 32                                              02

第[2898 / 2898]行 - 第[17]个字符开始有差异：
        --------------------
        0         1         
        01234567890123456789
        --------------------
文件1 : regfile5: 00000003<CR>
文件2 : regfile5: 00000004<CR>
文件1(HEX) : 
00000000 : 72 65 67 66 69 6c 65 35 - 3a 20 30 30 30 30 30 30  regfile5:.000000
00000010 : 30 33                                              03
文件2(HEX) : 
00000000 : 72 65 67 66 69 6c 65 35 - 3a 20 30 30 30 30 30 30  regfile5:.000000
00000010 : 30 34                                              04

第[2899 / 2899]行 - 第[15]个字符开始有差异：
        --------------------
        0         1         
        01234567890123456789
        --------------------
文件1 : regfile6: 00000135<CR>
文件2 : regfile6: 0000005c<CR>
文件1(HEX) : 
00000000 : 72 65 67 66 69 6c 65 36 - 3a 20 30 30 30 30 30 31  regfile6:.000001
00000010 : 33 35                                              35
文件2(HEX) : 
00000000 : 72 65 67 66 69 6c 65 36 - 3a 20 30 30 30 30 30 30  regfile6:.000000
00000010 : 35 63                                              5c

第[2900 / 2900]行 - 第[16]个字符开始有差异：
        --------------------
        0         1         
        01234567890123456789
        --------------------
文件1 : regfile7: 000000cc<CR>
文件2 : regfile7: 00000055<CR>
文件1(HEX) : 
00000000 : 72 65 67 66 69 6c 65 37 - 3a 20 30 30 30 30 30 30  regfile7:.000000
00000010 : 63 63                                              cc
文件2(HEX) : 
00000000 : 72 65 67 66 69 6c 65 37 - 3a 20 30 30 30 30 30 30  regfile7:.000000
00000010 : 35 35                                              55

第[2901 / 2901]行 - 第[17]个字符开始有差异：
        --------------------
        0         1         
        01234567890123456789
        --------------------
文件1 : regfile8: 00000003<CR>
文件2 : regfile8: 00000001<CR>
文件1(HEX) : 
00000000 : 72 65 67 66 69 6c 65 38 - 3a 20 30 30 30 30 30 30  regfile8:.000000
00000010 : 30 33                                              03
文件2(HEX) : 
00000000 : 72 65 67 66 69 6c 65 38 - 3a 20 30 30 30 30 30 30  regfile8:.000000
00000010 : 30 31                                              01

第[2902 / 2902]行 - 第[17]个字符开始有差异：
        --------------------
        0         1         
        01234567890123456789
        --------------------
文件1 : regfile9: 00000001<CR>
文件2 : regfile9: 00000000<CR>
文件1(HEX) : 
00000000 : 72 65 67 66 69 6c 65 39 - 3a 20 30 30 30 30 30 30  regfile9:.000000
00000010 : 30 31                                              01
文件2(HEX) : 
00000000 : 72 65 67 66 69 6c 65 39 - 3a 20 30 30 30 30 30 30  regfile9:.000000
00000010 : 30 30                                              00

第[2903 / 2903]行 - 第[17]个字符开始有差异：
        --------------------
        0         1         
        01234567890123456789
        --------------------
文件1 : regfile10: 00000001<CR>
文件2 : regfile10: 00000041<CR>
文件1(HEX) : 
00000000 : 72 65 67 66 69 6c 65 31 - 30 3a 20 30 30 30 30 30  regfile10:.00000
00000010 : 30 30 31                                           001
文件2(HEX) : 
00000000 : 72 65 67 66 69 6c 65 31 - 30 3a 20 30 30 30 30 30  regfile10:.00000
00000010 : 30 34 31                                           041

第[2904 / 2904]行 - 第[17]个字符开始有差异：
        --------------------
        0         1         
        01234567890123456789
        --------------------
文件1 : regfile11: 0000006a<CR>
文件2 : regfile11: 0000004c<CR>
文件1(HEX) : 
00000000 : 72 65 67 66 69 6c 65 31 - 31 3a 20 30 30 30 30 30  regfile11:.00000
00000010 : 30 36 61                                           06a
文件2(HEX) : 
00000000 : 72 65 67 66 69 6c 65 31 - 31 3a 20 30 30 30 30 30  regfile11:.00000
00000010 : 30 34 63                                           04c

第[2905 / 2905]行 - 第[17]个字符开始有差异：
        --------------------
        0         1         
        01234567890123456789
        --------------------
文件1 : regfile12: 0000006a<CR>
文件2 : regfile12: 00000047<CR>
文件1(HEX) : 
00000000 : 72 65 67 66 69 6c 65 31 - 32 3a 20 30 30 30 30 30  regfile12:.00000
00000010 : 30 36 61                                           06a
文件2(HEX) : 
00000000 : 72 65 67 66 69 6c 65 31 - 32 3a 20 30 30 30 30 30  regfile12:.00000
00000010 : 30 34 37                                           047

第[2906 / 2906]行 - 第[17]个字符开始有差异：
        --------------------
        0         1         
        01234567890123456789
        --------------------
文件1 : regfile13: 00000069<CR>
文件2 : regfile13: 00000043<CR>
文件1(HEX) : 
00000000 : 72 65 67 66 69 6c 65 31 - 33 3a 20 30 30 30 30 30  regfile13:.00000
00000010 : 30 36 39                                           069
文件2(HEX) : 
00000000 : 72 65 67 66 69 6c 65 31 - 33 3a 20 30 30 30 30 30  regfile13:.00000
00000010 : 30 34 33                                           043

第[2907 / 2907]行 - 第[18]个字符开始有差异：
        --------------------
        0         1         
        01234567890123456789
        --------------------
文件1 : regfile14: 00000000<CR>
文件2 : regfile14: 00000001<CR>
文件1(HEX) : 
00000000 : 72 65 67 66 69 6c 65 31 - 34 3a 20 30 30 30 30 30  regfile14:.00000
00000010 : 30 30 30                                           000
文件2(HEX) : 
00000000 : 72 65 67 66 69 6c 65 31 - 34 3a 20 30 30 30 30 30  regfile14:.00000
00000010 : 30 30 31                                           001

第[2925 / 2925]行 - 第[10]个字符开始有差异：
        --------------------
        0         1         
        01234567890123456789
        --------------------
文件1 : pc: 00400048<CR>
文件2 : pc: 00400070<CR>
文件1(HEX) : 
00000000 : 70 63 3a 20 30 30 34 30 - 30 30 34 38              pc:.00400048
文件2(HEX) : 
00000000 : 70 63 3a 20 30 30 34 30 - 30 30 37 30              pc:.00400070

第[2926 / 2926]行 - 第[8]个字符开始有差异：
        --------------------
        0         1         
        01234567890123456789
        --------------------
文件1 : instr: 00000000<CR>
文件2 : instr: 018d702b<CR>
文件1(HEX) : 
00000000 : 69 6e 73 74 72 3a 20 30 - 30 30 30 30 30 30 30     instr:.00000000
文件2(HEX) : 
00000000 : 69 6e 73 74 72 3a 20 30 - 31 38 64 37 30 32 62     instr:.018d702b

第[2931 / 2931]行 - 第[17]个字符开始有差异：
        --------------------
        0         1         
        01234567890123456789
        --------------------
文件1 : regfile4: 00000004<CR>
文件2 : regfile4: 00000002<CR>
文件1(HEX) : 
00000000 : 72 65 67 66 69 6c 65 34 - 3a 20 30 30 30 30 30 30  regfile4:.000000
00000010 : 30 34                                              04
文件2(HEX) : 
00000000 : 72 65 67 66 69 6c 65 34 - 3a 20 30 30 30 30 30 30  regfile4:.000000
00000010 : 30 32                                              02

第[2932 / 2932]行 - 第[17]个字符开始有差异：
        --------------------
        0         1         
        01234567890123456789
        --------------------
文件1 : regfile5: 00000003<CR>
文件2 : regfile5: 00000004<CR>
文件1(HEX) : 
00000000 : 72 65 67 66 69 6c 65 35 - 3a 20 30 30 30 30 30 30  regfile5:.000000
00000010 : 30 33                                              03
文件2(HEX) : 
00000000 : 72 65 67 66 69 6c 65 35 - 3a 20 30 30 30 30 30 30  regfile5:.000000
00000010 : 30 34                                              04

第[2933 / 2933]行 - 第[15]个字符开始有差异：
        --------------------
        0         1         
        01234567890123456789
        --------------------
文件1 : regfile6: 00000135<CR>
文件2 : regfile6: 0000005c<CR>
文件1(HEX) : 
00000000 : 72 65 67 66 69 6c 65 36 - 3a 20 30 30 30 30 30 31  regfile6:.000001
00000010 : 33 35                                              35
文件2(HEX) : 
00000000 : 72 65 67 66 69 6c 65 36 - 3a 20 30 30 30 30 30 30  regfile6:.000000
00000010 : 35 63                                              5c

第[2934 / 2934]行 - 第[15]个字符开始有差异：
        --------------------
        0         1         
        01234567890123456789
        --------------------
文件1 : regfile7: 00000135<CR>
文件2 : regfile7: 00000055<CR>
文件1(HEX) : 
00000000 : 72 65 67 66 69 6c 65 37 - 3a 20 30 30 30 30 30 31  regfile7:.000001
00000010 : 33 35                                              35
文件2(HEX) : 
00000000 : 72 65 67 66 69 6c 65 37 - 3a 20 30 30 30 30 30 30  regfile7:.000000
00000010 : 35 35                                              55

第[2935 / 2935]行 - 第[17]个字符开始有差异：
        --------------------
        0         1         
        01234567890123456789
        --------------------
文件1 : regfile8: 00000003<CR>
文件2 : regfile8: 00000001<CR>
文件1(HEX) : 
00000000 : 72 65 67 66 69 6c 65 38 - 3a 20 30 30 30 30 30 30  regfile8:.000000
00000010 : 30 33                                              03
文件2(HEX) : 
00000000 : 72 65 67 66 69 6c 65 38 - 3a 20 30 30 30 30 30 30  regfile8:.000000
00000010 : 30 31                                              01

第[2936 / 2936]行 - 第[17]个字符开始有差异：
        --------------------
        0         1         
        01234567890123456789
        --------------------
文件1 : regfile9: 00000001<CR>
文件2 : regfile9: 00000000<CR>
文件1(HEX) : 
00000000 : 72 65 67 66 69 6c 65 39 - 3a 20 30 30 30 30 30 30  regfile9:.000000
00000010 : 30 31                                              01
文件2(HEX) : 
00000000 : 72 65 67 66 69 6c 65 39 - 3a 20 30 30 30 30 30 30  regfile9:.000000
00000010 : 30 30                                              00

第[2937 / 2937]行 - 第[17]个字符开始有差异：
        --------------------
        0         1         
        01234567890123456789
        --------------------
文件1 : regfile10: 00000001<CR>
文件2 : regfile10: 00000041<CR>
文件1(HEX) : 
00000000 : 72 65 67 66 69 6c 65 31 - 30 3a 20 30 30 30 30 30  regfile10:.00000
00000010 : 30 30 31                                           001
文件2(HEX) : 
00000000 : 72 65 67 66 69 6c 65 31 - 30 3a 20 30 30 30 30 30  regfile10:.00000
00000010 : 30 34 31                                           041

第[2938 / 2938]行 - 第[17]个字符开始有差异：
        --------------------
        0         1         
        01234567890123456789
        --------------------
文件1 : regfile11: 0000006a<CR>
文件2 : regfile11: 0000004c<CR>
文件1(HEX) : 
00000000 : 72 65 67 66 69 6c 65 31 - 31 3a 20 30 30 30 30 30  regfile11:.00000
00000010 : 30 36 61                                           06a
文件2(HEX) : 
00000000 : 72 65 67 66 69 6c 65 31 - 31 3a 20 30 30 30 30 30  regfile11:.00000
00000010 : 30 34 63                                           04c

第[2939 / 2939]行 - 第[17]个字符开始有差异：
        --------------------
        0         1         
        01234567890123456789
        --------------------
文件1 : regfile12: 0000006a<CR>
文件2 : regfile12: 00000047<CR>
文件1(HEX) : 
00000000 : 72 65 67 66 69 6c 65 31 - 32 3a 20 30 30 30 30 30  regfile12:.00000
00000010 : 30 36 61                                           06a
文件2(HEX) : 
00000000 : 72 65 67 66 69 6c 65 31 - 32 3a 20 30 30 30 30 30  regfile12:.00000
00000010 : 30 34 37                                           047

第[2940 / 2940]行 - 第[17]个字符开始有差异：
        --------------------
        0         1         
        01234567890123456789
        --------------------
文件1 : regfile13: 00000069<CR>
文件2 : regfile13: 00000043<CR>
文件1(HEX) : 
00000000 : 72 65 67 66 69 6c 65 31 - 33 3a 20 30 30 30 30 30  regfile13:.00000
00000010 : 30 36 39                                           069
文件2(HEX) : 
00000000 : 72 65 67 66 69 6c 65 31 - 33 3a 20 30 30 30 30 30  regfile13:.00000
00000010 : 30 34 33                                           043

第[2959 / 2959]行 - 第[10]个字符开始有差异：
        --------------------
        0         1         
        01234567890123456789
        --------------------
文件1 : pc: 0040004c<CR>
文件2 : pc: 00400074<CR>
文件1(HEX) : 
00000000 : 70 63 3a 20 30 30 34 30 - 30 30 34 63              pc:.0040004c
文件2(HEX) : 
00000000 : 70 63 3a 20 30 30 34 30 - 30 30 37 34              pc:.00400074

第[2960 / 2960]行 - 第[7]个字符开始有差异：
        --------------------
        0         1         
        01234567890123456789
        --------------------
文件1 : instr: 014b6020<CR>
文件2 : instr: 11c00006<CR>
文件1(HEX) : 
00000000 : 69 6e 73 74 72 3a 20 30 - 31 34 62 36 30 32 30     instr:.014b6020
文件2(HEX) : 
00000000 : 69 6e 73 74 72 3a 20 31 - 31 63 30 30 30 30 36     instr:.11c00006

第[2965 / 2965]行 - 第[17]个字符开始有差异：
        --------------------
        0         1         
        01234567890123456789
        --------------------
文件1 : regfile4: 00000004<CR>
文件2 : regfile4: 00000002<CR>
文件1(HEX) : 
00000000 : 72 65 67 66 69 6c 65 34 - 3a 20 30 30 30 30 30 30  regfile4:.000000
00000010 : 30 34                                              04
文件2(HEX) : 
00000000 : 72 65 67 66 69 6c 65 34 - 3a 20 30 30 30 30 30 30  regfile4:.000000
00000010 : 30 32                                              02

第[2966 / 2966]行 - 第[17]个字符开始有差异：
        --------------------
        0         1         
        01234567890123456789
        --------------------
文件1 : regfile5: 00000003<CR>
文件2 : regfile5: 00000004<CR>
文件1(HEX) : 
00000000 : 72 65 67 66 69 6c 65 35 - 3a 20 30 30 30 30 30 30  regfile5:.000000
00000010 : 30 33                                              03
文件2(HEX) : 
00000000 : 72 65 67 66 69 6c 65 35 - 3a 20 30 30 30 30 30 30  regfile5:.000000
00000010 : 30 34                                              04

第[2967 / 2967]行 - 第[15]个字符开始有差异：
        --------------------
        0         1         
        01234567890123456789
        --------------------
文件1 : regfile6: 00000135<CR>
文件2 : regfile6: 0000005c<CR>
文件1(HEX) : 
00000000 : 72 65 67 66 69 6c 65 36 - 3a 20 30 30 30 30 30 31  regfile6:.000001
00000010 : 33 35                                              35
文件2(HEX) : 
00000000 : 72 65 67 66 69 6c 65 36 - 3a 20 30 30 30 30 30 30  regfile6:.000000
00000010 : 35 63                                              5c

第[2968 / 2968]行 - 第[15]个字符开始有差异：
        --------------------
        0         1         
        01234567890123456789
        --------------------
文件1 : regfile7: 00000135<CR>
文件2 : regfile7: 00000055<CR>
文件1(HEX) : 
00000000 : 72 65 67 66 69 6c 65 37 - 3a 20 30 30 30 30 30 31  regfile7:.000001
00000010 : 33 35                                              35
文件2(HEX) : 
00000000 : 72 65 67 66 69 6c 65 37 - 3a 20 30 30 30 30 30 30  regfile7:.000000
00000010 : 35 35                                              55

第[2969 / 2969]行 - 第[17]个字符开始有差异：
        --------------------
        0         1         
        01234567890123456789
        --------------------
文件1 : regfile8: 00000003<CR>
文件2 : regfile8: 00000001<CR>
文件1(HEX) : 
00000000 : 72 65 67 66 69 6c 65 38 - 3a 20 30 30 30 30 30 30  regfile8:.000000
00000010 : 30 33                                              03
文件2(HEX) : 
00000000 : 72 65 67 66 69 6c 65 38 - 3a 20 30 30 30 30 30 30  regfile8:.000000
00000010 : 30 31                                              01

第[2970 / 2970]行 - 第[17]个字符开始有差异：
        --------------------
        0         1         
        01234567890123456789
        --------------------
文件1 : regfile9: 00000001<CR>
文件2 : regfile9: 00000000<CR>
文件1(HEX) : 
00000000 : 72 65 67 66 69 6c 65 39 - 3a 20 30 30 30 30 30 30  regfile9:.000000
00000010 : 30 31                                              01
文件2(HEX) : 
00000000 : 72 65 67 66 69 6c 65 39 - 3a 20 30 30 30 30 30 30  regfile9:.000000
00000010 : 30 30                                              00

第[2971 / 2971]行 - 第[17]个字符开始有差异：
        --------------------
        0         1         
        01234567890123456789
        --------------------
文件1 : regfile10: 00000001<CR>
文件2 : regfile10: 00000041<CR>
文件1(HEX) : 
00000000 : 72 65 67 66 69 6c 65 31 - 30 3a 20 30 30 30 30 30  regfile10:.00000
00000010 : 30 30 31                                           001
文件2(HEX) : 
00000000 : 72 65 67 66 69 6c 65 31 - 30 3a 20 30 30 30 30 30  regfile10:.00000
00000010 : 30 34 31                                           041

第[2972 / 2972]行 - 第[17]个字符开始有差异：
        --------------------
        0         1         
        01234567890123456789
        --------------------
文件1 : regfile11: 0000006a<CR>
文件2 : regfile11: 0000004c<CR>
文件1(HEX) : 
00000000 : 72 65 67 66 69 6c 65 31 - 31 3a 20 30 30 30 30 30  regfile11:.00000
00000010 : 30 36 61                                           06a
文件2(HEX) : 
00000000 : 72 65 67 66 69 6c 65 31 - 31 3a 20 30 30 30 30 30  regfile11:.00000
00000010 : 30 34 63                                           04c

第[2973 / 2973]行 - 第[17]个字符开始有差异：
        --------------------
        0         1         
        01234567890123456789
        --------------------
文件1 : regfile12: 0000006a<CR>
文件2 : regfile12: 00000047<CR>
文件1(HEX) : 
00000000 : 72 65 67 66 69 6c 65 31 - 32 3a 20 30 30 30 30 30  regfile12:.00000
00000010 : 30 36 61                                           06a
文件2(HEX) : 
00000000 : 72 65 67 66 69 6c 65 31 - 32 3a 20 30 30 30 30 30  regfile12:.00000
00000010 : 30 34 37                                           047

第[2974 / 2974]行 - 第[17]个字符开始有差异：
        --------------------
        0         1         
        01234567890123456789
        --------------------
文件1 : regfile13: 00000069<CR>
文件2 : regfile13: 00000043<CR>
文件1(HEX) : 
00000000 : 72 65 67 66 69 6c 65 31 - 33 3a 20 30 30 30 30 30  regfile13:.00000
00000010 : 30 36 39                                           069
文件2(HEX) : 
00000000 : 72 65 67 66 69 6c 65 31 - 33 3a 20 30 30 30 30 30  regfile13:.00000
00000010 : 30 34 33                                           043

第[2993 / 2993]行 - 第[10]个字符开始有差异：
        --------------------
        0         1         
        01234567890123456789
        --------------------
文件1 : pc: 00400050<CR>
文件2 : pc: 00400090<CR>
文件1(HEX) : 
00000000 : 70 63 3a 20 30 30 34 30 - 30 30 35 30              pc:.00400050
文件2(HEX) : 
00000000 : 70 63 3a 20 30 30 34 30 - 30 30 39 30              pc:.00400090

第[2994 / 2994]行 - 第[7]个字符开始有差异：
        --------------------
        0         1         
        01234567890123456789
        --------------------
文件1 : instr: 000c6fc0<CR>
文件2 : instr: 25080001<CR>
文件1(HEX) : 
00000000 : 69 6e 73 74 72 3a 20 30 - 30 30 63 36 66 63 30     instr:.000c6fc0
文件2(HEX) : 
00000000 : 69 6e 73 74 72 3a 20 32 - 35 30 38 30 30 30 31     instr:.25080001

第[2999 / 2999]行 - 第[17]个字符开始有差异：
        --------------------
        0         1         
        01234567890123456789
        --------------------
文件1 : regfile4: 00000004<CR>
文件2 : regfile4: 00000002<CR>
文件1(HEX) : 
00000000 : 72 65 67 66 69 6c 65 34 - 3a 20 30 30 30 30 30 30  regfile4:.000000
00000010 : 30 34                                              04
文件2(HEX) : 
00000000 : 72 65 67 66 69 6c 65 34 - 3a 20 30 30 30 30 30 30  regfile4:.000000
00000010 : 30 32                                              02

第[3000 / 3000]行 - 第[17]个字符开始有差异：
        --------------------
        0         1         
        01234567890123456789
        --------------------
文件1 : regfile5: 00000003<CR>
文件2 : regfile5: 00000004<CR>
文件1(HEX) : 
00000000 : 72 65 67 66 69 6c 65 35 - 3a 20 30 30 30 30 30 30  regfile5:.000000
00000010 : 30 33                                              03
文件2(HEX) : 
00000000 : 72 65 67 66 69 6c 65 35 - 3a 20 30 30 30 30 30 30  regfile5:.000000
00000010 : 30 34                                              04

第[3001 / 3001]行 - 第[15]个字符开始有差异：
        --------------------
        0         1         
        01234567890123456789
        --------------------
文件1 : regfile6: 00000135<CR>
文件2 : regfile6: 0000005c<CR>
文件1(HEX) : 
00000000 : 72 65 67 66 69 6c 65 36 - 3a 20 30 30 30 30 30 31  regfile6:.000001
00000010 : 33 35                                              35
文件2(HEX) : 
00000000 : 72 65 67 66 69 6c 65 36 - 3a 20 30 30 30 30 30 30  regfile6:.000000
00000010 : 35 63                                              5c

第[3002 / 3002]行 - 第[15]个字符开始有差异：
        --------------------
        0         1         
        01234567890123456789
        --------------------
文件1 : regfile7: 00000135<CR>
文件2 : regfile7: 00000055<CR>
文件1(HEX) : 
00000000 : 72 65 67 66 69 6c 65 37 - 3a 20 30 30 30 30 30 31  regfile7:.000001
00000010 : 33 35                                              35
文件2(HEX) : 
00000000 : 72 65 67 66 69 6c 65 37 - 3a 20 30 30 30 30 30 30  regfile7:.000000
00000010 : 35 35                                              55

第[3003 / 3003]行 - 第[17]个字符开始有差异：
        --------------------
        0         1         
        01234567890123456789
        --------------------
文件1 : regfile8: 00000003<CR>
文件2 : regfile8: 00000002<CR>
文件1(HEX) : 
00000000 : 72 65 67 66 69 6c 65 38 - 3a 20 30 30 30 30 30 30  regfile8:.000000
00000010 : 30 33                                              03
文件2(HEX) : 
00000000 : 72 65 67 66 69 6c 65 38 - 3a 20 30 30 30 30 30 30  regfile8:.000000
00000010 : 30 32                                              02

第[3004 / 3004]行 - 第[17]个字符开始有差异：
        --------------------
        0         1         
        01234567890123456789
        --------------------
文件1 : regfile9: 00000001<CR>
文件2 : regfile9: 00000000<CR>
文件1(HEX) : 
00000000 : 72 65 67 66 69 6c 65 39 - 3a 20 30 30 30 30 30 30  regfile9:.000000
00000010 : 30 31                                              01
文件2(HEX) : 
00000000 : 72 65 67 66 69 6c 65 39 - 3a 20 30 30 30 30 30 30  regfile9:.000000
00000010 : 30 30                                              00

第[3005 / 3005]行 - 第[17]个字符开始有差异：
        --------------------
        0         1         
        01234567890123456789
        --------------------
文件1 : regfile10: 00000001<CR>
文件2 : regfile10: 00000041<CR>
文件1(HEX) : 
00000000 : 72 65 67 66 69 6c 65 31 - 30 3a 20 30 30 30 30 30  regfile10:.00000
00000010 : 30 30 31                                           001
文件2(HEX) : 
00000000 : 72 65 67 66 69 6c 65 31 - 30 3a 20 30 30 30 30 30  regfile10:.00000
00000010 : 30 34 31                                           041

第[3006 / 3006]行 - 第[17]个字符开始有差异：
        --------------------
        0         1         
        01234567890123456789
        --------------------
文件1 : regfile11: 0000006a<CR>
文件2 : regfile11: 0000004c<CR>
文件1(HEX) : 
00000000 : 72 65 67 66 69 6c 65 31 - 31 3a 20 30 30 30 30 30  regfile11:.00000
00000010 : 30 36 61                                           06a
文件2(HEX) : 
00000000 : 72 65 67 66 69 6c 65 31 - 31 3a 20 30 30 30 30 30  regfile11:.00000
00000010 : 30 34 63                                           04c

第[3007 / 3007]行 - 第[17]个字符开始有差异：
        --------------------
        0         1         
        01234567890123456789
        --------------------
文件1 : regfile12: 0000006a<CR>
文件2 : regfile12: 00000047<CR>
文件1(HEX) : 
00000000 : 72 65 67 66 69 6c 65 31 - 32 3a 20 30 30 30 30 30  regfile12:.00000
00000010 : 30 36 61                                           06a
文件2(HEX) : 
00000000 : 72 65 67 66 69 6c 65 31 - 32 3a 20 30 30 30 30 30  regfile12:.00000
00000010 : 30 34 37                                           047

第[3008 / 3008]行 - 第[17]个字符开始有差异：
        --------------------
        0         1         
        01234567890123456789
        --------------------
文件1 : regfile13: 00000069<CR>
文件2 : regfile13: 00000043<CR>
文件1(HEX) : 
00000000 : 72 65 67 66 69 6c 65 31 - 33 3a 20 30 30 30 30 30  regfile13:.00000
00000010 : 30 36 39                                           069
文件2(HEX) : 
00000000 : 72 65 67 66 69 6c 65 31 - 33 3a 20 30 30 30 30 30  regfile13:.00000
00000010 : 30 34 33                                           043

第[3027 / 3027]行 - 第[10]个字符开始有差异：
        --------------------
        0         1         
        01234567890123456789
        --------------------
文件1 : pc: 00400054<CR>
文件2 : pc: 00400094<CR>
文件1(HEX) : 
00000000 : 70 63 3a 20 30 30 34 30 - 30 30 35 34              pc:.00400054
文件2(HEX) : 
00000000 : 70 63 3a 20 30 30 34 30 - 30 30 39 34              pc:.00400094

第[3028 / 3028]行 - 第[7]个字符开始有差异：
        --------------------
        0         1         
        01234567890123456789
        --------------------
文件1 : instr: 11a00001<CR>
文件2 : instr: 24840001<CR>
文件1(HEX) : 
00000000 : 69 6e 73 74 72 3a 20 31 - 31 61 30 30 30 30 31     instr:.11a00001
文件2(HEX) : 
00000000 : 69 6e 73 74 72 3a 20 32 - 34 38 34 30 30 30 31     instr:.24840001

第[3033 / 3033]行 - 第[17]个字符开始有差异：
        --------------------
        0         1         
        01234567890123456789
        --------------------
文件1 : regfile4: 00000004<CR>
文件2 : regfile4: 00000003<CR>
文件1(HEX) : 
00000000 : 72 65 67 66 69 6c 65 34 - 3a 20 30 30 30 30 30 30  regfile4:.000000
00000010 : 30 34                                              04
文件2(HEX) : 
00000000 : 72 65 67 66 69 6c 65 34 - 3a 20 30 30 30 30 30 30  regfile4:.000000
00000010 : 30 33                                              03

第[3034 / 3034]行 - 第[17]个字符开始有差异：
        --------------------
        0         1         
        01234567890123456789
        --------------------
文件1 : regfile5: 00000003<CR>
文件2 : regfile5: 00000004<CR>
文件1(HEX) : 
00000000 : 72 65 67 66 69 6c 65 35 - 3a 20 30 30 30 30 30 30  regfile5:.000000
00000010 : 30 33                                              03
文件2(HEX) : 
00000000 : 72 65 67 66 69 6c 65 35 - 3a 20 30 30 30 30 30 30  regfile5:.000000
00000010 : 30 34                                              04

第[3035 / 3035]行 - 第[15]个字符开始有差异：
        --------------------
        0         1         
        01234567890123456789
        --------------------
文件1 : regfile6: 00000135<CR>
文件2 : regfile6: 0000005c<CR>
文件1(HEX) : 
00000000 : 72 65 67 66 69 6c 65 36 - 3a 20 30 30 30 30 30 31  regfile6:.000001
00000010 : 33 35                                              35
文件2(HEX) : 
00000000 : 72 65 67 66 69 6c 65 36 - 3a 20 30 30 30 30 30 30  regfile6:.000000
00000010 : 35 63                                              5c

第[3036 / 3036]行 - 第[15]个字符开始有差异：
        --------------------
        0         1         
        01234567890123456789
        --------------------
文件1 : regfile7: 00000135<CR>
文件2 : regfile7: 00000055<CR>
文件1(HEX) : 
00000000 : 72 65 67 66 69 6c 65 37 - 3a 20 30 30 30 30 30 31  regfile7:.000001
00000010 : 33 35                                              35
文件2(HEX) : 
00000000 : 72 65 67 66 69 6c 65 37 - 3a 20 30 30 30 30 30 30  regfile7:.000000
00000010 : 35 35                                              55

第[3037 / 3037]行 - 第[17]个字符开始有差异：
        --------------------
        0         1         
        01234567890123456789
        --------------------
文件1 : regfile8: 00000003<CR>
文件2 : regfile8: 00000002<CR>
文件1(HEX) : 
00000000 : 72 65 67 66 69 6c 65 38 - 3a 20 30 30 30 30 30 30  regfile8:.000000
00000010 : 30 33                                              03
文件2(HEX) : 
00000000 : 72 65 67 66 69 6c 65 38 - 3a 20 30 30 30 30 30 30  regfile8:.000000
00000010 : 30 32                                              02

第[3038 / 3038]行 - 第[17]个字符开始有差异：
        --------------------
        0         1         
        01234567890123456789
        --------------------
文件1 : regfile9: 00000001<CR>
文件2 : regfile9: 00000000<CR>
文件1(HEX) : 
00000000 : 72 65 67 66 69 6c 65 39 - 3a 20 30 30 30 30 30 30  regfile9:.000000
00000010 : 30 31                                              01
文件2(HEX) : 
00000000 : 72 65 67 66 69 6c 65 39 - 3a 20 30 30 30 30 30 30  regfile9:.000000
00000010 : 30 30                                              00

第[3039 / 3039]行 - 第[17]个字符开始有差异：
        --------------------
        0         1         
        01234567890123456789
        --------------------
文件1 : regfile10: 00000001<CR>
文件2 : regfile10: 00000041<CR>
文件1(HEX) : 
00000000 : 72 65 67 66 69 6c 65 31 - 30 3a 20 30 30 30 30 30  regfile10:.00000
00000010 : 30 30 31                                           001
文件2(HEX) : 
00000000 : 72 65 67 66 69 6c 65 31 - 30 3a 20 30 30 30 30 30  regfile10:.00000
00000010 : 30 34 31                                           041

第[3040 / 3040]行 - 第[17]个字符开始有差异：
        --------------------
        0         1         
        01234567890123456789
        --------------------
文件1 : regfile11: 0000006a<CR>
文件2 : regfile11: 0000004c<CR>
文件1(HEX) : 
00000000 : 72 65 67 66 69 6c 65 31 - 31 3a 20 30 30 30 30 30  regfile11:.00000
00000010 : 30 36 61                                           06a
文件2(HEX) : 
00000000 : 72 65 67 66 69 6c 65 31 - 31 3a 20 30 30 30 30 30  regfile11:.00000
00000010 : 30 34 63                                           04c

第[3041 / 3041]行 - 第[17]个字符开始有差异：
        --------------------
        0         1         
        01234567890123456789
        --------------------
文件1 : regfile12: 00000001<CR>
文件2 : regfile12: 00000047<CR>
文件1(HEX) : 
00000000 : 72 65 67 66 69 6c 65 31 - 32 3a 20 30 30 30 30 30  regfile12:.00000
00000010 : 30 30 31                                           001
文件2(HEX) : 
00000000 : 72 65 67 66 69 6c 65 31 - 32 3a 20 30 30 30 30 30  regfile12:.00000
00000010 : 30 34 37                                           047

第[3042 / 3042]行 - 第[17]个字符开始有差异：
        --------------------
        0         1         
        01234567890123456789
        --------------------
文件1 : regfile13: 00000069<CR>
文件2 : regfile13: 00000043<CR>
文件1(HEX) : 
00000000 : 72 65 67 66 69 6c 65 31 - 33 3a 20 30 30 30 30 30  regfile13:.00000
00000010 : 30 36 39                                           069
文件2(HEX) : 
00000000 : 72 65 67 66 69 6c 65 31 - 33 3a 20 30 30 30 30 30  regfile13:.00000
00000010 : 30 34 33                                           043

第[3061 / 3061]行 - 第[10]个字符开始有差异：
        --------------------
        0         1         
        01234567890123456789
        --------------------
文件1 : pc: 00400054<CR>
文件2 : pc: 00400098<CR>
文件1(HEX) : 
00000000 : 70 63 3a 20 30 30 34 30 - 30 30 35 34              pc:.00400054
文件2(HEX) : 
00000000 : 70 63 3a 20 30 30 34 30 - 30 30 39 38              pc:.00400098

第[3062 / 3062]行 - 第[7]个字符开始有差异：
        --------------------
        0         1         
        01234567890123456789
        --------------------
文件1 : instr: 00000000<CR>
文件2 : instr: 24090001<CR>
文件1(HEX) : 
00000000 : 69 6e 73 74 72 3a 20 30 - 30 30 30 30 30 30 30     instr:.00000000
文件2(HEX) : 
00000000 : 69 6e 73 74 72 3a 20 32 - 34 30 39 30 30 30 31     instr:.24090001

第[3067 / 3067]行 - 第[17]个字符开始有差异：
        --------------------
        0         1         
        01234567890123456789
        --------------------
文件1 : regfile4: 00000004<CR>
文件2 : regfile4: 00000003<CR>
文件1(HEX) : 
00000000 : 72 65 67 66 69 6c 65 34 - 3a 20 30 30 30 30 30 30  regfile4:.000000
00000010 : 30 34                                              04
文件2(HEX) : 
00000000 : 72 65 67 66 69 6c 65 34 - 3a 20 30 30 30 30 30 30  regfile4:.000000
00000010 : 30 33                                              03

第[3068 / 3068]行 - 第[17]个字符开始有差异：
        --------------------
        0         1         
        01234567890123456789
        --------------------
文件1 : regfile5: 00000003<CR>
文件2 : regfile5: 00000004<CR>
文件1(HEX) : 
00000000 : 72 65 67 66 69 6c 65 35 - 3a 20 30 30 30 30 30 30  regfile5:.000000
00000010 : 30 33                                              03
文件2(HEX) : 
00000000 : 72 65 67 66 69 6c 65 35 - 3a 20 30 30 30 30 30 30  regfile5:.000000
00000010 : 30 34                                              04

第[3069 / 3069]行 - 第[15]个字符开始有差异：
        --------------------
        0         1         
        01234567890123456789
        --------------------
文件1 : regfile6: 00000135<CR>
文件2 : regfile6: 0000005c<CR>
文件1(HEX) : 
00000000 : 72 65 67 66 69 6c 65 36 - 3a 20 30 30 30 30 30 31  regfile6:.000001
00000010 : 33 35                                              35
文件2(HEX) : 
00000000 : 72 65 67 66 69 6c 65 36 - 3a 20 30 30 30 30 30 30  regfile6:.000000
00000010 : 35 63                                              5c

第[3070 / 3070]行 - 第[15]个字符开始有差异：
        --------------------
        0         1         
        01234567890123456789
        --------------------
文件1 : regfile7: 00000135<CR>
文件2 : regfile7: 00000055<CR>
文件1(HEX) : 
00000000 : 72 65 67 66 69 6c 65 37 - 3a 20 30 30 30 30 30 31  regfile7:.000001
00000010 : 33 35                                              35
文件2(HEX) : 
00000000 : 72 65 67 66 69 6c 65 37 - 3a 20 30 30 30 30 30 30  regfile7:.000000
00000010 : 35 35                                              55

第[3071 / 3071]行 - 第[17]个字符开始有差异：
        --------------------
        0         1         
        01234567890123456789
        --------------------
文件1 : regfile8: 00000003<CR>
文件2 : regfile8: 00000002<CR>
文件1(HEX) : 
00000000 : 72 65 67 66 69 6c 65 38 - 3a 20 30 30 30 30 30 30  regfile8:.000000
00000010 : 30 33                                              03
文件2(HEX) : 
00000000 : 72 65 67 66 69 6c 65 38 - 3a 20 30 30 30 30 30 30  regfile8:.000000
00000010 : 30 32                                              02

第[3073 / 3073]行 - 第[17]个字符开始有差异：
        --------------------
        0         1         
        01234567890123456789
        --------------------
文件1 : regfile10: 00000001<CR>
文件2 : regfile10: 00000041<CR>
文件1(HEX) : 
00000000 : 72 65 67 66 69 6c 65 31 - 30 3a 20 30 30 30 30 30  regfile10:.00000
00000010 : 30 30 31                                           001
文件2(HEX) : 
00000000 : 72 65 67 66 69 6c 65 31 - 30 3a 20 30 30 30 30 30  regfile10:.00000
00000010 : 30 34 31                                           041

第[3074 / 3074]行 - 第[17]个字符开始有差异：
        --------------------
        0         1         
        01234567890123456789
        --------------------
文件1 : regfile11: 0000006a<CR>
文件2 : regfile11: 0000004c<CR>
文件1(HEX) : 
00000000 : 72 65 67 66 69 6c 65 31 - 31 3a 20 30 30 30 30 30  regfile11:.00000
00000010 : 30 36 61                                           06a
文件2(HEX) : 
00000000 : 72 65 67 66 69 6c 65 31 - 31 3a 20 30 30 30 30 30  regfile11:.00000
00000010 : 30 34 63                                           04c

第[3075 / 3075]行 - 第[17]个字符开始有差异：
        --------------------
        0         1         
        01234567890123456789
        --------------------
文件1 : regfile12: 00000001<CR>
文件2 : regfile12: 00000047<CR>
文件1(HEX) : 
00000000 : 72 65 67 66 69 6c 65 31 - 32 3a 20 30 30 30 30 30  regfile12:.00000
00000010 : 30 30 31                                           001
文件2(HEX) : 
00000000 : 72 65 67 66 69 6c 65 31 - 32 3a 20 30 30 30 30 30  regfile12:.00000
00000010 : 30 34 37                                           047

第[3076 / 3076]行 - 第[17]个字符开始有差异：
        --------------------
        0         1         
        01234567890123456789
        --------------------
文件1 : regfile13: 00000069<CR>
文件2 : regfile13: 00000043<CR>
文件1(HEX) : 
00000000 : 72 65 67 66 69 6c 65 31 - 33 3a 20 30 30 30 30 30  regfile13:.00000
00000010 : 30 36 39                                           069
文件2(HEX) : 
00000000 : 72 65 67 66 69 6c 65 31 - 33 3a 20 30 30 30 30 30  regfile13:.00000
00000010 : 30 34 33                                           043

第[3095 / 3095]行 - 第[10]个字符开始有差异：
        --------------------
        0         1         
        01234567890123456789
        --------------------
文件1 : pc: 00400058<CR>
文件2 : pc: 0040009c<CR>
文件1(HEX) : 
00000000 : 70 63 3a 20 30 30 34 30 - 30 30 35 38              pc:.00400058
文件2(HEX) : 
00000000 : 70 63 3a 20 30 30 34 30 - 30 30 39 63              pc:.0040009c

第[3096 / 3096]行 - 第[7]个字符开始有差异：
        --------------------
        0         1         
        01234567890123456789
        --------------------
文件1 : instr: 258c0001<CR>
文件2 : instr: 000c5820<CR>
文件1(HEX) : 
00000000 : 69 6e 73 74 72 3a 20 32 - 35 38 63 30 30 30 31     instr:.258c0001
文件2(HEX) : 
00000000 : 69 6e 73 74 72 3a 20 30 - 30 30 63 35 38 32 30     instr:.000c5820

第[3101 / 3101]行 - 第[17]个字符开始有差异：
        --------------------
        0         1         
        01234567890123456789
        --------------------
文件1 : regfile4: 00000004<CR>
文件2 : regfile4: 00000003<CR>
文件1(HEX) : 
00000000 : 72 65 67 66 69 6c 65 34 - 3a 20 30 30 30 30 30 30  regfile4:.000000
00000010 : 30 34                                              04
文件2(HEX) : 
00000000 : 72 65 67 66 69 6c 65 34 - 3a 20 30 30 30 30 30 30  regfile4:.000000
00000010 : 30 33                                              03

第[3102 / 3102]行 - 第[17]个字符开始有差异：
        --------------------
        0         1         
        01234567890123456789
        --------------------
文件1 : regfile5: 00000003<CR>
文件2 : regfile5: 00000004<CR>
文件1(HEX) : 
00000000 : 72 65 67 66 69 6c 65 35 - 3a 20 30 30 30 30 30 30  regfile5:.000000
00000010 : 30 33                                              03
文件2(HEX) : 
00000000 : 72 65 67 66 69 6c 65 35 - 3a 20 30 30 30 30 30 30  regfile5:.000000
00000010 : 30 34                                              04

第[3103 / 3103]行 - 第[15]个字符开始有差异：
        --------------------
        0         1         
        01234567890123456789
        --------------------
文件1 : regfile6: 00000135<CR>
文件2 : regfile6: 0000005c<CR>
文件1(HEX) : 
00000000 : 72 65 67 66 69 6c 65 36 - 3a 20 30 30 30 30 30 31  regfile6:.000001
00000010 : 33 35                                              35
文件2(HEX) : 
00000000 : 72 65 67 66 69 6c 65 36 - 3a 20 30 30 30 30 30 30  regfile6:.000000
00000010 : 35 63                                              5c

第[3104 / 3104]行 - 第[15]个字符开始有差异：
        --------------------
        0         1         
        01234567890123456789
        --------------------
文件1 : regfile7: 00000135<CR>
文件2 : regfile7: 00000055<CR>
文件1(HEX) : 
00000000 : 72 65 67 66 69 6c 65 37 - 3a 20 30 30 30 30 30 31  regfile7:.000001
00000010 : 33 35                                              35
文件2(HEX) : 
00000000 : 72 65 67 66 69 6c 65 37 - 3a 20 30 30 30 30 30 30  regfile7:.000000
00000010 : 35 35                                              55

第[3105 / 3105]行 - 第[17]个字符开始有差异：
        --------------------
        0         1         
        01234567890123456789
        --------------------
文件1 : regfile8: 00000003<CR>
文件2 : regfile8: 00000002<CR>
文件1(HEX) : 
00000000 : 72 65 67 66 69 6c 65 38 - 3a 20 30 30 30 30 30 30  regfile8:.000000
00000010 : 30 33                                              03
文件2(HEX) : 
00000000 : 72 65 67 66 69 6c 65 38 - 3a 20 30 30 30 30 30 30  regfile8:.000000
00000010 : 30 32                                              02

第[3107 / 3107]行 - 第[17]个字符开始有差异：
        --------------------
        0         1         
        01234567890123456789
        --------------------
文件1 : regfile10: 00000001<CR>
文件2 : regfile10: 00000041<CR>
文件1(HEX) : 
00000000 : 72 65 67 66 69 6c 65 31 - 30 3a 20 30 30 30 30 30  regfile10:.00000
00000010 : 30 30 31                                           001
文件2(HEX) : 
00000000 : 72 65 67 66 69 6c 65 31 - 30 3a 20 30 30 30 30 30  regfile10:.00000
00000010 : 30 34 31                                           041

第[3108 / 3108]行 - 第[17]个字符开始有差异：
        --------------------
        0         1         
        01234567890123456789
        --------------------
文件1 : regfile11: 0000006a<CR>
文件2 : regfile11: 00000047<CR>
文件1(HEX) : 
00000000 : 72 65 67 66 69 6c 65 31 - 31 3a 20 30 30 30 30 30  regfile11:.00000
00000010 : 30 36 61                                           06a
文件2(HEX) : 
00000000 : 72 65 67 66 69 6c 65 31 - 31 3a 20 30 30 30 30 30  regfile11:.00000
00000010 : 30 34 37                                           047

第[3109 / 3109]行 - 第[17]个字符开始有差异：
        --------------------
        0         1         
        01234567890123456789
        --------------------
文件1 : regfile12: 00000001<CR>
文件2 : regfile12: 00000047<CR>
文件1(HEX) : 
00000000 : 72 65 67 66 69 6c 65 31 - 32 3a 20 30 30 30 30 30  regfile12:.00000
00000010 : 30 30 31                                           001
文件2(HEX) : 
00000000 : 72 65 67 66 69 6c 65 31 - 32 3a 20 30 30 30 30 30  regfile12:.00000
00000010 : 30 34 37                                           047

第[3110 / 3110]行 - 第[17]个字符开始有差异：
        --------------------
        0         1         
        01234567890123456789
        --------------------
文件1 : regfile13: 00000069<CR>
文件2 : regfile13: 00000043<CR>
文件1(HEX) : 
00000000 : 72 65 67 66 69 6c 65 31 - 33 3a 20 30 30 30 30 30  regfile13:.00000
00000010 : 30 36 39                                           069
文件2(HEX) : 
00000000 : 72 65 67 66 69 6c 65 31 - 33 3a 20 30 30 30 30 30  regfile13:.00000
00000010 : 30 34 33                                           043

第[3129 / 3129]行 - 第[10]个字符开始有差异：
        --------------------
        0         1         
        01234567890123456789
        --------------------
文件1 : pc: 0040005c<CR>
文件2 : pc: 004000a0<CR>
文件1(HEX) : 
00000000 : 70 63 3a 20 30 30 34 30 - 30 30 35 63              pc:.0040005c
文件2(HEX) : 
00000000 : 70 63 3a 20 30 30 34 30 - 30 30 61 30              pc:.004000a0

第[3130 / 3130]行 - 第[8]个字符开始有差异：
        --------------------
        0         1         
        01234567890123456789
        --------------------
文件1 : instr: 000c6042<CR>
文件2 : instr: 018a6823<CR>
文件1(HEX) : 
00000000 : 69 6e 73 74 72 3a 20 30 - 30 30 63 36 30 34 32     instr:.000c6042
文件2(HEX) : 
00000000 : 69 6e 73 74 72 3a 20 30 - 31 38 61 36 38 32 33     instr:.018a6823

第[3135 / 3135]行 - 第[17]个字符开始有差异：
        --------------------
        0         1         
        01234567890123456789
        --------------------
文件1 : regfile4: 00000004<CR>
文件2 : regfile4: 00000003<CR>
文件1(HEX) : 
00000000 : 72 65 67 66 69 6c 65 34 - 3a 20 30 30 30 30 30 30  regfile4:.000000
00000010 : 30 34                                              04
文件2(HEX) : 
00000000 : 72 65 67 66 69 6c 65 34 - 3a 20 30 30 30 30 30 30  regfile4:.000000
00000010 : 30 33                                              03

第[3136 / 3136]行 - 第[17]个字符开始有差异：
        --------------------
        0         1         
        01234567890123456789
        --------------------
文件1 : regfile5: 00000003<CR>
文件2 : regfile5: 00000004<CR>
文件1(HEX) : 
00000000 : 72 65 67 66 69 6c 65 35 - 3a 20 30 30 30 30 30 30  regfile5:.000000
00000010 : 30 33                                              03
文件2(HEX) : 
00000000 : 72 65 67 66 69 6c 65 35 - 3a 20 30 30 30 30 30 30  regfile5:.000000
00000010 : 30 34                                              04

第[3137 / 3137]行 - 第[15]个字符开始有差异：
        --------------------
        0         1         
        01234567890123456789
        --------------------
文件1 : regfile6: 00000135<CR>
文件2 : regfile6: 0000005c<CR>
文件1(HEX) : 
00000000 : 72 65 67 66 69 6c 65 36 - 3a 20 30 30 30 30 30 31  regfile6:.000001
00000010 : 33 35                                              35
文件2(HEX) : 
00000000 : 72 65 67 66 69 6c 65 36 - 3a 20 30 30 30 30 30 30  regfile6:.000000
00000010 : 35 63                                              5c

第[3138 / 3138]行 - 第[15]个字符开始有差异：
        --------------------
        0         1         
        01234567890123456789
        --------------------
文件1 : regfile7: 00000135<CR>
文件2 : regfile7: 00000055<CR>
文件1(HEX) : 
00000000 : 72 65 67 66 69 6c 65 37 - 3a 20 30 30 30 30 30 31  regfile7:.000001
00000010 : 33 35                                              35
文件2(HEX) : 
00000000 : 72 65 67 66 69 6c 65 37 - 3a 20 30 30 30 30 30 30  regfile7:.000000
00000010 : 35 35                                              55

第[3139 / 3139]行 - 第[17]个字符开始有差异：
        --------------------
        0         1         
        01234567890123456789
        --------------------
文件1 : regfile8: 00000003<CR>
文件2 : regfile8: 00000002<CR>
文件1(HEX) : 
00000000 : 72 65 67 66 69 6c 65 38 - 3a 20 30 30 30 30 30 30  regfile8:.000000
00000010 : 30 33                                              03
文件2(HEX) : 
00000000 : 72 65 67 66 69 6c 65 38 - 3a 20 30 30 30 30 30 30  regfile8:.000000
00000010 : 30 32                                              02

第[3141 / 3141]行 - 第[17]个字符开始有差异：
        --------------------
        0         1         
        01234567890123456789
        --------------------
文件1 : regfile10: 00000001<CR>
文件2 : regfile10: 00000041<CR>
文件1(HEX) : 
00000000 : 72 65 67 66 69 6c 65 31 - 30 3a 20 30 30 30 30 30  regfile10:.00000
00000010 : 30 30 31                                           001
文件2(HEX) : 
00000000 : 72 65 67 66 69 6c 65 31 - 30 3a 20 30 30 30 30 30  regfile10:.00000
00000010 : 30 34 31                                           041

第[3142 / 3142]行 - 第[17]个字符开始有差异：
        --------------------
        0         1         
        01234567890123456789
        --------------------
文件1 : regfile11: 0000006a<CR>
文件2 : regfile11: 00000047<CR>
文件1(HEX) : 
00000000 : 72 65 67 66 69 6c 65 31 - 31 3a 20 30 30 30 30 30  regfile11:.00000
00000010 : 30 36 61                                           06a
文件2(HEX) : 
00000000 : 72 65 67 66 69 6c 65 31 - 31 3a 20 30 30 30 30 30  regfile11:.00000
00000010 : 30 34 37                                           047

第[3143 / 3143]行 - 第[17]个字符开始有差异：
        --------------------
        0         1         
        01234567890123456789
        --------------------
文件1 : regfile12: 0000006b<CR>
文件2 : regfile12: 00000047<CR>
文件1(HEX) : 
00000000 : 72 65 67 66 69 6c 65 31 - 32 3a 20 30 30 30 30 30  regfile12:.00000
00000010 : 30 36 62                                           06b
文件2(HEX) : 
00000000 : 72 65 67 66 69 6c 65 31 - 32 3a 20 30 30 30 30 30  regfile12:.00000
00000010 : 30 34 37                                           047

第[3144 / 3144]行 - 第[17]个字符开始有差异：
        --------------------
        0         1         
        01234567890123456789
        --------------------
文件1 : regfile13: 00000069<CR>
文件2 : regfile13: 00000006<CR>
文件1(HEX) : 
00000000 : 72 65 67 66 69 6c 65 31 - 33 3a 20 30 30 30 30 30  regfile13:.00000
00000010 : 30 36 39                                           069
文件2(HEX) : 
00000000 : 72 65 67 66 69 6c 65 31 - 33 3a 20 30 30 30 30 30  regfile13:.00000
00000010 : 30 30 36                                           006

第[3163 / 3163]行 - 第[10]个字符开始有差异：
        --------------------
        0         1         
        01234567890123456789
        --------------------
文件1 : pc: 00400060<CR>
文件2 : pc: 004000a4<CR>
文件1(HEX) : 
00000000 : 70 63 3a 20 30 30 34 30 - 30 30 36 30              pc:.00400060
文件2(HEX) : 
00000000 : 70 63 3a 20 30 30 34 30 - 30 30 61 34              pc:.004000a4

第[3164 / 3164]行 - 第[7]个字符开始有差异：
        --------------------
        0         1         
        01234567890123456789
        --------------------
文件1 : instr: 24a50001<CR>
文件2 : instr: 00ed3820<CR>
文件1(HEX) : 
00000000 : 69 6e 73 74 72 3a 20 32 - 34 61 35 30 30 30 31     instr:.24a50001
文件2(HEX) : 
00000000 : 69 6e 73 74 72 3a 20 30 - 30 65 64 33 38 32 30     instr:.00ed3820

第[3169 / 3169]行 - 第[17]个字符开始有差异：
        --------------------
        0         1         
        01234567890123456789
        --------------------
文件1 : regfile4: 00000004<CR>
文件2 : regfile4: 00000003<CR>
文件1(HEX) : 
00000000 : 72 65 67 66 69 6c 65 34 - 3a 20 30 30 30 30 30 30  regfile4:.000000
00000010 : 30 34                                              04
文件2(HEX) : 
00000000 : 72 65 67 66 69 6c 65 34 - 3a 20 30 30 30 30 30 30  regfile4:.000000
00000010 : 30 33                                              03

第[3170 / 3170]行 - 第[17]个字符开始有差异：
        --------------------
        0         1         
        01234567890123456789
        --------------------
文件1 : regfile5: 00000003<CR>
文件2 : regfile5: 00000004<CR>
文件1(HEX) : 
00000000 : 72 65 67 66 69 6c 65 35 - 3a 20 30 30 30 30 30 30  regfile5:.000000
00000010 : 30 33                                              03
文件2(HEX) : 
00000000 : 72 65 67 66 69 6c 65 35 - 3a 20 30 30 30 30 30 30  regfile5:.000000
00000010 : 30 34                                              04

第[3171 / 3171]行 - 第[15]个字符开始有差异：
        --------------------
        0         1         
        01234567890123456789
        --------------------
文件1 : regfile6: 00000135<CR>
文件2 : regfile6: 0000005c<CR>
文件1(HEX) : 
00000000 : 72 65 67 66 69 6c 65 36 - 3a 20 30 30 30 30 30 31  regfile6:.000001
00000010 : 33 35                                              35
文件2(HEX) : 
00000000 : 72 65 67 66 69 6c 65 36 - 3a 20 30 30 30 30 30 30  regfile6:.000000
00000010 : 35 63                                              5c

第[3172 / 3172]行 - 第[15]个字符开始有差异：
        --------------------
        0         1         
        01234567890123456789
        --------------------
文件1 : regfile7: 00000135<CR>
文件2 : regfile7: 0000005b<CR>
文件1(HEX) : 
00000000 : 72 65 67 66 69 6c 65 37 - 3a 20 30 30 30 30 30 31  regfile7:.000001
00000010 : 33 35                                              35
文件2(HEX) : 
00000000 : 72 65 67 66 69 6c 65 37 - 3a 20 30 30 30 30 30 30  regfile7:.000000
00000010 : 35 62                                              5b

第[3173 / 3173]行 - 第[17]个字符开始有差异：
        --------------------
        0         1         
        01234567890123456789
        --------------------
文件1 : regfile8: 00000003<CR>
文件2 : regfile8: 00000002<CR>
文件1(HEX) : 
00000000 : 72 65 67 66 69 6c 65 38 - 3a 20 30 30 30 30 30 30  regfile8:.000000
00000010 : 30 33                                              03
文件2(HEX) : 
00000000 : 72 65 67 66 69 6c 65 38 - 3a 20 30 30 30 30 30 30  regfile8:.000000
00000010 : 30 32                                              02

第[3175 / 3175]行 - 第[17]个字符开始有差异：
        --------------------
        0         1         
        01234567890123456789
        --------------------
文件1 : regfile10: 00000001<CR>
文件2 : regfile10: 00000041<CR>
文件1(HEX) : 
00000000 : 72 65 67 66 69 6c 65 31 - 30 3a 20 30 30 30 30 30  regfile10:.00000
00000010 : 30 30 31                                           001
文件2(HEX) : 
00000000 : 72 65 67 66 69 6c 65 31 - 30 3a 20 30 30 30 30 30  regfile10:.00000
00000010 : 30 34 31                                           041

第[3176 / 3176]行 - 第[17]个字符开始有差异：
        --------------------
        0         1         
        01234567890123456789
        --------------------
文件1 : regfile11: 0000006a<CR>
文件2 : regfile11: 00000047<CR>
文件1(HEX) : 
00000000 : 72 65 67 66 69 6c 65 31 - 31 3a 20 30 30 30 30 30  regfile11:.00000
00000010 : 30 36 61                                           06a
文件2(HEX) : 
00000000 : 72 65 67 66 69 6c 65 31 - 31 3a 20 30 30 30 30 30  regfile11:.00000
00000010 : 30 34 37                                           047

第[3177 / 3177]行 - 第[17]个字符开始有差异：
        --------------------
        0         1         
        01234567890123456789
        --------------------
文件1 : regfile12: 0000006b<CR>
文件2 : regfile12: 00000047<CR>
文件1(HEX) : 
00000000 : 72 65 67 66 69 6c 65 31 - 32 3a 20 30 30 30 30 30  regfile12:.00000
00000010 : 30 36 62                                           06b
文件2(HEX) : 
00000000 : 72 65 67 66 69 6c 65 31 - 32 3a 20 30 30 30 30 30  regfile12:.00000
00000010 : 30 34 37                                           047

第[3178 / 3178]行 - 第[11]个字符开始有差异：
        --------------------
        0         1         
        01234567890123456789
        --------------------
文件1 : regfile13: 80000000<CR>
文件2 : regfile13: 00000006<CR>
文件1(HEX) : 
00000000 : 72 65 67 66 69 6c 65 31 - 33 3a 20 38 30 30 30 30  regfile13:.80000
00000010 : 30 30 30                                           000
文件2(HEX) : 
00000000 : 72 65 67 66 69 6c 65 31 - 33 3a 20 30 30 30 30 30  regfile13:.00000
00000010 : 30 30 36                                           006

第[3197 / 3197]行 - 第[10]个字符开始有差异：
        --------------------
        0         1         
        01234567890123456789
        --------------------
文件1 : pc: 00400064<CR>
文件2 : pc: 004000a8<CR>
文件1(HEX) : 
00000000 : 70 63 3a 20 30 30 34 30 - 30 30 36 34              pc:.00400064
文件2(HEX) : 
00000000 : 70 63 3a 20 30 30 34 30 - 30 30 61 38              pc:.004000a8

第[3198 / 3198]行 - 第[7]个字符开始有差异：
        --------------------
        0         1         
        01234567890123456789
        --------------------
文件1 : instr: 018a6823<CR>
文件2 : instr: 1000ffe6<CR>
文件1(HEX) : 
00000000 : 69 6e 73 74 72 3a 20 30 - 31 38 61 36 38 32 33     instr:.018a6823
文件2(HEX) : 
00000000 : 69 6e 73 74 72 3a 20 31 - 30 30 30 66 66 65 36     instr:.1000ffe6

第[3203 / 3203]行 - 第[17]个字符开始有差异：
        --------------------
        0         1         
        01234567890123456789
        --------------------
文件1 : regfile4: 00000004<CR>
文件2 : regfile4: 00000003<CR>
文件1(HEX) : 
00000000 : 72 65 67 66 69 6c 65 34 - 3a 20 30 30 30 30 30 30  regfile4:.000000
00000010 : 30 34                                              04
文件2(HEX) : 
00000000 : 72 65 67 66 69 6c 65 34 - 3a 20 30 30 30 30 30 30  regfile4:.000000
00000010 : 30 33                                              03

第[3204 / 3204]行 - 第[17]个字符开始有差异：
        --------------------
        0         1         
        01234567890123456789
        --------------------
文件1 : regfile5: 00000003<CR>
文件2 : regfile5: 00000004<CR>
文件1(HEX) : 
00000000 : 72 65 67 66 69 6c 65 35 - 3a 20 30 30 30 30 30 30  regfile5:.000000
00000010 : 30 33                                              03
文件2(HEX) : 
00000000 : 72 65 67 66 69 6c 65 35 - 3a 20 30 30 30 30 30 30  regfile5:.000000
00000010 : 30 34                                              04

第[3205 / 3205]行 - 第[15]个字符开始有差异：
        --------------------
        0         1         
        01234567890123456789
        --------------------
文件1 : regfile6: 00000135<CR>
文件2 : regfile6: 0000005c<CR>
文件1(HEX) : 
00000000 : 72 65 67 66 69 6c 65 36 - 3a 20 30 30 30 30 30 31  regfile6:.000001
00000010 : 33 35                                              35
文件2(HEX) : 
00000000 : 72 65 67 66 69 6c 65 36 - 3a 20 30 30 30 30 30 30  regfile6:.000000
00000010 : 35 63                                              5c

第[3206 / 3206]行 - 第[15]个字符开始有差异：
        --------------------
        0         1         
        01234567890123456789
        --------------------
文件1 : regfile7: 00000135<CR>
文件2 : regfile7: 0000005b<CR>
文件1(HEX) : 
00000000 : 72 65 67 66 69 6c 65 37 - 3a 20 30 30 30 30 30 31  regfile7:.000001
00000010 : 33 35                                              35
文件2(HEX) : 
00000000 : 72 65 67 66 69 6c 65 37 - 3a 20 30 30 30 30 30 30  regfile7:.000000
00000010 : 35 62                                              5b

第[3207 / 3207]行 - 第[17]个字符开始有差异：
        --------------------
        0         1         
        01234567890123456789
        --------------------
文件1 : regfile8: 00000003<CR>
文件2 : regfile8: 00000002<CR>
文件1(HEX) : 
00000000 : 72 65 67 66 69 6c 65 38 - 3a 20 30 30 30 30 30 30  regfile8:.000000
00000010 : 30 33                                              03
文件2(HEX) : 
00000000 : 72 65 67 66 69 6c 65 38 - 3a 20 30 30 30 30 30 30  regfile8:.000000
00000010 : 30 32                                              02

第[3209 / 3209]行 - 第[17]个字符开始有差异：
        --------------------
        0         1         
        01234567890123456789
        --------------------
文件1 : regfile10: 00000001<CR>
文件2 : regfile10: 00000041<CR>
文件1(HEX) : 
00000000 : 72 65 67 66 69 6c 65 31 - 30 3a 20 30 30 30 30 30  regfile10:.00000
00000010 : 30 30 31                                           001
文件2(HEX) : 
00000000 : 72 65 67 66 69 6c 65 31 - 30 3a 20 30 30 30 30 30  regfile10:.00000
00000010 : 30 34 31                                           041

第[3210 / 3210]行 - 第[17]个字符开始有差异：
        --------------------
        0         1         
        01234567890123456789
        --------------------
文件1 : regfile11: 0000006a<CR>
文件2 : regfile11: 00000047<CR>
文件1(HEX) : 
00000000 : 72 65 67 66 69 6c 65 31 - 31 3a 20 30 30 30 30 30  regfile11:.00000
00000010 : 30 36 61                                           06a
文件2(HEX) : 
00000000 : 72 65 67 66 69 6c 65 31 - 31 3a 20 30 30 30 30 30  regfile11:.00000
00000010 : 30 34 37                                           047

第[3211 / 3211]行 - 第[17]个字符开始有差异：
        --------------------
        0         1         
        01234567890123456789
        --------------------
文件1 : regfile12: 0000006b<CR>
文件2 : regfile12: 00000047<CR>
文件1(HEX) : 
00000000 : 72 65 67 66 69 6c 65 31 - 32 3a 20 30 30 30 30 30  regfile12:.00000
00000010 : 30 36 62                                           06b
文件2(HEX) : 
00000000 : 72 65 67 66 69 6c 65 31 - 32 3a 20 30 30 30 30 30  regfile12:.00000
00000010 : 30 34 37                                           047

第[3212 / 3212]行 - 第[11]个字符开始有差异：
        --------------------
        0         1         
        01234567890123456789
        --------------------
文件1 : regfile13: 80000000<CR>
文件2 : regfile13: 00000006<CR>
文件1(HEX) : 
00000000 : 72 65 67 66 69 6c 65 31 - 33 3a 20 38 30 30 30 30  regfile13:.80000
00000010 : 30 30 30                                           000
文件2(HEX) : 
00000000 : 72 65 67 66 69 6c 65 31 - 33 3a 20 30 30 30 30 30  regfile13:.00000
00000010 : 30 30 36                                           006

第[3231 / 3231]行 - 第[10]个字符开始有差异：
        --------------------
        0         1         
        01234567890123456789
        --------------------
文件1 : pc: 00400068<CR>
文件2 : pc: 00400044<CR>
文件1(HEX) : 
00000000 : 70 63 3a 20 30 30 34 30 - 30 30 36 38              pc:.00400068
文件2(HEX) : 
00000000 : 70 63 3a 20 30 30 34 30 - 30 30 34 34              pc:.00400044

第[3232 / 3232]行 - 第[8]个字符开始有差异：
        --------------------
        0         1         
        01234567890123456789
        --------------------
文件1 : instr: 00cd3020<CR>
文件2 : instr: 014b602b<CR>
文件1(HEX) : 
00000000 : 69 6e 73 74 72 3a 20 30 - 30 63 64 33 30 32 30     instr:.00cd3020
文件2(HEX) : 
00000000 : 69 6e 73 74 72 3a 20 30 - 31 34 62 36 30 32 62     instr:.014b602b

第[3237 / 3237]行 - 第[17]个字符开始有差异：
        --------------------
        0         1         
        01234567890123456789
        --------------------
文件1 : regfile4: 00000004<CR>
文件2 : regfile4: 00000003<CR>
文件1(HEX) : 
00000000 : 72 65 67 66 69 6c 65 34 - 3a 20 30 30 30 30 30 30  regfile4:.000000
00000010 : 30 34                                              04
文件2(HEX) : 
00000000 : 72 65 67 66 69 6c 65 34 - 3a 20 30 30 30 30 30 30  regfile4:.000000
00000010 : 30 33                                              03

第[3238 / 3238]行 - 第[17]个字符开始有差异：
        --------------------
        0         1         
        01234567890123456789
        --------------------
文件1 : regfile5: 00000003<CR>
文件2 : regfile5: 00000004<CR>
文件1(HEX) : 
00000000 : 72 65 67 66 69 6c 65 35 - 3a 20 30 30 30 30 30 30  regfile5:.000000
00000010 : 30 33                                              03
文件2(HEX) : 
00000000 : 72 65 67 66 69 6c 65 35 - 3a 20 30 30 30 30 30 30  regfile5:.000000
00000010 : 30 34                                              04

第[3239 / 3239]行 - 第[15]个字符开始有差异：
        --------------------
        0         1         
        01234567890123456789
        --------------------
文件1 : regfile6: 00000135<CR>
文件2 : regfile6: 0000005c<CR>
文件1(HEX) : 
00000000 : 72 65 67 66 69 6c 65 36 - 3a 20 30 30 30 30 30 31  regfile6:.000001
00000010 : 33 35                                              35
文件2(HEX) : 
00000000 : 72 65 67 66 69 6c 65 36 - 3a 20 30 30 30 30 30 30  regfile6:.000000
00000010 : 35 63                                              5c

第[3240 / 3240]行 - 第[15]个字符开始有差异：
        --------------------
        0         1         
        01234567890123456789
        --------------------
文件1 : regfile7: 00000135<CR>
文件2 : regfile7: 0000005b<CR>
文件1(HEX) : 
00000000 : 72 65 67 66 69 6c 65 37 - 3a 20 30 30 30 30 30 31  regfile7:.000001
00000010 : 33 35                                              35
文件2(HEX) : 
00000000 : 72 65 67 66 69 6c 65 37 - 3a 20 30 30 30 30 30 30  regfile7:.000000
00000010 : 35 62                                              5b

第[3241 / 3241]行 - 第[17]个字符开始有差异：
        --------------------
        0         1         
        01234567890123456789
        --------------------
文件1 : regfile8: 00000003<CR>
文件2 : regfile8: 00000002<CR>
文件1(HEX) : 
00000000 : 72 65 67 66 69 6c 65 38 - 3a 20 30 30 30 30 30 30  regfile8:.000000
00000010 : 30 33                                              03
文件2(HEX) : 
00000000 : 72 65 67 66 69 6c 65 38 - 3a 20 30 30 30 30 30 30  regfile8:.000000
00000010 : 30 32                                              02

第[3243 / 3243]行 - 第[17]个字符开始有差异：
        --------------------
        0         1         
        01234567890123456789
        --------------------
文件1 : regfile10: 00000001<CR>
文件2 : regfile10: 00000041<CR>
文件1(HEX) : 
00000000 : 72 65 67 66 69 6c 65 31 - 30 3a 20 30 30 30 30 30  regfile10:.00000
00000010 : 30 30 31                                           001
文件2(HEX) : 
00000000 : 72 65 67 66 69 6c 65 31 - 30 3a 20 30 30 30 30 30  regfile10:.00000
00000010 : 30 34 31                                           041

第[3244 / 3244]行 - 第[17]个字符开始有差异：
        --------------------
        0         1         
        01234567890123456789
        --------------------
文件1 : regfile11: 0000006a<CR>
文件2 : regfile11: 00000047<CR>
文件1(HEX) : 
00000000 : 72 65 67 66 69 6c 65 31 - 31 3a 20 30 30 30 30 30  regfile11:.00000
00000010 : 30 36 61                                           06a
文件2(HEX) : 
00000000 : 72 65 67 66 69 6c 65 31 - 31 3a 20 30 30 30 30 30  regfile11:.00000
00000010 : 30 34 37                                           047

第[3245 / 3245]行 - 第[17]个字符开始有差异：
        --------------------
        0         1         
        01234567890123456789
        --------------------
文件1 : regfile12: 0000006b<CR>
文件2 : regfile12: 00000001<CR>
文件1(HEX) : 
00000000 : 72 65 67 66 69 6c 65 31 - 32 3a 20 30 30 30 30 30  regfile12:.00000
00000010 : 30 36 62                                           06b
文件2(HEX) : 
00000000 : 72 65 67 66 69 6c 65 31 - 32 3a 20 30 30 30 30 30  regfile12:.00000
00000010 : 30 30 31                                           001

第[3246 / 3246]行 - 第[11]个字符开始有差异：
        --------------------
        0         1         
        01234567890123456789
        --------------------
文件1 : regfile13: 80000000<CR>
文件2 : regfile13: 00000006<CR>
文件1(HEX) : 
00000000 : 72 65 67 66 69 6c 65 31 - 33 3a 20 38 30 30 30 30  regfile13:.80000
00000010 : 30 30 30                                           000
文件2(HEX) : 
00000000 : 72 65 67 66 69 6c 65 31 - 33 3a 20 30 30 30 30 30  regfile13:.00000
00000010 : 30 30 36                                           006

第[3265 / 3265]行 - 第[10]个字符开始有差异：
        --------------------
        0         1         
        01234567890123456789
        --------------------
文件1 : pc: 0040006c<CR>
文件2 : pc: 00400048<CR>
文件1(HEX) : 
00000000 : 70 63 3a 20 30 30 34 30 - 30 30 36 63              pc:.0040006c
文件2(HEX) : 
00000000 : 70 63 3a 20 30 30 34 30 - 30 30 34 38              pc:.00400048

第[3266 / 3266]行 - 第[7]个字符开始有差异：
        --------------------
        0         1         
        01234567890123456789
        --------------------
文件1 : instr: 246d0001<CR>
文件2 : instr: 11800018<CR>
文件1(HEX) : 
00000000 : 69 6e 73 74 72 3a 20 32 - 34 36 64 30 30 30 31     instr:.246d0001
文件2(HEX) : 
00000000 : 69 6e 73 74 72 3a 20 31 - 31 38 30 30 30 31 38     instr:.11800018

第[3271 / 3271]行 - 第[17]个字符开始有差异：
        --------------------
        0         1         
        01234567890123456789
        --------------------
文件1 : regfile4: 00000004<CR>
文件2 : regfile4: 00000003<CR>
文件1(HEX) : 
00000000 : 72 65 67 66 69 6c 65 34 - 3a 20 30 30 30 30 30 30  regfile4:.000000
00000010 : 30 34                                              04
文件2(HEX) : 
00000000 : 72 65 67 66 69 6c 65 34 - 3a 20 30 30 30 30 30 30  regfile4:.000000
00000010 : 30 33                                              03

第[3272 / 3272]行 - 第[17]个字符开始有差异：
        --------------------
        0         1         
        01234567890123456789
        --------------------
文件1 : regfile5: 00000003<CR>
文件2 : regfile5: 00000004<CR>
文件1(HEX) : 
00000000 : 72 65 67 66 69 6c 65 35 - 3a 20 30 30 30 30 30 30  regfile5:.000000
00000010 : 30 33                                              03
文件2(HEX) : 
00000000 : 72 65 67 66 69 6c 65 35 - 3a 20 30 30 30 30 30 30  regfile5:.000000
00000010 : 30 34                                              04

第[3273 / 3273]行 - 第[15]个字符开始有差异：
        --------------------
        0         1         
        01234567890123456789
        --------------------
文件1 : regfile6: 00000135<CR>
文件2 : regfile6: 0000005c<CR>
文件1(HEX) : 
00000000 : 72 65 67 66 69 6c 65 36 - 3a 20 30 30 30 30 30 31  regfile6:.000001
00000010 : 33 35                                              35
文件2(HEX) : 
00000000 : 72 65 67 66 69 6c 65 36 - 3a 20 30 30 30 30 30 30  regfile6:.000000
00000010 : 35 63                                              5c

第[3274 / 3274]行 - 第[15]个字符开始有差异：
        --------------------
        0         1         
        01234567890123456789
        --------------------
文件1 : regfile7: 00000135<CR>
文件2 : regfile7: 0000005b<CR>
文件1(HEX) : 
00000000 : 72 65 67 66 69 6c 65 37 - 3a 20 30 30 30 30 30 31  regfile7:.000001
00000010 : 33 35                                              35
文件2(HEX) : 
00000000 : 72 65 67 66 69 6c 65 37 - 3a 20 30 30 30 30 30 30  regfile7:.000000
00000010 : 35 62                                              5b

第[3275 / 3275]行 - 第[17]个字符开始有差异：
        --------------------
        0         1         
        01234567890123456789
        --------------------
文件1 : regfile8: 00000003<CR>
文件2 : regfile8: 00000002<CR>
文件1(HEX) : 
00000000 : 72 65 67 66 69 6c 65 38 - 3a 20 30 30 30 30 30 30  regfile8:.000000
00000010 : 30 33                                              03
文件2(HEX) : 
00000000 : 72 65 67 66 69 6c 65 38 - 3a 20 30 30 30 30 30 30  regfile8:.000000
00000010 : 30 32                                              02

第[3277 / 3277]行 - 第[17]个字符开始有差异：
        --------------------
        0         1         
        01234567890123456789
        --------------------
文件1 : regfile10: 00000001<CR>
文件2 : regfile10: 00000041<CR>
文件1(HEX) : 
00000000 : 72 65 67 66 69 6c 65 31 - 30 3a 20 30 30 30 30 30  regfile10:.00000
00000010 : 30 30 31                                           001
文件2(HEX) : 
00000000 : 72 65 67 66 69 6c 65 31 - 30 3a 20 30 30 30 30 30  regfile10:.00000
00000010 : 30 34 31                                           041

第[3278 / 3278]行 - 第[17]个字符开始有差异：
        --------------------
        0         1         
        01234567890123456789
        --------------------
文件1 : regfile11: 0000006a<CR>
文件2 : regfile11: 00000047<CR>
文件1(HEX) : 
00000000 : 72 65 67 66 69 6c 65 31 - 31 3a 20 30 30 30 30 30  regfile11:.00000
00000010 : 30 36 61                                           06a
文件2(HEX) : 
00000000 : 72 65 67 66 69 6c 65 31 - 31 3a 20 30 30 30 30 30  regfile11:.00000
00000010 : 30 34 37                                           047

第[3279 / 3279]行 - 第[17]个字符开始有差异：
        --------------------
        0         1         
        01234567890123456789
        --------------------
文件1 : regfile12: 0000006c<CR>
文件2 : regfile12: 00000001<CR>
文件1(HEX) : 
00000000 : 72 65 67 66 69 6c 65 31 - 32 3a 20 30 30 30 30 30  regfile12:.00000
00000010 : 30 36 63                                           06c
文件2(HEX) : 
00000000 : 72 65 67 66 69 6c 65 31 - 32 3a 20 30 30 30 30 30  regfile12:.00000
00000010 : 30 30 31                                           001

第[3280 / 3280]行 - 第[11]个字符开始有差异：
        --------------------
        0         1         
        01234567890123456789
        --------------------
文件1 : regfile13: 80000000<CR>
文件2 : regfile13: 00000006<CR>
文件1(HEX) : 
00000000 : 72 65 67 66 69 6c 65 31 - 33 3a 20 38 30 30 30 30  regfile13:.80000
00000010 : 30 30 30                                           000
文件2(HEX) : 
00000000 : 72 65 67 66 69 6c 65 31 - 33 3a 20 30 30 30 30 30  regfile13:.00000
00000010 : 30 30 36                                           006

第[3299 / 3299]行 - 第[10]个字符开始有差异：
        --------------------
        0         1         
        01234567890123456789
        --------------------
文件1 : pc: 00400070<CR>
文件2 : pc: 0040004c<CR>
文件1(HEX) : 
00000000 : 70 63 3a 20 30 30 34 30 - 30 30 37 30              pc:.00400070
文件2(HEX) : 
00000000 : 70 63 3a 20 30 30 34 30 - 30 30 34 63              pc:.0040004c

第[3300 / 3300]行 - 第[9]个字符开始有差异：
        --------------------
        0         1         
        01234567890123456789
        --------------------
文件1 : instr: 018d702b<CR>
文件2 : instr: 014b6020<CR>
文件1(HEX) : 
00000000 : 69 6e 73 74 72 3a 20 30 - 31 38 64 37 30 32 62     instr:.018d702b
文件2(HEX) : 
00000000 : 69 6e 73 74 72 3a 20 30 - 31 34 62 36 30 32 30     instr:.014b6020

第[3305 / 3305]行 - 第[17]个字符开始有差异：
        --------------------
        0         1         
        01234567890123456789
        --------------------
文件1 : regfile4: 00000004<CR>
文件2 : regfile4: 00000003<CR>
文件1(HEX) : 
00000000 : 72 65 67 66 69 6c 65 34 - 3a 20 30 30 30 30 30 30  regfile4:.000000
00000010 : 30 34                                              04
文件2(HEX) : 
00000000 : 72 65 67 66 69 6c 65 34 - 3a 20 30 30 30 30 30 30  regfile4:.000000
00000010 : 30 33                                              03

第[3306 / 3306]行 - 第[17]个字符开始有差异：
        --------------------
        0         1         
        01234567890123456789
        --------------------
文件1 : regfile5: 00000003<CR>
文件2 : regfile5: 00000004<CR>
文件1(HEX) : 
00000000 : 72 65 67 66 69 6c 65 35 - 3a 20 30 30 30 30 30 30  regfile5:.000000
00000010 : 30 33                                              03
文件2(HEX) : 
00000000 : 72 65 67 66 69 6c 65 35 - 3a 20 30 30 30 30 30 30  regfile5:.000000
00000010 : 30 34                                              04

第[3307 / 3307]行 - 第[15]个字符开始有差异：
        --------------------
        0         1         
        01234567890123456789
        --------------------
文件1 : regfile6: 00000135<CR>
文件2 : regfile6: 0000005c<CR>
文件1(HEX) : 
00000000 : 72 65 67 66 69 6c 65 36 - 3a 20 30 30 30 30 30 31  regfile6:.000001
00000010 : 33 35                                              35
文件2(HEX) : 
00000000 : 72 65 67 66 69 6c 65 36 - 3a 20 30 30 30 30 30 30  regfile6:.000000
00000010 : 35 63                                              5c

第[3308 / 3308]行 - 第[15]个字符开始有差异：
        --------------------
        0         1         
        01234567890123456789
        --------------------
文件1 : regfile7: 00000135<CR>
文件2 : regfile7: 0000005b<CR>
文件1(HEX) : 
00000000 : 72 65 67 66 69 6c 65 37 - 3a 20 30 30 30 30 30 31  regfile7:.000001
00000010 : 33 35                                              35
文件2(HEX) : 
00000000 : 72 65 67 66 69 6c 65 37 - 3a 20 30 30 30 30 30 30  regfile7:.000000
00000010 : 35 62                                              5b

第[3309 / 3309]行 - 第[17]个字符开始有差异：
        --------------------
        0         1         
        01234567890123456789
        --------------------
文件1 : regfile8: 00000003<CR>
文件2 : regfile8: 00000002<CR>
文件1(HEX) : 
00000000 : 72 65 67 66 69 6c 65 38 - 3a 20 30 30 30 30 30 30  regfile8:.000000
00000010 : 30 33                                              03
文件2(HEX) : 
00000000 : 72 65 67 66 69 6c 65 38 - 3a 20 30 30 30 30 30 30  regfile8:.000000
00000010 : 30 32                                              02

第[3311 / 3311]行 - 第[17]个字符开始有差异：
        --------------------
        0         1         
        01234567890123456789
        --------------------
文件1 : regfile10: 00000001<CR>
文件2 : regfile10: 00000041<CR>
文件1(HEX) : 
00000000 : 72 65 67 66 69 6c 65 31 - 30 3a 20 30 30 30 30 30  regfile10:.00000
00000010 : 30 30 31                                           001
文件2(HEX) : 
00000000 : 72 65 67 66 69 6c 65 31 - 30 3a 20 30 30 30 30 30  regfile10:.00000
00000010 : 30 34 31                                           041

第[3312 / 3312]行 - 第[17]个字符开始有差异：
        --------------------
        0         1         
        01234567890123456789
        --------------------
文件1 : regfile11: 0000006a<CR>
文件2 : regfile11: 00000047<CR>
文件1(HEX) : 
00000000 : 72 65 67 66 69 6c 65 31 - 31 3a 20 30 30 30 30 30  regfile11:.00000
00000010 : 30 36 61                                           06a
文件2(HEX) : 
00000000 : 72 65 67 66 69 6c 65 31 - 31 3a 20 30 30 30 30 30  regfile11:.00000
00000010 : 30 34 37                                           047

第[3313 / 3313]行 - 第[17]个字符开始有差异：
        --------------------
        0         1         
        01234567890123456789
        --------------------
文件1 : regfile12: 0000006c<CR>
文件2 : regfile12: 00000088<CR>
文件1(HEX) : 
00000000 : 72 65 67 66 69 6c 65 31 - 32 3a 20 30 30 30 30 30  regfile12:.00000
00000010 : 30 36 63                                           06c
文件2(HEX) : 
00000000 : 72 65 67 66 69 6c 65 31 - 32 3a 20 30 30 30 30 30  regfile12:.00000
00000010 : 30 38 38                                           088

第[3314 / 3314]行 - 第[11]个字符开始有差异：
        --------------------
        0         1         
        01234567890123456789
        --------------------
文件1 : regfile13: 80000000<CR>
文件2 : regfile13: 00000006<CR>
文件1(HEX) : 
00000000 : 72 65 67 66 69 6c 65 31 - 33 3a 20 38 30 30 30 30  regfile13:.80000
00000010 : 30 30 30                                           000
文件2(HEX) : 
00000000 : 72 65 67 66 69 6c 65 31 - 33 3a 20 30 30 30 30 30  regfile13:.00000
00000010 : 30 30 36                                           006

第[3333 / 3333]行 - 第[10]个字符开始有差异：
        --------------------
        0         1         
        01234567890123456789
        --------------------
文件1 : pc: 00400074<CR>
文件2 : pc: 00400050<CR>
文件1(HEX) : 
00000000 : 70 63 3a 20 30 30 34 30 - 30 30 37 34              pc:.00400074
文件2(HEX) : 
00000000 : 70 63 3a 20 30 30 34 30 - 30 30 35 30              pc:.00400050

第[3334 / 3334]行 - 第[7]个字符开始有差异：
        --------------------
        0         1         
        01234567890123456789
        --------------------
文件1 : instr: 11c00006<CR>
文件2 : instr: 000c6fc0<CR>
文件1(HEX) : 
00000000 : 69 6e 73 74 72 3a 20 31 - 31 63 30 30 30 30 36     instr:.11c00006
文件2(HEX) : 
00000000 : 69 6e 73 74 72 3a 20 30 - 30 30 63 36 66 63 30     instr:.000c6fc0

第[3339 / 3339]行 - 第[17]个字符开始有差异：
        --------------------
        0         1         
        01234567890123456789
        --------------------
文件1 : regfile4: 00000004<CR>
文件2 : regfile4: 00000003<CR>
文件1(HEX) : 
00000000 : 72 65 67 66 69 6c 65 34 - 3a 20 30 30 30 30 30 30  regfile4:.000000
00000010 : 30 34                                              04
文件2(HEX) : 
00000000 : 72 65 67 66 69 6c 65 34 - 3a 20 30 30 30 30 30 30  regfile4:.000000
00000010 : 30 33                                              03

第[3341 / 3341]行 - 第[15]个字符开始有差异：
        --------------------
        0         1         
        01234567890123456789
        --------------------
文件1 : regfile6: 00000135<CR>
文件2 : regfile6: 0000005c<CR>
文件1(HEX) : 
00000000 : 72 65 67 66 69 6c 65 36 - 3a 20 30 30 30 30 30 31  regfile6:.000001
00000010 : 33 35                                              35
文件2(HEX) : 
00000000 : 72 65 67 66 69 6c 65 36 - 3a 20 30 30 30 30 30 30  regfile6:.000000
00000010 : 35 63                                              5c

第[3342 / 3342]行 - 第[15]个字符开始有差异：
        --------------------
        0         1         
        01234567890123456789
        --------------------
文件1 : regfile7: 00000135<CR>
文件2 : regfile7: 0000005b<CR>
文件1(HEX) : 
00000000 : 72 65 67 66 69 6c 65 37 - 3a 20 30 30 30 30 30 31  regfile7:.000001
00000010 : 33 35                                              35
文件2(HEX) : 
00000000 : 72 65 67 66 69 6c 65 37 - 3a 20 30 30 30 30 30 30  regfile7:.000000
00000010 : 35 62                                              5b

第[3343 / 3343]行 - 第[17]个字符开始有差异：
        --------------------
        0         1         
        01234567890123456789
        --------------------
文件1 : regfile8: 00000003<CR>
文件2 : regfile8: 00000002<CR>
文件1(HEX) : 
00000000 : 72 65 67 66 69 6c 65 38 - 3a 20 30 30 30 30 30 30  regfile8:.000000
00000010 : 30 33                                              03
文件2(HEX) : 
00000000 : 72 65 67 66 69 6c 65 38 - 3a 20 30 30 30 30 30 30  regfile8:.000000
00000010 : 30 32                                              02

第[3345 / 3345]行 - 第[17]个字符开始有差异：
        --------------------
        0         1         
        01234567890123456789
        --------------------
文件1 : regfile10: 00000001<CR>
文件2 : regfile10: 00000041<CR>
文件1(HEX) : 
00000000 : 72 65 67 66 69 6c 65 31 - 30 3a 20 30 30 30 30 30  regfile10:.00000
00000010 : 30 30 31                                           001
文件2(HEX) : 
00000000 : 72 65 67 66 69 6c 65 31 - 30 3a 20 30 30 30 30 30  regfile10:.00000
00000010 : 30 34 31                                           041

第[3346 / 3346]行 - 第[17]个字符开始有差异：
        --------------------
        0         1         
        01234567890123456789
        --------------------
文件1 : regfile11: 0000006a<CR>
文件2 : regfile11: 00000047<CR>
文件1(HEX) : 
00000000 : 72 65 67 66 69 6c 65 31 - 31 3a 20 30 30 30 30 30  regfile11:.00000
00000010 : 30 36 61                                           06a
文件2(HEX) : 
00000000 : 72 65 67 66 69 6c 65 31 - 31 3a 20 30 30 30 30 30  regfile11:.00000
00000010 : 30 34 37                                           047

第[3347 / 3347]行 - 第[17]个字符开始有差异：
        --------------------
        0         1         
        01234567890123456789
        --------------------
文件1 : regfile12: 0000006c<CR>
文件2 : regfile12: 00000088<CR>
文件1(HEX) : 
00000000 : 72 65 67 66 69 6c 65 31 - 32 3a 20 30 30 30 30 30  regfile12:.00000
00000010 : 30 36 63                                           06c
文件2(HEX) : 
00000000 : 72 65 67 66 69 6c 65 31 - 32 3a 20 30 30 30 30 30  regfile12:.00000
00000010 : 30 38 38                                           088

第[3348 / 3348]行 - 第[11]个字符开始有差异：
        --------------------
        0         1         
        01234567890123456789
        --------------------
文件1 : regfile13: 80000000<CR>
文件2 : regfile13: 00000000<CR>
文件1(HEX) : 
00000000 : 72 65 67 66 69 6c 65 31 - 33 3a 20 38 30 30 30 30  regfile13:.80000
00000010 : 30 30 30                                           000
文件2(HEX) : 
00000000 : 72 65 67 66 69 6c 65 31 - 33 3a 20 30 30 30 30 30  regfile13:.00000
00000010 : 30 30 30                                           000

第[3367 / 3367]行 - 第[10]个字符开始有差异：
        --------------------
        0         1         
        01234567890123456789
        --------------------
文件1 : pc: 00400074<CR>
文件2 : pc: 00400054<CR>
文件1(HEX) : 
00000000 : 70 63 3a 20 30 30 34 30 - 30 30 37 34              pc:.00400074
文件2(HEX) : 
00000000 : 70 63 3a 20 30 30 34 30 - 30 30 35 34              pc:.00400054

第[3368 / 3368]行 - 第[7]个字符开始有差异：
        --------------------
        0         1         
        01234567890123456789
        --------------------
文件1 : instr: 00000000<CR>
文件2 : instr: 11a00001<CR>
文件1(HEX) : 
00000000 : 69 6e 73 74 72 3a 20 30 - 30 30 30 30 30 30 30     instr:.00000000
文件2(HEX) : 
00000000 : 69 6e 73 74 72 3a 20 31 - 31 61 30 30 30 30 31     instr:.11a00001

第[3373 / 3373]行 - 第[17]个字符开始有差异：
        --------------------
        0         1         
        01234567890123456789
        --------------------
文件1 : regfile4: 00000004<CR>
文件2 : regfile4: 00000003<CR>
文件1(HEX) : 
00000000 : 72 65 67 66 69 6c 65 34 - 3a 20 30 30 30 30 30 30  regfile4:.000000
00000010 : 30 34                                              04
文件2(HEX) : 
00000000 : 72 65 67 66 69 6c 65 34 - 3a 20 30 30 30 30 30 30  regfile4:.000000
00000010 : 30 33                                              03

第[3375 / 3375]行 - 第[15]个字符开始有差异：
        --------------------
        0         1         
        01234567890123456789
        --------------------
文件1 : regfile6: 00000135<CR>
文件2 : regfile6: 0000005c<CR>
文件1(HEX) : 
00000000 : 72 65 67 66 69 6c 65 36 - 3a 20 30 30 30 30 30 31  regfile6:.000001
00000010 : 33 35                                              35
文件2(HEX) : 
00000000 : 72 65 67 66 69 6c 65 36 - 3a 20 30 30 30 30 30 30  regfile6:.000000
00000010 : 35 63                                              5c

第[3376 / 3376]行 - 第[15]个字符开始有差异：
        --------------------
        0         1         
        01234567890123456789
        --------------------
文件1 : regfile7: 00000135<CR>
文件2 : regfile7: 0000005b<CR>
文件1(HEX) : 
00000000 : 72 65 67 66 69 6c 65 37 - 3a 20 30 30 30 30 30 31  regfile7:.000001
00000010 : 33 35                                              35
文件2(HEX) : 
00000000 : 72 65 67 66 69 6c 65 37 - 3a 20 30 30 30 30 30 30  regfile7:.000000
00000010 : 35 62                                              5b

第[3377 / 3377]行 - 第[17]个字符开始有差异：
        --------------------
        0         1         
        01234567890123456789
        --------------------
文件1 : regfile8: 00000003<CR>
文件2 : regfile8: 00000002<CR>
文件1(HEX) : 
00000000 : 72 65 67 66 69 6c 65 38 - 3a 20 30 30 30 30 30 30  regfile8:.000000
00000010 : 30 33                                              03
文件2(HEX) : 
00000000 : 72 65 67 66 69 6c 65 38 - 3a 20 30 30 30 30 30 30  regfile8:.000000
00000010 : 30 32                                              02

第[3379 / 3379]行 - 第[17]个字符开始有差异：
        --------------------
        0         1         
        01234567890123456789
        --------------------
文件1 : regfile10: 00000001<CR>
文件2 : regfile10: 00000041<CR>
文件1(HEX) : 
00000000 : 72 65 67 66 69 6c 65 31 - 30 3a 20 30 30 30 30 30  regfile10:.00000
00000010 : 30 30 31                                           001
文件2(HEX) : 
00000000 : 72 65 67 66 69 6c 65 31 - 30 3a 20 30 30 30 30 30  regfile10:.00000
00000010 : 30 34 31                                           041

第[3380 / 3380]行 - 第[17]个字符开始有差异：
        --------------------
        0         1         
        01234567890123456789
        --------------------
文件1 : regfile11: 0000006a<CR>
文件2 : regfile11: 00000047<CR>
文件1(HEX) : 
00000000 : 72 65 67 66 69 6c 65 31 - 31 3a 20 30 30 30 30 30  regfile11:.00000
00000010 : 30 36 61                                           06a
文件2(HEX) : 
00000000 : 72 65 67 66 69 6c 65 31 - 31 3a 20 30 30 30 30 30  regfile11:.00000
00000010 : 30 34 37                                           047

第[3381 / 3381]行 - 第[17]个字符开始有差异：
        --------------------
        0         1         
        01234567890123456789
        --------------------
文件1 : regfile12: 0000006c<CR>
文件2 : regfile12: 00000088<CR>
文件1(HEX) : 
00000000 : 72 65 67 66 69 6c 65 31 - 32 3a 20 30 30 30 30 30  regfile12:.00000
00000010 : 30 36 63                                           06c
文件2(HEX) : 
00000000 : 72 65 67 66 69 6c 65 31 - 32 3a 20 30 30 30 30 30  regfile12:.00000
00000010 : 30 38 38                                           088

第[3382 / 3382]行 - 第[17]个字符开始有差异：
        --------------------
        0         1         
        01234567890123456789
        --------------------
文件1 : regfile13: 0000006b<CR>
文件2 : regfile13: 00000000<CR>
文件1(HEX) : 
00000000 : 72 65 67 66 69 6c 65 31 - 33 3a 20 30 30 30 30 30  regfile13:.00000
00000010 : 30 36 62                                           06b
文件2(HEX) : 
00000000 : 72 65 67 66 69 6c 65 31 - 33 3a 20 30 30 30 30 30  regfile13:.00000
00000010 : 30 30 30                                           000

第[3401 / 3401]行 - 第[10]个字符开始有差异：
        --------------------
        0         1         
        01234567890123456789
        --------------------
文件1 : pc: 00400090<CR>
文件2 : pc: 0040005c<CR>
文件1(HEX) : 
00000000 : 70 63 3a 20 30 30 34 30 - 30 30 39 30              pc:.00400090
文件2(HEX) : 
00000000 : 70 63 3a 20 30 30 34 30 - 30 30 35 63              pc:.0040005c

第[3402 / 3402]行 - 第[7]个字符开始有差异：
        --------------------
        0         1         
        01234567890123456789
        --------------------
文件1 : instr: 25080001<CR>
文件2 : instr: 000c6042<CR>
文件1(HEX) : 
00000000 : 69 6e 73 74 72 3a 20 32 - 35 30 38 30 30 30 31     instr:.25080001
文件2(HEX) : 
00000000 : 69 6e 73 74 72 3a 20 30 - 30 30 63 36 30 34 32     instr:.000c6042

第[3407 / 3407]行 - 第[17]个字符开始有差异：
        --------------------
        0         1         
        01234567890123456789
        --------------------
文件1 : regfile4: 00000004<CR>
文件2 : regfile4: 00000003<CR>
文件1(HEX) : 
00000000 : 72 65 67 66 69 6c 65 34 - 3a 20 30 30 30 30 30 30  regfile4:.000000
00000010 : 30 34                                              04
文件2(HEX) : 
00000000 : 72 65 67 66 69 6c 65 34 - 3a 20 30 30 30 30 30 30  regfile4:.000000
00000010 : 30 33                                              03

第[3409 / 3409]行 - 第[15]个字符开始有差异：
        --------------------
        0         1         
        01234567890123456789
        --------------------
文件1 : regfile6: 000001a0<CR>
文件2 : regfile6: 0000005c<CR>
文件1(HEX) : 
00000000 : 72 65 67 66 69 6c 65 36 - 3a 20 30 30 30 30 30 31  regfile6:.000001
00000010 : 61 30                                              a0
文件2(HEX) : 
00000000 : 72 65 67 66 69 6c 65 36 - 3a 20 30 30 30 30 30 30  regfile6:.000000
00000010 : 35 63                                              5c

第[3410 / 3410]行 - 第[15]个字符开始有差异：
        --------------------
        0         1         
        01234567890123456789
        --------------------
文件1 : regfile7: 00000135<CR>
文件2 : regfile7: 0000005b<CR>
文件1(HEX) : 
00000000 : 72 65 67 66 69 6c 65 37 - 3a 20 30 30 30 30 30 31  regfile7:.000001
00000010 : 33 35                                              35
文件2(HEX) : 
00000000 : 72 65 67 66 69 6c 65 37 - 3a 20 30 30 30 30 30 30  regfile7:.000000
00000010 : 35 62                                              5b

第[3411 / 3411]行 - 第[17]个字符开始有差异：
        --------------------
        0         1         
        01234567890123456789
        --------------------
文件1 : regfile8: 00000003<CR>
文件2 : regfile8: 00000002<CR>
文件1(HEX) : 
00000000 : 72 65 67 66 69 6c 65 38 - 3a 20 30 30 30 30 30 30  regfile8:.000000
00000010 : 30 33                                              03
文件2(HEX) : 
00000000 : 72 65 67 66 69 6c 65 38 - 3a 20 30 30 30 30 30 30  regfile8:.000000
00000010 : 30 32                                              02

第[3413 / 3413]行 - 第[17]个字符开始有差异：
        --------------------
        0         1         
        01234567890123456789
        --------------------
文件1 : regfile10: 00000001<CR>
文件2 : regfile10: 00000041<CR>
文件1(HEX) : 
00000000 : 72 65 67 66 69 6c 65 31 - 30 3a 20 30 30 30 30 30  regfile10:.00000
00000010 : 30 30 31                                           001
文件2(HEX) : 
00000000 : 72 65 67 66 69 6c 65 31 - 30 3a 20 30 30 30 30 30  regfile10:.00000
00000010 : 30 34 31                                           041

第[3414 / 3414]行 - 第[17]个字符开始有差异：
        --------------------
        0         1         
        01234567890123456789
        --------------------
文件1 : regfile11: 0000006a<CR>
文件2 : regfile11: 00000047<CR>
文件1(HEX) : 
00000000 : 72 65 67 66 69 6c 65 31 - 31 3a 20 30 30 30 30 30  regfile11:.00000
00000010 : 30 36 61                                           06a
文件2(HEX) : 
00000000 : 72 65 67 66 69 6c 65 31 - 31 3a 20 30 30 30 30 30  regfile11:.00000
00000010 : 30 34 37                                           047

第[3415 / 3415]行 - 第[17]个字符开始有差异：
        --------------------
        0         1         
        01234567890123456789
        --------------------
文件1 : regfile12: 0000006c<CR>
文件2 : regfile12: 00000044<CR>
文件1(HEX) : 
00000000 : 72 65 67 66 69 6c 65 31 - 32 3a 20 30 30 30 30 30  regfile12:.00000
00000010 : 30 36 63                                           06c
文件2(HEX) : 
00000000 : 72 65 67 66 69 6c 65 31 - 32 3a 20 30 30 30 30 30  regfile12:.00000
00000010 : 30 34 34                                           044

第[3416 / 3416]行 - 第[17]个字符开始有差异：
        --------------------
        0         1         
        01234567890123456789
        --------------------
文件1 : regfile13: 0000006b<CR>
文件2 : regfile13: 00000000<CR>
文件1(HEX) : 
00000000 : 72 65 67 66 69 6c 65 31 - 33 3a 20 30 30 30 30 30  regfile13:.00000
00000010 : 30 36 62                                           06b
文件2(HEX) : 
00000000 : 72 65 67 66 69 6c 65 31 - 33 3a 20 30 30 30 30 30  regfile13:.00000
00000010 : 30 30 30                                           000

第[3435 / 3435]行 - 第[10]个字符开始有差异：
        --------------------
        0         1         
        01234567890123456789
        --------------------
文件1 : pc: 00400094<CR>
文件2 : pc: 00400060<CR>
文件1(HEX) : 
00000000 : 70 63 3a 20 30 30 34 30 - 30 30 39 34              pc:.00400094
文件2(HEX) : 
00000000 : 70 63 3a 20 30 30 34 30 - 30 30 36 30              pc:.00400060

第[3436 / 3436]行 - 第[9]个字符开始有差异：
        --------------------
        0         1         
        01234567890123456789
        --------------------
文件1 : instr: 24840001<CR>
文件2 : instr: 24a50001<CR>
文件1(HEX) : 
00000000 : 69 6e 73 74 72 3a 20 32 - 34 38 34 30 30 30 31     instr:.24840001
文件2(HEX) : 
00000000 : 69 6e 73 74 72 3a 20 32 - 34 61 35 30 30 30 31     instr:.24a50001

第[3441 / 3441]行 - 第[17]个字符开始有差异：
        --------------------
        0         1         
        01234567890123456789
        --------------------
文件1 : regfile4: 00000004<CR>
文件2 : regfile4: 00000003<CR>
文件1(HEX) : 
00000000 : 72 65 67 66 69 6c 65 34 - 3a 20 30 30 30 30 30 30  regfile4:.000000
00000010 : 30 34                                              04
文件2(HEX) : 
00000000 : 72 65 67 66 69 6c 65 34 - 3a 20 30 30 30 30 30 30  regfile4:.000000
00000010 : 30 33                                              03

第[3442 / 3442]行 - 第[17]个字符开始有差异：
        --------------------
        0         1         
        01234567890123456789
        --------------------
文件1 : regfile5: 00000004<CR>
文件2 : regfile5: 00000005<CR>
文件1(HEX) : 
00000000 : 72 65 67 66 69 6c 65 35 - 3a 20 30 30 30 30 30 30  regfile5:.000000
00000010 : 30 34                                              04
文件2(HEX) : 
00000000 : 72 65 67 66 69 6c 65 35 - 3a 20 30 30 30 30 30 30  regfile5:.000000
00000010 : 30 35                                              05

第[3443 / 3443]行 - 第[15]个字符开始有差异：
        --------------------
        0         1         
        01234567890123456789
        --------------------
文件1 : regfile6: 000001a0<CR>
文件2 : regfile6: 0000005c<CR>
文件1(HEX) : 
00000000 : 72 65 67 66 69 6c 65 36 - 3a 20 30 30 30 30 30 31  regfile6:.000001
00000010 : 61 30                                              a0
文件2(HEX) : 
00000000 : 72 65 67 66 69 6c 65 36 - 3a 20 30 30 30 30 30 30  regfile6:.000000
00000010 : 35 63                                              5c

第[3444 / 3444]行 - 第[15]个字符开始有差异：
        --------------------
        0         1         
        01234567890123456789
        --------------------
文件1 : regfile7: 00000135<CR>
文件2 : regfile7: 0000005b<CR>
文件1(HEX) : 
00000000 : 72 65 67 66 69 6c 65 37 - 3a 20 30 30 30 30 30 31  regfile7:.000001
00000010 : 33 35                                              35
文件2(HEX) : 
00000000 : 72 65 67 66 69 6c 65 37 - 3a 20 30 30 30 30 30 30  regfile7:.000000
00000010 : 35 62                                              5b

第[3445 / 3445]行 - 第[17]个字符开始有差异：
        --------------------
        0         1         
        01234567890123456789
        --------------------
文件1 : regfile8: 00000003<CR>
文件2 : regfile8: 00000002<CR>
文件1(HEX) : 
00000000 : 72 65 67 66 69 6c 65 38 - 3a 20 30 30 30 30 30 30  regfile8:.000000
00000010 : 30 33                                              03
文件2(HEX) : 
00000000 : 72 65 67 66 69 6c 65 38 - 3a 20 30 30 30 30 30 30  regfile8:.000000
00000010 : 30 32                                              02

第[3447 / 3447]行 - 第[17]个字符开始有差异：
        --------------------
        0         1         
        01234567890123456789
        --------------------
文件1 : regfile10: 00000001<CR>
文件2 : regfile10: 00000041<CR>
文件1(HEX) : 
00000000 : 72 65 67 66 69 6c 65 31 - 30 3a 20 30 30 30 30 30  regfile10:.00000
00000010 : 30 30 31                                           001
文件2(HEX) : 
00000000 : 72 65 67 66 69 6c 65 31 - 30 3a 20 30 30 30 30 30  regfile10:.00000
00000010 : 30 34 31                                           041

第[3448 / 3448]行 - 第[17]个字符开始有差异：
        --------------------
        0         1         
        01234567890123456789
        --------------------
文件1 : regfile11: 0000006a<CR>
文件2 : regfile11: 00000047<CR>
文件1(HEX) : 
00000000 : 72 65 67 66 69 6c 65 31 - 31 3a 20 30 30 30 30 30  regfile11:.00000
00000010 : 30 36 61                                           06a
文件2(HEX) : 
00000000 : 72 65 67 66 69 6c 65 31 - 31 3a 20 30 30 30 30 30  regfile11:.00000
00000010 : 30 34 37                                           047

第[3449 / 3449]行 - 第[17]个字符开始有差异：
        --------------------
        0         1         
        01234567890123456789
        --------------------
文件1 : regfile12: 0000006c<CR>
文件2 : regfile12: 00000044<CR>
文件1(HEX) : 
00000000 : 72 65 67 66 69 6c 65 31 - 32 3a 20 30 30 30 30 30  regfile12:.00000
00000010 : 30 36 63                                           06c
文件2(HEX) : 
00000000 : 72 65 67 66 69 6c 65 31 - 32 3a 20 30 30 30 30 30  regfile12:.00000
00000010 : 30 34 34                                           044

第[3450 / 3450]行 - 第[17]个字符开始有差异：
        --------------------
        0         1         
        01234567890123456789
        --------------------
文件1 : regfile13: 00000043<CR>
文件2 : regfile13: 00000000<CR>
文件1(HEX) : 
00000000 : 72 65 67 66 69 6c 65 31 - 33 3a 20 30 30 30 30 30  regfile13:.00000
00000010 : 30 34 33                                           043
文件2(HEX) : 
00000000 : 72 65 67 66 69 6c 65 31 - 33 3a 20 30 30 30 30 30  regfile13:.00000
00000010 : 30 30 30                                           000

第[3469 / 3469]行 - 第[10]个字符开始有差异：
        --------------------
        0         1         
        01234567890123456789
        --------------------
文件1 : pc: 00400098<CR>
文件2 : pc: 00400064<CR>
文件1(HEX) : 
00000000 : 70 63 3a 20 30 30 34 30 - 30 30 39 38              pc:.00400098
文件2(HEX) : 
00000000 : 70 63 3a 20 30 30 34 30 - 30 30 36 34              pc:.00400064

第[3470 / 3470]行 - 第[7]个字符开始有差异：
        --------------------
        0         1         
        01234567890123456789
        --------------------
文件1 : instr: 24090001<CR>
文件2 : instr: 018a6823<CR>
文件1(HEX) : 
00000000 : 69 6e 73 74 72 3a 20 32 - 34 30 39 30 30 30 31     instr:.24090001
文件2(HEX) : 
00000000 : 69 6e 73 74 72 3a 20 30 - 31 38 61 36 38 32 33     instr:.018a6823

第[3475 / 3475]行 - 第[17]个字符开始有差异：
        --------------------
        0         1         
        01234567890123456789
        --------------------
文件1 : regfile4: 00000004<CR>
文件2 : regfile4: 00000003<CR>
文件1(HEX) : 
00000000 : 72 65 67 66 69 6c 65 34 - 3a 20 30 30 30 30 30 30  regfile4:.000000
00000010 : 30 34                                              04
文件2(HEX) : 
00000000 : 72 65 67 66 69 6c 65 34 - 3a 20 30 30 30 30 30 30  regfile4:.000000
00000010 : 30 33                                              03

第[3476 / 3476]行 - 第[17]个字符开始有差异：
        --------------------
        0         1         
        01234567890123456789
        --------------------
文件1 : regfile5: 00000004<CR>
文件2 : regfile5: 00000005<CR>
文件1(HEX) : 
00000000 : 72 65 67 66 69 6c 65 35 - 3a 20 30 30 30 30 30 30  regfile5:.000000
00000010 : 30 34                                              04
文件2(HEX) : 
00000000 : 72 65 67 66 69 6c 65 35 - 3a 20 30 30 30 30 30 30  regfile5:.000000
00000010 : 30 35                                              05

第[3477 / 3477]行 - 第[15]个字符开始有差异：
        --------------------
        0         1         
        01234567890123456789
        --------------------
文件1 : regfile6: 000001a0<CR>
文件2 : regfile6: 0000005c<CR>
文件1(HEX) : 
00000000 : 72 65 67 66 69 6c 65 36 - 3a 20 30 30 30 30 30 31  regfile6:.000001
00000010 : 61 30                                              a0
文件2(HEX) : 
00000000 : 72 65 67 66 69 6c 65 36 - 3a 20 30 30 30 30 30 30  regfile6:.000000
00000010 : 35 63                                              5c

第[3478 / 3478]行 - 第[15]个字符开始有差异：
        --------------------
        0         1         
        01234567890123456789
        --------------------
文件1 : regfile7: 00000135<CR>
文件2 : regfile7: 0000005b<CR>
文件1(HEX) : 
00000000 : 72 65 67 66 69 6c 65 37 - 3a 20 30 30 30 30 30 31  regfile7:.000001
00000010 : 33 35                                              35
文件2(HEX) : 
00000000 : 72 65 67 66 69 6c 65 37 - 3a 20 30 30 30 30 30 30  regfile7:.000000
00000010 : 35 62                                              5b

第[3479 / 3479]行 - 第[17]个字符开始有差异：
        --------------------
        0         1         
        01234567890123456789
        --------------------
文件1 : regfile8: 00000003<CR>
文件2 : regfile8: 00000002<CR>
文件1(HEX) : 
00000000 : 72 65 67 66 69 6c 65 38 - 3a 20 30 30 30 30 30 30  regfile8:.000000
00000010 : 30 33                                              03
文件2(HEX) : 
00000000 : 72 65 67 66 69 6c 65 38 - 3a 20 30 30 30 30 30 30  regfile8:.000000
00000010 : 30 32                                              02

第[3481 / 3481]行 - 第[17]个字符开始有差异：
        --------------------
        0         1         
        01234567890123456789
        --------------------
文件1 : regfile10: 00000001<CR>
文件2 : regfile10: 00000041<CR>
文件1(HEX) : 
00000000 : 72 65 67 66 69 6c 65 31 - 30 3a 20 30 30 30 30 30  regfile10:.00000
00000010 : 30 30 31                                           001
文件2(HEX) : 
00000000 : 72 65 67 66 69 6c 65 31 - 30 3a 20 30 30 30 30 30  regfile10:.00000
00000010 : 30 34 31                                           041

第[3482 / 3482]行 - 第[17]个字符开始有差异：
        --------------------
        0         1         
        01234567890123456789
        --------------------
文件1 : regfile11: 0000006a<CR>
文件2 : regfile11: 00000047<CR>
文件1(HEX) : 
00000000 : 72 65 67 66 69 6c 65 31 - 31 3a 20 30 30 30 30 30  regfile11:.00000
00000010 : 30 36 61                                           06a
文件2(HEX) : 
00000000 : 72 65 67 66 69 6c 65 31 - 31 3a 20 30 30 30 30 30  regfile11:.00000
00000010 : 30 34 37                                           047

第[3483 / 3483]行 - 第[17]个字符开始有差异：
        --------------------
        0         1         
        01234567890123456789
        --------------------
文件1 : regfile12: 0000006c<CR>
文件2 : regfile12: 00000044<CR>
文件1(HEX) : 
00000000 : 72 65 67 66 69 6c 65 31 - 32 3a 20 30 30 30 30 30  regfile12:.00000
00000010 : 30 36 63                                           06c
文件2(HEX) : 
00000000 : 72 65 67 66 69 6c 65 31 - 32 3a 20 30 30 30 30 30  regfile12:.00000
00000010 : 30 34 34                                           044

第[3484 / 3484]行 - 第[17]个字符开始有差异：
        --------------------
        0         1         
        01234567890123456789
        --------------------
文件1 : regfile13: 00000043<CR>
文件2 : regfile13: 00000003<CR>
文件1(HEX) : 
00000000 : 72 65 67 66 69 6c 65 31 - 33 3a 20 30 30 30 30 30  regfile13:.00000
00000010 : 30 34 33                                           043
文件2(HEX) : 
00000000 : 72 65 67 66 69 6c 65 31 - 33 3a 20 30 30 30 30 30  regfile13:.00000
00000010 : 30 30 33                                           003

第[3503 / 3503]行 - 第[10]个字符开始有差异：
        --------------------
        0         1         
        01234567890123456789
        --------------------
文件1 : pc: 0040009c<CR>
文件2 : pc: 00400068<CR>
文件1(HEX) : 
00000000 : 70 63 3a 20 30 30 34 30 - 30 30 39 63              pc:.0040009c
文件2(HEX) : 
00000000 : 70 63 3a 20 30 30 34 30 - 30 30 36 38              pc:.00400068

第[3504 / 3504]行 - 第[9]个字符开始有差异：
        --------------------
        0         1         
        01234567890123456789
        --------------------
文件1 : instr: 000c5820<CR>
文件2 : instr: 00cd3020<CR>
文件1(HEX) : 
00000000 : 69 6e 73 74 72 3a 20 30 - 30 30 63 35 38 32 30     instr:.000c5820
文件2(HEX) : 
00000000 : 69 6e 73 74 72 3a 20 30 - 30 63 64 33 30 32 30     instr:.00cd3020

第[3509 / 3509]行 - 第[17]个字符开始有差异：
        --------------------
        0         1         
        01234567890123456789
        --------------------
文件1 : regfile4: 00000004<CR>
文件2 : regfile4: 00000003<CR>
文件1(HEX) : 
00000000 : 72 65 67 66 69 6c 65 34 - 3a 20 30 30 30 30 30 30  regfile4:.000000
00000010 : 30 34                                              04
文件2(HEX) : 
00000000 : 72 65 67 66 69 6c 65 34 - 3a 20 30 30 30 30 30 30  regfile4:.000000
00000010 : 30 33                                              03

第[3510 / 3510]行 - 第[17]个字符开始有差异：
        --------------------
        0         1         
        01234567890123456789
        --------------------
文件1 : regfile5: 00000004<CR>
文件2 : regfile5: 00000005<CR>
文件1(HEX) : 
00000000 : 72 65 67 66 69 6c 65 35 - 3a 20 30 30 30 30 30 30  regfile5:.000000
00000010 : 30 34                                              04
文件2(HEX) : 
00000000 : 72 65 67 66 69 6c 65 35 - 3a 20 30 30 30 30 30 30  regfile5:.000000
00000010 : 30 35                                              05

第[3511 / 3511]行 - 第[15]个字符开始有差异：
        --------------------
        0         1         
        01234567890123456789
        --------------------
文件1 : regfile6: 000001a0<CR>
文件2 : regfile6: 0000005f<CR>
文件1(HEX) : 
00000000 : 72 65 67 66 69 6c 65 36 - 3a 20 30 30 30 30 30 31  regfile6:.000001
00000010 : 61 30                                              a0
文件2(HEX) : 
00000000 : 72 65 67 66 69 6c 65 36 - 3a 20 30 30 30 30 30 30  regfile6:.000000
00000010 : 35 66                                              5f

第[3512 / 3512]行 - 第[15]个字符开始有差异：
        --------------------
        0         1         
        01234567890123456789
        --------------------
文件1 : regfile7: 00000135<CR>
文件2 : regfile7: 0000005b<CR>
文件1(HEX) : 
00000000 : 72 65 67 66 69 6c 65 37 - 3a 20 30 30 30 30 30 31  regfile7:.000001
00000010 : 33 35                                              35
文件2(HEX) : 
00000000 : 72 65 67 66 69 6c 65 37 - 3a 20 30 30 30 30 30 30  regfile7:.000000
00000010 : 35 62                                              5b

第[3513 / 3513]行 - 第[17]个字符开始有差异：
        --------------------
        0         1         
        01234567890123456789
        --------------------
文件1 : regfile8: 00000003<CR>
文件2 : regfile8: 00000002<CR>
文件1(HEX) : 
00000000 : 72 65 67 66 69 6c 65 38 - 3a 20 30 30 30 30 30 30  regfile8:.000000
00000010 : 30 33                                              03
文件2(HEX) : 
00000000 : 72 65 67 66 69 6c 65 38 - 3a 20 30 30 30 30 30 30  regfile8:.000000
00000010 : 30 32                                              02

第[3515 / 3515]行 - 第[17]个字符开始有差异：
        --------------------
        0         1         
        01234567890123456789
        --------------------
文件1 : regfile10: 00000001<CR>
文件2 : regfile10: 00000041<CR>
文件1(HEX) : 
00000000 : 72 65 67 66 69 6c 65 31 - 30 3a 20 30 30 30 30 30  regfile10:.00000
00000010 : 30 30 31                                           001
文件2(HEX) : 
00000000 : 72 65 67 66 69 6c 65 31 - 30 3a 20 30 30 30 30 30  regfile10:.00000
00000010 : 30 34 31                                           041

第[3516 / 3516]行 - 第[17]个字符开始有差异：
        --------------------
        0         1         
        01234567890123456789
        --------------------
文件1 : regfile11: 0000006a<CR>
文件2 : regfile11: 00000047<CR>
文件1(HEX) : 
00000000 : 72 65 67 66 69 6c 65 31 - 31 3a 20 30 30 30 30 30  regfile11:.00000
00000010 : 30 36 61                                           06a
文件2(HEX) : 
00000000 : 72 65 67 66 69 6c 65 31 - 31 3a 20 30 30 30 30 30  regfile11:.00000
00000010 : 30 34 37                                           047

第[3517 / 3517]行 - 第[17]个字符开始有差异：
        --------------------
        0         1         
        01234567890123456789
        --------------------
文件1 : regfile12: 0000006c<CR>
文件2 : regfile12: 00000044<CR>
文件1(HEX) : 
00000000 : 72 65 67 66 69 6c 65 31 - 32 3a 20 30 30 30 30 30  regfile12:.00000
00000010 : 30 36 63                                           06c
文件2(HEX) : 
00000000 : 72 65 67 66 69 6c 65 31 - 32 3a 20 30 30 30 30 30  regfile12:.00000
00000010 : 30 34 34                                           044

第[3518 / 3518]行 - 第[17]个字符开始有差异：
        --------------------
        0         1         
        01234567890123456789
        --------------------
文件1 : regfile13: 00000043<CR>
文件2 : regfile13: 00000003<CR>
文件1(HEX) : 
00000000 : 72 65 67 66 69 6c 65 31 - 33 3a 20 30 30 30 30 30  regfile13:.00000
00000010 : 30 34 33                                           043
文件2(HEX) : 
00000000 : 72 65 67 66 69 6c 65 31 - 33 3a 20 30 30 30 30 30  regfile13:.00000
00000010 : 30 30 33                                           003

第[3537 / 3537]行 - 第[10]个字符开始有差异：
        --------------------
        0         1         
        01234567890123456789
        --------------------
文件1 : pc: 004000a0<CR>
文件2 : pc: 0040006c<CR>
文件1(HEX) : 
00000000 : 70 63 3a 20 30 30 34 30 - 30 30 61 30              pc:.004000a0
文件2(HEX) : 
00000000 : 70 63 3a 20 30 30 34 30 - 30 30 36 63              pc:.0040006c

第[3538 / 3538]行 - 第[7]个字符开始有差异：
        --------------------
        0         1         
        01234567890123456789
        --------------------
文件1 : instr: 018a6823<CR>
文件2 : instr: 246d0001<CR>
文件1(HEX) : 
00000000 : 69 6e 73 74 72 3a 20 30 - 31 38 61 36 38 32 33     instr:.018a6823
文件2(HEX) : 
00000000 : 69 6e 73 74 72 3a 20 32 - 34 36 64 30 30 30 31     instr:.246d0001

第[3543 / 3543]行 - 第[17]个字符开始有差异：
        --------------------
        0         1         
        01234567890123456789
        --------------------
文件1 : regfile4: 00000004<CR>
文件2 : regfile4: 00000003<CR>
文件1(HEX) : 
00000000 : 72 65 67 66 69 6c 65 34 - 3a 20 30 30 30 30 30 30  regfile4:.000000
00000010 : 30 34                                              04
文件2(HEX) : 
00000000 : 72 65 67 66 69 6c 65 34 - 3a 20 30 30 30 30 30 30  regfile4:.000000
00000010 : 30 33                                              03

第[3544 / 3544]行 - 第[17]个字符开始有差异：
        --------------------
        0         1         
        01234567890123456789
        --------------------
文件1 : regfile5: 00000004<CR>
文件2 : regfile5: 00000005<CR>
文件1(HEX) : 
00000000 : 72 65 67 66 69 6c 65 35 - 3a 20 30 30 30 30 30 30  regfile5:.000000
00000010 : 30 34                                              04
文件2(HEX) : 
00000000 : 72 65 67 66 69 6c 65 35 - 3a 20 30 30 30 30 30 30  regfile5:.000000
00000010 : 30 35                                              05

第[3545 / 3545]行 - 第[15]个字符开始有差异：
        --------------------
        0         1         
        01234567890123456789
        --------------------
文件1 : regfile6: 000001a0<CR>
文件2 : regfile6: 0000005f<CR>
文件1(HEX) : 
00000000 : 72 65 67 66 69 6c 65 36 - 3a 20 30 30 30 30 30 31  regfile6:.000001
00000010 : 61 30                                              a0
文件2(HEX) : 
00000000 : 72 65 67 66 69 6c 65 36 - 3a 20 30 30 30 30 30 30  regfile6:.000000
00000010 : 35 66                                              5f

第[3546 / 3546]行 - 第[15]个字符开始有差异：
        --------------------
        0         1         
        01234567890123456789
        --------------------
文件1 : regfile7: 00000135<CR>
文件2 : regfile7: 0000005b<CR>
文件1(HEX) : 
00000000 : 72 65 67 66 69 6c 65 37 - 3a 20 30 30 30 30 30 31  regfile7:.000001
00000010 : 33 35                                              35
文件2(HEX) : 
00000000 : 72 65 67 66 69 6c 65 37 - 3a 20 30 30 30 30 30 30  regfile7:.000000
00000010 : 35 62                                              5b

第[3547 / 3547]行 - 第[17]个字符开始有差异：
        --------------------
        0         1         
        01234567890123456789
        --------------------
文件1 : regfile8: 00000003<CR>
文件2 : regfile8: 00000002<CR>
文件1(HEX) : 
00000000 : 72 65 67 66 69 6c 65 38 - 3a 20 30 30 30 30 30 30  regfile8:.000000
00000010 : 30 33                                              03
文件2(HEX) : 
00000000 : 72 65 67 66 69 6c 65 38 - 3a 20 30 30 30 30 30 30  regfile8:.000000
00000010 : 30 32                                              02

第[3549 / 3549]行 - 第[17]个字符开始有差异：
        --------------------
        0         1         
        01234567890123456789
        --------------------
文件1 : regfile10: 00000001<CR>
文件2 : regfile10: 00000041<CR>
文件1(HEX) : 
00000000 : 72 65 67 66 69 6c 65 31 - 30 3a 20 30 30 30 30 30  regfile10:.00000
00000010 : 30 30 31                                           001
文件2(HEX) : 
00000000 : 72 65 67 66 69 6c 65 31 - 30 3a 20 30 30 30 30 30  regfile10:.00000
00000010 : 30 34 31                                           041

第[3550 / 3550]行 - 第[17]个字符开始有差异：
        --------------------
        0         1         
        01234567890123456789
        --------------------
文件1 : regfile11: 0000006a<CR>
文件2 : regfile11: 00000047<CR>
文件1(HEX) : 
00000000 : 72 65 67 66 69 6c 65 31 - 31 3a 20 30 30 30 30 30  regfile11:.00000
00000010 : 30 36 61                                           06a
文件2(HEX) : 
00000000 : 72 65 67 66 69 6c 65 31 - 31 3a 20 30 30 30 30 30  regfile11:.00000
00000010 : 30 34 37                                           047

第[3551 / 3551]行 - 第[17]个字符开始有差异：
        --------------------
        0         1         
        01234567890123456789
        --------------------
文件1 : regfile12: 0000006c<CR>
文件2 : regfile12: 00000044<CR>
文件1(HEX) : 
00000000 : 72 65 67 66 69 6c 65 31 - 32 3a 20 30 30 30 30 30  regfile12:.00000
00000010 : 30 36 63                                           06c
文件2(HEX) : 
00000000 : 72 65 67 66 69 6c 65 31 - 32 3a 20 30 30 30 30 30  regfile12:.00000
00000010 : 30 34 34                                           044

第[3571 / 3571]行 - 第[10]个字符开始有差异：
        --------------------
        0         1         
        01234567890123456789
        --------------------
文件1 : pc: 004000a4<CR>
文件2 : pc: 00400070<CR>
文件1(HEX) : 
00000000 : 70 63 3a 20 30 30 34 30 - 30 30 61 34              pc:.004000a4
文件2(HEX) : 
00000000 : 70 63 3a 20 30 30 34 30 - 30 30 37 30              pc:.00400070

第[3572 / 3572]行 - 第[8]个字符开始有差异：
        --------------------
        0         1         
        01234567890123456789
        --------------------
文件1 : instr: 00ed3820<CR>
文件2 : instr: 018d702b<CR>
文件1(HEX) : 
00000000 : 69 6e 73 74 72 3a 20 30 - 30 65 64 33 38 32 30     instr:.00ed3820
文件2(HEX) : 
00000000 : 69 6e 73 74 72 3a 20 30 - 31 38 64 37 30 32 62     instr:.018d702b

第[3577 / 3577]行 - 第[17]个字符开始有差异：
        --------------------
        0         1         
        01234567890123456789
        --------------------
文件1 : regfile4: 00000004<CR>
文件2 : regfile4: 00000003<CR>
文件1(HEX) : 
00000000 : 72 65 67 66 69 6c 65 34 - 3a 20 30 30 30 30 30 30  regfile4:.000000
00000010 : 30 34                                              04
文件2(HEX) : 
00000000 : 72 65 67 66 69 6c 65 34 - 3a 20 30 30 30 30 30 30  regfile4:.000000
00000010 : 30 33                                              03

第[3578 / 3578]行 - 第[17]个字符开始有差异：
        --------------------
        0         1         
        01234567890123456789
        --------------------
文件1 : regfile5: 00000004<CR>
文件2 : regfile5: 00000005<CR>
文件1(HEX) : 
00000000 : 72 65 67 66 69 6c 65 35 - 3a 20 30 30 30 30 30 30  regfile5:.000000
00000010 : 30 34                                              04
文件2(HEX) : 
00000000 : 72 65 67 66 69 6c 65 35 - 3a 20 30 30 30 30 30 30  regfile5:.000000
00000010 : 30 35                                              05

第[3579 / 3579]行 - 第[15]个字符开始有差异：
        --------------------
        0         1         
        01234567890123456789
        --------------------
文件1 : regfile6: 000001a0<CR>
文件2 : regfile6: 0000005f<CR>
文件1(HEX) : 
00000000 : 72 65 67 66 69 6c 65 36 - 3a 20 30 30 30 30 30 31  regfile6:.000001
00000010 : 61 30                                              a0
文件2(HEX) : 
00000000 : 72 65 67 66 69 6c 65 36 - 3a 20 30 30 30 30 30 30  regfile6:.000000
00000010 : 35 66                                              5f

第[3580 / 3580]行 - 第[15]个字符开始有差异：
        --------------------
        0         1         
        01234567890123456789
        --------------------
文件1 : regfile7: 00000135<CR>
文件2 : regfile7: 0000005b<CR>
文件1(HEX) : 
00000000 : 72 65 67 66 69 6c 65 37 - 3a 20 30 30 30 30 30 31  regfile7:.000001
00000010 : 33 35                                              35
文件2(HEX) : 
00000000 : 72 65 67 66 69 6c 65 37 - 3a 20 30 30 30 30 30 30  regfile7:.000000
00000010 : 35 62                                              5b

第[3581 / 3581]行 - 第[17]个字符开始有差异：
        --------------------
        0         1         
        01234567890123456789
        --------------------
文件1 : regfile8: 00000004<CR>
文件2 : regfile8: 00000002<CR>
文件1(HEX) : 
00000000 : 72 65 67 66 69 6c 65 38 - 3a 20 30 30 30 30 30 30  regfile8:.000000
00000010 : 30 34                                              04
文件2(HEX) : 
00000000 : 72 65 67 66 69 6c 65 38 - 3a 20 30 30 30 30 30 30  regfile8:.000000
00000010 : 30 32                                              02

第[3583 / 3583]行 - 第[17]个字符开始有差异：
        --------------------
        0         1         
        01234567890123456789
        --------------------
文件1 : regfile10: 00000001<CR>
文件2 : regfile10: 00000041<CR>
文件1(HEX) : 
00000000 : 72 65 67 66 69 6c 65 31 - 30 3a 20 30 30 30 30 30  regfile10:.00000
00000010 : 30 30 31                                           001
文件2(HEX) : 
00000000 : 72 65 67 66 69 6c 65 31 - 30 3a 20 30 30 30 30 30  regfile10:.00000
00000010 : 30 34 31                                           041

第[3584 / 3584]行 - 第[17]个字符开始有差异：
        --------------------
        0         1         
        01234567890123456789
        --------------------
文件1 : regfile11: 0000006a<CR>
文件2 : regfile11: 00000047<CR>
文件1(HEX) : 
00000000 : 72 65 67 66 69 6c 65 31 - 31 3a 20 30 30 30 30 30  regfile11:.00000
00000010 : 30 36 61                                           06a
文件2(HEX) : 
00000000 : 72 65 67 66 69 6c 65 31 - 31 3a 20 30 30 30 30 30  regfile11:.00000
00000010 : 30 34 37                                           047

第[3585 / 3585]行 - 第[17]个字符开始有差异：
        --------------------
        0         1         
        01234567890123456789
        --------------------
文件1 : regfile12: 0000006c<CR>
文件2 : regfile12: 00000044<CR>
文件1(HEX) : 
00000000 : 72 65 67 66 69 6c 65 31 - 32 3a 20 30 30 30 30 30  regfile12:.00000
00000010 : 30 36 63                                           06c
文件2(HEX) : 
00000000 : 72 65 67 66 69 6c 65 31 - 32 3a 20 30 30 30 30 30  regfile12:.00000
00000010 : 30 34 34                                           044

第[3605 / 3605]行 - 第[10]个字符开始有差异：
        --------------------
        0         1         
        01234567890123456789
        --------------------
文件1 : pc: 004000a8<CR>
文件2 : pc: 00400074<CR>
文件1(HEX) : 
00000000 : 70 63 3a 20 30 30 34 30 - 30 30 61 38              pc:.004000a8
文件2(HEX) : 
00000000 : 70 63 3a 20 30 30 34 30 - 30 30 37 34              pc:.00400074

第[3606 / 3606]行 - 第[8]个字符开始有差异：
        --------------------
        0         1         
        01234567890123456789
        --------------------
文件1 : instr: 1000ffe6<CR>
文件2 : instr: 11c00006<CR>
文件1(HEX) : 
00000000 : 69 6e 73 74 72 3a 20 31 - 30 30 30 66 66 65 36     instr:.1000ffe6
文件2(HEX) : 
00000000 : 69 6e 73 74 72 3a 20 31 - 31 63 30 30 30 30 36     instr:.11c00006

第[3611 / 3611]行 - 第[17]个字符开始有差异：
        --------------------
        0         1         
        01234567890123456789
        --------------------
文件1 : regfile4: 00000005<CR>
文件2 : regfile4: 00000003<CR>
文件1(HEX) : 
00000000 : 72 65 67 66 69 6c 65 34 - 3a 20 30 30 30 30 30 30  regfile4:.000000
00000010 : 30 35                                              05
文件2(HEX) : 
00000000 : 72 65 67 66 69 6c 65 34 - 3a 20 30 30 30 30 30 30  regfile4:.000000
00000010 : 30 33                                              03

第[3612 / 3612]行 - 第[17]个字符开始有差异：
        --------------------
        0         1         
        01234567890123456789
        --------------------
文件1 : regfile5: 00000004<CR>
文件2 : regfile5: 00000005<CR>
文件1(HEX) : 
00000000 : 72 65 67 66 69 6c 65 35 - 3a 20 30 30 30 30 30 30  regfile5:.000000
00000010 : 30 34                                              04
文件2(HEX) : 
00000000 : 72 65 67 66 69 6c 65 35 - 3a 20 30 30 30 30 30 30  regfile5:.000000
00000010 : 30 35                                              05

第[3613 / 3613]行 - 第[15]个字符开始有差异：
        --------------------
        0         1         
        01234567890123456789
        --------------------
文件1 : regfile6: 000001a0<CR>
文件2 : regfile6: 0000005f<CR>
文件1(HEX) : 
00000000 : 72 65 67 66 69 6c 65 36 - 3a 20 30 30 30 30 30 31  regfile6:.000001
00000010 : 61 30                                              a0
文件2(HEX) : 
00000000 : 72 65 67 66 69 6c 65 36 - 3a 20 30 30 30 30 30 30  regfile6:.000000
00000010 : 35 66                                              5f

第[3614 / 3614]行 - 第[15]个字符开始有差异：
        --------------------
        0         1         
        01234567890123456789
        --------------------
文件1 : regfile7: 00000135<CR>
文件2 : regfile7: 0000005b<CR>
文件1(HEX) : 
00000000 : 72 65 67 66 69 6c 65 37 - 3a 20 30 30 30 30 30 31  regfile7:.000001
00000010 : 33 35                                              35
文件2(HEX) : 
00000000 : 72 65 67 66 69 6c 65 37 - 3a 20 30 30 30 30 30 30  regfile7:.000000
00000010 : 35 62                                              5b

第[3615 / 3615]行 - 第[17]个字符开始有差异：
        --------------------
        0         1         
        01234567890123456789
        --------------------
文件1 : regfile8: 00000004<CR>
文件2 : regfile8: 00000002<CR>
文件1(HEX) : 
00000000 : 72 65 67 66 69 6c 65 38 - 3a 20 30 30 30 30 30 30  regfile8:.000000
00000010 : 30 34                                              04
文件2(HEX) : 
00000000 : 72 65 67 66 69 6c 65 38 - 3a 20 30 30 30 30 30 30  regfile8:.000000
00000010 : 30 32                                              02

第[3617 / 3617]行 - 第[17]个字符开始有差异：
        --------------------
        0         1         
        01234567890123456789
        --------------------
文件1 : regfile10: 00000001<CR>
文件2 : regfile10: 00000041<CR>
文件1(HEX) : 
00000000 : 72 65 67 66 69 6c 65 31 - 30 3a 20 30 30 30 30 30  regfile10:.00000
00000010 : 30 30 31                                           001
文件2(HEX) : 
00000000 : 72 65 67 66 69 6c 65 31 - 30 3a 20 30 30 30 30 30  regfile10:.00000
00000010 : 30 34 31                                           041

第[3618 / 3618]行 - 第[17]个字符开始有差异：
        --------------------
        0         1         
        01234567890123456789
        --------------------
文件1 : regfile11: 0000006a<CR>
文件2 : regfile11: 00000047<CR>
文件1(HEX) : 
00000000 : 72 65 67 66 69 6c 65 31 - 31 3a 20 30 30 30 30 30  regfile11:.00000
00000010 : 30 36 61                                           06a
文件2(HEX) : 
00000000 : 72 65 67 66 69 6c 65 31 - 31 3a 20 30 30 30 30 30  regfile11:.00000
00000010 : 30 34 37                                           047

第[3619 / 3619]行 - 第[17]个字符开始有差异：
        --------------------
        0         1         
        01234567890123456789
        --------------------
文件1 : regfile12: 0000006c<CR>
文件2 : regfile12: 00000044<CR>
文件1(HEX) : 
00000000 : 72 65 67 66 69 6c 65 31 - 32 3a 20 30 30 30 30 30  regfile12:.00000
00000010 : 30 36 63                                           06c
文件2(HEX) : 
00000000 : 72 65 67 66 69 6c 65 31 - 32 3a 20 30 30 30 30 30  regfile12:.00000
00000010 : 30 34 34                                           044

第[3639 / 3639]行 - 第[10]个字符开始有差异：
        --------------------
        0         1         
        01234567890123456789
        --------------------
文件1 : pc: 004000a8<CR>
文件2 : pc: 00400090<CR>
文件1(HEX) : 
00000000 : 70 63 3a 20 30 30 34 30 - 30 30 61 38              pc:.004000a8
文件2(HEX) : 
00000000 : 70 63 3a 20 30 30 34 30 - 30 30 39 30              pc:.00400090

第[3640 / 3640]行 - 第[7]个字符开始有差异：
        --------------------
        0         1         
        01234567890123456789
        --------------------
文件1 : instr: 00000000<CR>
文件2 : instr: 25080001<CR>
文件1(HEX) : 
00000000 : 69 6e 73 74 72 3a 20 30 - 30 30 30 30 30 30 30     instr:.00000000
文件2(HEX) : 
00000000 : 69 6e 73 74 72 3a 20 32 - 35 30 38 30 30 30 31     instr:.25080001

第[3645 / 3645]行 - 第[17]个字符开始有差异：
        --------------------
        0         1         
        01234567890123456789
        --------------------
文件1 : regfile4: 00000005<CR>
文件2 : regfile4: 00000003<CR>
文件1(HEX) : 
00000000 : 72 65 67 66 69 6c 65 34 - 3a 20 30 30 30 30 30 30  regfile4:.000000
00000010 : 30 35                                              05
文件2(HEX) : 
00000000 : 72 65 67 66 69 6c 65 34 - 3a 20 30 30 30 30 30 30  regfile4:.000000
00000010 : 30 33                                              03

第[3646 / 3646]行 - 第[17]个字符开始有差异：
        --------------------
        0         1         
        01234567890123456789
        --------------------
文件1 : regfile5: 00000004<CR>
文件2 : regfile5: 00000005<CR>
文件1(HEX) : 
00000000 : 72 65 67 66 69 6c 65 35 - 3a 20 30 30 30 30 30 30  regfile5:.000000
00000010 : 30 34                                              04
文件2(HEX) : 
00000000 : 72 65 67 66 69 6c 65 35 - 3a 20 30 30 30 30 30 30  regfile5:.000000
00000010 : 30 35                                              05

第[3647 / 3647]行 - 第[15]个字符开始有差异：
        --------------------
        0         1         
        01234567890123456789
        --------------------
文件1 : regfile6: 000001a0<CR>
文件2 : regfile6: 0000005f<CR>
文件1(HEX) : 
00000000 : 72 65 67 66 69 6c 65 36 - 3a 20 30 30 30 30 30 31  regfile6:.000001
00000010 : 61 30                                              a0
文件2(HEX) : 
00000000 : 72 65 67 66 69 6c 65 36 - 3a 20 30 30 30 30 30 30  regfile6:.000000
00000010 : 35 66                                              5f

第[3648 / 3648]行 - 第[15]个字符开始有差异：
        --------------------
        0         1         
        01234567890123456789
        --------------------
文件1 : regfile7: 00000135<CR>
文件2 : regfile7: 0000005b<CR>
文件1(HEX) : 
00000000 : 72 65 67 66 69 6c 65 37 - 3a 20 30 30 30 30 30 31  regfile7:.000001
00000010 : 33 35                                              35
文件2(HEX) : 
00000000 : 72 65 67 66 69 6c 65 37 - 3a 20 30 30 30 30 30 30  regfile7:.000000
00000010 : 35 62                                              5b

第[3649 / 3649]行 - 第[17]个字符开始有差异：
        --------------------
        0         1         
        01234567890123456789
        --------------------
文件1 : regfile8: 00000004<CR>
文件2 : regfile8: 00000003<CR>
文件1(HEX) : 
00000000 : 72 65 67 66 69 6c 65 38 - 3a 20 30 30 30 30 30 30  regfile8:.000000
00000010 : 30 34                                              04
文件2(HEX) : 
00000000 : 72 65 67 66 69 6c 65 38 - 3a 20 30 30 30 30 30 30  regfile8:.000000
00000010 : 30 33                                              03

第[3651 / 3651]行 - 第[17]个字符开始有差异：
        --------------------
        0         1         
        01234567890123456789
        --------------------
文件1 : regfile10: 00000001<CR>
文件2 : regfile10: 00000041<CR>
文件1(HEX) : 
00000000 : 72 65 67 66 69 6c 65 31 - 30 3a 20 30 30 30 30 30  regfile10:.00000
00000010 : 30 30 31                                           001
文件2(HEX) : 
00000000 : 72 65 67 66 69 6c 65 31 - 30 3a 20 30 30 30 30 30  regfile10:.00000
00000010 : 30 34 31                                           041

第[3652 / 3652]行 - 第[17]个字符开始有差异：
        --------------------
        0         1         
        01234567890123456789
        --------------------
文件1 : regfile11: 0000006a<CR>
文件2 : regfile11: 00000047<CR>
文件1(HEX) : 
00000000 : 72 65 67 66 69 6c 65 31 - 31 3a 20 30 30 30 30 30  regfile11:.00000
00000010 : 30 36 61                                           06a
文件2(HEX) : 
00000000 : 72 65 67 66 69 6c 65 31 - 31 3a 20 30 30 30 30 30  regfile11:.00000
00000010 : 30 34 37                                           047

第[3653 / 3653]行 - 第[17]个字符开始有差异：
        --------------------
        0         1         
        01234567890123456789
        --------------------
文件1 : regfile12: 0000006c<CR>
文件2 : regfile12: 00000044<CR>
文件1(HEX) : 
00000000 : 72 65 67 66 69 6c 65 31 - 32 3a 20 30 30 30 30 30  regfile12:.00000
00000010 : 30 36 63                                           06c
文件2(HEX) : 
00000000 : 72 65 67 66 69 6c 65 31 - 32 3a 20 30 30 30 30 30  regfile12:.00000
00000010 : 30 34 34                                           044

第[3673 / 3673]行 - 第[10]个字符开始有差异：
        --------------------
        0         1         
        01234567890123456789
        --------------------
文件1 : pc: 00400044<CR>
文件2 : pc: 00400094<CR>
文件1(HEX) : 
00000000 : 70 63 3a 20 30 30 34 30 - 30 30 34 34              pc:.00400044
文件2(HEX) : 
00000000 : 70 63 3a 20 30 30 34 30 - 30 30 39 34              pc:.00400094

第[3674 / 3674]行 - 第[7]个字符开始有差异：
        --------------------
        0         1         
        01234567890123456789
        --------------------
文件1 : instr: 014b602b<CR>
文件2 : instr: 24840001<CR>
文件1(HEX) : 
00000000 : 69 6e 73 74 72 3a 20 30 - 31 34 62 36 30 32 62     instr:.014b602b
文件2(HEX) : 
00000000 : 69 6e 73 74 72 3a 20 32 - 34 38 34 30 30 30 31     instr:.24840001

第[3679 / 3679]行 - 第[17]个字符开始有差异：
        --------------------
        0         1         
        01234567890123456789
        --------------------
文件1 : regfile4: 00000005<CR>
文件2 : regfile4: 00000004<CR>
文件1(HEX) : 
00000000 : 72 65 67 66 69 6c 65 34 - 3a 20 30 30 30 30 30 30  regfile4:.000000
00000010 : 30 35                                              05
文件2(HEX) : 
00000000 : 72 65 67 66 69 6c 65 34 - 3a 20 30 30 30 30 30 30  regfile4:.000000
00000010 : 30 34                                              04

第[3680 / 3680]行 - 第[17]个字符开始有差异：
        --------------------
        0         1         
        01234567890123456789
        --------------------
文件1 : regfile5: 00000004<CR>
文件2 : regfile5: 00000005<CR>
文件1(HEX) : 
00000000 : 72 65 67 66 69 6c 65 35 - 3a 20 30 30 30 30 30 30  regfile5:.000000
00000010 : 30 34                                              04
文件2(HEX) : 
00000000 : 72 65 67 66 69 6c 65 35 - 3a 20 30 30 30 30 30 30  regfile5:.000000
00000010 : 30 35                                              05

第[3681 / 3681]行 - 第[15]个字符开始有差异：
        --------------------
        0         1         
        01234567890123456789
        --------------------
文件1 : regfile6: 000001a0<CR>
文件2 : regfile6: 0000005f<CR>
文件1(HEX) : 
00000000 : 72 65 67 66 69 6c 65 36 - 3a 20 30 30 30 30 30 31  regfile6:.000001
00000010 : 61 30                                              a0
文件2(HEX) : 
00000000 : 72 65 67 66 69 6c 65 36 - 3a 20 30 30 30 30 30 30  regfile6:.000000
00000010 : 35 66                                              5f

第[3682 / 3682]行 - 第[15]个字符开始有差异：
        --------------------
        0         1         
        01234567890123456789
        --------------------
文件1 : regfile7: 00000135<CR>
文件2 : regfile7: 0000005b<CR>
文件1(HEX) : 
00000000 : 72 65 67 66 69 6c 65 37 - 3a 20 30 30 30 30 30 31  regfile7:.000001
00000010 : 33 35                                              35
文件2(HEX) : 
00000000 : 72 65 67 66 69 6c 65 37 - 3a 20 30 30 30 30 30 30  regfile7:.000000
00000010 : 35 62                                              5b

第[3683 / 3683]行 - 第[17]个字符开始有差异：
        --------------------
        0         1         
        01234567890123456789
        --------------------
文件1 : regfile8: 00000004<CR>
文件2 : regfile8: 00000003<CR>
文件1(HEX) : 
00000000 : 72 65 67 66 69 6c 65 38 - 3a 20 30 30 30 30 30 30  regfile8:.000000
00000010 : 30 34                                              04
文件2(HEX) : 
00000000 : 72 65 67 66 69 6c 65 38 - 3a 20 30 30 30 30 30 30  regfile8:.000000
00000010 : 30 33                                              03

第[3685 / 3685]行 - 第[17]个字符开始有差异：
        --------------------
        0         1         
        01234567890123456789
        --------------------
文件1 : regfile10: 00000001<CR>
文件2 : regfile10: 00000041<CR>
文件1(HEX) : 
00000000 : 72 65 67 66 69 6c 65 31 - 30 3a 20 30 30 30 30 30  regfile10:.00000
00000010 : 30 30 31                                           001
文件2(HEX) : 
00000000 : 72 65 67 66 69 6c 65 31 - 30 3a 20 30 30 30 30 30  regfile10:.00000
00000010 : 30 34 31                                           041

第[3686 / 3686]行 - 第[17]个字符开始有差异：
        --------------------
        0         1         
        01234567890123456789
        --------------------
文件1 : regfile11: 0000006c<CR>
文件2 : regfile11: 00000047<CR>
文件1(HEX) : 
00000000 : 72 65 67 66 69 6c 65 31 - 31 3a 20 30 30 30 30 30  regfile11:.00000
00000010 : 30 36 63                                           06c
文件2(HEX) : 
00000000 : 72 65 67 66 69 6c 65 31 - 31 3a 20 30 30 30 30 30  regfile11:.00000
00000010 : 30 34 37                                           047

第[3687 / 3687]行 - 第[17]个字符开始有差异：
        --------------------
        0         1         
        01234567890123456789
        --------------------
文件1 : regfile12: 0000006c<CR>
文件2 : regfile12: 00000044<CR>
文件1(HEX) : 
00000000 : 72 65 67 66 69 6c 65 31 - 32 3a 20 30 30 30 30 30  regfile12:.00000
00000010 : 30 36 63                                           06c
文件2(HEX) : 
00000000 : 72 65 67 66 69 6c 65 31 - 32 3a 20 30 30 30 30 30  regfile12:.00000
00000010 : 30 34 34                                           044

第[3707 / 3707]行 - 第[10]个字符开始有差异：
        --------------------
        0         1         
        01234567890123456789
        --------------------
文件1 : pc: 00400048<CR>
文件2 : pc: 00400098<CR>
文件1(HEX) : 
00000000 : 70 63 3a 20 30 30 34 30 - 30 30 34 38              pc:.00400048
文件2(HEX) : 
00000000 : 70 63 3a 20 30 30 34 30 - 30 30 39 38              pc:.00400098

第[3708 / 3708]行 - 第[7]个字符开始有差异：
        --------------------
        0         1         
        01234567890123456789
        --------------------
文件1 : instr: 11800018<CR>
文件2 : instr: 24090001<CR>
文件1(HEX) : 
00000000 : 69 6e 73 74 72 3a 20 31 - 31 38 30 30 30 31 38     instr:.11800018
文件2(HEX) : 
00000000 : 69 6e 73 74 72 3a 20 32 - 34 30 39 30 30 30 31     instr:.24090001

第[3713 / 3713]行 - 第[17]个字符开始有差异：
        --------------------
        0         1         
        01234567890123456789
        --------------------
文件1 : regfile4: 00000005<CR>
文件2 : regfile4: 00000004<CR>
文件1(HEX) : 
00000000 : 72 65 67 66 69 6c 65 34 - 3a 20 30 30 30 30 30 30  regfile4:.000000
00000010 : 30 35                                              05
文件2(HEX) : 
00000000 : 72 65 67 66 69 6c 65 34 - 3a 20 30 30 30 30 30 30  regfile4:.000000
00000010 : 30 34                                              04

第[3714 / 3714]行 - 第[17]个字符开始有差异：
        --------------------
        0         1         
        01234567890123456789
        --------------------
文件1 : regfile5: 00000004<CR>
文件2 : regfile5: 00000005<CR>
文件1(HEX) : 
00000000 : 72 65 67 66 69 6c 65 35 - 3a 20 30 30 30 30 30 30  regfile5:.000000
00000010 : 30 34                                              04
文件2(HEX) : 
00000000 : 72 65 67 66 69 6c 65 35 - 3a 20 30 30 30 30 30 30  regfile5:.000000
00000010 : 30 35                                              05

第[3715 / 3715]行 - 第[15]个字符开始有差异：
        --------------------
        0         1         
        01234567890123456789
        --------------------
文件1 : regfile6: 000001a0<CR>
文件2 : regfile6: 0000005f<CR>
文件1(HEX) : 
00000000 : 72 65 67 66 69 6c 65 36 - 3a 20 30 30 30 30 30 31  regfile6:.000001
00000010 : 61 30                                              a0
文件2(HEX) : 
00000000 : 72 65 67 66 69 6c 65 36 - 3a 20 30 30 30 30 30 30  regfile6:.000000
00000010 : 35 66                                              5f

第[3716 / 3716]行 - 第[15]个字符开始有差异：
        --------------------
        0         1         
        01234567890123456789
        --------------------
文件1 : regfile7: 00000135<CR>
文件2 : regfile7: 0000005b<CR>
文件1(HEX) : 
00000000 : 72 65 67 66 69 6c 65 37 - 3a 20 30 30 30 30 30 31  regfile7:.000001
00000010 : 33 35                                              35
文件2(HEX) : 
00000000 : 72 65 67 66 69 6c 65 37 - 3a 20 30 30 30 30 30 30  regfile7:.000000
00000010 : 35 62                                              5b

第[3717 / 3717]行 - 第[17]个字符开始有差异：
        --------------------
        0         1         
        01234567890123456789
        --------------------
文件1 : regfile8: 00000004<CR>
文件2 : regfile8: 00000003<CR>
文件1(HEX) : 
00000000 : 72 65 67 66 69 6c 65 38 - 3a 20 30 30 30 30 30 30  regfile8:.000000
00000010 : 30 34                                              04
文件2(HEX) : 
00000000 : 72 65 67 66 69 6c 65 38 - 3a 20 30 30 30 30 30 30  regfile8:.000000
00000010 : 30 33                                              03

第[3719 / 3719]行 - 第[17]个字符开始有差异：
        --------------------
        0         1         
        01234567890123456789
        --------------------
文件1 : regfile10: 00000001<CR>
文件2 : regfile10: 00000041<CR>
文件1(HEX) : 
00000000 : 72 65 67 66 69 6c 65 31 - 30 3a 20 30 30 30 30 30  regfile10:.00000
00000010 : 30 30 31                                           001
文件2(HEX) : 
00000000 : 72 65 67 66 69 6c 65 31 - 30 3a 20 30 30 30 30 30  regfile10:.00000
00000010 : 30 34 31                                           041

第[3720 / 3720]行 - 第[17]个字符开始有差异：
        --------------------
        0         1         
        01234567890123456789
        --------------------
文件1 : regfile11: 0000006c<CR>
文件2 : regfile11: 00000047<CR>
文件1(HEX) : 
00000000 : 72 65 67 66 69 6c 65 31 - 31 3a 20 30 30 30 30 30  regfile11:.00000
00000010 : 30 36 63                                           06c
文件2(HEX) : 
00000000 : 72 65 67 66 69 6c 65 31 - 31 3a 20 30 30 30 30 30  regfile11:.00000
00000010 : 30 34 37                                           047

第[3721 / 3721]行 - 第[17]个字符开始有差异：
        --------------------
        0         1         
        01234567890123456789
        --------------------
文件1 : regfile12: 0000006c<CR>
文件2 : regfile12: 00000044<CR>
文件1(HEX) : 
00000000 : 72 65 67 66 69 6c 65 31 - 32 3a 20 30 30 30 30 30  regfile12:.00000
00000010 : 30 36 63                                           06c
文件2(HEX) : 
00000000 : 72 65 67 66 69 6c 65 31 - 32 3a 20 30 30 30 30 30  regfile12:.00000
00000010 : 30 34 34                                           044

第[3722 / 3722]行 - 第[17]个字符开始有差异：
        --------------------
        0         1         
        01234567890123456789
        --------------------
文件1 : regfile13: 0000006b<CR>
文件2 : regfile13: 00000043<CR>
文件1(HEX) : 
00000000 : 72 65 67 66 69 6c 65 31 - 33 3a 20 30 30 30 30 30  regfile13:.00000
00000010 : 30 36 62                                           06b
文件2(HEX) : 
00000000 : 72 65 67 66 69 6c 65 31 - 33 3a 20 30 30 30 30 30  regfile13:.00000
00000010 : 30 34 33                                           043

第[3741 / 3741]行 - 第[10]个字符开始有差异：
        --------------------
        0         1         
        01234567890123456789
        --------------------
文件1 : pc: 00400048<CR>
文件2 : pc: 0040009c<CR>
文件1(HEX) : 
00000000 : 70 63 3a 20 30 30 34 30 - 30 30 34 38              pc:.00400048
文件2(HEX) : 
00000000 : 70 63 3a 20 30 30 34 30 - 30 30 39 63              pc:.0040009c

第[3742 / 3742]行 - 第[10]个字符开始有差异：
        --------------------
        0         1         
        01234567890123456789
        --------------------
文件1 : instr: 00000000<CR>
文件2 : instr: 000c5820<CR>
文件1(HEX) : 
00000000 : 69 6e 73 74 72 3a 20 30 - 30 30 30 30 30 30 30     instr:.00000000
文件2(HEX) : 
00000000 : 69 6e 73 74 72 3a 20 30 - 30 30 63 35 38 32 30     instr:.000c5820

第[3747 / 3747]行 - 第[17]个字符开始有差异：
        --------------------
        0         1         
        01234567890123456789
        --------------------
文件1 : regfile4: 00000005<CR>
文件2 : regfile4: 00000004<CR>
文件1(HEX) : 
00000000 : 72 65 67 66 69 6c 65 34 - 3a 20 30 30 30 30 30 30  regfile4:.000000
00000010 : 30 35                                              05
文件2(HEX) : 
00000000 : 72 65 67 66 69 6c 65 34 - 3a 20 30 30 30 30 30 30  regfile4:.000000
00000010 : 30 34                                              04

第[3748 / 3748]行 - 第[17]个字符开始有差异：
        --------------------
        0         1         
        01234567890123456789
        --------------------
文件1 : regfile5: 00000004<CR>
文件2 : regfile5: 00000005<CR>
文件1(HEX) : 
00000000 : 72 65 67 66 69 6c 65 35 - 3a 20 30 30 30 30 30 30  regfile5:.000000
00000010 : 30 34                                              04
文件2(HEX) : 
00000000 : 72 65 67 66 69 6c 65 35 - 3a 20 30 30 30 30 30 30  regfile5:.000000
00000010 : 30 35                                              05

第[3749 / 3749]行 - 第[15]个字符开始有差异：
        --------------------
        0         1         
        01234567890123456789
        --------------------
文件1 : regfile6: 000001a0<CR>
文件2 : regfile6: 0000005f<CR>
文件1(HEX) : 
00000000 : 72 65 67 66 69 6c 65 36 - 3a 20 30 30 30 30 30 31  regfile6:.000001
00000010 : 61 30                                              a0
文件2(HEX) : 
00000000 : 72 65 67 66 69 6c 65 36 - 3a 20 30 30 30 30 30 30  regfile6:.000000
00000010 : 35 66                                              5f

第[3750 / 3750]行 - 第[15]个字符开始有差异：
        --------------------
        0         1         
        01234567890123456789
        --------------------
文件1 : regfile7: 000001a0<CR>
文件2 : regfile7: 0000005b<CR>
文件1(HEX) : 
00000000 : 72 65 67 66 69 6c 65 37 - 3a 20 30 30 30 30 30 31  regfile7:.000001
00000010 : 61 30                                              a0
文件2(HEX) : 
00000000 : 72 65 67 66 69 6c 65 37 - 3a 20 30 30 30 30 30 30  regfile7:.000000
00000010 : 35 62                                              5b

第[3751 / 3751]行 - 第[17]个字符开始有差异：
        --------------------
        0         1         
        01234567890123456789
        --------------------
文件1 : regfile8: 00000004<CR>
文件2 : regfile8: 00000003<CR>
文件1(HEX) : 
00000000 : 72 65 67 66 69 6c 65 38 - 3a 20 30 30 30 30 30 30  regfile8:.000000
00000010 : 30 34                                              04
文件2(HEX) : 
00000000 : 72 65 67 66 69 6c 65 38 - 3a 20 30 30 30 30 30 30  regfile8:.000000
00000010 : 30 33                                              03

第[3753 / 3753]行 - 第[17]个字符开始有差异：
        --------------------
        0         1         
        01234567890123456789
        --------------------
文件1 : regfile10: 00000001<CR>
文件2 : regfile10: 00000041<CR>
文件1(HEX) : 
00000000 : 72 65 67 66 69 6c 65 31 - 30 3a 20 30 30 30 30 30  regfile10:.00000
00000010 : 30 30 31                                           001
文件2(HEX) : 
00000000 : 72 65 67 66 69 6c 65 31 - 30 3a 20 30 30 30 30 30  regfile10:.00000
00000010 : 30 34 31                                           041

第[3754 / 3754]行 - 第[17]个字符开始有差异：
        --------------------
        0         1         
        01234567890123456789
        --------------------
文件1 : regfile11: 0000006c<CR>
文件2 : regfile11: 00000044<CR>
文件1(HEX) : 
00000000 : 72 65 67 66 69 6c 65 31 - 31 3a 20 30 30 30 30 30  regfile11:.00000
00000010 : 30 36 63                                           06c
文件2(HEX) : 
00000000 : 72 65 67 66 69 6c 65 31 - 31 3a 20 30 30 30 30 30  regfile11:.00000
00000010 : 30 34 34                                           044

第[3755 / 3755]行 - 第[17]个字符开始有差异：
        --------------------
        0         1         
        01234567890123456789
        --------------------
文件1 : regfile12: 0000006c<CR>
文件2 : regfile12: 00000044<CR>
文件1(HEX) : 
00000000 : 72 65 67 66 69 6c 65 31 - 32 3a 20 30 30 30 30 30  regfile12:.00000
00000010 : 30 36 63                                           06c
文件2(HEX) : 
00000000 : 72 65 67 66 69 6c 65 31 - 32 3a 20 30 30 30 30 30  regfile12:.00000
00000010 : 30 34 34                                           044

第[3756 / 3756]行 - 第[17]个字符开始有差异：
        --------------------
        0         1         
        01234567890123456789
        --------------------
文件1 : regfile13: 0000006b<CR>
文件2 : regfile13: 00000043<CR>
文件1(HEX) : 
00000000 : 72 65 67 66 69 6c 65 31 - 33 3a 20 30 30 30 30 30  regfile13:.00000
00000010 : 30 36 62                                           06b
文件2(HEX) : 
00000000 : 72 65 67 66 69 6c 65 31 - 33 3a 20 30 30 30 30 30  regfile13:.00000
00000010 : 30 34 33                                           043

第[3775 / 3775]行 - 第[10]个字符开始有差异：
        --------------------
        0         1         
        01234567890123456789
        --------------------
文件1 : pc: 0040004c<CR>
文件2 : pc: 004000a0<CR>
文件1(HEX) : 
00000000 : 70 63 3a 20 30 30 34 30 - 30 30 34 63              pc:.0040004c
文件2(HEX) : 
00000000 : 70 63 3a 20 30 30 34 30 - 30 30 61 30              pc:.004000a0

第[3776 / 3776]行 - 第[9]个字符开始有差异：
        --------------------
        0         1         
        01234567890123456789
        --------------------
文件1 : instr: 014b6020<CR>
文件2 : instr: 018a6823<CR>
文件1(HEX) : 
00000000 : 69 6e 73 74 72 3a 20 30 - 31 34 62 36 30 32 30     instr:.014b6020
文件2(HEX) : 
00000000 : 69 6e 73 74 72 3a 20 30 - 31 38 61 36 38 32 33     instr:.018a6823

第[3781 / 3781]行 - 第[17]个字符开始有差异：
        --------------------
        0         1         
        01234567890123456789
        --------------------
文件1 : regfile4: 00000005<CR>
文件2 : regfile4: 00000004<CR>
文件1(HEX) : 
00000000 : 72 65 67 66 69 6c 65 34 - 3a 20 30 30 30 30 30 30  regfile4:.000000
00000010 : 30 35                                              05
文件2(HEX) : 
00000000 : 72 65 67 66 69 6c 65 34 - 3a 20 30 30 30 30 30 30  regfile4:.000000
00000010 : 30 34                                              04

第[3782 / 3782]行 - 第[17]个字符开始有差异：
        --------------------
        0         1         
        01234567890123456789
        --------------------
文件1 : regfile5: 00000004<CR>
文件2 : regfile5: 00000005<CR>
文件1(HEX) : 
00000000 : 72 65 67 66 69 6c 65 35 - 3a 20 30 30 30 30 30 30  regfile5:.000000
00000010 : 30 34                                              04
文件2(HEX) : 
00000000 : 72 65 67 66 69 6c 65 35 - 3a 20 30 30 30 30 30 30  regfile5:.000000
00000010 : 30 35                                              05

第[3783 / 3783]行 - 第[15]个字符开始有差异：
        --------------------
        0         1         
        01234567890123456789
        --------------------
文件1 : regfile6: 000001a0<CR>
文件2 : regfile6: 0000005f<CR>
文件1(HEX) : 
00000000 : 72 65 67 66 69 6c 65 36 - 3a 20 30 30 30 30 30 31  regfile6:.000001
00000010 : 61 30                                              a0
文件2(HEX) : 
00000000 : 72 65 67 66 69 6c 65 36 - 3a 20 30 30 30 30 30 30  regfile6:.000000
00000010 : 35 66                                              5f

第[3784 / 3784]行 - 第[15]个字符开始有差异：
        --------------------
        0         1         
        01234567890123456789
        --------------------
文件1 : regfile7: 000001a0<CR>
文件2 : regfile7: 0000005b<CR>
文件1(HEX) : 
00000000 : 72 65 67 66 69 6c 65 37 - 3a 20 30 30 30 30 30 31  regfile7:.000001
00000010 : 61 30                                              a0
文件2(HEX) : 
00000000 : 72 65 67 66 69 6c 65 37 - 3a 20 30 30 30 30 30 30  regfile7:.000000
00000010 : 35 62                                              5b

第[3785 / 3785]行 - 第[17]个字符开始有差异：
        --------------------
        0         1         
        01234567890123456789
        --------------------
文件1 : regfile8: 00000004<CR>
文件2 : regfile8: 00000003<CR>
文件1(HEX) : 
00000000 : 72 65 67 66 69 6c 65 38 - 3a 20 30 30 30 30 30 30  regfile8:.000000
00000010 : 30 34                                              04
文件2(HEX) : 
00000000 : 72 65 67 66 69 6c 65 38 - 3a 20 30 30 30 30 30 30  regfile8:.000000
00000010 : 30 33                                              03

第[3787 / 3787]行 - 第[17]个字符开始有差异：
        --------------------
        0         1         
        01234567890123456789
        --------------------
文件1 : regfile10: 00000001<CR>
文件2 : regfile10: 00000041<CR>
文件1(HEX) : 
00000000 : 72 65 67 66 69 6c 65 31 - 30 3a 20 30 30 30 30 30  regfile10:.00000
00000010 : 30 30 31                                           001
文件2(HEX) : 
00000000 : 72 65 67 66 69 6c 65 31 - 30 3a 20 30 30 30 30 30  regfile10:.00000
00000010 : 30 34 31                                           041

第[3788 / 3788]行 - 第[17]个字符开始有差异：
        --------------------
        0         1         
        01234567890123456789
        --------------------
文件1 : regfile11: 0000006c<CR>
文件2 : regfile11: 00000044<CR>
文件1(HEX) : 
00000000 : 72 65 67 66 69 6c 65 31 - 31 3a 20 30 30 30 30 30  regfile11:.00000
00000010 : 30 36 63                                           06c
文件2(HEX) : 
00000000 : 72 65 67 66 69 6c 65 31 - 31 3a 20 30 30 30 30 30  regfile11:.00000
00000010 : 30 34 34                                           044

第[3789 / 3789]行 - 第[17]个字符开始有差异：
        --------------------
        0         1         
        01234567890123456789
        --------------------
文件1 : regfile12: 0000006c<CR>
文件2 : regfile12: 00000044<CR>
文件1(HEX) : 
00000000 : 72 65 67 66 69 6c 65 31 - 32 3a 20 30 30 30 30 30  regfile12:.00000
00000010 : 30 36 63                                           06c
文件2(HEX) : 
00000000 : 72 65 67 66 69 6c 65 31 - 32 3a 20 30 30 30 30 30  regfile12:.00000
00000010 : 30 34 34                                           044

第[3790 / 3790]行 - 第[17]个字符开始有差异：
        --------------------
        0         1         
        01234567890123456789
        --------------------
文件1 : regfile13: 0000006b<CR>
文件2 : regfile13: 00000003<CR>
文件1(HEX) : 
00000000 : 72 65 67 66 69 6c 65 31 - 33 3a 20 30 30 30 30 30  regfile13:.00000
00000010 : 30 36 62                                           06b
文件2(HEX) : 
00000000 : 72 65 67 66 69 6c 65 31 - 33 3a 20 30 30 30 30 30  regfile13:.00000
00000010 : 30 30 33                                           003

第[3809 / 3809]行 - 第[10]个字符开始有差异：
        --------------------
        0         1         
        01234567890123456789
        --------------------
文件1 : pc: 00400050<CR>
文件2 : pc: 004000a4<CR>
文件1(HEX) : 
00000000 : 70 63 3a 20 30 30 34 30 - 30 30 35 30              pc:.00400050
文件2(HEX) : 
00000000 : 70 63 3a 20 30 30 34 30 - 30 30 61 34              pc:.004000a4

第[3810 / 3810]行 - 第[9]个字符开始有差异：
        --------------------
        0         1         
        01234567890123456789
        --------------------
文件1 : instr: 000c6fc0<CR>
文件2 : instr: 00ed3820<CR>
文件1(HEX) : 
00000000 : 69 6e 73 74 72 3a 20 30 - 30 30 63 36 66 63 30     instr:.000c6fc0
文件2(HEX) : 
00000000 : 69 6e 73 74 72 3a 20 30 - 30 65 64 33 38 32 30     instr:.00ed3820

第[3815 / 3815]行 - 第[17]个字符开始有差异：
        --------------------
        0         1         
        01234567890123456789
        --------------------
文件1 : regfile4: 00000005<CR>
文件2 : regfile4: 00000004<CR>
文件1(HEX) : 
00000000 : 72 65 67 66 69 6c 65 34 - 3a 20 30 30 30 30 30 30  regfile4:.000000
00000010 : 30 35                                              05
文件2(HEX) : 
00000000 : 72 65 67 66 69 6c 65 34 - 3a 20 30 30 30 30 30 30  regfile4:.000000
00000010 : 30 34                                              04

第[3816 / 3816]行 - 第[17]个字符开始有差异：
        --------------------
        0         1         
        01234567890123456789
        --------------------
文件1 : regfile5: 00000004<CR>
文件2 : regfile5: 00000005<CR>
文件1(HEX) : 
00000000 : 72 65 67 66 69 6c 65 35 - 3a 20 30 30 30 30 30 30  regfile5:.000000
00000010 : 30 34                                              04
文件2(HEX) : 
00000000 : 72 65 67 66 69 6c 65 35 - 3a 20 30 30 30 30 30 30  regfile5:.000000
00000010 : 30 35                                              05

第[3817 / 3817]行 - 第[15]个字符开始有差异：
        --------------------
        0         1         
        01234567890123456789
        --------------------
文件1 : regfile6: 000001a0<CR>
文件2 : regfile6: 0000005f<CR>
文件1(HEX) : 
00000000 : 72 65 67 66 69 6c 65 36 - 3a 20 30 30 30 30 30 31  regfile6:.000001
00000010 : 61 30                                              a0
文件2(HEX) : 
00000000 : 72 65 67 66 69 6c 65 36 - 3a 20 30 30 30 30 30 30  regfile6:.000000
00000010 : 35 66                                              5f

第[3818 / 3818]行 - 第[15]个字符开始有差异：
        --------------------
        0         1         
        01234567890123456789
        --------------------
文件1 : regfile7: 000001a0<CR>
文件2 : regfile7: 0000005e<CR>
文件1(HEX) : 
00000000 : 72 65 67 66 69 6c 65 37 - 3a 20 30 30 30 30 30 31  regfile7:.000001
00000010 : 61 30                                              a0
文件2(HEX) : 
00000000 : 72 65 67 66 69 6c 65 37 - 3a 20 30 30 30 30 30 30  regfile7:.000000
00000010 : 35 65                                              5e

第[3819 / 3819]行 - 第[17]个字符开始有差异：
        --------------------
        0         1         
        01234567890123456789
        --------------------
文件1 : regfile8: 00000004<CR>
文件2 : regfile8: 00000003<CR>
文件1(HEX) : 
00000000 : 72 65 67 66 69 6c 65 38 - 3a 20 30 30 30 30 30 30  regfile8:.000000
00000010 : 30 34                                              04
文件2(HEX) : 
00000000 : 72 65 67 66 69 6c 65 38 - 3a 20 30 30 30 30 30 30  regfile8:.000000
00000010 : 30 33                                              03

第[3821 / 3821]行 - 第[17]个字符开始有差异：
        --------------------
        0         1         
        01234567890123456789
        --------------------
文件1 : regfile10: 00000001<CR>
文件2 : regfile10: 00000041<CR>
文件1(HEX) : 
00000000 : 72 65 67 66 69 6c 65 31 - 30 3a 20 30 30 30 30 30  regfile10:.00000
00000010 : 30 30 31                                           001
文件2(HEX) : 
00000000 : 72 65 67 66 69 6c 65 31 - 30 3a 20 30 30 30 30 30  regfile10:.00000
00000010 : 30 34 31                                           041

第[3822 / 3822]行 - 第[17]个字符开始有差异：
        --------------------
        0         1         
        01234567890123456789
        --------------------
文件1 : regfile11: 0000006c<CR>
文件2 : regfile11: 00000044<CR>
文件1(HEX) : 
00000000 : 72 65 67 66 69 6c 65 31 - 31 3a 20 30 30 30 30 30  regfile11:.00000
00000010 : 30 36 63                                           06c
文件2(HEX) : 
00000000 : 72 65 67 66 69 6c 65 31 - 31 3a 20 30 30 30 30 30  regfile11:.00000
00000010 : 30 34 34                                           044

第[3823 / 3823]行 - 第[17]个字符开始有差异：
        --------------------
        0         1         
        01234567890123456789
        --------------------
文件1 : regfile12: 0000006c<CR>
文件2 : regfile12: 00000044<CR>
文件1(HEX) : 
00000000 : 72 65 67 66 69 6c 65 31 - 32 3a 20 30 30 30 30 30  regfile12:.00000
00000010 : 30 36 63                                           06c
文件2(HEX) : 
00000000 : 72 65 67 66 69 6c 65 31 - 32 3a 20 30 30 30 30 30  regfile12:.00000
00000010 : 30 34 34                                           044

第[3824 / 3824]行 - 第[17]个字符开始有差异：
        --------------------
        0         1         
        01234567890123456789
        --------------------
文件1 : regfile13: 0000006b<CR>
文件2 : regfile13: 00000003<CR>
文件1(HEX) : 
00000000 : 72 65 67 66 69 6c 65 31 - 33 3a 20 30 30 30 30 30  regfile13:.00000
00000010 : 30 36 62                                           06b
文件2(HEX) : 
00000000 : 72 65 67 66 69 6c 65 31 - 33 3a 20 30 30 30 30 30  regfile13:.00000
00000010 : 30 30 33                                           003

第[3843 / 3843]行 - 第[10]个字符开始有差异：
        --------------------
        0         1         
        01234567890123456789
        --------------------
文件1 : pc: 00400054<CR>
文件2 : pc: 004000a8<CR>
文件1(HEX) : 
00000000 : 70 63 3a 20 30 30 34 30 - 30 30 35 34              pc:.00400054
文件2(HEX) : 
00000000 : 70 63 3a 20 30 30 34 30 - 30 30 61 38              pc:.004000a8

第[3844 / 3844]行 - 第[8]个字符开始有差异：
        --------------------
        0         1         
        01234567890123456789
        --------------------
文件1 : instr: 11a00001<CR>
文件2 : instr: 1000ffe6<CR>
文件1(HEX) : 
00000000 : 69 6e 73 74 72 3a 20 31 - 31 61 30 30 30 30 31     instr:.11a00001
文件2(HEX) : 
00000000 : 69 6e 73 74 72 3a 20 31 - 30 30 30 66 66 65 36     instr:.1000ffe6

第[3849 / 3849]行 - 第[17]个字符开始有差异：
        --------------------
        0         1         
        01234567890123456789
        --------------------
文件1 : regfile4: 00000005<CR>
文件2 : regfile4: 00000004<CR>
文件1(HEX) : 
00000000 : 72 65 67 66 69 6c 65 34 - 3a 20 30 30 30 30 30 30  regfile4:.000000
00000010 : 30 35                                              05
文件2(HEX) : 
00000000 : 72 65 67 66 69 6c 65 34 - 3a 20 30 30 30 30 30 30  regfile4:.000000
00000010 : 30 34                                              04

第[3850 / 3850]行 - 第[17]个字符开始有差异：
        --------------------
        0         1         
        01234567890123456789
        --------------------
文件1 : regfile5: 00000004<CR>
文件2 : regfile5: 00000005<CR>
文件1(HEX) : 
00000000 : 72 65 67 66 69 6c 65 35 - 3a 20 30 30 30 30 30 30  regfile5:.000000
00000010 : 30 34                                              04
文件2(HEX) : 
00000000 : 72 65 67 66 69 6c 65 35 - 3a 20 30 30 30 30 30 30  regfile5:.000000
00000010 : 30 35                                              05

第[3851 / 3851]行 - 第[15]个字符开始有差异：
        --------------------
        0         1         
        01234567890123456789
        --------------------
文件1 : regfile6: 000001a0<CR>
文件2 : regfile6: 0000005f<CR>
文件1(HEX) : 
00000000 : 72 65 67 66 69 6c 65 36 - 3a 20 30 30 30 30 30 31  regfile6:.000001
00000010 : 61 30                                              a0
文件2(HEX) : 
00000000 : 72 65 67 66 69 6c 65 36 - 3a 20 30 30 30 30 30 30  regfile6:.000000
00000010 : 35 66                                              5f

第[3852 / 3852]行 - 第[15]个字符开始有差异：
        --------------------
        0         1         
        01234567890123456789
        --------------------
文件1 : regfile7: 000001a0<CR>
文件2 : regfile7: 0000005e<CR>
文件1(HEX) : 
00000000 : 72 65 67 66 69 6c 65 37 - 3a 20 30 30 30 30 30 31  regfile7:.000001
00000010 : 61 30                                              a0
文件2(HEX) : 
00000000 : 72 65 67 66 69 6c 65 37 - 3a 20 30 30 30 30 30 30  regfile7:.000000
00000010 : 35 65                                              5e

第[3853 / 3853]行 - 第[17]个字符开始有差异：
        --------------------
        0         1         
        01234567890123456789
        --------------------
文件1 : regfile8: 00000004<CR>
文件2 : regfile8: 00000003<CR>
文件1(HEX) : 
00000000 : 72 65 67 66 69 6c 65 38 - 3a 20 30 30 30 30 30 30  regfile8:.000000
00000010 : 30 34                                              04
文件2(HEX) : 
00000000 : 72 65 67 66 69 6c 65 38 - 3a 20 30 30 30 30 30 30  regfile8:.000000
00000010 : 30 33                                              03

第[3855 / 3855]行 - 第[17]个字符开始有差异：
        --------------------
        0         1         
        01234567890123456789
        --------------------
文件1 : regfile10: 00000001<CR>
文件2 : regfile10: 00000041<CR>
文件1(HEX) : 
00000000 : 72 65 67 66 69 6c 65 31 - 30 3a 20 30 30 30 30 30  regfile10:.00000
00000010 : 30 30 31                                           001
文件2(HEX) : 
00000000 : 72 65 67 66 69 6c 65 31 - 30 3a 20 30 30 30 30 30  regfile10:.00000
00000010 : 30 34 31                                           041

第[3856 / 3856]行 - 第[17]个字符开始有差异：
        --------------------
        0         1         
        01234567890123456789
        --------------------
文件1 : regfile11: 0000006c<CR>
文件2 : regfile11: 00000044<CR>
文件1(HEX) : 
00000000 : 72 65 67 66 69 6c 65 31 - 31 3a 20 30 30 30 30 30  regfile11:.00000
00000010 : 30 36 63                                           06c
文件2(HEX) : 
00000000 : 72 65 67 66 69 6c 65 31 - 31 3a 20 30 30 30 30 30  regfile11:.00000
00000010 : 30 34 34                                           044

第[3857 / 3857]行 - 第[17]个字符开始有差异：
        --------------------
        0         1         
        01234567890123456789
        --------------------
文件1 : regfile12: 00000001<CR>
文件2 : regfile12: 00000044<CR>
文件1(HEX) : 
00000000 : 72 65 67 66 69 6c 65 31 - 32 3a 20 30 30 30 30 30  regfile12:.00000
00000010 : 30 30 31                                           001
文件2(HEX) : 
00000000 : 72 65 67 66 69 6c 65 31 - 32 3a 20 30 30 30 30 30  regfile12:.00000
00000010 : 30 34 34                                           044

第[3858 / 3858]行 - 第[17]个字符开始有差异：
        --------------------
        0         1         
        01234567890123456789
        --------------------
文件1 : regfile13: 0000006b<CR>
文件2 : regfile13: 00000003<CR>
文件1(HEX) : 
00000000 : 72 65 67 66 69 6c 65 31 - 33 3a 20 30 30 30 30 30  regfile13:.00000
00000010 : 30 36 62                                           06b
文件2(HEX) : 
00000000 : 72 65 67 66 69 6c 65 31 - 33 3a 20 30 30 30 30 30  regfile13:.00000
00000010 : 30 30 33                                           003

第[3877 / 3877]行 - 第[10]个字符开始有差异：
        --------------------
        0         1         
        01234567890123456789
        --------------------
文件1 : pc: 00400054<CR>
文件2 : pc: 00400044<CR>
文件1(HEX) : 
00000000 : 70 63 3a 20 30 30 34 30 - 30 30 35 34              pc:.00400054
文件2(HEX) : 
00000000 : 70 63 3a 20 30 30 34 30 - 30 30 34 34              pc:.00400044

第[3878 / 3878]行 - 第[8]个字符开始有差异：
        --------------------
        0         1         
        01234567890123456789
        --------------------
文件1 : instr: 00000000<CR>
文件2 : instr: 014b602b<CR>
文件1(HEX) : 
00000000 : 69 6e 73 74 72 3a 20 30 - 30 30 30 30 30 30 30     instr:.00000000
文件2(HEX) : 
00000000 : 69 6e 73 74 72 3a 20 30 - 31 34 62 36 30 32 62     instr:.014b602b

第[3883 / 3883]行 - 第[17]个字符开始有差异：
        --------------------
        0         1         
        01234567890123456789
        --------------------
文件1 : regfile4: 00000005<CR>
文件2 : regfile4: 00000004<CR>
文件1(HEX) : 
00000000 : 72 65 67 66 69 6c 65 34 - 3a 20 30 30 30 30 30 30  regfile4:.000000
00000010 : 30 35                                              05
文件2(HEX) : 
00000000 : 72 65 67 66 69 6c 65 34 - 3a 20 30 30 30 30 30 30  regfile4:.000000
00000010 : 30 34                                              04

第[3884 / 3884]行 - 第[17]个字符开始有差异：
        --------------------
        0         1         
        01234567890123456789
        --------------------
文件1 : regfile5: 00000004<CR>
文件2 : regfile5: 00000005<CR>
文件1(HEX) : 
00000000 : 72 65 67 66 69 6c 65 35 - 3a 20 30 30 30 30 30 30  regfile5:.000000
00000010 : 30 34                                              04
文件2(HEX) : 
00000000 : 72 65 67 66 69 6c 65 35 - 3a 20 30 30 30 30 30 30  regfile5:.000000
00000010 : 30 35                                              05

第[3885 / 3885]行 - 第[15]个字符开始有差异：
        --------------------
        0         1         
        01234567890123456789
        --------------------
文件1 : regfile6: 000001a0<CR>
文件2 : regfile6: 0000005f<CR>
文件1(HEX) : 
00000000 : 72 65 67 66 69 6c 65 36 - 3a 20 30 30 30 30 30 31  regfile6:.000001
00000010 : 61 30                                              a0
文件2(HEX) : 
00000000 : 72 65 67 66 69 6c 65 36 - 3a 20 30 30 30 30 30 30  regfile6:.000000
00000010 : 35 66                                              5f

第[3886 / 3886]行 - 第[15]个字符开始有差异：
        --------------------
        0         1         
        01234567890123456789
        --------------------
文件1 : regfile7: 000001a0<CR>
文件2 : regfile7: 0000005e<CR>
文件1(HEX) : 
00000000 : 72 65 67 66 69 6c 65 37 - 3a 20 30 30 30 30 30 31  regfile7:.000001
00000010 : 61 30                                              a0
文件2(HEX) : 
00000000 : 72 65 67 66 69 6c 65 37 - 3a 20 30 30 30 30 30 30  regfile7:.000000
00000010 : 35 65                                              5e

第[3887 / 3887]行 - 第[17]个字符开始有差异：
        --------------------
        0         1         
        01234567890123456789
        --------------------
文件1 : regfile8: 00000004<CR>
文件2 : regfile8: 00000003<CR>
文件1(HEX) : 
00000000 : 72 65 67 66 69 6c 65 38 - 3a 20 30 30 30 30 30 30  regfile8:.000000
00000010 : 30 34                                              04
文件2(HEX) : 
00000000 : 72 65 67 66 69 6c 65 38 - 3a 20 30 30 30 30 30 30  regfile8:.000000
00000010 : 30 33                                              03

第[3889 / 3889]行 - 第[17]个字符开始有差异：
        --------------------
        0         1         
        01234567890123456789
        --------------------
文件1 : regfile10: 00000001<CR>
文件2 : regfile10: 00000041<CR>
文件1(HEX) : 
00000000 : 72 65 67 66 69 6c 65 31 - 30 3a 20 30 30 30 30 30  regfile10:.00000
00000010 : 30 30 31                                           001
文件2(HEX) : 
00000000 : 72 65 67 66 69 6c 65 31 - 30 3a 20 30 30 30 30 30  regfile10:.00000
00000010 : 30 34 31                                           041

第[3890 / 3890]行 - 第[17]个字符开始有差异：
        --------------------
        0         1         
        01234567890123456789
        --------------------
文件1 : regfile11: 0000006c<CR>
文件2 : regfile11: 00000044<CR>
文件1(HEX) : 
00000000 : 72 65 67 66 69 6c 65 31 - 31 3a 20 30 30 30 30 30  regfile11:.00000
00000010 : 30 36 63                                           06c
文件2(HEX) : 
00000000 : 72 65 67 66 69 6c 65 31 - 31 3a 20 30 30 30 30 30  regfile11:.00000
00000010 : 30 34 34                                           044

第[3892 / 3892]行 - 第[17]个字符开始有差异：
        --------------------
        0         1         
        01234567890123456789
        --------------------
文件1 : regfile13: 0000006b<CR>
文件2 : regfile13: 00000003<CR>
文件1(HEX) : 
00000000 : 72 65 67 66 69 6c 65 31 - 33 3a 20 30 30 30 30 30  regfile13:.00000
00000010 : 30 36 62                                           06b
文件2(HEX) : 
00000000 : 72 65 67 66 69 6c 65 31 - 33 3a 20 30 30 30 30 30  regfile13:.00000
00000010 : 30 30 33                                           003

第[3911 / 3911]行 - 第[10]个字符开始有差异：
        --------------------
        0         1         
        01234567890123456789
        --------------------
文件1 : pc: 00400058<CR>
文件2 : pc: 00400048<CR>
文件1(HEX) : 
00000000 : 70 63 3a 20 30 30 34 30 - 30 30 35 38              pc:.00400058
文件2(HEX) : 
00000000 : 70 63 3a 20 30 30 34 30 - 30 30 34 38              pc:.00400048

第[3912 / 3912]行 - 第[7]个字符开始有差异：
        --------------------
        0         1         
        01234567890123456789
        --------------------
文件1 : instr: 258c0001<CR>
文件2 : instr: 11800018<CR>
文件1(HEX) : 
00000000 : 69 6e 73 74 72 3a 20 32 - 35 38 63 30 30 30 31     instr:.258c0001
文件2(HEX) : 
00000000 : 69 6e 73 74 72 3a 20 31 - 31 38 30 30 30 31 38     instr:.11800018

第[3917 / 3917]行 - 第[17]个字符开始有差异：
        --------------------
        0         1         
        01234567890123456789
        --------------------
文件1 : regfile4: 00000005<CR>
文件2 : regfile4: 00000004<CR>
文件1(HEX) : 
00000000 : 72 65 67 66 69 6c 65 34 - 3a 20 30 30 30 30 30 30  regfile4:.000000
00000010 : 30 35                                              05
文件2(HEX) : 
00000000 : 72 65 67 66 69 6c 65 34 - 3a 20 30 30 30 30 30 30  regfile4:.000000
00000010 : 30 34                                              04

第[3918 / 3918]行 - 第[17]个字符开始有差异：
        --------------------
        0         1         
        01234567890123456789
        --------------------
文件1 : regfile5: 00000004<CR>
文件2 : regfile5: 00000005<CR>
文件1(HEX) : 
00000000 : 72 65 67 66 69 6c 65 35 - 3a 20 30 30 30 30 30 30  regfile5:.000000
00000010 : 30 34                                              04
文件2(HEX) : 
00000000 : 72 65 67 66 69 6c 65 35 - 3a 20 30 30 30 30 30 30  regfile5:.000000
00000010 : 30 35                                              05

第[3919 / 3919]行 - 第[15]个字符开始有差异：
        --------------------
        0         1         
        01234567890123456789
        --------------------
文件1 : regfile6: 000001a0<CR>
文件2 : regfile6: 0000005f<CR>
文件1(HEX) : 
00000000 : 72 65 67 66 69 6c 65 36 - 3a 20 30 30 30 30 30 31  regfile6:.000001
00000010 : 61 30                                              a0
文件2(HEX) : 
00000000 : 72 65 67 66 69 6c 65 36 - 3a 20 30 30 30 30 30 30  regfile6:.000000
00000010 : 35 66                                              5f

第[3920 / 3920]行 - 第[15]个字符开始有差异：
        --------------------
        0         1         
        01234567890123456789
        --------------------
文件1 : regfile7: 000001a0<CR>
文件2 : regfile7: 0000005e<CR>
文件1(HEX) : 
00000000 : 72 65 67 66 69 6c 65 37 - 3a 20 30 30 30 30 30 31  regfile7:.000001
00000010 : 61 30                                              a0
文件2(HEX) : 
00000000 : 72 65 67 66 69 6c 65 37 - 3a 20 30 30 30 30 30 30  regfile7:.000000
00000010 : 35 65                                              5e

第[3921 / 3921]行 - 第[17]个字符开始有差异：
        --------------------
        0         1         
        01234567890123456789
        --------------------
文件1 : regfile8: 00000004<CR>
文件2 : regfile8: 00000003<CR>
文件1(HEX) : 
00000000 : 72 65 67 66 69 6c 65 38 - 3a 20 30 30 30 30 30 30  regfile8:.000000
00000010 : 30 34                                              04
文件2(HEX) : 
00000000 : 72 65 67 66 69 6c 65 38 - 3a 20 30 30 30 30 30 30  regfile8:.000000
00000010 : 30 33                                              03

第[3923 / 3923]行 - 第[17]个字符开始有差异：
        --------------------
        0         1         
        01234567890123456789
        --------------------
文件1 : regfile10: 00000001<CR>
文件2 : regfile10: 00000041<CR>
文件1(HEX) : 
00000000 : 72 65 67 66 69 6c 65 31 - 30 3a 20 30 30 30 30 30  regfile10:.00000
00000010 : 30 30 31                                           001
文件2(HEX) : 
00000000 : 72 65 67 66 69 6c 65 31 - 30 3a 20 30 30 30 30 30  regfile10:.00000
00000010 : 30 34 31                                           041

第[3924 / 3924]行 - 第[17]个字符开始有差异：
        --------------------
        0         1         
        01234567890123456789
        --------------------
文件1 : regfile11: 0000006c<CR>
文件2 : regfile11: 00000044<CR>
文件1(HEX) : 
00000000 : 72 65 67 66 69 6c 65 31 - 31 3a 20 30 30 30 30 30  regfile11:.00000
00000010 : 30 36 63                                           06c
文件2(HEX) : 
00000000 : 72 65 67 66 69 6c 65 31 - 31 3a 20 30 30 30 30 30  regfile11:.00000
00000010 : 30 34 34                                           044

第[3926 / 3926]行 - 第[17]个字符开始有差异：
        --------------------
        0         1         
        01234567890123456789
        --------------------
文件1 : regfile13: 0000006b<CR>
文件2 : regfile13: 00000003<CR>
文件1(HEX) : 
00000000 : 72 65 67 66 69 6c 65 31 - 33 3a 20 30 30 30 30 30  regfile13:.00000
00000010 : 30 36 62                                           06b
文件2(HEX) : 
00000000 : 72 65 67 66 69 6c 65 31 - 33 3a 20 30 30 30 30 30  regfile13:.00000
00000010 : 30 30 33                                           003

第[3945 / 3945]行 - 第[10]个字符开始有差异：
        --------------------
        0         1         
        01234567890123456789
        --------------------
文件1 : pc: 0040005c<CR>
文件2 : pc: 0040004c<CR>
文件1(HEX) : 
00000000 : 70 63 3a 20 30 30 34 30 - 30 30 35 63              pc:.0040005c
文件2(HEX) : 
00000000 : 70 63 3a 20 30 30 34 30 - 30 30 34 63              pc:.0040004c

第[3946 / 3946]行 - 第[8]个字符开始有差异：
        --------------------
        0         1         
        01234567890123456789
        --------------------
文件1 : instr: 000c6042<CR>
文件2 : instr: 014b6020<CR>
文件1(HEX) : 
00000000 : 69 6e 73 74 72 3a 20 30 - 30 30 63 36 30 34 32     instr:.000c6042
文件2(HEX) : 
00000000 : 69 6e 73 74 72 3a 20 30 - 31 34 62 36 30 32 30     instr:.014b6020

第[3951 / 3951]行 - 第[17]个字符开始有差异：
        --------------------
        0         1         
        01234567890123456789
        --------------------
文件1 : regfile4: 00000005<CR>
文件2 : regfile4: 00000004<CR>
文件1(HEX) : 
00000000 : 72 65 67 66 69 6c 65 34 - 3a 20 30 30 30 30 30 30  regfile4:.000000
00000010 : 30 35                                              05
文件2(HEX) : 
00000000 : 72 65 67 66 69 6c 65 34 - 3a 20 30 30 30 30 30 30  regfile4:.000000
00000010 : 30 34                                              04

第[3952 / 3952]行 - 第[17]个字符开始有差异：
        --------------------
        0         1         
        01234567890123456789
        --------------------
文件1 : regfile5: 00000004<CR>
文件2 : regfile5: 00000005<CR>
文件1(HEX) : 
00000000 : 72 65 67 66 69 6c 65 35 - 3a 20 30 30 30 30 30 30  regfile5:.000000
00000010 : 30 34                                              04
文件2(HEX) : 
00000000 : 72 65 67 66 69 6c 65 35 - 3a 20 30 30 30 30 30 30  regfile5:.000000
00000010 : 30 35                                              05

第[3953 / 3953]行 - 第[15]个字符开始有差异：
        --------------------
        0         1         
        01234567890123456789
        --------------------
文件1 : regfile6: 000001a0<CR>
文件2 : regfile6: 0000005f<CR>
文件1(HEX) : 
00000000 : 72 65 67 66 69 6c 65 36 - 3a 20 30 30 30 30 30 31  regfile6:.000001
00000010 : 61 30                                              a0
文件2(HEX) : 
00000000 : 72 65 67 66 69 6c 65 36 - 3a 20 30 30 30 30 30 30  regfile6:.000000
00000010 : 35 66                                              5f

第[3954 / 3954]行 - 第[15]个字符开始有差异：
        --------------------
        0         1         
        01234567890123456789
        --------------------
文件1 : regfile7: 000001a0<CR>
文件2 : regfile7: 0000005e<CR>
文件1(HEX) : 
00000000 : 72 65 67 66 69 6c 65 37 - 3a 20 30 30 30 30 30 31  regfile7:.000001
00000010 : 61 30                                              a0
文件2(HEX) : 
00000000 : 72 65 67 66 69 6c 65 37 - 3a 20 30 30 30 30 30 30  regfile7:.000000
00000010 : 35 65                                              5e

第[3955 / 3955]行 - 第[17]个字符开始有差异：
        --------------------
        0         1         
        01234567890123456789
        --------------------
文件1 : regfile8: 00000004<CR>
文件2 : regfile8: 00000003<CR>
文件1(HEX) : 
00000000 : 72 65 67 66 69 6c 65 38 - 3a 20 30 30 30 30 30 30  regfile8:.000000
00000010 : 30 34                                              04
文件2(HEX) : 
00000000 : 72 65 67 66 69 6c 65 38 - 3a 20 30 30 30 30 30 30  regfile8:.000000
00000010 : 30 33                                              03

第[3957 / 3957]行 - 第[17]个字符开始有差异：
        --------------------
        0         1         
        01234567890123456789
        --------------------
文件1 : regfile10: 00000001<CR>
文件2 : regfile10: 00000041<CR>
文件1(HEX) : 
00000000 : 72 65 67 66 69 6c 65 31 - 30 3a 20 30 30 30 30 30  regfile10:.00000
00000010 : 30 30 31                                           001
文件2(HEX) : 
00000000 : 72 65 67 66 69 6c 65 31 - 30 3a 20 30 30 30 30 30  regfile10:.00000
00000010 : 30 34 31                                           041

第[3958 / 3958]行 - 第[17]个字符开始有差异：
        --------------------
        0         1         
        01234567890123456789
        --------------------
文件1 : regfile11: 0000006c<CR>
文件2 : regfile11: 00000044<CR>
文件1(HEX) : 
00000000 : 72 65 67 66 69 6c 65 31 - 31 3a 20 30 30 30 30 30  regfile11:.00000
00000010 : 30 36 63                                           06c
文件2(HEX) : 
00000000 : 72 65 67 66 69 6c 65 31 - 31 3a 20 30 30 30 30 30  regfile11:.00000
00000010 : 30 34 34                                           044

第[3959 / 3959]行 - 第[17]个字符开始有差异：
        --------------------
        0         1         
        01234567890123456789
        --------------------
文件1 : regfile12: 0000006d<CR>
文件2 : regfile12: 00000085<CR>
文件1(HEX) : 
00000000 : 72 65 67 66 69 6c 65 31 - 32 3a 20 30 30 30 30 30  regfile12:.00000
00000010 : 30 36 64                                           06d
文件2(HEX) : 
00000000 : 72 65 67 66 69 6c 65 31 - 32 3a 20 30 30 30 30 30  regfile12:.00000
00000010 : 30 38 35                                           085

第[3960 / 3960]行 - 第[17]个字符开始有差异：
        --------------------
        0         1         
        01234567890123456789
        --------------------
文件1 : regfile13: 0000006b<CR>
文件2 : regfile13: 00000003<CR>
文件1(HEX) : 
00000000 : 72 65 67 66 69 6c 65 31 - 33 3a 20 30 30 30 30 30  regfile13:.00000
00000010 : 30 36 62                                           06b
文件2(HEX) : 
00000000 : 72 65 67 66 69 6c 65 31 - 33 3a 20 30 30 30 30 30  regfile13:.00000
00000010 : 30 30 33                                           003

第[3979 / 3979]行 - 第[10]个字符开始有差异：
        --------------------
        0         1         
        01234567890123456789
        --------------------
文件1 : pc: 00400060<CR>
文件2 : pc: 00400050<CR>
文件1(HEX) : 
00000000 : 70 63 3a 20 30 30 34 30 - 30 30 36 30              pc:.00400060
文件2(HEX) : 
00000000 : 70 63 3a 20 30 30 34 30 - 30 30 35 30              pc:.00400050

第[3980 / 3980]行 - 第[7]个字符开始有差异：
        --------------------
        0         1         
        01234567890123456789
        --------------------
文件1 : instr: 24a50001<CR>
文件2 : instr: 000c6fc0<CR>
文件1(HEX) : 
00000000 : 69 6e 73 74 72 3a 20 32 - 34 61 35 30 30 30 31     instr:.24a50001
文件2(HEX) : 
00000000 : 69 6e 73 74 72 3a 20 30 - 30 30 63 36 66 63 30     instr:.000c6fc0

第[3985 / 3985]行 - 第[17]个字符开始有差异：
        --------------------
        0         1         
        01234567890123456789
        --------------------
文件1 : regfile4: 00000005<CR>
文件2 : regfile4: 00000004<CR>
文件1(HEX) : 
00000000 : 72 65 67 66 69 6c 65 34 - 3a 20 30 30 30 30 30 30  regfile4:.000000
00000010 : 30 35                                              05
文件2(HEX) : 
00000000 : 72 65 67 66 69 6c 65 34 - 3a 20 30 30 30 30 30 30  regfile4:.000000
00000010 : 30 34                                              04

第[3986 / 3986]行 - 第[17]个字符开始有差异：
        --------------------
        0         1         
        01234567890123456789
        --------------------
文件1 : regfile5: 00000004<CR>
文件2 : regfile5: 00000005<CR>
文件1(HEX) : 
00000000 : 72 65 67 66 69 6c 65 35 - 3a 20 30 30 30 30 30 30  regfile5:.000000
00000010 : 30 34                                              04
文件2(HEX) : 
00000000 : 72 65 67 66 69 6c 65 35 - 3a 20 30 30 30 30 30 30  regfile5:.000000
00000010 : 30 35                                              05

第[3987 / 3987]行 - 第[15]个字符开始有差异：
        --------------------
        0         1         
        01234567890123456789
        --------------------
文件1 : regfile6: 000001a0<CR>
文件2 : regfile6: 0000005f<CR>
文件1(HEX) : 
00000000 : 72 65 67 66 69 6c 65 36 - 3a 20 30 30 30 30 30 31  regfile6:.000001
00000010 : 61 30                                              a0
文件2(HEX) : 
00000000 : 72 65 67 66 69 6c 65 36 - 3a 20 30 30 30 30 30 30  regfile6:.000000
00000010 : 35 66                                              5f

第[3988 / 3988]行 - 第[15]个字符开始有差异：
        --------------------
        0         1         
        01234567890123456789
        --------------------
文件1 : regfile7: 000001a0<CR>
文件2 : regfile7: 0000005e<CR>
文件1(HEX) : 
00000000 : 72 65 67 66 69 6c 65 37 - 3a 20 30 30 30 30 30 31  regfile7:.000001
00000010 : 61 30                                              a0
文件2(HEX) : 
00000000 : 72 65 67 66 69 6c 65 37 - 3a 20 30 30 30 30 30 30  regfile7:.000000
00000010 : 35 65                                              5e

第[3989 / 3989]行 - 第[17]个字符开始有差异：
        --------------------
        0         1         
        01234567890123456789
        --------------------
文件1 : regfile8: 00000004<CR>
文件2 : regfile8: 00000003<CR>
文件1(HEX) : 
00000000 : 72 65 67 66 69 6c 65 38 - 3a 20 30 30 30 30 30 30  regfile8:.000000
00000010 : 30 34                                              04
文件2(HEX) : 
00000000 : 72 65 67 66 69 6c 65 38 - 3a 20 30 30 30 30 30 30  regfile8:.000000
00000010 : 30 33                                              03

第[3991 / 3991]行 - 第[17]个字符开始有差异：
        --------------------
        0         1         
        01234567890123456789
        --------------------
文件1 : regfile10: 00000001<CR>
文件2 : regfile10: 00000041<CR>
文件1(HEX) : 
00000000 : 72 65 67 66 69 6c 65 31 - 30 3a 20 30 30 30 30 30  regfile10:.00000
00000010 : 30 30 31                                           001
文件2(HEX) : 
00000000 : 72 65 67 66 69 6c 65 31 - 30 3a 20 30 30 30 30 30  regfile10:.00000
00000010 : 30 34 31                                           041

第[3992 / 3992]行 - 第[17]个字符开始有差异：
        --------------------
        0         1         
        01234567890123456789
        --------------------
文件1 : regfile11: 0000006c<CR>
文件2 : regfile11: 00000044<CR>
文件1(HEX) : 
00000000 : 72 65 67 66 69 6c 65 31 - 31 3a 20 30 30 30 30 30  regfile11:.00000
00000010 : 30 36 63                                           06c
文件2(HEX) : 
00000000 : 72 65 67 66 69 6c 65 31 - 31 3a 20 30 30 30 30 30  regfile11:.00000
00000010 : 30 34 34                                           044

第[3993 / 3993]行 - 第[17]个字符开始有差异：
        --------------------
        0         1         
        01234567890123456789
        --------------------
文件1 : regfile12: 0000006d<CR>
文件2 : regfile12: 00000085<CR>
文件1(HEX) : 
00000000 : 72 65 67 66 69 6c 65 31 - 32 3a 20 30 30 30 30 30  regfile12:.00000
00000010 : 30 36 64                                           06d
文件2(HEX) : 
00000000 : 72 65 67 66 69 6c 65 31 - 32 3a 20 30 30 30 30 30  regfile12:.00000
00000010 : 30 38 35                                           085

第[4013 / 4013]行 - 第[10]个字符开始有差异：
        --------------------
        0         1         
        01234567890123456789
        --------------------
文件1 : pc: 00400064<CR>
文件2 : pc: 00400054<CR>
文件1(HEX) : 
00000000 : 70 63 3a 20 30 30 34 30 - 30 30 36 34              pc:.00400064
文件2(HEX) : 
00000000 : 70 63 3a 20 30 30 34 30 - 30 30 35 34              pc:.00400054

第[4014 / 4014]行 - 第[7]个字符开始有差异：
        --------------------
        0         1         
        01234567890123456789
        --------------------
文件1 : instr: 018a6823<CR>
文件2 : instr: 11a00001<CR>
文件1(HEX) : 
00000000 : 69 6e 73 74 72 3a 20 30 - 31 38 61 36 38 32 33     instr:.018a6823
文件2(HEX) : 
00000000 : 69 6e 73 74 72 3a 20 31 - 31 61 30 30 30 30 31     instr:.11a00001

第[4019 / 4019]行 - 第[17]个字符开始有差异：
        --------------------
        0         1         
        01234567890123456789
        --------------------
文件1 : regfile4: 00000005<CR>
文件2 : regfile4: 00000004<CR>
文件1(HEX) : 
00000000 : 72 65 67 66 69 6c 65 34 - 3a 20 30 30 30 30 30 30  regfile4:.000000
00000010 : 30 35                                              05
文件2(HEX) : 
00000000 : 72 65 67 66 69 6c 65 34 - 3a 20 30 30 30 30 30 30  regfile4:.000000
00000010 : 30 34                                              04

第[4020 / 4020]行 - 第[17]个字符开始有差异：
        --------------------
        0         1         
        01234567890123456789
        --------------------
文件1 : regfile5: 00000004<CR>
文件2 : regfile5: 00000005<CR>
文件1(HEX) : 
00000000 : 72 65 67 66 69 6c 65 35 - 3a 20 30 30 30 30 30 30  regfile5:.000000
00000010 : 30 34                                              04
文件2(HEX) : 
00000000 : 72 65 67 66 69 6c 65 35 - 3a 20 30 30 30 30 30 30  regfile5:.000000
00000010 : 30 35                                              05

第[4021 / 4021]行 - 第[15]个字符开始有差异：
        --------------------
        0         1         
        01234567890123456789
        --------------------
文件1 : regfile6: 000001a0<CR>
文件2 : regfile6: 0000005f<CR>
文件1(HEX) : 
00000000 : 72 65 67 66 69 6c 65 36 - 3a 20 30 30 30 30 30 31  regfile6:.000001
00000010 : 61 30                                              a0
文件2(HEX) : 
00000000 : 72 65 67 66 69 6c 65 36 - 3a 20 30 30 30 30 30 30  regfile6:.000000
00000010 : 35 66                                              5f

第[4022 / 4022]行 - 第[15]个字符开始有差异：
        --------------------
        0         1         
        01234567890123456789
        --------------------
文件1 : regfile7: 000001a0<CR>
文件2 : regfile7: 0000005e<CR>
文件1(HEX) : 
00000000 : 72 65 67 66 69 6c 65 37 - 3a 20 30 30 30 30 30 31  regfile7:.000001
00000010 : 61 30                                              a0
文件2(HEX) : 
00000000 : 72 65 67 66 69 6c 65 37 - 3a 20 30 30 30 30 30 30  regfile7:.000000
00000010 : 35 65                                              5e

第[4023 / 4023]行 - 第[17]个字符开始有差异：
        --------------------
        0         1         
        01234567890123456789
        --------------------
文件1 : regfile8: 00000004<CR>
文件2 : regfile8: 00000003<CR>
文件1(HEX) : 
00000000 : 72 65 67 66 69 6c 65 38 - 3a 20 30 30 30 30 30 30  regfile8:.000000
00000010 : 30 34                                              04
文件2(HEX) : 
00000000 : 72 65 67 66 69 6c 65 38 - 3a 20 30 30 30 30 30 30  regfile8:.000000
00000010 : 30 33                                              03

第[4025 / 4025]行 - 第[17]个字符开始有差异：
        --------------------
        0         1         
        01234567890123456789
        --------------------
文件1 : regfile10: 00000001<CR>
文件2 : regfile10: 00000041<CR>
文件1(HEX) : 
00000000 : 72 65 67 66 69 6c 65 31 - 30 3a 20 30 30 30 30 30  regfile10:.00000
00000010 : 30 30 31                                           001
文件2(HEX) : 
00000000 : 72 65 67 66 69 6c 65 31 - 30 3a 20 30 30 30 30 30  regfile10:.00000
00000010 : 30 34 31                                           041

第[4026 / 4026]行 - 第[17]个字符开始有差异：
        --------------------
        0         1         
        01234567890123456789
        --------------------
文件1 : regfile11: 0000006c<CR>
文件2 : regfile11: 00000044<CR>
文件1(HEX) : 
00000000 : 72 65 67 66 69 6c 65 31 - 31 3a 20 30 30 30 30 30  regfile11:.00000
00000010 : 30 36 63                                           06c
文件2(HEX) : 
00000000 : 72 65 67 66 69 6c 65 31 - 31 3a 20 30 30 30 30 30  regfile11:.00000
00000010 : 30 34 34                                           044

第[4027 / 4027]行 - 第[17]个字符开始有差异：
        --------------------
        0         1         
        01234567890123456789
        --------------------
文件1 : regfile12: 0000006d<CR>
文件2 : regfile12: 00000085<CR>
文件1(HEX) : 
00000000 : 72 65 67 66 69 6c 65 31 - 32 3a 20 30 30 30 30 30  regfile12:.00000
00000010 : 30 36 64                                           06d
文件2(HEX) : 
00000000 : 72 65 67 66 69 6c 65 31 - 32 3a 20 30 30 30 30 30  regfile12:.00000
00000010 : 30 38 35                                           085

第[4047 / 4047]行 - 第[10]个字符开始有差异：
        --------------------
        0         1         
        01234567890123456789
        --------------------
文件1 : pc: 00400068<CR>
文件2 : pc: 00400058<CR>
文件1(HEX) : 
00000000 : 70 63 3a 20 30 30 34 30 - 30 30 36 38              pc:.00400068
文件2(HEX) : 
00000000 : 70 63 3a 20 30 30 34 30 - 30 30 35 38              pc:.00400058

第[4048 / 4048]行 - 第[7]个字符开始有差异：
        --------------------
        0         1         
        01234567890123456789
        --------------------
文件1 : instr: 00cd3020<CR>
文件2 : instr: 258c0001<CR>
文件1(HEX) : 
00000000 : 69 6e 73 74 72 3a 20 30 - 30 63 64 33 30 32 30     instr:.00cd3020
文件2(HEX) : 
00000000 : 69 6e 73 74 72 3a 20 32 - 35 38 63 30 30 30 31     instr:.258c0001

第[4053 / 4053]行 - 第[17]个字符开始有差异：
        --------------------
        0         1         
        01234567890123456789
        --------------------
文件1 : regfile4: 00000005<CR>
文件2 : regfile4: 00000004<CR>
文件1(HEX) : 
00000000 : 72 65 67 66 69 6c 65 34 - 3a 20 30 30 30 30 30 30  regfile4:.000000
00000010 : 30 35                                              05
文件2(HEX) : 
00000000 : 72 65 67 66 69 6c 65 34 - 3a 20 30 30 30 30 30 30  regfile4:.000000
00000010 : 30 34                                              04

第[4054 / 4054]行 - 第[17]个字符开始有差异：
        --------------------
        0         1         
        01234567890123456789
        --------------------
文件1 : regfile5: 00000004<CR>
文件2 : regfile5: 00000005<CR>
文件1(HEX) : 
00000000 : 72 65 67 66 69 6c 65 35 - 3a 20 30 30 30 30 30 30  regfile5:.000000
00000010 : 30 34                                              04
文件2(HEX) : 
00000000 : 72 65 67 66 69 6c 65 35 - 3a 20 30 30 30 30 30 30  regfile5:.000000
00000010 : 30 35                                              05

第[4055 / 4055]行 - 第[15]个字符开始有差异：
        --------------------
        0         1         
        01234567890123456789
        --------------------
文件1 : regfile6: 000001a0<CR>
文件2 : regfile6: 0000005f<CR>
文件1(HEX) : 
00000000 : 72 65 67 66 69 6c 65 36 - 3a 20 30 30 30 30 30 31  regfile6:.000001
00000010 : 61 30                                              a0
文件2(HEX) : 
00000000 : 72 65 67 66 69 6c 65 36 - 3a 20 30 30 30 30 30 30  regfile6:.000000
00000010 : 35 66                                              5f

第[4056 / 4056]行 - 第[15]个字符开始有差异：
        --------------------
        0         1         
        01234567890123456789
        --------------------
文件1 : regfile7: 000001a0<CR>
文件2 : regfile7: 0000005e<CR>
文件1(HEX) : 
00000000 : 72 65 67 66 69 6c 65 37 - 3a 20 30 30 30 30 30 31  regfile7:.000001
00000010 : 61 30                                              a0
文件2(HEX) : 
00000000 : 72 65 67 66 69 6c 65 37 - 3a 20 30 30 30 30 30 30  regfile7:.000000
00000010 : 35 65                                              5e

第[4057 / 4057]行 - 第[17]个字符开始有差异：
        --------------------
        0         1         
        01234567890123456789
        --------------------
文件1 : regfile8: 00000004<CR>
文件2 : regfile8: 00000003<CR>
文件1(HEX) : 
00000000 : 72 65 67 66 69 6c 65 38 - 3a 20 30 30 30 30 30 30  regfile8:.000000
00000010 : 30 34                                              04
文件2(HEX) : 
00000000 : 72 65 67 66 69 6c 65 38 - 3a 20 30 30 30 30 30 30  regfile8:.000000
00000010 : 30 33                                              03

第[4059 / 4059]行 - 第[17]个字符开始有差异：
        --------------------
        0         1         
        01234567890123456789
        --------------------
文件1 : regfile10: 00000001<CR>
文件2 : regfile10: 00000041<CR>
文件1(HEX) : 
00000000 : 72 65 67 66 69 6c 65 31 - 30 3a 20 30 30 30 30 30  regfile10:.00000
00000010 : 30 30 31                                           001
文件2(HEX) : 
00000000 : 72 65 67 66 69 6c 65 31 - 30 3a 20 30 30 30 30 30  regfile10:.00000
00000010 : 30 34 31                                           041

第[4060 / 4060]行 - 第[17]个字符开始有差异：
        --------------------
        0         1         
        01234567890123456789
        --------------------
文件1 : regfile11: 0000006c<CR>
文件2 : regfile11: 00000044<CR>
文件1(HEX) : 
00000000 : 72 65 67 66 69 6c 65 31 - 31 3a 20 30 30 30 30 30  regfile11:.00000
00000010 : 30 36 63                                           06c
文件2(HEX) : 
00000000 : 72 65 67 66 69 6c 65 31 - 31 3a 20 30 30 30 30 30  regfile11:.00000
00000010 : 30 34 34                                           044

第[4061 / 4061]行 - 第[17]个字符开始有差异：
        --------------------
        0         1         
        01234567890123456789
        --------------------
文件1 : regfile12: 0000006d<CR>
文件2 : regfile12: 00000086<CR>
文件1(HEX) : 
00000000 : 72 65 67 66 69 6c 65 31 - 32 3a 20 30 30 30 30 30  regfile12:.00000
00000010 : 30 36 64                                           06d
文件2(HEX) : 
00000000 : 72 65 67 66 69 6c 65 31 - 32 3a 20 30 30 30 30 30  regfile12:.00000
00000010 : 30 38 36                                           086

第[4081 / 4081]行 - 第[10]个字符开始有差异：
        --------------------
        0         1         
        01234567890123456789
        --------------------
文件1 : pc: 0040006c<CR>
文件2 : pc: 0040005c<CR>
文件1(HEX) : 
00000000 : 70 63 3a 20 30 30 34 30 - 30 30 36 63              pc:.0040006c
文件2(HEX) : 
00000000 : 70 63 3a 20 30 30 34 30 - 30 30 35 63              pc:.0040005c

第[4082 / 4082]行 - 第[7]个字符开始有差异：
        --------------------
        0         1         
        01234567890123456789
        --------------------
文件1 : instr: 246d0001<CR>
文件2 : instr: 000c6042<CR>
文件1(HEX) : 
00000000 : 69 6e 73 74 72 3a 20 32 - 34 36 64 30 30 30 31     instr:.246d0001
文件2(HEX) : 
00000000 : 69 6e 73 74 72 3a 20 30 - 30 30 63 36 30 34 32     instr:.000c6042

第[4087 / 4087]行 - 第[17]个字符开始有差异：
        --------------------
        0         1         
        01234567890123456789
        --------------------
文件1 : regfile4: 00000005<CR>
文件2 : regfile4: 00000004<CR>
文件1(HEX) : 
00000000 : 72 65 67 66 69 6c 65 34 - 3a 20 30 30 30 30 30 30  regfile4:.000000
00000010 : 30 35                                              05
文件2(HEX) : 
00000000 : 72 65 67 66 69 6c 65 34 - 3a 20 30 30 30 30 30 30  regfile4:.000000
00000010 : 30 34                                              04

第[4088 / 4088]行 - 第[17]个字符开始有差异：
        --------------------
        0         1         
        01234567890123456789
        --------------------
文件1 : regfile5: 00000004<CR>
文件2 : regfile5: 00000005<CR>
文件1(HEX) : 
00000000 : 72 65 67 66 69 6c 65 35 - 3a 20 30 30 30 30 30 30  regfile5:.000000
00000010 : 30 34                                              04
文件2(HEX) : 
00000000 : 72 65 67 66 69 6c 65 35 - 3a 20 30 30 30 30 30 30  regfile5:.000000
00000010 : 30 35                                              05

第[4089 / 4089]行 - 第[15]个字符开始有差异：
        --------------------
        0         1         
        01234567890123456789
        --------------------
文件1 : regfile6: 000001a0<CR>
文件2 : regfile6: 0000005f<CR>
文件1(HEX) : 
00000000 : 72 65 67 66 69 6c 65 36 - 3a 20 30 30 30 30 30 31  regfile6:.000001
00000010 : 61 30                                              a0
文件2(HEX) : 
00000000 : 72 65 67 66 69 6c 65 36 - 3a 20 30 30 30 30 30 30  regfile6:.000000
00000010 : 35 66                                              5f

第[4090 / 4090]行 - 第[15]个字符开始有差异：
        --------------------
        0         1         
        01234567890123456789
        --------------------
文件1 : regfile7: 000001a0<CR>
文件2 : regfile7: 0000005e<CR>
文件1(HEX) : 
00000000 : 72 65 67 66 69 6c 65 37 - 3a 20 30 30 30 30 30 31  regfile7:.000001
00000010 : 61 30                                              a0
文件2(HEX) : 
00000000 : 72 65 67 66 69 6c 65 37 - 3a 20 30 30 30 30 30 30  regfile7:.000000
00000010 : 35 65                                              5e

第[4091 / 4091]行 - 第[17]个字符开始有差异：
        --------------------
        0         1         
        01234567890123456789
        --------------------
文件1 : regfile8: 00000004<CR>
文件2 : regfile8: 00000003<CR>
文件1(HEX) : 
00000000 : 72 65 67 66 69 6c 65 38 - 3a 20 30 30 30 30 30 30  regfile8:.000000
00000010 : 30 34                                              04
文件2(HEX) : 
00000000 : 72 65 67 66 69 6c 65 38 - 3a 20 30 30 30 30 30 30  regfile8:.000000
00000010 : 30 33                                              03

第[4093 / 4093]行 - 第[17]个字符开始有差异：
        --------------------
        0         1         
        01234567890123456789
        --------------------
文件1 : regfile10: 00000001<CR>
文件2 : regfile10: 00000041<CR>
文件1(HEX) : 
00000000 : 72 65 67 66 69 6c 65 31 - 30 3a 20 30 30 30 30 30  regfile10:.00000
00000010 : 30 30 31                                           001
文件2(HEX) : 
00000000 : 72 65 67 66 69 6c 65 31 - 30 3a 20 30 30 30 30 30  regfile10:.00000
00000010 : 30 34 31                                           041

第[4094 / 4094]行 - 第[17]个字符开始有差异：
        --------------------
        0         1         
        01234567890123456789
        --------------------
文件1 : regfile11: 0000006c<CR>
文件2 : regfile11: 00000044<CR>
文件1(HEX) : 
00000000 : 72 65 67 66 69 6c 65 31 - 31 3a 20 30 30 30 30 30  regfile11:.00000
00000010 : 30 36 63                                           06c
文件2(HEX) : 
00000000 : 72 65 67 66 69 6c 65 31 - 31 3a 20 30 30 30 30 30  regfile11:.00000
00000010 : 30 34 34                                           044

第[4095 / 4095]行 - 第[17]个字符开始有差异：
        --------------------
        0         1         
        01234567890123456789
        --------------------
文件1 : regfile12: 0000006e<CR>
文件2 : regfile12: 00000043<CR>
文件1(HEX) : 
00000000 : 72 65 67 66 69 6c 65 31 - 32 3a 20 30 30 30 30 30  regfile12:.00000
00000010 : 30 36 65                                           06e
文件2(HEX) : 
00000000 : 72 65 67 66 69 6c 65 31 - 32 3a 20 30 30 30 30 30  regfile12:.00000
00000010 : 30 34 33                                           043

第[4115 / 4115]行 - 第[10]个字符开始有差异：
        --------------------
        0         1         
        01234567890123456789
        --------------------
文件1 : pc: 00400070<CR>
文件2 : pc: 00400060<CR>
文件1(HEX) : 
00000000 : 70 63 3a 20 30 30 34 30 - 30 30 37 30              pc:.00400070
文件2(HEX) : 
00000000 : 70 63 3a 20 30 30 34 30 - 30 30 36 30              pc:.00400060

第[4116 / 4116]行 - 第[7]个字符开始有差异：
        --------------------
        0         1         
        01234567890123456789
        --------------------
文件1 : instr: 018d702b<CR>
文件2 : instr: 24a50001<CR>
文件1(HEX) : 
00000000 : 69 6e 73 74 72 3a 20 30 - 31 38 64 37 30 32 62     instr:.018d702b
文件2(HEX) : 
00000000 : 69 6e 73 74 72 3a 20 32 - 34 61 35 30 30 30 31     instr:.24a50001

第[4121 / 4121]行 - 第[17]个字符开始有差异：
        --------------------
        0         1         
        01234567890123456789
        --------------------
文件1 : regfile4: 00000005<CR>
文件2 : regfile4: 00000004<CR>
文件1(HEX) : 
00000000 : 72 65 67 66 69 6c 65 34 - 3a 20 30 30 30 30 30 30  regfile4:.000000
00000010 : 30 35                                              05
文件2(HEX) : 
00000000 : 72 65 67 66 69 6c 65 34 - 3a 20 30 30 30 30 30 30  regfile4:.000000
00000010 : 30 34                                              04

第[4122 / 4122]行 - 第[17]个字符开始有差异：
        --------------------
        0         1         
        01234567890123456789
        --------------------
文件1 : regfile5: 00000004<CR>
文件2 : regfile5: 00000006<CR>
文件1(HEX) : 
00000000 : 72 65 67 66 69 6c 65 35 - 3a 20 30 30 30 30 30 30  regfile5:.000000
00000010 : 30 34                                              04
文件2(HEX) : 
00000000 : 72 65 67 66 69 6c 65 35 - 3a 20 30 30 30 30 30 30  regfile5:.000000
00000010 : 30 36                                              06

第[4123 / 4123]行 - 第[15]个字符开始有差异：
        --------------------
        0         1         
        01234567890123456789
        --------------------
文件1 : regfile6: 000001a0<CR>
文件2 : regfile6: 0000005f<CR>
文件1(HEX) : 
00000000 : 72 65 67 66 69 6c 65 36 - 3a 20 30 30 30 30 30 31  regfile6:.000001
00000010 : 61 30                                              a0
文件2(HEX) : 
00000000 : 72 65 67 66 69 6c 65 36 - 3a 20 30 30 30 30 30 30  regfile6:.000000
00000010 : 35 66                                              5f

第[4124 / 4124]行 - 第[15]个字符开始有差异：
        --------------------
        0         1         
        01234567890123456789
        --------------------
文件1 : regfile7: 000001a0<CR>
文件2 : regfile7: 0000005e<CR>
文件1(HEX) : 
00000000 : 72 65 67 66 69 6c 65 37 - 3a 20 30 30 30 30 30 31  regfile7:.000001
00000010 : 61 30                                              a0
文件2(HEX) : 
00000000 : 72 65 67 66 69 6c 65 37 - 3a 20 30 30 30 30 30 30  regfile7:.000000
00000010 : 35 65                                              5e

第[4125 / 4125]行 - 第[17]个字符开始有差异：
        --------------------
        0         1         
        01234567890123456789
        --------------------
文件1 : regfile8: 00000004<CR>
文件2 : regfile8: 00000003<CR>
文件1(HEX) : 
00000000 : 72 65 67 66 69 6c 65 38 - 3a 20 30 30 30 30 30 30  regfile8:.000000
00000010 : 30 34                                              04
文件2(HEX) : 
00000000 : 72 65 67 66 69 6c 65 38 - 3a 20 30 30 30 30 30 30  regfile8:.000000
00000010 : 30 33                                              03

第[4127 / 4127]行 - 第[17]个字符开始有差异：
        --------------------
        0         1         
        01234567890123456789
        --------------------
文件1 : regfile10: 00000001<CR>
文件2 : regfile10: 00000041<CR>
文件1(HEX) : 
00000000 : 72 65 67 66 69 6c 65 31 - 30 3a 20 30 30 30 30 30  regfile10:.00000
00000010 : 30 30 31                                           001
文件2(HEX) : 
00000000 : 72 65 67 66 69 6c 65 31 - 30 3a 20 30 30 30 30 30  regfile10:.00000
00000010 : 30 34 31                                           041

第[4128 / 4128]行 - 第[17]个字符开始有差异：
        --------------------
        0         1         
        01234567890123456789
        --------------------
文件1 : regfile11: 0000006c<CR>
文件2 : regfile11: 00000044<CR>
文件1(HEX) : 
00000000 : 72 65 67 66 69 6c 65 31 - 31 3a 20 30 30 30 30 30  regfile11:.00000
00000010 : 30 36 63                                           06c
文件2(HEX) : 
00000000 : 72 65 67 66 69 6c 65 31 - 31 3a 20 30 30 30 30 30  regfile11:.00000
00000010 : 30 34 34                                           044

第[4129 / 4129]行 - 第[17]个字符开始有差异：
        --------------------
        0         1         
        01234567890123456789
        --------------------
文件1 : regfile12: 0000006e<CR>
文件2 : regfile12: 00000043<CR>
文件1(HEX) : 
00000000 : 72 65 67 66 69 6c 65 31 - 32 3a 20 30 30 30 30 30  regfile12:.00000
00000010 : 30 36 65                                           06e
文件2(HEX) : 
00000000 : 72 65 67 66 69 6c 65 31 - 32 3a 20 30 30 30 30 30  regfile12:.00000
00000010 : 30 34 33                                           043

第[4149 / 4149]行 - 第[10]个字符开始有差异：
        --------------------
        0         1         
        01234567890123456789
        --------------------
文件1 : pc: 00400074<CR>
文件2 : pc: 00400064<CR>
文件1(HEX) : 
00000000 : 70 63 3a 20 30 30 34 30 - 30 30 37 34              pc:.00400074
文件2(HEX) : 
00000000 : 70 63 3a 20 30 30 34 30 - 30 30 36 34              pc:.00400064

第[4150 / 4150]行 - 第[7]个字符开始有差异：
        --------------------
        0         1         
        01234567890123456789
        --------------------
文件1 : instr: 11c00006<CR>
文件2 : instr: 018a6823<CR>
文件1(HEX) : 
00000000 : 69 6e 73 74 72 3a 20 31 - 31 63 30 30 30 30 36     instr:.11c00006
文件2(HEX) : 
00000000 : 69 6e 73 74 72 3a 20 30 - 31 38 61 36 38 32 33     instr:.018a6823

第[4155 / 4155]行 - 第[17]个字符开始有差异：
        --------------------
        0         1         
        01234567890123456789
        --------------------
文件1 : regfile4: 00000005<CR>
文件2 : regfile4: 00000004<CR>
文件1(HEX) : 
00000000 : 72 65 67 66 69 6c 65 34 - 3a 20 30 30 30 30 30 30  regfile4:.000000
00000010 : 30 35                                              05
文件2(HEX) : 
00000000 : 72 65 67 66 69 6c 65 34 - 3a 20 30 30 30 30 30 30  regfile4:.000000
00000010 : 30 34                                              04

第[4156 / 4156]行 - 第[17]个字符开始有差异：
        --------------------
        0         1         
        01234567890123456789
        --------------------
文件1 : regfile5: 00000005<CR>
文件2 : regfile5: 00000006<CR>
文件1(HEX) : 
00000000 : 72 65 67 66 69 6c 65 35 - 3a 20 30 30 30 30 30 30  regfile5:.000000
00000010 : 30 35                                              05
文件2(HEX) : 
00000000 : 72 65 67 66 69 6c 65 35 - 3a 20 30 30 30 30 30 30  regfile5:.000000
00000010 : 30 36                                              06

第[4157 / 4157]行 - 第[15]个字符开始有差异：
        --------------------
        0         1         
        01234567890123456789
        --------------------
文件1 : regfile6: 000001a0<CR>
文件2 : regfile6: 0000005f<CR>
文件1(HEX) : 
00000000 : 72 65 67 66 69 6c 65 36 - 3a 20 30 30 30 30 30 31  regfile6:.000001
00000010 : 61 30                                              a0
文件2(HEX) : 
00000000 : 72 65 67 66 69 6c 65 36 - 3a 20 30 30 30 30 30 30  regfile6:.000000
00000010 : 35 66                                              5f

第[4158 / 4158]行 - 第[15]个字符开始有差异：
        --------------------
        0         1         
        01234567890123456789
        --------------------
文件1 : regfile7: 000001a0<CR>
文件2 : regfile7: 0000005e<CR>
文件1(HEX) : 
00000000 : 72 65 67 66 69 6c 65 37 - 3a 20 30 30 30 30 30 31  regfile7:.000001
00000010 : 61 30                                              a0
文件2(HEX) : 
00000000 : 72 65 67 66 69 6c 65 37 - 3a 20 30 30 30 30 30 30  regfile7:.000000
00000010 : 35 65                                              5e

第[4159 / 4159]行 - 第[17]个字符开始有差异：
        --------------------
        0         1         
        01234567890123456789
        --------------------
文件1 : regfile8: 00000004<CR>
文件2 : regfile8: 00000003<CR>
文件1(HEX) : 
00000000 : 72 65 67 66 69 6c 65 38 - 3a 20 30 30 30 30 30 30  regfile8:.000000
00000010 : 30 34                                              04
文件2(HEX) : 
00000000 : 72 65 67 66 69 6c 65 38 - 3a 20 30 30 30 30 30 30  regfile8:.000000
00000010 : 30 33                                              03

第[4161 / 4161]行 - 第[17]个字符开始有差异：
        --------------------
        0         1         
        01234567890123456789
        --------------------
文件1 : regfile10: 00000001<CR>
文件2 : regfile10: 00000041<CR>
文件1(HEX) : 
00000000 : 72 65 67 66 69 6c 65 31 - 30 3a 20 30 30 30 30 30  regfile10:.00000
00000010 : 30 30 31                                           001
文件2(HEX) : 
00000000 : 72 65 67 66 69 6c 65 31 - 30 3a 20 30 30 30 30 30  regfile10:.00000
00000010 : 30 34 31                                           041

第[4162 / 4162]行 - 第[17]个字符开始有差异：
        --------------------
        0         1         
        01234567890123456789
        --------------------
文件1 : regfile11: 0000006c<CR>
文件2 : regfile11: 00000044<CR>
文件1(HEX) : 
00000000 : 72 65 67 66 69 6c 65 31 - 31 3a 20 30 30 30 30 30  regfile11:.00000
00000010 : 30 36 63                                           06c
文件2(HEX) : 
00000000 : 72 65 67 66 69 6c 65 31 - 31 3a 20 30 30 30 30 30  regfile11:.00000
00000010 : 30 34 34                                           044

第[4163 / 4163]行 - 第[17]个字符开始有差异：
        --------------------
        0         1         
        01234567890123456789
        --------------------
文件1 : regfile12: 0000006e<CR>
文件2 : regfile12: 00000043<CR>
文件1(HEX) : 
00000000 : 72 65 67 66 69 6c 65 31 - 32 3a 20 30 30 30 30 30  regfile12:.00000
00000010 : 30 36 65                                           06e
文件2(HEX) : 
00000000 : 72 65 67 66 69 6c 65 31 - 32 3a 20 30 30 30 30 30  regfile12:.00000
00000010 : 30 34 33                                           043

第[4164 / 4164]行 - 第[11]个字符开始有差异：
        --------------------
        0         1         
        01234567890123456789
        --------------------
文件1 : regfile13: 80000000<CR>
文件2 : regfile13: 00000002<CR>
文件1(HEX) : 
00000000 : 72 65 67 66 69 6c 65 31 - 33 3a 20 38 30 30 30 30  regfile13:.80000
00000010 : 30 30 30                                           000
文件2(HEX) : 
00000000 : 72 65 67 66 69 6c 65 31 - 33 3a 20 30 30 30 30 30  regfile13:.00000
00000010 : 30 30 32                                           002

第[4183 / 4183]行 - 第[10]个字符开始有差异：
        --------------------
        0         1         
        01234567890123456789
        --------------------
文件1 : pc: 00400074<CR>
文件2 : pc: 00400068<CR>
文件1(HEX) : 
00000000 : 70 63 3a 20 30 30 34 30 - 30 30 37 34              pc:.00400074
文件2(HEX) : 
00000000 : 70 63 3a 20 30 30 34 30 - 30 30 36 38              pc:.00400068

第[4184 / 4184]行 - 第[9]个字符开始有差异：
        --------------------
        0         1         
        01234567890123456789
        --------------------
文件1 : instr: 00000000<CR>
文件2 : instr: 00cd3020<CR>
文件1(HEX) : 
00000000 : 69 6e 73 74 72 3a 20 30 - 30 30 30 30 30 30 30     instr:.00000000
文件2(HEX) : 
00000000 : 69 6e 73 74 72 3a 20 30 - 30 63 64 33 30 32 30     instr:.00cd3020

第[4189 / 4189]行 - 第[17]个字符开始有差异：
        --------------------
        0         1         
        01234567890123456789
        --------------------
文件1 : regfile4: 00000005<CR>
文件2 : regfile4: 00000004<CR>
文件1(HEX) : 
00000000 : 72 65 67 66 69 6c 65 34 - 3a 20 30 30 30 30 30 30  regfile4:.000000
00000010 : 30 35                                              05
文件2(HEX) : 
00000000 : 72 65 67 66 69 6c 65 34 - 3a 20 30 30 30 30 30 30  regfile4:.000000
00000010 : 30 34                                              04

第[4190 / 4190]行 - 第[17]个字符开始有差异：
        --------------------
        0         1         
        01234567890123456789
        --------------------
文件1 : regfile5: 00000005<CR>
文件2 : regfile5: 00000006<CR>
文件1(HEX) : 
00000000 : 72 65 67 66 69 6c 65 35 - 3a 20 30 30 30 30 30 30  regfile5:.000000
00000010 : 30 35                                              05
文件2(HEX) : 
00000000 : 72 65 67 66 69 6c 65 35 - 3a 20 30 30 30 30 30 30  regfile5:.000000
00000010 : 30 36                                              06

第[4191 / 4191]行 - 第[15]个字符开始有差异：
        --------------------
        0         1         
        01234567890123456789
        --------------------
文件1 : regfile6: 000001a0<CR>
文件2 : regfile6: 00000061<CR>
文件1(HEX) : 
00000000 : 72 65 67 66 69 6c 65 36 - 3a 20 30 30 30 30 30 31  regfile6:.000001
00000010 : 61 30                                              a0
文件2(HEX) : 
00000000 : 72 65 67 66 69 6c 65 36 - 3a 20 30 30 30 30 30 30  regfile6:.000000
00000010 : 36 31                                              61

第[4192 / 4192]行 - 第[15]个字符开始有差异：
        --------------------
        0         1         
        01234567890123456789
        --------------------
文件1 : regfile7: 000001a0<CR>
文件2 : regfile7: 0000005e<CR>
文件1(HEX) : 
00000000 : 72 65 67 66 69 6c 65 37 - 3a 20 30 30 30 30 30 31  regfile7:.000001
00000010 : 61 30                                              a0
文件2(HEX) : 
00000000 : 72 65 67 66 69 6c 65 37 - 3a 20 30 30 30 30 30 30  regfile7:.000000
00000010 : 35 65                                              5e

第[4193 / 4193]行 - 第[17]个字符开始有差异：
        --------------------
        0         1         
        01234567890123456789
        --------------------
文件1 : regfile8: 00000004<CR>
文件2 : regfile8: 00000003<CR>
文件1(HEX) : 
00000000 : 72 65 67 66 69 6c 65 38 - 3a 20 30 30 30 30 30 30  regfile8:.000000
00000010 : 30 34                                              04
文件2(HEX) : 
00000000 : 72 65 67 66 69 6c 65 38 - 3a 20 30 30 30 30 30 30  regfile8:.000000
00000010 : 30 33                                              03

第[4195 / 4195]行 - 第[17]个字符开始有差异：
        --------------------
        0         1         
        01234567890123456789
        --------------------
文件1 : regfile10: 00000001<CR>
文件2 : regfile10: 00000041<CR>
文件1(HEX) : 
00000000 : 72 65 67 66 69 6c 65 31 - 30 3a 20 30 30 30 30 30  regfile10:.00000
00000010 : 30 30 31                                           001
文件2(HEX) : 
00000000 : 72 65 67 66 69 6c 65 31 - 30 3a 20 30 30 30 30 30  regfile10:.00000
00000010 : 30 34 31                                           041

第[4196 / 4196]行 - 第[17]个字符开始有差异：
        --------------------
        0         1         
        01234567890123456789
        --------------------
文件1 : regfile11: 0000006c<CR>
文件2 : regfile11: 00000044<CR>
文件1(HEX) : 
00000000 : 72 65 67 66 69 6c 65 31 - 31 3a 20 30 30 30 30 30  regfile11:.00000
00000010 : 30 36 63                                           06c
文件2(HEX) : 
00000000 : 72 65 67 66 69 6c 65 31 - 31 3a 20 30 30 30 30 30  regfile11:.00000
00000010 : 30 34 34                                           044

第[4197 / 4197]行 - 第[17]个字符开始有差异：
        --------------------
        0         1         
        01234567890123456789
        --------------------
文件1 : regfile12: 0000006e<CR>
文件2 : regfile12: 00000043<CR>
文件1(HEX) : 
00000000 : 72 65 67 66 69 6c 65 31 - 32 3a 20 30 30 30 30 30  regfile12:.00000
00000010 : 30 36 65                                           06e
文件2(HEX) : 
00000000 : 72 65 67 66 69 6c 65 31 - 32 3a 20 30 30 30 30 30  regfile12:.00000
00000010 : 30 34 33                                           043

第[4198 / 4198]行 - 第[17]个字符开始有差异：
        --------------------
        0         1         
        01234567890123456789
        --------------------
文件1 : regfile13: 0000006d<CR>
文件2 : regfile13: 00000002<CR>
文件1(HEX) : 
00000000 : 72 65 67 66 69 6c 65 31 - 33 3a 20 30 30 30 30 30  regfile13:.00000
00000010 : 30 36 64                                           06d
文件2(HEX) : 
00000000 : 72 65 67 66 69 6c 65 31 - 33 3a 20 30 30 30 30 30  regfile13:.00000
00000010 : 30 30 32                                           002

第[4217 / 4217]行 - 第[10]个字符开始有差异：
        --------------------
        0         1         
        01234567890123456789
        --------------------
文件1 : pc: 00400090<CR>
文件2 : pc: 0040006c<CR>
文件1(HEX) : 
00000000 : 70 63 3a 20 30 30 34 30 - 30 30 39 30              pc:.00400090
文件2(HEX) : 
00000000 : 70 63 3a 20 30 30 34 30 - 30 30 36 63              pc:.0040006c

第[4218 / 4218]行 - 第[8]个字符开始有差异：
        --------------------
        0         1         
        01234567890123456789
        --------------------
文件1 : instr: 25080001<CR>
文件2 : instr: 246d0001<CR>
文件1(HEX) : 
00000000 : 69 6e 73 74 72 3a 20 32 - 35 30 38 30 30 30 31     instr:.25080001
文件2(HEX) : 
00000000 : 69 6e 73 74 72 3a 20 32 - 34 36 64 30 30 30 31     instr:.246d0001

第[4223 / 4223]行 - 第[17]个字符开始有差异：
        --------------------
        0         1         
        01234567890123456789
        --------------------
文件1 : regfile4: 00000005<CR>
文件2 : regfile4: 00000004<CR>
文件1(HEX) : 
00000000 : 72 65 67 66 69 6c 65 34 - 3a 20 30 30 30 30 30 30  regfile4:.000000
00000010 : 30 35                                              05
文件2(HEX) : 
00000000 : 72 65 67 66 69 6c 65 34 - 3a 20 30 30 30 30 30 30  regfile4:.000000
00000010 : 30 34                                              04

第[4224 / 4224]行 - 第[17]个字符开始有差异：
        --------------------
        0         1         
        01234567890123456789
        --------------------
文件1 : regfile5: 00000005<CR>
文件2 : regfile5: 00000006<CR>
文件1(HEX) : 
00000000 : 72 65 67 66 69 6c 65 35 - 3a 20 30 30 30 30 30 30  regfile5:.000000
00000010 : 30 35                                              05
文件2(HEX) : 
00000000 : 72 65 67 66 69 6c 65 35 - 3a 20 30 30 30 30 30 30  regfile5:.000000
00000010 : 30 36                                              06

第[4225 / 4225]行 - 第[15]个字符开始有差异：
        --------------------
        0         1         
        01234567890123456789
        --------------------
文件1 : regfile6: 0000020d<CR>
文件2 : regfile6: 00000061<CR>
文件1(HEX) : 
00000000 : 72 65 67 66 69 6c 65 36 - 3a 20 30 30 30 30 30 32  regfile6:.000002
00000010 : 30 64                                              0d
文件2(HEX) : 
00000000 : 72 65 67 66 69 6c 65 36 - 3a 20 30 30 30 30 30 30  regfile6:.000000
00000010 : 36 31                                              61

第[4226 / 4226]行 - 第[15]个字符开始有差异：
        --------------------
        0         1         
        01234567890123456789
        --------------------
文件1 : regfile7: 000001a0<CR>
文件2 : regfile7: 0000005e<CR>
文件1(HEX) : 
00000000 : 72 65 67 66 69 6c 65 37 - 3a 20 30 30 30 30 30 31  regfile7:.000001
00000010 : 61 30                                              a0
文件2(HEX) : 
00000000 : 72 65 67 66 69 6c 65 37 - 3a 20 30 30 30 30 30 30  regfile7:.000000
00000010 : 35 65                                              5e

第[4227 / 4227]行 - 第[17]个字符开始有差异：
        --------------------
        0         1         
        01234567890123456789
        --------------------
文件1 : regfile8: 00000004<CR>
文件2 : regfile8: 00000003<CR>
文件1(HEX) : 
00000000 : 72 65 67 66 69 6c 65 38 - 3a 20 30 30 30 30 30 30  regfile8:.000000
00000010 : 30 34                                              04
文件2(HEX) : 
00000000 : 72 65 67 66 69 6c 65 38 - 3a 20 30 30 30 30 30 30  regfile8:.000000
00000010 : 30 33                                              03

第[4229 / 4229]行 - 第[17]个字符开始有差异：
        --------------------
        0         1         
        01234567890123456789
        --------------------
文件1 : regfile10: 00000001<CR>
文件2 : regfile10: 00000041<CR>
文件1(HEX) : 
00000000 : 72 65 67 66 69 6c 65 31 - 30 3a 20 30 30 30 30 30  regfile10:.00000
00000010 : 30 30 31                                           001
文件2(HEX) : 
00000000 : 72 65 67 66 69 6c 65 31 - 30 3a 20 30 30 30 30 30  regfile10:.00000
00000010 : 30 34 31                                           041

第[4230 / 4230]行 - 第[17]个字符开始有差异：
        --------------------
        0         1         
        01234567890123456789
        --------------------
文件1 : regfile11: 0000006c<CR>
文件2 : regfile11: 00000044<CR>
文件1(HEX) : 
00000000 : 72 65 67 66 69 6c 65 31 - 31 3a 20 30 30 30 30 30  regfile11:.00000
00000010 : 30 36 63                                           06c
文件2(HEX) : 
00000000 : 72 65 67 66 69 6c 65 31 - 31 3a 20 30 30 30 30 30  regfile11:.00000
00000010 : 30 34 34                                           044

第[4231 / 4231]行 - 第[17]个字符开始有差异：
        --------------------
        0         1         
        01234567890123456789
        --------------------
文件1 : regfile12: 0000006e<CR>
文件2 : regfile12: 00000043<CR>
文件1(HEX) : 
00000000 : 72 65 67 66 69 6c 65 31 - 32 3a 20 30 30 30 30 30  regfile12:.00000
00000010 : 30 36 65                                           06e
文件2(HEX) : 
00000000 : 72 65 67 66 69 6c 65 31 - 32 3a 20 30 30 30 30 30  regfile12:.00000
00000010 : 30 34 33                                           043

第[4232 / 4232]行 - 第[17]个字符开始有差异：
        --------------------
        0         1         
        01234567890123456789
        --------------------
文件1 : regfile13: 0000006d<CR>
文件2 : regfile13: 00000043<CR>
文件1(HEX) : 
00000000 : 72 65 67 66 69 6c 65 31 - 33 3a 20 30 30 30 30 30  regfile13:.00000
00000010 : 30 36 64                                           06d
文件2(HEX) : 
00000000 : 72 65 67 66 69 6c 65 31 - 33 3a 20 30 30 30 30 30  regfile13:.00000
00000010 : 30 34 33                                           043

第[4251 / 4251]行 - 第[10]个字符开始有差异：
        --------------------
        0         1         
        01234567890123456789
        --------------------
文件1 : pc: 00400094<CR>
文件2 : pc: 00400070<CR>
文件1(HEX) : 
00000000 : 70 63 3a 20 30 30 34 30 - 30 30 39 34              pc:.00400094
文件2(HEX) : 
00000000 : 70 63 3a 20 30 30 34 30 - 30 30 37 30              pc:.00400070

第[4252 / 4252]行 - 第[7]个字符开始有差异：
        --------------------
        0         1         
        01234567890123456789
        --------------------
文件1 : instr: 24840001<CR>
文件2 : instr: 018d702b<CR>
文件1(HEX) : 
00000000 : 69 6e 73 74 72 3a 20 32 - 34 38 34 30 30 30 31     instr:.24840001
文件2(HEX) : 
00000000 : 69 6e 73 74 72 3a 20 30 - 31 38 64 37 30 32 62     instr:.018d702b

第[4257 / 4257]行 - 第[17]个字符开始有差异：
        --------------------
        0         1         
        01234567890123456789
        --------------------
文件1 : regfile4: 00000005<CR>
文件2 : regfile4: 00000004<CR>
文件1(HEX) : 
00000000 : 72 65 67 66 69 6c 65 34 - 3a 20 30 30 30 30 30 30  regfile4:.000000
00000010 : 30 35                                              05
文件2(HEX) : 
00000000 : 72 65 67 66 69 6c 65 34 - 3a 20 30 30 30 30 30 30  regfile4:.000000
00000010 : 30 34                                              04

第[4258 / 4258]行 - 第[17]个字符开始有差异：
        --------------------
        0         1         
        01234567890123456789
        --------------------
文件1 : regfile5: 00000005<CR>
文件2 : regfile5: 00000006<CR>
文件1(HEX) : 
00000000 : 72 65 67 66 69 6c 65 35 - 3a 20 30 30 30 30 30 30  regfile5:.000000
00000010 : 30 35                                              05
文件2(HEX) : 
00000000 : 72 65 67 66 69 6c 65 35 - 3a 20 30 30 30 30 30 30  regfile5:.000000
00000010 : 30 36                                              06

第[4259 / 4259]行 - 第[15]个字符开始有差异：
        --------------------
        0         1         
        01234567890123456789
        --------------------
文件1 : regfile6: 0000020d<CR>
文件2 : regfile6: 00000061<CR>
文件1(HEX) : 
00000000 : 72 65 67 66 69 6c 65 36 - 3a 20 30 30 30 30 30 32  regfile6:.000002
00000010 : 30 64                                              0d
文件2(HEX) : 
00000000 : 72 65 67 66 69 6c 65 36 - 3a 20 30 30 30 30 30 30  regfile6:.000000
00000010 : 36 31                                              61

第[4260 / 4260]行 - 第[15]个字符开始有差异：
        --------------------
        0         1         
        01234567890123456789
        --------------------
文件1 : regfile7: 000001a0<CR>
文件2 : regfile7: 0000005e<CR>
文件1(HEX) : 
00000000 : 72 65 67 66 69 6c 65 37 - 3a 20 30 30 30 30 30 31  regfile7:.000001
00000010 : 61 30                                              a0
文件2(HEX) : 
00000000 : 72 65 67 66 69 6c 65 37 - 3a 20 30 30 30 30 30 30  regfile7:.000000
00000010 : 35 65                                              5e

第[4261 / 4261]行 - 第[17]个字符开始有差异：
        --------------------
        0         1         
        01234567890123456789
        --------------------
文件1 : regfile8: 00000004<CR>
文件2 : regfile8: 00000003<CR>
文件1(HEX) : 
00000000 : 72 65 67 66 69 6c 65 38 - 3a 20 30 30 30 30 30 30  regfile8:.000000
00000010 : 30 34                                              04
文件2(HEX) : 
00000000 : 72 65 67 66 69 6c 65 38 - 3a 20 30 30 30 30 30 30  regfile8:.000000
00000010 : 30 33                                              03

第[4263 / 4263]行 - 第[17]个字符开始有差异：
        --------------------
        0         1         
        01234567890123456789
        --------------------
文件1 : regfile10: 00000001<CR>
文件2 : regfile10: 00000041<CR>
文件1(HEX) : 
00000000 : 72 65 67 66 69 6c 65 31 - 30 3a 20 30 30 30 30 30  regfile10:.00000
00000010 : 30 30 31                                           001
文件2(HEX) : 
00000000 : 72 65 67 66 69 6c 65 31 - 30 3a 20 30 30 30 30 30  regfile10:.00000
00000010 : 30 34 31                                           041

第[4264 / 4264]行 - 第[17]个字符开始有差异：
        --------------------
        0         1         
        01234567890123456789
        --------------------
文件1 : regfile11: 0000006c<CR>
文件2 : regfile11: 00000044<CR>
文件1(HEX) : 
00000000 : 72 65 67 66 69 6c 65 31 - 31 3a 20 30 30 30 30 30  regfile11:.00000
00000010 : 30 36 63                                           06c
文件2(HEX) : 
00000000 : 72 65 67 66 69 6c 65 31 - 31 3a 20 30 30 30 30 30  regfile11:.00000
00000010 : 30 34 34                                           044

第[4265 / 4265]行 - 第[17]个字符开始有差异：
        --------------------
        0         1         
        01234567890123456789
        --------------------
文件1 : regfile12: 0000006e<CR>
文件2 : regfile12: 00000043<CR>
文件1(HEX) : 
00000000 : 72 65 67 66 69 6c 65 31 - 32 3a 20 30 30 30 30 30  regfile12:.00000
00000010 : 30 36 65                                           06e
文件2(HEX) : 
00000000 : 72 65 67 66 69 6c 65 31 - 32 3a 20 30 30 30 30 30  regfile12:.00000
00000010 : 30 34 33                                           043

第[4285 / 4285]行 - 第[10]个字符开始有差异：
        --------------------
        0         1         
        01234567890123456789
        --------------------
文件1 : pc: 00400098<CR>
文件2 : pc: 00400074<CR>
文件1(HEX) : 
00000000 : 70 63 3a 20 30 30 34 30 - 30 30 39 38              pc:.00400098
文件2(HEX) : 
00000000 : 70 63 3a 20 30 30 34 30 - 30 30 37 34              pc:.00400074

第[4286 / 4286]行 - 第[7]个字符开始有差异：
        --------------------
        0         1         
        01234567890123456789
        --------------------
文件1 : instr: 24090001<CR>
文件2 : instr: 11c00006<CR>
文件1(HEX) : 
00000000 : 69 6e 73 74 72 3a 20 32 - 34 30 39 30 30 30 31     instr:.24090001
文件2(HEX) : 
00000000 : 69 6e 73 74 72 3a 20 31 - 31 63 30 30 30 30 36     instr:.11c00006

第[4291 / 4291]行 - 第[17]个字符开始有差异：
        --------------------
        0         1         
        01234567890123456789
        --------------------
文件1 : regfile4: 00000005<CR>
文件2 : regfile4: 00000004<CR>
文件1(HEX) : 
00000000 : 72 65 67 66 69 6c 65 34 - 3a 20 30 30 30 30 30 30  regfile4:.000000
00000010 : 30 35                                              05
文件2(HEX) : 
00000000 : 72 65 67 66 69 6c 65 34 - 3a 20 30 30 30 30 30 30  regfile4:.000000
00000010 : 30 34                                              04

第[4292 / 4292]行 - 第[17]个字符开始有差异：
        --------------------
        0         1         
        01234567890123456789
        --------------------
文件1 : regfile5: 00000005<CR>
文件2 : regfile5: 00000006<CR>
文件1(HEX) : 
00000000 : 72 65 67 66 69 6c 65 35 - 3a 20 30 30 30 30 30 30  regfile5:.000000
00000010 : 30 35                                              05
文件2(HEX) : 
00000000 : 72 65 67 66 69 6c 65 35 - 3a 20 30 30 30 30 30 30  regfile5:.000000
00000010 : 30 36                                              06

第[4293 / 4293]行 - 第[15]个字符开始有差异：
        --------------------
        0         1         
        01234567890123456789
        --------------------
文件1 : regfile6: 0000020d<CR>
文件2 : regfile6: 00000061<CR>
文件1(HEX) : 
00000000 : 72 65 67 66 69 6c 65 36 - 3a 20 30 30 30 30 30 32  regfile6:.000002
00000010 : 30 64                                              0d
文件2(HEX) : 
00000000 : 72 65 67 66 69 6c 65 36 - 3a 20 30 30 30 30 30 30  regfile6:.000000
00000010 : 36 31                                              61

第[4294 / 4294]行 - 第[15]个字符开始有差异：
        --------------------
        0         1         
        01234567890123456789
        --------------------
文件1 : regfile7: 000001a0<CR>
文件2 : regfile7: 0000005e<CR>
文件1(HEX) : 
00000000 : 72 65 67 66 69 6c 65 37 - 3a 20 30 30 30 30 30 31  regfile7:.000001
00000010 : 61 30                                              a0
文件2(HEX) : 
00000000 : 72 65 67 66 69 6c 65 37 - 3a 20 30 30 30 30 30 30  regfile7:.000000
00000010 : 35 65                                              5e

第[4295 / 4295]行 - 第[17]个字符开始有差异：
        --------------------
        0         1         
        01234567890123456789
        --------------------
文件1 : regfile8: 00000004<CR>
文件2 : regfile8: 00000003<CR>
文件1(HEX) : 
00000000 : 72 65 67 66 69 6c 65 38 - 3a 20 30 30 30 30 30 30  regfile8:.000000
00000010 : 30 34                                              04
文件2(HEX) : 
00000000 : 72 65 67 66 69 6c 65 38 - 3a 20 30 30 30 30 30 30  regfile8:.000000
00000010 : 30 33                                              03

第[4297 / 4297]行 - 第[17]个字符开始有差异：
        --------------------
        0         1         
        01234567890123456789
        --------------------
文件1 : regfile10: 00000001<CR>
文件2 : regfile10: 00000041<CR>
文件1(HEX) : 
00000000 : 72 65 67 66 69 6c 65 31 - 30 3a 20 30 30 30 30 30  regfile10:.00000
00000010 : 30 30 31                                           001
文件2(HEX) : 
00000000 : 72 65 67 66 69 6c 65 31 - 30 3a 20 30 30 30 30 30  regfile10:.00000
00000010 : 30 34 31                                           041

第[4298 / 4298]行 - 第[17]个字符开始有差异：
        --------------------
        0         1         
        01234567890123456789
        --------------------
文件1 : regfile11: 0000006c<CR>
文件2 : regfile11: 00000044<CR>
文件1(HEX) : 
00000000 : 72 65 67 66 69 6c 65 31 - 31 3a 20 30 30 30 30 30  regfile11:.00000
00000010 : 30 36 63                                           06c
文件2(HEX) : 
00000000 : 72 65 67 66 69 6c 65 31 - 31 3a 20 30 30 30 30 30  regfile11:.00000
00000010 : 30 34 34                                           044

第[4299 / 4299]行 - 第[17]个字符开始有差异：
        --------------------
        0         1         
        01234567890123456789
        --------------------
文件1 : regfile12: 0000006e<CR>
文件2 : regfile12: 00000043<CR>
文件1(HEX) : 
00000000 : 72 65 67 66 69 6c 65 31 - 32 3a 20 30 30 30 30 30  regfile12:.00000
00000010 : 30 36 65                                           06e
文件2(HEX) : 
00000000 : 72 65 67 66 69 6c 65 31 - 32 3a 20 30 30 30 30 30  regfile12:.00000
00000010 : 30 34 33                                           043

第[4319 / 4319]行 - 第[11]个字符开始有差异：
        --------------------
        0         1         
        01234567890123456789
        --------------------
文件1 : pc: 0040009c<CR>
文件2 : pc: 00400090<CR>
文件1(HEX) : 
00000000 : 70 63 3a 20 30 30 34 30 - 30 30 39 63              pc:.0040009c
文件2(HEX) : 
00000000 : 70 63 3a 20 30 30 34 30 - 30 30 39 30              pc:.00400090

第[4320 / 4320]行 - 第[7]个字符开始有差异：
        --------------------
        0         1         
        01234567890123456789
        --------------------
文件1 : instr: 000c5820<CR>
文件2 : instr: 25080001<CR>
文件1(HEX) : 
00000000 : 69 6e 73 74 72 3a 20 30 - 30 30 63 35 38 32 30     instr:.000c5820
文件2(HEX) : 
00000000 : 69 6e 73 74 72 3a 20 32 - 35 30 38 30 30 30 31     instr:.25080001

第[4325 / 4325]行 - 第[17]个字符开始有差异：
        --------------------
        0         1         
        01234567890123456789
        --------------------
文件1 : regfile4: 00000005<CR>
文件2 : regfile4: 00000004<CR>
文件1(HEX) : 
00000000 : 72 65 67 66 69 6c 65 34 - 3a 20 30 30 30 30 30 30  regfile4:.000000
00000010 : 30 35                                              05
文件2(HEX) : 
00000000 : 72 65 67 66 69 6c 65 34 - 3a 20 30 30 30 30 30 30  regfile4:.000000
00000010 : 30 34                                              04

第[4326 / 4326]行 - 第[17]个字符开始有差异：
        --------------------
        0         1         
        01234567890123456789
        --------------------
文件1 : regfile5: 00000005<CR>
文件2 : regfile5: 00000006<CR>
文件1(HEX) : 
00000000 : 72 65 67 66 69 6c 65 35 - 3a 20 30 30 30 30 30 30  regfile5:.000000
00000010 : 30 35                                              05
文件2(HEX) : 
00000000 : 72 65 67 66 69 6c 65 35 - 3a 20 30 30 30 30 30 30  regfile5:.000000
00000010 : 30 36                                              06

第[4327 / 4327]行 - 第[15]个字符开始有差异：
        --------------------
        0         1         
        01234567890123456789
        --------------------
文件1 : regfile6: 0000020d<CR>
文件2 : regfile6: 00000061<CR>
文件1(HEX) : 
00000000 : 72 65 67 66 69 6c 65 36 - 3a 20 30 30 30 30 30 32  regfile6:.000002
00000010 : 30 64                                              0d
文件2(HEX) : 
00000000 : 72 65 67 66 69 6c 65 36 - 3a 20 30 30 30 30 30 30  regfile6:.000000
00000010 : 36 31                                              61

第[4328 / 4328]行 - 第[15]个字符开始有差异：
        --------------------
        0         1         
        01234567890123456789
        --------------------
文件1 : regfile7: 000001a0<CR>
文件2 : regfile7: 0000005e<CR>
文件1(HEX) : 
00000000 : 72 65 67 66 69 6c 65 37 - 3a 20 30 30 30 30 30 31  regfile7:.000001
00000010 : 61 30                                              a0
文件2(HEX) : 
00000000 : 72 65 67 66 69 6c 65 37 - 3a 20 30 30 30 30 30 30  regfile7:.000000
00000010 : 35 65                                              5e

第[4331 / 4331]行 - 第[17]个字符开始有差异：
        --------------------
        0         1         
        01234567890123456789
        --------------------
文件1 : regfile10: 00000001<CR>
文件2 : regfile10: 00000041<CR>
文件1(HEX) : 
00000000 : 72 65 67 66 69 6c 65 31 - 30 3a 20 30 30 30 30 30  regfile10:.00000
00000010 : 30 30 31                                           001
文件2(HEX) : 
00000000 : 72 65 67 66 69 6c 65 31 - 30 3a 20 30 30 30 30 30  regfile10:.00000
00000010 : 30 34 31                                           041

第[4332 / 4332]行 - 第[17]个字符开始有差异：
        --------------------
        0         1         
        01234567890123456789
        --------------------
文件1 : regfile11: 0000006c<CR>
文件2 : regfile11: 00000044<CR>
文件1(HEX) : 
00000000 : 72 65 67 66 69 6c 65 31 - 31 3a 20 30 30 30 30 30  regfile11:.00000
00000010 : 30 36 63                                           06c
文件2(HEX) : 
00000000 : 72 65 67 66 69 6c 65 31 - 31 3a 20 30 30 30 30 30  regfile11:.00000
00000010 : 30 34 34                                           044

第[4333 / 4333]行 - 第[17]个字符开始有差异：
        --------------------
        0         1         
        01234567890123456789
        --------------------
文件1 : regfile12: 0000006e<CR>
文件2 : regfile12: 00000043<CR>
文件1(HEX) : 
00000000 : 72 65 67 66 69 6c 65 31 - 32 3a 20 30 30 30 30 30  regfile12:.00000
00000010 : 30 36 65                                           06e
文件2(HEX) : 
00000000 : 72 65 67 66 69 6c 65 31 - 32 3a 20 30 30 30 30 30  regfile12:.00000
00000010 : 30 34 33                                           043

第[4353 / 4353]行 - 第[10]个字符开始有差异：
        --------------------
        0         1         
        01234567890123456789
        --------------------
文件1 : pc: 004000a0<CR>
文件2 : pc: 00400094<CR>
文件1(HEX) : 
00000000 : 70 63 3a 20 30 30 34 30 - 30 30 61 30              pc:.004000a0
文件2(HEX) : 
00000000 : 70 63 3a 20 30 30 34 30 - 30 30 39 34              pc:.00400094

第[4354 / 4354]行 - 第[7]个字符开始有差异：
        --------------------
        0         1         
        01234567890123456789
        --------------------
文件1 : instr: 018a6823<CR>
文件2 : instr: 24840001<CR>
文件1(HEX) : 
00000000 : 69 6e 73 74 72 3a 20 30 - 31 38 61 36 38 32 33     instr:.018a6823
文件2(HEX) : 
00000000 : 69 6e 73 74 72 3a 20 32 - 34 38 34 30 30 30 31     instr:.24840001

第[4360 / 4360]行 - 第[17]个字符开始有差异：
        --------------------
        0         1         
        01234567890123456789
        --------------------
文件1 : regfile5: 00000005<CR>
文件2 : regfile5: 00000006<CR>
文件1(HEX) : 
00000000 : 72 65 67 66 69 6c 65 35 - 3a 20 30 30 30 30 30 30  regfile5:.000000
00000010 : 30 35                                              05
文件2(HEX) : 
00000000 : 72 65 67 66 69 6c 65 35 - 3a 20 30 30 30 30 30 30  regfile5:.000000
00000010 : 30 36                                              06

第[4361 / 4361]行 - 第[15]个字符开始有差异：
        --------------------
        0         1         
        01234567890123456789
        --------------------
文件1 : regfile6: 0000020d<CR>
文件2 : regfile6: 00000061<CR>
文件1(HEX) : 
00000000 : 72 65 67 66 69 6c 65 36 - 3a 20 30 30 30 30 30 32  regfile6:.000002
00000010 : 30 64                                              0d
文件2(HEX) : 
00000000 : 72 65 67 66 69 6c 65 36 - 3a 20 30 30 30 30 30 30  regfile6:.000000
00000010 : 36 31                                              61

第[4362 / 4362]行 - 第[15]个字符开始有差异：
        --------------------
        0         1         
        01234567890123456789
        --------------------
文件1 : regfile7: 000001a0<CR>
文件2 : regfile7: 0000005e<CR>
文件1(HEX) : 
00000000 : 72 65 67 66 69 6c 65 37 - 3a 20 30 30 30 30 30 31  regfile7:.000001
00000010 : 61 30                                              a0
文件2(HEX) : 
00000000 : 72 65 67 66 69 6c 65 37 - 3a 20 30 30 30 30 30 30  regfile7:.000000
00000010 : 35 65                                              5e

第[4365 / 4365]行 - 第[17]个字符开始有差异：
        --------------------
        0         1         
        01234567890123456789
        --------------------
文件1 : regfile10: 00000001<CR>
文件2 : regfile10: 00000041<CR>
文件1(HEX) : 
00000000 : 72 65 67 66 69 6c 65 31 - 30 3a 20 30 30 30 30 30  regfile10:.00000
00000010 : 30 30 31                                           001
文件2(HEX) : 
00000000 : 72 65 67 66 69 6c 65 31 - 30 3a 20 30 30 30 30 30  regfile10:.00000
00000010 : 30 34 31                                           041

第[4366 / 4366]行 - 第[17]个字符开始有差异：
        --------------------
        0         1         
        01234567890123456789
        --------------------
文件1 : regfile11: 0000006c<CR>
文件2 : regfile11: 00000044<CR>
文件1(HEX) : 
00000000 : 72 65 67 66 69 6c 65 31 - 31 3a 20 30 30 30 30 30  regfile11:.00000
00000010 : 30 36 63                                           06c
文件2(HEX) : 
00000000 : 72 65 67 66 69 6c 65 31 - 31 3a 20 30 30 30 30 30  regfile11:.00000
00000010 : 30 34 34                                           044

第[4367 / 4367]行 - 第[17]个字符开始有差异：
        --------------------
        0         1         
        01234567890123456789
        --------------------
文件1 : regfile12: 0000006e<CR>
文件2 : regfile12: 00000043<CR>
文件1(HEX) : 
00000000 : 72 65 67 66 69 6c 65 31 - 32 3a 20 30 30 30 30 30  regfile12:.00000
00000010 : 30 36 65                                           06e
文件2(HEX) : 
00000000 : 72 65 67 66 69 6c 65 31 - 32 3a 20 30 30 30 30 30  regfile12:.00000
00000010 : 30 34 33                                           043

第[4387 / 4387]行 - 第[10]个字符开始有差异：
        --------------------
        0         1         
        01234567890123456789
        --------------------
文件1 : pc: 004000a4<CR>
文件2 : pc: 00400098<CR>
文件1(HEX) : 
00000000 : 70 63 3a 20 30 30 34 30 - 30 30 61 34              pc:.004000a4
文件2(HEX) : 
00000000 : 70 63 3a 20 30 30 34 30 - 30 30 39 38              pc:.00400098

第[4388 / 4388]行 - 第[7]个字符开始有差异：
        --------------------
        0         1         
        01234567890123456789
        --------------------
文件1 : instr: 00ed3820<CR>
文件2 : instr: 24090001<CR>
文件1(HEX) : 
00000000 : 69 6e 73 74 72 3a 20 30 - 30 65 64 33 38 32 30     instr:.00ed3820
文件2(HEX) : 
00000000 : 69 6e 73 74 72 3a 20 32 - 34 30 39 30 30 30 31     instr:.24090001

第[4394 / 4394]行 - 第[17]个字符开始有差异：
        --------------------
        0         1         
        01234567890123456789
        --------------------
文件1 : regfile5: 00000005<CR>
文件2 : regfile5: 00000006<CR>
文件1(HEX) : 
00000000 : 72 65 67 66 69 6c 65 35 - 3a 20 30 30 30 30 30 30  regfile5:.000000
00000010 : 30 35                                              05
文件2(HEX) : 
00000000 : 72 65 67 66 69 6c 65 35 - 3a 20 30 30 30 30 30 30  regfile5:.000000
00000010 : 30 36                                              06

第[4395 / 4395]行 - 第[15]个字符开始有差异：
        --------------------
        0         1         
        01234567890123456789
        --------------------
文件1 : regfile6: 0000020d<CR>
文件2 : regfile6: 00000061<CR>
文件1(HEX) : 
00000000 : 72 65 67 66 69 6c 65 36 - 3a 20 30 30 30 30 30 32  regfile6:.000002
00000010 : 30 64                                              0d
文件2(HEX) : 
00000000 : 72 65 67 66 69 6c 65 36 - 3a 20 30 30 30 30 30 30  regfile6:.000000
00000010 : 36 31                                              61

第[4396 / 4396]行 - 第[15]个字符开始有差异：
        --------------------
        0         1         
        01234567890123456789
        --------------------
文件1 : regfile7: 000001a0<CR>
文件2 : regfile7: 0000005e<CR>
文件1(HEX) : 
00000000 : 72 65 67 66 69 6c 65 37 - 3a 20 30 30 30 30 30 31  regfile7:.000001
00000010 : 61 30                                              a0
文件2(HEX) : 
00000000 : 72 65 67 66 69 6c 65 37 - 3a 20 30 30 30 30 30 30  regfile7:.000000
00000010 : 35 65                                              5e

第[4397 / 4397]行 - 第[17]个字符开始有差异：
        --------------------
        0         1         
        01234567890123456789
        --------------------
文件1 : regfile8: 00000005<CR>
文件2 : regfile8: 00000004<CR>
文件1(HEX) : 
00000000 : 72 65 67 66 69 6c 65 38 - 3a 20 30 30 30 30 30 30  regfile8:.000000
00000010 : 30 35                                              05
文件2(HEX) : 
00000000 : 72 65 67 66 69 6c 65 38 - 3a 20 30 30 30 30 30 30  regfile8:.000000
00000010 : 30 34                                              04

第[4399 / 4399]行 - 第[17]个字符开始有差异：
        --------------------
        0         1         
        01234567890123456789
        --------------------
文件1 : regfile10: 00000001<CR>
文件2 : regfile10: 00000041<CR>
文件1(HEX) : 
00000000 : 72 65 67 66 69 6c 65 31 - 30 3a 20 30 30 30 30 30  regfile10:.00000
00000010 : 30 30 31                                           001
文件2(HEX) : 
00000000 : 72 65 67 66 69 6c 65 31 - 30 3a 20 30 30 30 30 30  regfile10:.00000
00000010 : 30 34 31                                           041

第[4400 / 4400]行 - 第[17]个字符开始有差异：
        --------------------
        0         1         
        01234567890123456789
        --------------------
文件1 : regfile11: 0000006c<CR>
文件2 : regfile11: 00000044<CR>
文件1(HEX) : 
00000000 : 72 65 67 66 69 6c 65 31 - 31 3a 20 30 30 30 30 30  regfile11:.00000
00000010 : 30 36 63                                           06c
文件2(HEX) : 
00000000 : 72 65 67 66 69 6c 65 31 - 31 3a 20 30 30 30 30 30  regfile11:.00000
00000010 : 30 34 34                                           044

第[4401 / 4401]行 - 第[17]个字符开始有差异：
        --------------------
        0         1         
        01234567890123456789
        --------------------
文件1 : regfile12: 0000006e<CR>
文件2 : regfile12: 00000043<CR>
文件1(HEX) : 
00000000 : 72 65 67 66 69 6c 65 31 - 32 3a 20 30 30 30 30 30  regfile12:.00000
00000010 : 30 36 65                                           06e
文件2(HEX) : 
00000000 : 72 65 67 66 69 6c 65 31 - 32 3a 20 30 30 30 30 30  regfile12:.00000
00000010 : 30 34 33                                           043

第[4421 / 4421]行 - 第[10]个字符开始有差异：
        --------------------
        0         1         
        01234567890123456789
        --------------------
文件1 : pc: 004000a8<CR>
文件2 : pc: 0040009c<CR>
文件1(HEX) : 
00000000 : 70 63 3a 20 30 30 34 30 - 30 30 61 38              pc:.004000a8
文件2(HEX) : 
00000000 : 70 63 3a 20 30 30 34 30 - 30 30 39 63              pc:.0040009c

第[4422 / 4422]行 - 第[7]个字符开始有差异：
        --------------------
        0         1         
        01234567890123456789
        --------------------
文件1 : instr: 1000ffe6<CR>
文件2 : instr: 000c5820<CR>
文件1(HEX) : 
00000000 : 69 6e 73 74 72 3a 20 31 - 30 30 30 66 66 65 36     instr:.1000ffe6
文件2(HEX) : 
00000000 : 69 6e 73 74 72 3a 20 30 - 30 30 63 35 38 32 30     instr:.000c5820

第[4427 / 4427]行 - 第[17]个字符开始有差异：
        --------------------
        0         1         
        01234567890123456789
        --------------------
文件1 : regfile4: 00000006<CR>
文件2 : regfile4: 00000005<CR>
文件1(HEX) : 
00000000 : 72 65 67 66 69 6c 65 34 - 3a 20 30 30 30 30 30 30  regfile4:.000000
00000010 : 30 36                                              06
文件2(HEX) : 
00000000 : 72 65 67 66 69 6c 65 34 - 3a 20 30 30 30 30 30 30  regfile4:.000000
00000010 : 30 35                                              05

第[4428 / 4428]行 - 第[17]个字符开始有差异：
        --------------------
        0         1         
        01234567890123456789
        --------------------
文件1 : regfile5: 00000005<CR>
文件2 : regfile5: 00000006<CR>
文件1(HEX) : 
00000000 : 72 65 67 66 69 6c 65 35 - 3a 20 30 30 30 30 30 30  regfile5:.000000
00000010 : 30 35                                              05
文件2(HEX) : 
00000000 : 72 65 67 66 69 6c 65 35 - 3a 20 30 30 30 30 30 30  regfile5:.000000
00000010 : 30 36                                              06

第[4429 / 4429]行 - 第[15]个字符开始有差异：
        --------------------
        0         1         
        01234567890123456789
        --------------------
文件1 : regfile6: 0000020d<CR>
文件2 : regfile6: 00000061<CR>
文件1(HEX) : 
00000000 : 72 65 67 66 69 6c 65 36 - 3a 20 30 30 30 30 30 32  regfile6:.000002
00000010 : 30 64                                              0d
文件2(HEX) : 
00000000 : 72 65 67 66 69 6c 65 36 - 3a 20 30 30 30 30 30 30  regfile6:.000000
00000010 : 36 31                                              61

第[4430 / 4430]行 - 第[15]个字符开始有差异：
        --------------------
        0         1         
        01234567890123456789
        --------------------
文件1 : regfile7: 000001a0<CR>
文件2 : regfile7: 0000005e<CR>
文件1(HEX) : 
00000000 : 72 65 67 66 69 6c 65 37 - 3a 20 30 30 30 30 30 31  regfile7:.000001
00000010 : 61 30                                              a0
文件2(HEX) : 
00000000 : 72 65 67 66 69 6c 65 37 - 3a 20 30 30 30 30 30 30  regfile7:.000000
00000010 : 35 65                                              5e

第[4431 / 4431]行 - 第[17]个字符开始有差异：
        --------------------
        0         1         
        01234567890123456789
        --------------------
文件1 : regfile8: 00000005<CR>
文件2 : regfile8: 00000004<CR>
文件1(HEX) : 
00000000 : 72 65 67 66 69 6c 65 38 - 3a 20 30 30 30 30 30 30  regfile8:.000000
00000010 : 30 35                                              05
文件2(HEX) : 
00000000 : 72 65 67 66 69 6c 65 38 - 3a 20 30 30 30 30 30 30  regfile8:.000000
00000010 : 30 34                                              04

第[4433 / 4433]行 - 第[17]个字符开始有差异：
        --------------------
        0         1         
        01234567890123456789
        --------------------
文件1 : regfile10: 00000001<CR>
文件2 : regfile10: 00000041<CR>
文件1(HEX) : 
00000000 : 72 65 67 66 69 6c 65 31 - 30 3a 20 30 30 30 30 30  regfile10:.00000
00000010 : 30 30 31                                           001
文件2(HEX) : 
00000000 : 72 65 67 66 69 6c 65 31 - 30 3a 20 30 30 30 30 30  regfile10:.00000
00000010 : 30 34 31                                           041

第[4434 / 4434]行 - 第[17]个字符开始有差异：
        --------------------
        0         1         
        01234567890123456789
        --------------------
文件1 : regfile11: 0000006c<CR>
文件2 : regfile11: 00000043<CR>
文件1(HEX) : 
00000000 : 72 65 67 66 69 6c 65 31 - 31 3a 20 30 30 30 30 30  regfile11:.00000
00000010 : 30 36 63                                           06c
文件2(HEX) : 
00000000 : 72 65 67 66 69 6c 65 31 - 31 3a 20 30 30 30 30 30  regfile11:.00000
00000010 : 30 34 33                                           043

第[4435 / 4435]行 - 第[17]个字符开始有差异：
        --------------------
        0         1         
        01234567890123456789
        --------------------
文件1 : regfile12: 0000006e<CR>
文件2 : regfile12: 00000043<CR>
文件1(HEX) : 
00000000 : 72 65 67 66 69 6c 65 31 - 32 3a 20 30 30 30 30 30  regfile12:.00000
00000010 : 30 36 65                                           06e
文件2(HEX) : 
00000000 : 72 65 67 66 69 6c 65 31 - 32 3a 20 30 30 30 30 30  regfile12:.00000
00000010 : 30 34 33                                           043

第[4455 / 4455]行 - 第[11]个字符开始有差异：
        --------------------
        0         1         
        01234567890123456789
        --------------------
文件1 : pc: 004000a8<CR>
文件2 : pc: 004000a0<CR>
文件1(HEX) : 
00000000 : 70 63 3a 20 30 30 34 30 - 30 30 61 38              pc:.004000a8
文件2(HEX) : 
00000000 : 70 63 3a 20 30 30 34 30 - 30 30 61 30              pc:.004000a0

第[4456 / 4456]行 - 第[8]个字符开始有差异：
        --------------------
        0         1         
        01234567890123456789
        --------------------
文件1 : instr: 00000000<CR>
文件2 : instr: 018a6823<CR>
文件1(HEX) : 
00000000 : 69 6e 73 74 72 3a 20 30 - 30 30 30 30 30 30 30     instr:.00000000
文件2(HEX) : 
00000000 : 69 6e 73 74 72 3a 20 30 - 31 38 61 36 38 32 33     instr:.018a6823

第[4461 / 4461]行 - 第[17]个字符开始有差异：
        --------------------
        0         1         
        01234567890123456789
        --------------------
文件1 : regfile4: 00000006<CR>
文件2 : regfile4: 00000005<CR>
文件1(HEX) : 
00000000 : 72 65 67 66 69 6c 65 34 - 3a 20 30 30 30 30 30 30  regfile4:.000000
00000010 : 30 36                                              06
文件2(HEX) : 
00000000 : 72 65 67 66 69 6c 65 34 - 3a 20 30 30 30 30 30 30  regfile4:.000000
00000010 : 30 35                                              05

第[4462 / 4462]行 - 第[17]个字符开始有差异：
        --------------------
        0         1         
        01234567890123456789
        --------------------
文件1 : regfile5: 00000005<CR>
文件2 : regfile5: 00000006<CR>
文件1(HEX) : 
00000000 : 72 65 67 66 69 6c 65 35 - 3a 20 30 30 30 30 30 30  regfile5:.000000
00000010 : 30 35                                              05
文件2(HEX) : 
00000000 : 72 65 67 66 69 6c 65 35 - 3a 20 30 30 30 30 30 30  regfile5:.000000
00000010 : 30 36                                              06

第[4463 / 4463]行 - 第[15]个字符开始有差异：
        --------------------
        0         1         
        01234567890123456789
        --------------------
文件1 : regfile6: 0000020d<CR>
文件2 : regfile6: 00000061<CR>
文件1(HEX) : 
00000000 : 72 65 67 66 69 6c 65 36 - 3a 20 30 30 30 30 30 32  regfile6:.000002
00000010 : 30 64                                              0d
文件2(HEX) : 
00000000 : 72 65 67 66 69 6c 65 36 - 3a 20 30 30 30 30 30 30  regfile6:.000000
00000010 : 36 31                                              61

第[4464 / 4464]行 - 第[15]个字符开始有差异：
        --------------------
        0         1         
        01234567890123456789
        --------------------
文件1 : regfile7: 000001a0<CR>
文件2 : regfile7: 0000005e<CR>
文件1(HEX) : 
00000000 : 72 65 67 66 69 6c 65 37 - 3a 20 30 30 30 30 30 31  regfile7:.000001
00000010 : 61 30                                              a0
文件2(HEX) : 
00000000 : 72 65 67 66 69 6c 65 37 - 3a 20 30 30 30 30 30 30  regfile7:.000000
00000010 : 35 65                                              5e

第[4465 / 4465]行 - 第[17]个字符开始有差异：
        --------------------
        0         1         
        01234567890123456789
        --------------------
文件1 : regfile8: 00000005<CR>
文件2 : regfile8: 00000004<CR>
文件1(HEX) : 
00000000 : 72 65 67 66 69 6c 65 38 - 3a 20 30 30 30 30 30 30  regfile8:.000000
00000010 : 30 35                                              05
文件2(HEX) : 
00000000 : 72 65 67 66 69 6c 65 38 - 3a 20 30 30 30 30 30 30  regfile8:.000000
00000010 : 30 34                                              04

第[4467 / 4467]行 - 第[17]个字符开始有差异：
        --------------------
        0         1         
        01234567890123456789
        --------------------
文件1 : regfile10: 00000001<CR>
文件2 : regfile10: 00000041<CR>
文件1(HEX) : 
00000000 : 72 65 67 66 69 6c 65 31 - 30 3a 20 30 30 30 30 30  regfile10:.00000
00000010 : 30 30 31                                           001
文件2(HEX) : 
00000000 : 72 65 67 66 69 6c 65 31 - 30 3a 20 30 30 30 30 30  regfile10:.00000
00000010 : 30 34 31                                           041

第[4468 / 4468]行 - 第[17]个字符开始有差异：
        --------------------
        0         1         
        01234567890123456789
        --------------------
文件1 : regfile11: 0000006c<CR>
文件2 : regfile11: 00000043<CR>
文件1(HEX) : 
00000000 : 72 65 67 66 69 6c 65 31 - 31 3a 20 30 30 30 30 30  regfile11:.00000
00000010 : 30 36 63                                           06c
文件2(HEX) : 
00000000 : 72 65 67 66 69 6c 65 31 - 31 3a 20 30 30 30 30 30  regfile11:.00000
00000010 : 30 34 33                                           043

第[4469 / 4469]行 - 第[17]个字符开始有差异：
        --------------------
        0         1         
        01234567890123456789
        --------------------
文件1 : regfile12: 0000006e<CR>
文件2 : regfile12: 00000043<CR>
文件1(HEX) : 
00000000 : 72 65 67 66 69 6c 65 31 - 32 3a 20 30 30 30 30 30  regfile12:.00000
00000010 : 30 36 65                                           06e
文件2(HEX) : 
00000000 : 72 65 67 66 69 6c 65 31 - 32 3a 20 30 30 30 30 30  regfile12:.00000
00000010 : 30 34 33                                           043

第[4470 / 4470]行 - 第[17]个字符开始有差异：
        --------------------
        0         1         
        01234567890123456789
        --------------------
文件1 : regfile13: 00000043<CR>
文件2 : regfile13: 00000002<CR>
文件1(HEX) : 
00000000 : 72 65 67 66 69 6c 65 31 - 33 3a 20 30 30 30 30 30  regfile13:.00000
00000010 : 30 34 33                                           043
文件2(HEX) : 
00000000 : 72 65 67 66 69 6c 65 31 - 33 3a 20 30 30 30 30 30  regfile13:.00000
00000010 : 30 30 32                                           002

第[4489 / 4489]行 - 第[10]个字符开始有差异：
        --------------------
        0         1         
        01234567890123456789
        --------------------
文件1 : pc: 00400044<CR>
文件2 : pc: 004000a4<CR>
文件1(HEX) : 
00000000 : 70 63 3a 20 30 30 34 30 - 30 30 34 34              pc:.00400044
文件2(HEX) : 
00000000 : 70 63 3a 20 30 30 34 30 - 30 30 61 34              pc:.004000a4

第[4490 / 4490]行 - 第[8]个字符开始有差异：
        --------------------
        0         1         
        01234567890123456789
        --------------------
文件1 : instr: 014b602b<CR>
文件2 : instr: 00ed3820<CR>
文件1(HEX) : 
00000000 : 69 6e 73 74 72 3a 20 30 - 31 34 62 36 30 32 62     instr:.014b602b
文件2(HEX) : 
00000000 : 69 6e 73 74 72 3a 20 30 - 30 65 64 33 38 32 30     instr:.00ed3820

第[4495 / 4495]行 - 第[17]个字符开始有差异：
        --------------------
        0         1         
        01234567890123456789
        --------------------
文件1 : regfile4: 00000006<CR>
文件2 : regfile4: 00000005<CR>
文件1(HEX) : 
00000000 : 72 65 67 66 69 6c 65 34 - 3a 20 30 30 30 30 30 30  regfile4:.000000
00000010 : 30 36                                              06
文件2(HEX) : 
00000000 : 72 65 67 66 69 6c 65 34 - 3a 20 30 30 30 30 30 30  regfile4:.000000
00000010 : 30 35                                              05

第[4496 / 4496]行 - 第[17]个字符开始有差异：
        --------------------
        0         1         
        01234567890123456789
        --------------------
文件1 : regfile5: 00000005<CR>
文件2 : regfile5: 00000006<CR>
文件1(HEX) : 
00000000 : 72 65 67 66 69 6c 65 35 - 3a 20 30 30 30 30 30 30  regfile5:.000000
00000010 : 30 35                                              05
文件2(HEX) : 
00000000 : 72 65 67 66 69 6c 65 35 - 3a 20 30 30 30 30 30 30  regfile5:.000000
00000010 : 30 36                                              06

第[4497 / 4497]行 - 第[15]个字符开始有差异：
        --------------------
        0         1         
        01234567890123456789
        --------------------
文件1 : regfile6: 0000020d<CR>
文件2 : regfile6: 00000061<CR>
文件1(HEX) : 
00000000 : 72 65 67 66 69 6c 65 36 - 3a 20 30 30 30 30 30 32  regfile6:.000002
00000010 : 30 64                                              0d
文件2(HEX) : 
00000000 : 72 65 67 66 69 6c 65 36 - 3a 20 30 30 30 30 30 30  regfile6:.000000
00000010 : 36 31                                              61

第[4498 / 4498]行 - 第[15]个字符开始有差异：
        --------------------
        0         1         
        01234567890123456789
        --------------------
文件1 : regfile7: 000001a0<CR>
文件2 : regfile7: 00000060<CR>
文件1(HEX) : 
00000000 : 72 65 67 66 69 6c 65 37 - 3a 20 30 30 30 30 30 31  regfile7:.000001
00000010 : 61 30                                              a0
文件2(HEX) : 
00000000 : 72 65 67 66 69 6c 65 37 - 3a 20 30 30 30 30 30 30  regfile7:.000000
00000010 : 36 30                                              60

第[4499 / 4499]行 - 第[17]个字符开始有差异：
        --------------------
        0         1         
        01234567890123456789
        --------------------
文件1 : regfile8: 00000005<CR>
文件2 : regfile8: 00000004<CR>
文件1(HEX) : 
00000000 : 72 65 67 66 69 6c 65 38 - 3a 20 30 30 30 30 30 30  regfile8:.000000
00000010 : 30 35                                              05
文件2(HEX) : 
00000000 : 72 65 67 66 69 6c 65 38 - 3a 20 30 30 30 30 30 30  regfile8:.000000
00000010 : 30 34                                              04

第[4501 / 4501]行 - 第[17]个字符开始有差异：
        --------------------
        0         1         
        01234567890123456789
        --------------------
文件1 : regfile10: 00000001<CR>
文件2 : regfile10: 00000041<CR>
文件1(HEX) : 
00000000 : 72 65 67 66 69 6c 65 31 - 30 3a 20 30 30 30 30 30  regfile10:.00000
00000010 : 30 30 31                                           001
文件2(HEX) : 
00000000 : 72 65 67 66 69 6c 65 31 - 30 3a 20 30 30 30 30 30  regfile10:.00000
00000010 : 30 34 31                                           041

第[4502 / 4502]行 - 第[17]个字符开始有差异：
        --------------------
        0         1         
        01234567890123456789
        --------------------
文件1 : regfile11: 0000006e<CR>
文件2 : regfile11: 00000043<CR>
文件1(HEX) : 
00000000 : 72 65 67 66 69 6c 65 31 - 31 3a 20 30 30 30 30 30  regfile11:.00000
00000010 : 30 36 65                                           06e
文件2(HEX) : 
00000000 : 72 65 67 66 69 6c 65 31 - 31 3a 20 30 30 30 30 30  regfile11:.00000
00000010 : 30 34 33                                           043

第[4503 / 4503]行 - 第[17]个字符开始有差异：
        --------------------
        0         1         
        01234567890123456789
        --------------------
文件1 : regfile12: 0000006e<CR>
文件2 : regfile12: 00000043<CR>
文件1(HEX) : 
00000000 : 72 65 67 66 69 6c 65 31 - 32 3a 20 30 30 30 30 30  regfile12:.00000
00000010 : 30 36 65                                           06e
文件2(HEX) : 
00000000 : 72 65 67 66 69 6c 65 31 - 32 3a 20 30 30 30 30 30  regfile12:.00000
00000010 : 30 34 33                                           043

第[4504 / 4504]行 - 第[17]个字符开始有差异：
        --------------------
        0         1         
        01234567890123456789
        --------------------
文件1 : regfile13: 00000043<CR>
文件2 : regfile13: 00000002<CR>
文件1(HEX) : 
00000000 : 72 65 67 66 69 6c 65 31 - 33 3a 20 30 30 30 30 30  regfile13:.00000
00000010 : 30 34 33                                           043
文件2(HEX) : 
00000000 : 72 65 67 66 69 6c 65 31 - 33 3a 20 30 30 30 30 30  regfile13:.00000
00000010 : 30 30 32                                           002

第[4523 / 4523]行 - 第[10]个字符开始有差异：
        --------------------
        0         1         
        01234567890123456789
        --------------------
文件1 : pc: 00400048<CR>
文件2 : pc: 004000a8<CR>
文件1(HEX) : 
00000000 : 70 63 3a 20 30 30 34 30 - 30 30 34 38              pc:.00400048
文件2(HEX) : 
00000000 : 70 63 3a 20 30 30 34 30 - 30 30 61 38              pc:.004000a8

第[4524 / 4524]行 - 第[8]个字符开始有差异：
        --------------------
        0         1         
        01234567890123456789
        --------------------
文件1 : instr: 11800018<CR>
文件2 : instr: 1000ffe6<CR>
文件1(HEX) : 
00000000 : 69 6e 73 74 72 3a 20 31 - 31 38 30 30 30 31 38     instr:.11800018
文件2(HEX) : 
00000000 : 69 6e 73 74 72 3a 20 31 - 30 30 30 66 66 65 36     instr:.1000ffe6

第[4529 / 4529]行 - 第[17]个字符开始有差异：
        --------------------
        0         1         
        01234567890123456789
        --------------------
文件1 : regfile4: 00000006<CR>
文件2 : regfile4: 00000005<CR>
文件1(HEX) : 
00000000 : 72 65 67 66 69 6c 65 34 - 3a 20 30 30 30 30 30 30  regfile4:.000000
00000010 : 30 36                                              06
文件2(HEX) : 
00000000 : 72 65 67 66 69 6c 65 34 - 3a 20 30 30 30 30 30 30  regfile4:.000000
00000010 : 30 35                                              05

第[4530 / 4530]行 - 第[17]个字符开始有差异：
        --------------------
        0         1         
        01234567890123456789
        --------------------
文件1 : regfile5: 00000005<CR>
文件2 : regfile5: 00000006<CR>
文件1(HEX) : 
00000000 : 72 65 67 66 69 6c 65 35 - 3a 20 30 30 30 30 30 30  regfile5:.000000
00000010 : 30 35                                              05
文件2(HEX) : 
00000000 : 72 65 67 66 69 6c 65 35 - 3a 20 30 30 30 30 30 30  regfile5:.000000
00000010 : 30 36                                              06

第[4531 / 4531]行 - 第[15]个字符开始有差异：
        --------------------
        0         1         
        01234567890123456789
        --------------------
文件1 : regfile6: 0000020d<CR>
文件2 : regfile6: 00000061<CR>
文件1(HEX) : 
00000000 : 72 65 67 66 69 6c 65 36 - 3a 20 30 30 30 30 30 32  regfile6:.000002
00000010 : 30 64                                              0d
文件2(HEX) : 
00000000 : 72 65 67 66 69 6c 65 36 - 3a 20 30 30 30 30 30 30  regfile6:.000000
00000010 : 36 31                                              61

第[4532 / 4532]行 - 第[15]个字符开始有差异：
        --------------------
        0         1         
        01234567890123456789
        --------------------
文件1 : regfile7: 000001a0<CR>
文件2 : regfile7: 00000060<CR>
文件1(HEX) : 
00000000 : 72 65 67 66 69 6c 65 37 - 3a 20 30 30 30 30 30 31  regfile7:.000001
00000010 : 61 30                                              a0
文件2(HEX) : 
00000000 : 72 65 67 66 69 6c 65 37 - 3a 20 30 30 30 30 30 30  regfile7:.000000
00000010 : 36 30                                              60

第[4533 / 4533]行 - 第[17]个字符开始有差异：
        --------------------
        0         1         
        01234567890123456789
        --------------------
文件1 : regfile8: 00000005<CR>
文件2 : regfile8: 00000004<CR>
文件1(HEX) : 
00000000 : 72 65 67 66 69 6c 65 38 - 3a 20 30 30 30 30 30 30  regfile8:.000000
00000010 : 30 35                                              05
文件2(HEX) : 
00000000 : 72 65 67 66 69 6c 65 38 - 3a 20 30 30 30 30 30 30  regfile8:.000000
00000010 : 30 34                                              04

第[4535 / 4535]行 - 第[17]个字符开始有差异：
        --------------------
        0         1         
        01234567890123456789
        --------------------
文件1 : regfile10: 00000001<CR>
文件2 : regfile10: 00000041<CR>
文件1(HEX) : 
00000000 : 72 65 67 66 69 6c 65 31 - 30 3a 20 30 30 30 30 30  regfile10:.00000
00000010 : 30 30 31                                           001
文件2(HEX) : 
00000000 : 72 65 67 66 69 6c 65 31 - 30 3a 20 30 30 30 30 30  regfile10:.00000
00000010 : 30 34 31                                           041

第[4536 / 4536]行 - 第[17]个字符开始有差异：
        --------------------
        0         1         
        01234567890123456789
        --------------------
文件1 : regfile11: 0000006e<CR>
文件2 : regfile11: 00000043<CR>
文件1(HEX) : 
00000000 : 72 65 67 66 69 6c 65 31 - 31 3a 20 30 30 30 30 30  regfile11:.00000
00000010 : 30 36 65                                           06e
文件2(HEX) : 
00000000 : 72 65 67 66 69 6c 65 31 - 31 3a 20 30 30 30 30 30  regfile11:.00000
00000010 : 30 34 33                                           043

第[4537 / 4537]行 - 第[17]个字符开始有差异：
        --------------------
        0         1         
        01234567890123456789
        --------------------
文件1 : regfile12: 0000006e<CR>
文件2 : regfile12: 00000043<CR>
文件1(HEX) : 
00000000 : 72 65 67 66 69 6c 65 31 - 32 3a 20 30 30 30 30 30  regfile12:.00000
00000010 : 30 36 65                                           06e
文件2(HEX) : 
00000000 : 72 65 67 66 69 6c 65 31 - 32 3a 20 30 30 30 30 30  regfile12:.00000
00000010 : 30 34 33                                           043

第[4538 / 4538]行 - 第[17]个字符开始有差异：
        --------------------
        0         1         
        01234567890123456789
        --------------------
文件1 : regfile13: 0000006d<CR>
文件2 : regfile13: 00000002<CR>
文件1(HEX) : 
00000000 : 72 65 67 66 69 6c 65 31 - 33 3a 20 30 30 30 30 30  regfile13:.00000
00000010 : 30 36 64                                           06d
文件2(HEX) : 
00000000 : 72 65 67 66 69 6c 65 31 - 33 3a 20 30 30 30 30 30  regfile13:.00000
00000010 : 30 30 32                                           002

第[4557 / 4557]行 - 第[11]个字符开始有差异：
        --------------------
        0         1         
        01234567890123456789
        --------------------
文件1 : pc: 00400048<CR>
文件2 : pc: 00400044<CR>
文件1(HEX) : 
00000000 : 70 63 3a 20 30 30 34 30 - 30 30 34 38              pc:.00400048
文件2(HEX) : 
00000000 : 70 63 3a 20 30 30 34 30 - 30 30 34 34              pc:.00400044

第[4558 / 4558]行 - 第[8]个字符开始有差异：
        --------------------
        0         1         
        01234567890123456789
        --------------------
文件1 : instr: 00000000<CR>
文件2 : instr: 014b602b<CR>
文件1(HEX) : 
00000000 : 69 6e 73 74 72 3a 20 30 - 30 30 30 30 30 30 30     instr:.00000000
文件2(HEX) : 
00000000 : 69 6e 73 74 72 3a 20 30 - 31 34 62 36 30 32 62     instr:.014b602b

第[4563 / 4563]行 - 第[17]个字符开始有差异：
        --------------------
        0         1         
        01234567890123456789
        --------------------
文件1 : regfile4: 00000006<CR>
文件2 : regfile4: 00000005<CR>
文件1(HEX) : 
00000000 : 72 65 67 66 69 6c 65 34 - 3a 20 30 30 30 30 30 30  regfile4:.000000
00000010 : 30 36                                              06
文件2(HEX) : 
00000000 : 72 65 67 66 69 6c 65 34 - 3a 20 30 30 30 30 30 30  regfile4:.000000
00000010 : 30 35                                              05

第[4564 / 4564]行 - 第[17]个字符开始有差异：
        --------------------
        0         1         
        01234567890123456789
        --------------------
文件1 : regfile5: 00000005<CR>
文件2 : regfile5: 00000006<CR>
文件1(HEX) : 
00000000 : 72 65 67 66 69 6c 65 35 - 3a 20 30 30 30 30 30 30  regfile5:.000000
00000010 : 30 35                                              05
文件2(HEX) : 
00000000 : 72 65 67 66 69 6c 65 35 - 3a 20 30 30 30 30 30 30  regfile5:.000000
00000010 : 30 36                                              06

第[4565 / 4565]行 - 第[15]个字符开始有差异：
        --------------------
        0         1         
        01234567890123456789
        --------------------
文件1 : regfile6: 0000020d<CR>
文件2 : regfile6: 00000061<CR>
文件1(HEX) : 
00000000 : 72 65 67 66 69 6c 65 36 - 3a 20 30 30 30 30 30 32  regfile6:.000002
00000010 : 30 64                                              0d
文件2(HEX) : 
00000000 : 72 65 67 66 69 6c 65 36 - 3a 20 30 30 30 30 30 30  regfile6:.000000
00000010 : 36 31                                              61

第[4566 / 4566]行 - 第[15]个字符开始有差异：
        --------------------
        0         1         
        01234567890123456789
        --------------------
文件1 : regfile7: 0000020d<CR>
文件2 : regfile7: 00000060<CR>
文件1(HEX) : 
00000000 : 72 65 67 66 69 6c 65 37 - 3a 20 30 30 30 30 30 32  regfile7:.000002
00000010 : 30 64                                              0d
文件2(HEX) : 
00000000 : 72 65 67 66 69 6c 65 37 - 3a 20 30 30 30 30 30 30  regfile7:.000000
00000010 : 36 30                                              60

第[4567 / 4567]行 - 第[17]个字符开始有差异：
        --------------------
        0         1         
        01234567890123456789
        --------------------
文件1 : regfile8: 00000005<CR>
文件2 : regfile8: 00000004<CR>
文件1(HEX) : 
00000000 : 72 65 67 66 69 6c 65 38 - 3a 20 30 30 30 30 30 30  regfile8:.000000
00000010 : 30 35                                              05
文件2(HEX) : 
00000000 : 72 65 67 66 69 6c 65 38 - 3a 20 30 30 30 30 30 30  regfile8:.000000
00000010 : 30 34                                              04

第[4569 / 4569]行 - 第[17]个字符开始有差异：
        --------------------
        0         1         
        01234567890123456789
        --------------------
文件1 : regfile10: 00000001<CR>
文件2 : regfile10: 00000041<CR>
文件1(HEX) : 
00000000 : 72 65 67 66 69 6c 65 31 - 30 3a 20 30 30 30 30 30  regfile10:.00000
00000010 : 30 30 31                                           001
文件2(HEX) : 
00000000 : 72 65 67 66 69 6c 65 31 - 30 3a 20 30 30 30 30 30  regfile10:.00000
00000010 : 30 34 31                                           041

第[4570 / 4570]行 - 第[17]个字符开始有差异：
        --------------------
        0         1         
        01234567890123456789
        --------------------
文件1 : regfile11: 0000006e<CR>
文件2 : regfile11: 00000043<CR>
文件1(HEX) : 
00000000 : 72 65 67 66 69 6c 65 31 - 31 3a 20 30 30 30 30 30  regfile11:.00000
00000010 : 30 36 65                                           06e
文件2(HEX) : 
00000000 : 72 65 67 66 69 6c 65 31 - 31 3a 20 30 30 30 30 30  regfile11:.00000
00000010 : 30 34 33                                           043

第[4571 / 4571]行 - 第[17]个字符开始有差异：
        --------------------
        0         1         
        01234567890123456789
        --------------------
文件1 : regfile12: 0000006e<CR>
文件2 : regfile12: 00000001<CR>
文件1(HEX) : 
00000000 : 72 65 67 66 69 6c 65 31 - 32 3a 20 30 30 30 30 30  regfile12:.00000
00000010 : 30 36 65                                           06e
文件2(HEX) : 
00000000 : 72 65 67 66 69 6c 65 31 - 32 3a 20 30 30 30 30 30  regfile12:.00000
00000010 : 30 30 31                                           001

第[4572 / 4572]行 - 第[17]个字符开始有差异：
        --------------------
        0         1         
        01234567890123456789
        --------------------
文件1 : regfile13: 0000006d<CR>
文件2 : regfile13: 00000002<CR>
文件1(HEX) : 
00000000 : 72 65 67 66 69 6c 65 31 - 33 3a 20 30 30 30 30 30  regfile13:.00000
00000010 : 30 36 64                                           06d
文件2(HEX) : 
00000000 : 72 65 67 66 69 6c 65 31 - 33 3a 20 30 30 30 30 30  regfile13:.00000
00000010 : 30 30 32                                           002

第[4591 / 4591]行 - 第[11]个字符开始有差异：
        --------------------
        0         1         
        01234567890123456789
        --------------------
文件1 : pc: 0040004c<CR>
文件2 : pc: 00400048<CR>
文件1(HEX) : 
00000000 : 70 63 3a 20 30 30 34 30 - 30 30 34 63              pc:.0040004c
文件2(HEX) : 
00000000 : 70 63 3a 20 30 30 34 30 - 30 30 34 38              pc:.00400048

第[4592 / 4592]行 - 第[7]个字符开始有差异：
        --------------------
        0         1         
        01234567890123456789
        --------------------
文件1 : instr: 014b6020<CR>
文件2 : instr: 11800018<CR>
文件1(HEX) : 
00000000 : 69 6e 73 74 72 3a 20 30 - 31 34 62 36 30 32 30     instr:.014b6020
文件2(HEX) : 
00000000 : 69 6e 73 74 72 3a 20 31 - 31 38 30 30 30 31 38     instr:.11800018

第[4597 / 4597]行 - 第[17]个字符开始有差异：
        --------------------
        0         1         
        01234567890123456789
        --------------------
文件1 : regfile4: 00000006<CR>
文件2 : regfile4: 00000005<CR>
文件1(HEX) : 
00000000 : 72 65 67 66 69 6c 65 34 - 3a 20 30 30 30 30 30 30  regfile4:.000000
00000010 : 30 36                                              06
文件2(HEX) : 
00000000 : 72 65 67 66 69 6c 65 34 - 3a 20 30 30 30 30 30 30  regfile4:.000000
00000010 : 30 35                                              05

第[4598 / 4598]行 - 第[17]个字符开始有差异：
        --------------------
        0         1         
        01234567890123456789
        --------------------
文件1 : regfile5: 00000005<CR>
文件2 : regfile5: 00000006<CR>
文件1(HEX) : 
00000000 : 72 65 67 66 69 6c 65 35 - 3a 20 30 30 30 30 30 30  regfile5:.000000
00000010 : 30 35                                              05
文件2(HEX) : 
00000000 : 72 65 67 66 69 6c 65 35 - 3a 20 30 30 30 30 30 30  regfile5:.000000
00000010 : 30 36                                              06

第[4599 / 4599]行 - 第[15]个字符开始有差异：
        --------------------
        0         1         
        01234567890123456789
        --------------------
文件1 : regfile6: 0000020d<CR>
文件2 : regfile6: 00000061<CR>
文件1(HEX) : 
00000000 : 72 65 67 66 69 6c 65 36 - 3a 20 30 30 30 30 30 32  regfile6:.000002
00000010 : 30 64                                              0d
文件2(HEX) : 
00000000 : 72 65 67 66 69 6c 65 36 - 3a 20 30 30 30 30 30 30  regfile6:.000000
00000010 : 36 31                                              61

第[4600 / 4600]行 - 第[15]个字符开始有差异：
        --------------------
        0         1         
        01234567890123456789
        --------------------
文件1 : regfile7: 0000020d<CR>
文件2 : regfile7: 00000060<CR>
文件1(HEX) : 
00000000 : 72 65 67 66 69 6c 65 37 - 3a 20 30 30 30 30 30 32  regfile7:.000002
00000010 : 30 64                                              0d
文件2(HEX) : 
00000000 : 72 65 67 66 69 6c 65 37 - 3a 20 30 30 30 30 30 30  regfile7:.000000
00000010 : 36 30                                              60

第[4601 / 4601]行 - 第[17]个字符开始有差异：
        --------------------
        0         1         
        01234567890123456789
        --------------------
文件1 : regfile8: 00000005<CR>
文件2 : regfile8: 00000004<CR>
文件1(HEX) : 
00000000 : 72 65 67 66 69 6c 65 38 - 3a 20 30 30 30 30 30 30  regfile8:.000000
00000010 : 30 35                                              05
文件2(HEX) : 
00000000 : 72 65 67 66 69 6c 65 38 - 3a 20 30 30 30 30 30 30  regfile8:.000000
00000010 : 30 34                                              04

第[4603 / 4603]行 - 第[17]个字符开始有差异：
        --------------------
        0         1         
        01234567890123456789
        --------------------
文件1 : regfile10: 00000001<CR>
文件2 : regfile10: 00000041<CR>
文件1(HEX) : 
00000000 : 72 65 67 66 69 6c 65 31 - 30 3a 20 30 30 30 30 30  regfile10:.00000
00000010 : 30 30 31                                           001
文件2(HEX) : 
00000000 : 72 65 67 66 69 6c 65 31 - 30 3a 20 30 30 30 30 30  regfile10:.00000
00000010 : 30 34 31                                           041

第[4604 / 4604]行 - 第[17]个字符开始有差异：
        --------------------
        0         1         
        01234567890123456789
        --------------------
文件1 : regfile11: 0000006e<CR>
文件2 : regfile11: 00000043<CR>
文件1(HEX) : 
00000000 : 72 65 67 66 69 6c 65 31 - 31 3a 20 30 30 30 30 30  regfile11:.00000
00000010 : 30 36 65                                           06e
文件2(HEX) : 
00000000 : 72 65 67 66 69 6c 65 31 - 31 3a 20 30 30 30 30 30  regfile11:.00000
00000010 : 30 34 33                                           043

第[4605 / 4605]行 - 第[17]个字符开始有差异：
        --------------------
        0         1         
        01234567890123456789
        --------------------
文件1 : regfile12: 0000006e<CR>
文件2 : regfile12: 00000001<CR>
文件1(HEX) : 
00000000 : 72 65 67 66 69 6c 65 31 - 32 3a 20 30 30 30 30 30  regfile12:.00000
00000010 : 30 36 65                                           06e
文件2(HEX) : 
00000000 : 72 65 67 66 69 6c 65 31 - 32 3a 20 30 30 30 30 30  regfile12:.00000
00000010 : 30 30 31                                           001

第[4606 / 4606]行 - 第[17]个字符开始有差异：
        --------------------
        0         1         
        01234567890123456789
        --------------------
文件1 : regfile13: 0000006d<CR>
文件2 : regfile13: 00000002<CR>
文件1(HEX) : 
00000000 : 72 65 67 66 69 6c 65 31 - 33 3a 20 30 30 30 30 30  regfile13:.00000
00000010 : 30 36 64                                           06d
文件2(HEX) : 
00000000 : 72 65 67 66 69 6c 65 31 - 33 3a 20 30 30 30 30 30  regfile13:.00000
00000010 : 30 30 32                                           002

第[4625 / 4625]行 - 第[10]个字符开始有差异：
        --------------------
        0         1         
        01234567890123456789
        --------------------
文件1 : pc: 00400050<CR>
文件2 : pc: 0040004c<CR>
文件1(HEX) : 
00000000 : 70 63 3a 20 30 30 34 30 - 30 30 35 30              pc:.00400050
文件2(HEX) : 
00000000 : 70 63 3a 20 30 30 34 30 - 30 30 34 63              pc:.0040004c

第[4626 / 4626]行 - 第[8]个字符开始有差异：
        --------------------
        0         1         
        01234567890123456789
        --------------------
文件1 : instr: 000c6fc0<CR>
文件2 : instr: 014b6020<CR>
文件1(HEX) : 
00000000 : 69 6e 73 74 72 3a 20 30 - 30 30 63 36 66 63 30     instr:.000c6fc0
文件2(HEX) : 
00000000 : 69 6e 73 74 72 3a 20 30 - 31 34 62 36 30 32 30     instr:.014b6020

第[4631 / 4631]行 - 第[17]个字符开始有差异：
        --------------------
        0         1         
        01234567890123456789
        --------------------
文件1 : regfile4: 00000006<CR>
文件2 : regfile4: 00000005<CR>
文件1(HEX) : 
00000000 : 72 65 67 66 69 6c 65 34 - 3a 20 30 30 30 30 30 30  regfile4:.000000
00000010 : 30 36                                              06
文件2(HEX) : 
00000000 : 72 65 67 66 69 6c 65 34 - 3a 20 30 30 30 30 30 30  regfile4:.000000
00000010 : 30 35                                              05

第[4632 / 4632]行 - 第[17]个字符开始有差异：
        --------------------
        0         1         
        01234567890123456789
        --------------------
文件1 : regfile5: 00000005<CR>
文件2 : regfile5: 00000006<CR>
文件1(HEX) : 
00000000 : 72 65 67 66 69 6c 65 35 - 3a 20 30 30 30 30 30 30  regfile5:.000000
00000010 : 30 35                                              05
文件2(HEX) : 
00000000 : 72 65 67 66 69 6c 65 35 - 3a 20 30 30 30 30 30 30  regfile5:.000000
00000010 : 30 36                                              06

第[4633 / 4633]行 - 第[15]个字符开始有差异：
        --------------------
        0         1         
        01234567890123456789
        --------------------
文件1 : regfile6: 0000020d<CR>
文件2 : regfile6: 00000061<CR>
文件1(HEX) : 
00000000 : 72 65 67 66 69 6c 65 36 - 3a 20 30 30 30 30 30 32  regfile6:.000002
00000010 : 30 64                                              0d
文件2(HEX) : 
00000000 : 72 65 67 66 69 6c 65 36 - 3a 20 30 30 30 30 30 30  regfile6:.000000
00000010 : 36 31                                              61

第[4634 / 4634]行 - 第[15]个字符开始有差异：
        --------------------
        0         1         
        01234567890123456789
        --------------------
文件1 : regfile7: 0000020d<CR>
文件2 : regfile7: 00000060<CR>
文件1(HEX) : 
00000000 : 72 65 67 66 69 6c 65 37 - 3a 20 30 30 30 30 30 32  regfile7:.000002
00000010 : 30 64                                              0d
文件2(HEX) : 
00000000 : 72 65 67 66 69 6c 65 37 - 3a 20 30 30 30 30 30 30  regfile7:.000000
00000010 : 36 30                                              60

第[4635 / 4635]行 - 第[17]个字符开始有差异：
        --------------------
        0         1         
        01234567890123456789
        --------------------
文件1 : regfile8: 00000005<CR>
文件2 : regfile8: 00000004<CR>
文件1(HEX) : 
00000000 : 72 65 67 66 69 6c 65 38 - 3a 20 30 30 30 30 30 30  regfile8:.000000
00000010 : 30 35                                              05
文件2(HEX) : 
00000000 : 72 65 67 66 69 6c 65 38 - 3a 20 30 30 30 30 30 30  regfile8:.000000
00000010 : 30 34                                              04

第[4637 / 4637]行 - 第[17]个字符开始有差异：
        --------------------
        0         1         
        01234567890123456789
        --------------------
文件1 : regfile10: 00000001<CR>
文件2 : regfile10: 00000041<CR>
文件1(HEX) : 
00000000 : 72 65 67 66 69 6c 65 31 - 30 3a 20 30 30 30 30 30  regfile10:.00000
00000010 : 30 30 31                                           001
文件2(HEX) : 
00000000 : 72 65 67 66 69 6c 65 31 - 30 3a 20 30 30 30 30 30  regfile10:.00000
00000010 : 30 34 31                                           041

第[4638 / 4638]行 - 第[17]个字符开始有差异：
        --------------------
        0         1         
        01234567890123456789
        --------------------
文件1 : regfile11: 0000006e<CR>
文件2 : regfile11: 00000043<CR>
文件1(HEX) : 
00000000 : 72 65 67 66 69 6c 65 31 - 31 3a 20 30 30 30 30 30  regfile11:.00000
00000010 : 30 36 65                                           06e
文件2(HEX) : 
00000000 : 72 65 67 66 69 6c 65 31 - 31 3a 20 30 30 30 30 30  regfile11:.00000
00000010 : 30 34 33                                           043

第[4639 / 4639]行 - 第[17]个字符开始有差异：
        --------------------
        0         1         
        01234567890123456789
        --------------------
文件1 : regfile12: 0000006e<CR>
文件2 : regfile12: 00000084<CR>
文件1(HEX) : 
00000000 : 72 65 67 66 69 6c 65 31 - 32 3a 20 30 30 30 30 30  regfile12:.00000
00000010 : 30 36 65                                           06e
文件2(HEX) : 
00000000 : 72 65 67 66 69 6c 65 31 - 32 3a 20 30 30 30 30 30  regfile12:.00000
00000010 : 30 38 34                                           084

第[4640 / 4640]行 - 第[17]个字符开始有差异：
        --------------------
        0         1         
        01234567890123456789
        --------------------
文件1 : regfile13: 0000006d<CR>
文件2 : regfile13: 00000002<CR>
文件1(HEX) : 
00000000 : 72 65 67 66 69 6c 65 31 - 33 3a 20 30 30 30 30 30  regfile13:.00000
00000010 : 30 36 64                                           06d
文件2(HEX) : 
00000000 : 72 65 67 66 69 6c 65 31 - 33 3a 20 30 30 30 30 30  regfile13:.00000
00000010 : 30 30 32                                           002

第[4659 / 4659]行 - 第[11]个字符开始有差异：
        --------------------
        0         1         
        01234567890123456789
        --------------------
文件1 : pc: 00400054<CR>
文件2 : pc: 00400050<CR>
文件1(HEX) : 
00000000 : 70 63 3a 20 30 30 34 30 - 30 30 35 34              pc:.00400054
文件2(HEX) : 
00000000 : 70 63 3a 20 30 30 34 30 - 30 30 35 30              pc:.00400050

第[4660 / 4660]行 - 第[7]个字符开始有差异：
        --------------------
        0         1         
        01234567890123456789
        --------------------
文件1 : instr: 11a00001<CR>
文件2 : instr: 000c6fc0<CR>
文件1(HEX) : 
00000000 : 69 6e 73 74 72 3a 20 31 - 31 61 30 30 30 30 31     instr:.11a00001
文件2(HEX) : 
00000000 : 69 6e 73 74 72 3a 20 30 - 30 30 63 36 66 63 30     instr:.000c6fc0

第[4665 / 4665]行 - 第[17]个字符开始有差异：
        --------------------
        0         1         
        01234567890123456789
        --------------------
文件1 : regfile4: 00000006<CR>
文件2 : regfile4: 00000005<CR>
文件1(HEX) : 
00000000 : 72 65 67 66 69 6c 65 34 - 3a 20 30 30 30 30 30 30  regfile4:.000000
00000010 : 30 36                                              06
文件2(HEX) : 
00000000 : 72 65 67 66 69 6c 65 34 - 3a 20 30 30 30 30 30 30  regfile4:.000000
00000010 : 30 35                                              05

第[4666 / 4666]行 - 第[17]个字符开始有差异：
        --------------------
        0         1         
        01234567890123456789
        --------------------
文件1 : regfile5: 00000005<CR>
文件2 : regfile5: 00000006<CR>
文件1(HEX) : 
00000000 : 72 65 67 66 69 6c 65 35 - 3a 20 30 30 30 30 30 30  regfile5:.000000
00000010 : 30 35                                              05
文件2(HEX) : 
00000000 : 72 65 67 66 69 6c 65 35 - 3a 20 30 30 30 30 30 30  regfile5:.000000
00000010 : 30 36                                              06

第[4667 / 4667]行 - 第[15]个字符开始有差异：
        --------------------
        0         1         
        01234567890123456789
        --------------------
文件1 : regfile6: 0000020d<CR>
文件2 : regfile6: 00000061<CR>
文件1(HEX) : 
00000000 : 72 65 67 66 69 6c 65 36 - 3a 20 30 30 30 30 30 32  regfile6:.000002
00000010 : 30 64                                              0d
文件2(HEX) : 
00000000 : 72 65 67 66 69 6c 65 36 - 3a 20 30 30 30 30 30 30  regfile6:.000000
00000010 : 36 31                                              61

第[4668 / 4668]行 - 第[15]个字符开始有差异：
        --------------------
        0         1         
        01234567890123456789
        --------------------
文件1 : regfile7: 0000020d<CR>
文件2 : regfile7: 00000060<CR>
文件1(HEX) : 
00000000 : 72 65 67 66 69 6c 65 37 - 3a 20 30 30 30 30 30 32  regfile7:.000002
00000010 : 30 64                                              0d
文件2(HEX) : 
00000000 : 72 65 67 66 69 6c 65 37 - 3a 20 30 30 30 30 30 30  regfile7:.000000
00000010 : 36 30                                              60

第[4669 / 4669]行 - 第[17]个字符开始有差异：
        --------------------
        0         1         
        01234567890123456789
        --------------------
文件1 : regfile8: 00000005<CR>
文件2 : regfile8: 00000004<CR>
文件1(HEX) : 
00000000 : 72 65 67 66 69 6c 65 38 - 3a 20 30 30 30 30 30 30  regfile8:.000000
00000010 : 30 35                                              05
文件2(HEX) : 
00000000 : 72 65 67 66 69 6c 65 38 - 3a 20 30 30 30 30 30 30  regfile8:.000000
00000010 : 30 34                                              04

第[4671 / 4671]行 - 第[17]个字符开始有差异：
        --------------------
        0         1         
        01234567890123456789
        --------------------
文件1 : regfile10: 00000001<CR>
文件2 : regfile10: 00000041<CR>
文件1(HEX) : 
00000000 : 72 65 67 66 69 6c 65 31 - 30 3a 20 30 30 30 30 30  regfile10:.00000
00000010 : 30 30 31                                           001
文件2(HEX) : 
00000000 : 72 65 67 66 69 6c 65 31 - 30 3a 20 30 30 30 30 30  regfile10:.00000
00000010 : 30 34 31                                           041

第[4672 / 4672]行 - 第[17]个字符开始有差异：
        --------------------
        0         1         
        01234567890123456789
        --------------------
文件1 : regfile11: 0000006e<CR>
文件2 : regfile11: 00000043<CR>
文件1(HEX) : 
00000000 : 72 65 67 66 69 6c 65 31 - 31 3a 20 30 30 30 30 30  regfile11:.00000
00000010 : 30 36 65                                           06e
文件2(HEX) : 
00000000 : 72 65 67 66 69 6c 65 31 - 31 3a 20 30 30 30 30 30  regfile11:.00000
00000010 : 30 34 33                                           043

第[4673 / 4673]行 - 第[17]个字符开始有差异：
        --------------------
        0         1         
        01234567890123456789
        --------------------
文件1 : regfile12: 00000001<CR>
文件2 : regfile12: 00000084<CR>
文件1(HEX) : 
00000000 : 72 65 67 66 69 6c 65 31 - 32 3a 20 30 30 30 30 30  regfile12:.00000
00000010 : 30 30 31                                           001
文件2(HEX) : 
00000000 : 72 65 67 66 69 6c 65 31 - 32 3a 20 30 30 30 30 30  regfile12:.00000
00000010 : 30 38 34                                           084

第[4674 / 4674]行 - 第[17]个字符开始有差异：
        --------------------
        0         1         
        01234567890123456789
        --------------------
文件1 : regfile13: 0000006d<CR>
文件2 : regfile13: 00000000<CR>
文件1(HEX) : 
00000000 : 72 65 67 66 69 6c 65 31 - 33 3a 20 30 30 30 30 30  regfile13:.00000
00000010 : 30 36 64                                           06d
文件2(HEX) : 
00000000 : 72 65 67 66 69 6c 65 31 - 33 3a 20 30 30 30 30 30  regfile13:.00000
00000010 : 30 30 30                                           000

第[4694 / 4694]行 - 第[7]个字符开始有差异：
        --------------------
        0         1         
        01234567890123456789
        --------------------
文件1 : instr: 00000000<CR>
文件2 : instr: 11a00001<CR>
文件1(HEX) : 
00000000 : 69 6e 73 74 72 3a 20 30 - 30 30 30 30 30 30 30     instr:.00000000
文件2(HEX) : 
00000000 : 69 6e 73 74 72 3a 20 31 - 31 61 30 30 30 30 31     instr:.11a00001

第[4699 / 4699]行 - 第[17]个字符开始有差异：
        --------------------
        0         1         
        01234567890123456789
        --------------------
文件1 : regfile4: 00000006<CR>
文件2 : regfile4: 00000005<CR>
文件1(HEX) : 
00000000 : 72 65 67 66 69 6c 65 34 - 3a 20 30 30 30 30 30 30  regfile4:.000000
00000010 : 30 36                                              06
文件2(HEX) : 
00000000 : 72 65 67 66 69 6c 65 34 - 3a 20 30 30 30 30 30 30  regfile4:.000000
00000010 : 30 35                                              05

第[4700 / 4700]行 - 第[17]个字符开始有差异：
        --------------------
        0         1         
        01234567890123456789
        --------------------
文件1 : regfile5: 00000005<CR>
文件2 : regfile5: 00000006<CR>
文件1(HEX) : 
00000000 : 72 65 67 66 69 6c 65 35 - 3a 20 30 30 30 30 30 30  regfile5:.000000
00000010 : 30 35                                              05
文件2(HEX) : 
00000000 : 72 65 67 66 69 6c 65 35 - 3a 20 30 30 30 30 30 30  regfile5:.000000
00000010 : 30 36                                              06

第[4701 / 4701]行 - 第[15]个字符开始有差异：
        --------------------
        0         1         
        01234567890123456789
        --------------------
文件1 : regfile6: 0000020d<CR>
文件2 : regfile6: 00000061<CR>
文件1(HEX) : 
00000000 : 72 65 67 66 69 6c 65 36 - 3a 20 30 30 30 30 30 32  regfile6:.000002
00000010 : 30 64                                              0d
文件2(HEX) : 
00000000 : 72 65 67 66 69 6c 65 36 - 3a 20 30 30 30 30 30 30  regfile6:.000000
00000010 : 36 31                                              61

第[4702 / 4702]行 - 第[15]个字符开始有差异：
        --------------------
        0         1         
        01234567890123456789
        --------------------
文件1 : regfile7: 0000020d<CR>
文件2 : regfile7: 00000060<CR>
文件1(HEX) : 
00000000 : 72 65 67 66 69 6c 65 37 - 3a 20 30 30 30 30 30 32  regfile7:.000002
00000010 : 30 64                                              0d
文件2(HEX) : 
00000000 : 72 65 67 66 69 6c 65 37 - 3a 20 30 30 30 30 30 30  regfile7:.000000
00000010 : 36 30                                              60

第[4703 / 4703]行 - 第[17]个字符开始有差异：
        --------------------
        0         1         
        01234567890123456789
        --------------------
文件1 : regfile8: 00000005<CR>
文件2 : regfile8: 00000004<CR>
文件1(HEX) : 
00000000 : 72 65 67 66 69 6c 65 38 - 3a 20 30 30 30 30 30 30  regfile8:.000000
00000010 : 30 35                                              05
文件2(HEX) : 
00000000 : 72 65 67 66 69 6c 65 38 - 3a 20 30 30 30 30 30 30  regfile8:.000000
00000010 : 30 34                                              04

第[4705 / 4705]行 - 第[17]个字符开始有差异：
        --------------------
        0         1         
        01234567890123456789
        --------------------
文件1 : regfile10: 00000001<CR>
文件2 : regfile10: 00000041<CR>
文件1(HEX) : 
00000000 : 72 65 67 66 69 6c 65 31 - 30 3a 20 30 30 30 30 30  regfile10:.00000
00000010 : 30 30 31                                           001
文件2(HEX) : 
00000000 : 72 65 67 66 69 6c 65 31 - 30 3a 20 30 30 30 30 30  regfile10:.00000
00000010 : 30 34 31                                           041

第[4706 / 4706]行 - 第[17]个字符开始有差异：
        --------------------
        0         1         
        01234567890123456789
        --------------------
文件1 : regfile11: 0000006e<CR>
文件2 : regfile11: 00000043<CR>
文件1(HEX) : 
00000000 : 72 65 67 66 69 6c 65 31 - 31 3a 20 30 30 30 30 30  regfile11:.00000
00000010 : 30 36 65                                           06e
文件2(HEX) : 
00000000 : 72 65 67 66 69 6c 65 31 - 31 3a 20 30 30 30 30 30  regfile11:.00000
00000010 : 30 34 33                                           043

第[4707 / 4707]行 - 第[17]个字符开始有差异：
        --------------------
        0         1         
        01234567890123456789
        --------------------
文件1 : regfile12: 00000001<CR>
文件2 : regfile12: 00000084<CR>
文件1(HEX) : 
00000000 : 72 65 67 66 69 6c 65 31 - 32 3a 20 30 30 30 30 30  regfile12:.00000
00000010 : 30 30 31                                           001
文件2(HEX) : 
00000000 : 72 65 67 66 69 6c 65 31 - 32 3a 20 30 30 30 30 30  regfile12:.00000
00000010 : 30 38 34                                           084

第[4708 / 4708]行 - 第[17]个字符开始有差异：
        --------------------
        0         1         
        01234567890123456789
        --------------------
文件1 : regfile13: 0000006d<CR>
文件2 : regfile13: 00000000<CR>
文件1(HEX) : 
00000000 : 72 65 67 66 69 6c 65 31 - 33 3a 20 30 30 30 30 30  regfile13:.00000
00000010 : 30 36 64                                           06d
文件2(HEX) : 
00000000 : 72 65 67 66 69 6c 65 31 - 33 3a 20 30 30 30 30 30  regfile13:.00000
00000010 : 30 30 30                                           000

第[4727 / 4727]行 - 第[11]个字符开始有差异：
        --------------------
        0         1         
        01234567890123456789
        --------------------
文件1 : pc: 00400058<CR>
文件2 : pc: 0040005c<CR>
文件1(HEX) : 
00000000 : 70 63 3a 20 30 30 34 30 - 30 30 35 38              pc:.00400058
文件2(HEX) : 
00000000 : 70 63 3a 20 30 30 34 30 - 30 30 35 63              pc:.0040005c

第[4728 / 4728]行 - 第[7]个字符开始有差异：
        --------------------
        0         1         
        01234567890123456789
        --------------------
文件1 : instr: 258c0001<CR>
文件2 : instr: 000c6042<CR>
文件1(HEX) : 
00000000 : 69 6e 73 74 72 3a 20 32 - 35 38 63 30 30 30 31     instr:.258c0001
文件2(HEX) : 
00000000 : 69 6e 73 74 72 3a 20 30 - 30 30 63 36 30 34 32     instr:.000c6042

第[4733 / 4733]行 - 第[17]个字符开始有差异：
        --------------------
        0         1         
        01234567890123456789
        --------------------
文件1 : regfile4: 00000006<CR>
文件2 : regfile4: 00000005<CR>
文件1(HEX) : 
00000000 : 72 65 67 66 69 6c 65 34 - 3a 20 30 30 30 30 30 30  regfile4:.000000
00000010 : 30 36                                              06
文件2(HEX) : 
00000000 : 72 65 67 66 69 6c 65 34 - 3a 20 30 30 30 30 30 30  regfile4:.000000
00000010 : 30 35                                              05

第[4734 / 4734]行 - 第[17]个字符开始有差异：
        --------------------
        0         1         
        01234567890123456789
        --------------------
文件1 : regfile5: 00000005<CR>
文件2 : regfile5: 00000006<CR>
文件1(HEX) : 
00000000 : 72 65 67 66 69 6c 65 35 - 3a 20 30 30 30 30 30 30  regfile5:.000000
00000010 : 30 35                                              05
文件2(HEX) : 
00000000 : 72 65 67 66 69 6c 65 35 - 3a 20 30 30 30 30 30 30  regfile5:.000000
00000010 : 30 36                                              06

第[4735 / 4735]行 - 第[15]个字符开始有差异：
        --------------------
        0         1         
        01234567890123456789
        --------------------
文件1 : regfile6: 0000020d<CR>
文件2 : regfile6: 00000061<CR>
文件1(HEX) : 
00000000 : 72 65 67 66 69 6c 65 36 - 3a 20 30 30 30 30 30 32  regfile6:.000002
00000010 : 30 64                                              0d
文件2(HEX) : 
00000000 : 72 65 67 66 69 6c 65 36 - 3a 20 30 30 30 30 30 30  regfile6:.000000
00000010 : 36 31                                              61

第[4736 / 4736]行 - 第[15]个字符开始有差异：
        --------------------
        0         1         
        01234567890123456789
        --------------------
文件1 : regfile7: 0000020d<CR>
文件2 : regfile7: 00000060<CR>
文件1(HEX) : 
00000000 : 72 65 67 66 69 6c 65 37 - 3a 20 30 30 30 30 30 32  regfile7:.000002
00000010 : 30 64                                              0d
文件2(HEX) : 
00000000 : 72 65 67 66 69 6c 65 37 - 3a 20 30 30 30 30 30 30  regfile7:.000000
00000010 : 36 30                                              60

第[4737 / 4737]行 - 第[17]个字符开始有差异：
        --------------------
        0         1         
        01234567890123456789
        --------------------
文件1 : regfile8: 00000005<CR>
文件2 : regfile8: 00000004<CR>
文件1(HEX) : 
00000000 : 72 65 67 66 69 6c 65 38 - 3a 20 30 30 30 30 30 30  regfile8:.000000
00000010 : 30 35                                              05
文件2(HEX) : 
00000000 : 72 65 67 66 69 6c 65 38 - 3a 20 30 30 30 30 30 30  regfile8:.000000
00000010 : 30 34                                              04

第[4739 / 4739]行 - 第[17]个字符开始有差异：
        --------------------
        0         1         
        01234567890123456789
        --------------------
文件1 : regfile10: 00000001<CR>
文件2 : regfile10: 00000041<CR>
文件1(HEX) : 
00000000 : 72 65 67 66 69 6c 65 31 - 30 3a 20 30 30 30 30 30  regfile10:.00000
00000010 : 30 30 31                                           001
文件2(HEX) : 
00000000 : 72 65 67 66 69 6c 65 31 - 30 3a 20 30 30 30 30 30  regfile10:.00000
00000010 : 30 34 31                                           041

第[4740 / 4740]行 - 第[17]个字符开始有差异：
        --------------------
        0         1         
        01234567890123456789
        --------------------
文件1 : regfile11: 0000006e<CR>
文件2 : regfile11: 00000043<CR>
文件1(HEX) : 
00000000 : 72 65 67 66 69 6c 65 31 - 31 3a 20 30 30 30 30 30  regfile11:.00000
00000010 : 30 36 65                                           06e
文件2(HEX) : 
00000000 : 72 65 67 66 69 6c 65 31 - 31 3a 20 30 30 30 30 30  regfile11:.00000
00000010 : 30 34 33                                           043

第[4741 / 4741]行 - 第[17]个字符开始有差异：
        --------------------
        0         1         
        01234567890123456789
        --------------------
文件1 : regfile12: 00000001<CR>
文件2 : regfile12: 00000042<CR>
文件1(HEX) : 
00000000 : 72 65 67 66 69 6c 65 31 - 32 3a 20 30 30 30 30 30  regfile12:.00000
00000010 : 30 30 31                                           001
文件2(HEX) : 
00000000 : 72 65 67 66 69 6c 65 31 - 32 3a 20 30 30 30 30 30  regfile12:.00000
00000010 : 30 34 32                                           042

第[4742 / 4742]行 - 第[17]个字符开始有差异：
        --------------------
        0         1         
        01234567890123456789
        --------------------
文件1 : regfile13: 0000006d<CR>
文件2 : regfile13: 00000000<CR>
文件1(HEX) : 
00000000 : 72 65 67 66 69 6c 65 31 - 33 3a 20 30 30 30 30 30  regfile13:.00000
00000010 : 30 36 64                                           06d
文件2(HEX) : 
00000000 : 72 65 67 66 69 6c 65 31 - 33 3a 20 30 30 30 30 30  regfile13:.00000
00000010 : 30 30 30                                           000

第[4761 / 4761]行 - 第[10]个字符开始有差异：
        --------------------
        0         1         
        01234567890123456789
        --------------------
文件1 : pc: 0040005c<CR>
文件2 : pc: 00400060<CR>
文件1(HEX) : 
00000000 : 70 63 3a 20 30 30 34 30 - 30 30 35 63              pc:.0040005c
文件2(HEX) : 
00000000 : 70 63 3a 20 30 30 34 30 - 30 30 36 30              pc:.00400060

第[4762 / 4762]行 - 第[7]个字符开始有差异：
        --------------------
        0         1         
        01234567890123456789
        --------------------
文件1 : instr: 000c6042<CR>
文件2 : instr: 24a50001<CR>
文件1(HEX) : 
00000000 : 69 6e 73 74 72 3a 20 30 - 30 30 63 36 30 34 32     instr:.000c6042
文件2(HEX) : 
00000000 : 69 6e 73 74 72 3a 20 32 - 34 61 35 30 30 30 31     instr:.24a50001

第[4767 / 4767]行 - 第[17]个字符开始有差异：
        --------------------
        0         1         
        01234567890123456789
        --------------------
文件1 : regfile4: 00000006<CR>
文件2 : regfile4: 00000005<CR>
文件1(HEX) : 
00000000 : 72 65 67 66 69 6c 65 34 - 3a 20 30 30 30 30 30 30  regfile4:.000000
00000010 : 30 36                                              06
文件2(HEX) : 
00000000 : 72 65 67 66 69 6c 65 34 - 3a 20 30 30 30 30 30 30  regfile4:.000000
00000010 : 30 35                                              05

第[4768 / 4768]行 - 第[17]个字符开始有差异：
        --------------------
        0         1         
        01234567890123456789
        --------------------
文件1 : regfile5: 00000005<CR>
文件2 : regfile5: 00000007<CR>
文件1(HEX) : 
00000000 : 72 65 67 66 69 6c 65 35 - 3a 20 30 30 30 30 30 30  regfile5:.000000
00000010 : 30 35                                              05
文件2(HEX) : 
00000000 : 72 65 67 66 69 6c 65 35 - 3a 20 30 30 30 30 30 30  regfile5:.000000
00000010 : 30 37                                              07

第[4769 / 4769]行 - 第[15]个字符开始有差异：
        --------------------
        0         1         
        01234567890123456789
        --------------------
文件1 : regfile6: 0000020d<CR>
文件2 : regfile6: 00000061<CR>
文件1(HEX) : 
00000000 : 72 65 67 66 69 6c 65 36 - 3a 20 30 30 30 30 30 32  regfile6:.000002
00000010 : 30 64                                              0d
文件2(HEX) : 
00000000 : 72 65 67 66 69 6c 65 36 - 3a 20 30 30 30 30 30 30  regfile6:.000000
00000010 : 36 31                                              61

第[4770 / 4770]行 - 第[15]个字符开始有差异：
        --------------------
        0         1         
        01234567890123456789
        --------------------
文件1 : regfile7: 0000020d<CR>
文件2 : regfile7: 00000060<CR>
文件1(HEX) : 
00000000 : 72 65 67 66 69 6c 65 37 - 3a 20 30 30 30 30 30 32  regfile7:.000002
00000010 : 30 64                                              0d
文件2(HEX) : 
00000000 : 72 65 67 66 69 6c 65 37 - 3a 20 30 30 30 30 30 30  regfile7:.000000
00000010 : 36 30                                              60

第[4771 / 4771]行 - 第[17]个字符开始有差异：
        --------------------
        0         1         
        01234567890123456789
        --------------------
文件1 : regfile8: 00000005<CR>
文件2 : regfile8: 00000004<CR>
文件1(HEX) : 
00000000 : 72 65 67 66 69 6c 65 38 - 3a 20 30 30 30 30 30 30  regfile8:.000000
00000010 : 30 35                                              05
文件2(HEX) : 
00000000 : 72 65 67 66 69 6c 65 38 - 3a 20 30 30 30 30 30 30  regfile8:.000000
00000010 : 30 34                                              04

第[4773 / 4773]行 - 第[17]个字符开始有差异：
        --------------------
        0         1         
        01234567890123456789
        --------------------
文件1 : regfile10: 00000001<CR>
文件2 : regfile10: 00000041<CR>
文件1(HEX) : 
00000000 : 72 65 67 66 69 6c 65 31 - 30 3a 20 30 30 30 30 30  regfile10:.00000
00000010 : 30 30 31                                           001
文件2(HEX) : 
00000000 : 72 65 67 66 69 6c 65 31 - 30 3a 20 30 30 30 30 30  regfile10:.00000
00000010 : 30 34 31                                           041

第[4774 / 4774]行 - 第[17]个字符开始有差异：
        --------------------
        0         1         
        01234567890123456789
        --------------------
文件1 : regfile11: 0000006e<CR>
文件2 : regfile11: 00000043<CR>
文件1(HEX) : 
00000000 : 72 65 67 66 69 6c 65 31 - 31 3a 20 30 30 30 30 30  regfile11:.00000
00000010 : 30 36 65                                           06e
文件2(HEX) : 
00000000 : 72 65 67 66 69 6c 65 31 - 31 3a 20 30 30 30 30 30  regfile11:.00000
00000010 : 30 34 33                                           043

第[4775 / 4775]行 - 第[17]个字符开始有差异：
        --------------------
        0         1         
        01234567890123456789
        --------------------
文件1 : regfile12: 0000006f<CR>
文件2 : regfile12: 00000042<CR>
文件1(HEX) : 
00000000 : 72 65 67 66 69 6c 65 31 - 32 3a 20 30 30 30 30 30  regfile12:.00000
00000010 : 30 36 66                                           06f
文件2(HEX) : 
00000000 : 72 65 67 66 69 6c 65 31 - 32 3a 20 30 30 30 30 30  regfile12:.00000
00000010 : 30 34 32                                           042

第[4776 / 4776]行 - 第[17]个字符开始有差异：
        --------------------
        0         1         
        01234567890123456789
        --------------------
文件1 : regfile13: 0000006d<CR>
文件2 : regfile13: 00000000<CR>
文件1(HEX) : 
00000000 : 72 65 67 66 69 6c 65 31 - 33 3a 20 30 30 30 30 30  regfile13:.00000
00000010 : 30 36 64                                           06d
文件2(HEX) : 
00000000 : 72 65 67 66 69 6c 65 31 - 33 3a 20 30 30 30 30 30  regfile13:.00000
00000010 : 30 30 30                                           000

第[4795 / 4795]行 - 第[11]个字符开始有差异：
        --------------------
        0         1         
        01234567890123456789
        --------------------
文件1 : pc: 00400060<CR>
文件2 : pc: 00400064<CR>
文件1(HEX) : 
00000000 : 70 63 3a 20 30 30 34 30 - 30 30 36 30              pc:.00400060
文件2(HEX) : 
00000000 : 70 63 3a 20 30 30 34 30 - 30 30 36 34              pc:.00400064

第[4796 / 4796]行 - 第[7]个字符开始有差异：
        --------------------
        0         1         
        01234567890123456789
        --------------------
文件1 : instr: 24a50001<CR>
文件2 : instr: 018a6823<CR>
文件1(HEX) : 
00000000 : 69 6e 73 74 72 3a 20 32 - 34 61 35 30 30 30 31     instr:.24a50001
文件2(HEX) : 
00000000 : 69 6e 73 74 72 3a 20 30 - 31 38 61 36 38 32 33     instr:.018a6823

第[4801 / 4801]行 - 第[17]个字符开始有差异：
        --------------------
        0         1         
        01234567890123456789
        --------------------
文件1 : regfile4: 00000006<CR>
文件2 : regfile4: 00000005<CR>
文件1(HEX) : 
00000000 : 72 65 67 66 69 6c 65 34 - 3a 20 30 30 30 30 30 30  regfile4:.000000
00000010 : 30 36                                              06
文件2(HEX) : 
00000000 : 72 65 67 66 69 6c 65 34 - 3a 20 30 30 30 30 30 30  regfile4:.000000
00000010 : 30 35                                              05

第[4802 / 4802]行 - 第[17]个字符开始有差异：
        --------------------
        0         1         
        01234567890123456789
        --------------------
文件1 : regfile5: 00000005<CR>
文件2 : regfile5: 00000007<CR>
文件1(HEX) : 
00000000 : 72 65 67 66 69 6c 65 35 - 3a 20 30 30 30 30 30 30  regfile5:.000000
00000010 : 30 35                                              05
文件2(HEX) : 
00000000 : 72 65 67 66 69 6c 65 35 - 3a 20 30 30 30 30 30 30  regfile5:.000000
00000010 : 30 37                                              07

第[4803 / 4803]行 - 第[15]个字符开始有差异：
        --------------------
        0         1         
        01234567890123456789
        --------------------
文件1 : regfile6: 0000020d<CR>
文件2 : regfile6: 00000061<CR>
文件1(HEX) : 
00000000 : 72 65 67 66 69 6c 65 36 - 3a 20 30 30 30 30 30 32  regfile6:.000002
00000010 : 30 64                                              0d
文件2(HEX) : 
00000000 : 72 65 67 66 69 6c 65 36 - 3a 20 30 30 30 30 30 30  regfile6:.000000
00000010 : 36 31                                              61

第[4804 / 4804]行 - 第[15]个字符开始有差异：
        --------------------
        0         1         
        01234567890123456789
        --------------------
文件1 : regfile7: 0000020d<CR>
文件2 : regfile7: 00000060<CR>
文件1(HEX) : 
00000000 : 72 65 67 66 69 6c 65 37 - 3a 20 30 30 30 30 30 32  regfile7:.000002
00000010 : 30 64                                              0d
文件2(HEX) : 
00000000 : 72 65 67 66 69 6c 65 37 - 3a 20 30 30 30 30 30 30  regfile7:.000000
00000010 : 36 30                                              60

第[4805 / 4805]行 - 第[17]个字符开始有差异：
        --------------------
        0         1         
        01234567890123456789
        --------------------
文件1 : regfile8: 00000005<CR>
文件2 : regfile8: 00000004<CR>
文件1(HEX) : 
00000000 : 72 65 67 66 69 6c 65 38 - 3a 20 30 30 30 30 30 30  regfile8:.000000
00000010 : 30 35                                              05
文件2(HEX) : 
00000000 : 72 65 67 66 69 6c 65 38 - 3a 20 30 30 30 30 30 30  regfile8:.000000
00000010 : 30 34                                              04

第[4807 / 4807]行 - 第[17]个字符开始有差异：
        --------------------
        0         1         
        01234567890123456789
        --------------------
文件1 : regfile10: 00000001<CR>
文件2 : regfile10: 00000041<CR>
文件1(HEX) : 
00000000 : 72 65 67 66 69 6c 65 31 - 30 3a 20 30 30 30 30 30  regfile10:.00000
00000010 : 30 30 31                                           001
文件2(HEX) : 
00000000 : 72 65 67 66 69 6c 65 31 - 30 3a 20 30 30 30 30 30  regfile10:.00000
00000010 : 30 34 31                                           041

第[4808 / 4808]行 - 第[17]个字符开始有差异：
        --------------------
        0         1         
        01234567890123456789
        --------------------
文件1 : regfile11: 0000006e<CR>
文件2 : regfile11: 00000043<CR>
文件1(HEX) : 
00000000 : 72 65 67 66 69 6c 65 31 - 31 3a 20 30 30 30 30 30  regfile11:.00000
00000010 : 30 36 65                                           06e
文件2(HEX) : 
00000000 : 72 65 67 66 69 6c 65 31 - 31 3a 20 30 30 30 30 30  regfile11:.00000
00000010 : 30 34 33                                           043

第[4809 / 4809]行 - 第[17]个字符开始有差异：
        --------------------
        0         1         
        01234567890123456789
        --------------------
文件1 : regfile12: 0000006f<CR>
文件2 : regfile12: 00000042<CR>
文件1(HEX) : 
00000000 : 72 65 67 66 69 6c 65 31 - 32 3a 20 30 30 30 30 30  regfile12:.00000
00000010 : 30 36 66                                           06f
文件2(HEX) : 
00000000 : 72 65 67 66 69 6c 65 31 - 32 3a 20 30 30 30 30 30  regfile12:.00000
00000010 : 30 34 32                                           042

第[4810 / 4810]行 - 第[11]个字符开始有差异：
        --------------------
        0         1         
        01234567890123456789
        --------------------
文件1 : regfile13: 80000000<CR>
文件2 : regfile13: 00000001<CR>
文件1(HEX) : 
00000000 : 72 65 67 66 69 6c 65 31 - 33 3a 20 38 30 30 30 30  regfile13:.80000
00000010 : 30 30 30                                           000
文件2(HEX) : 
00000000 : 72 65 67 66 69 6c 65 31 - 33 3a 20 30 30 30 30 30  regfile13:.00000
00000010 : 30 30 31                                           001

第[4829 / 4829]行 - 第[11]个字符开始有差异：
        --------------------
        0         1         
        01234567890123456789
        --------------------
文件1 : pc: 00400064<CR>
文件2 : pc: 00400068<CR>
文件1(HEX) : 
00000000 : 70 63 3a 20 30 30 34 30 - 30 30 36 34              pc:.00400064
文件2(HEX) : 
00000000 : 70 63 3a 20 30 30 34 30 - 30 30 36 38              pc:.00400068

第[4830 / 4830]行 - 第[8]个字符开始有差异：
        --------------------
        0         1         
        01234567890123456789
        --------------------
文件1 : instr: 018a6823<CR>
文件2 : instr: 00cd3020<CR>
文件1(HEX) : 
00000000 : 69 6e 73 74 72 3a 20 30 - 31 38 61 36 38 32 33     instr:.018a6823
文件2(HEX) : 
00000000 : 69 6e 73 74 72 3a 20 30 - 30 63 64 33 30 32 30     instr:.00cd3020

第[4835 / 4835]行 - 第[17]个字符开始有差异：
        --------------------
        0         1         
        01234567890123456789
        --------------------
文件1 : regfile4: 00000006<CR>
文件2 : regfile4: 00000005<CR>
文件1(HEX) : 
00000000 : 72 65 67 66 69 6c 65 34 - 3a 20 30 30 30 30 30 30  regfile4:.000000
00000010 : 30 36                                              06
文件2(HEX) : 
00000000 : 72 65 67 66 69 6c 65 34 - 3a 20 30 30 30 30 30 30  regfile4:.000000
00000010 : 30 35                                              05

第[4836 / 4836]行 - 第[17]个字符开始有差异：
        --------------------
        0         1         
        01234567890123456789
        --------------------
文件1 : regfile5: 00000005<CR>
文件2 : regfile5: 00000007<CR>
文件1(HEX) : 
00000000 : 72 65 67 66 69 6c 65 35 - 3a 20 30 30 30 30 30 30  regfile5:.000000
00000010 : 30 35                                              05
文件2(HEX) : 
00000000 : 72 65 67 66 69 6c 65 35 - 3a 20 30 30 30 30 30 30  regfile5:.000000
00000010 : 30 37                                              07

第[4837 / 4837]行 - 第[15]个字符开始有差异：
        --------------------
        0         1         
        01234567890123456789
        --------------------
文件1 : regfile6: 0000020d<CR>
文件2 : regfile6: 00000062<CR>
文件1(HEX) : 
00000000 : 72 65 67 66 69 6c 65 36 - 3a 20 30 30 30 30 30 32  regfile6:.000002
00000010 : 30 64                                              0d
文件2(HEX) : 
00000000 : 72 65 67 66 69 6c 65 36 - 3a 20 30 30 30 30 30 30  regfile6:.000000
00000010 : 36 32                                              62

第[4838 / 4838]行 - 第[15]个字符开始有差异：
        --------------------
        0         1         
        01234567890123456789
        --------------------
文件1 : regfile7: 0000020d<CR>
文件2 : regfile7: 00000060<CR>
文件1(HEX) : 
00000000 : 72 65 67 66 69 6c 65 37 - 3a 20 30 30 30 30 30 32  regfile7:.000002
00000010 : 30 64                                              0d
文件2(HEX) : 
00000000 : 72 65 67 66 69 6c 65 37 - 3a 20 30 30 30 30 30 30  regfile7:.000000
00000010 : 36 30                                              60

第[4839 / 4839]行 - 第[17]个字符开始有差异：
        --------------------
        0         1         
        01234567890123456789
        --------------------
文件1 : regfile8: 00000005<CR>
文件2 : regfile8: 00000004<CR>
文件1(HEX) : 
00000000 : 72 65 67 66 69 6c 65 38 - 3a 20 30 30 30 30 30 30  regfile8:.000000
00000010 : 30 35                                              05
文件2(HEX) : 
00000000 : 72 65 67 66 69 6c 65 38 - 3a 20 30 30 30 30 30 30  regfile8:.000000
00000010 : 30 34                                              04

第[4841 / 4841]行 - 第[17]个字符开始有差异：
        --------------------
        0         1         
        01234567890123456789
        --------------------
文件1 : regfile10: 00000001<CR>
文件2 : regfile10: 00000041<CR>
文件1(HEX) : 
00000000 : 72 65 67 66 69 6c 65 31 - 30 3a 20 30 30 30 30 30  regfile10:.00000
00000010 : 30 30 31                                           001
文件2(HEX) : 
00000000 : 72 65 67 66 69 6c 65 31 - 30 3a 20 30 30 30 30 30  regfile10:.00000
00000010 : 30 34 31                                           041

第[4842 / 4842]行 - 第[17]个字符开始有差异：
        --------------------
        0         1         
        01234567890123456789
        --------------------
文件1 : regfile11: 0000006e<CR>
文件2 : regfile11: 00000043<CR>
文件1(HEX) : 
00000000 : 72 65 67 66 69 6c 65 31 - 31 3a 20 30 30 30 30 30  regfile11:.00000
00000010 : 30 36 65                                           06e
文件2(HEX) : 
00000000 : 72 65 67 66 69 6c 65 31 - 31 3a 20 30 30 30 30 30  regfile11:.00000
00000010 : 30 34 33                                           043

第[4843 / 4843]行 - 第[17]个字符开始有差异：
        --------------------
        0         1         
        01234567890123456789
        --------------------
文件1 : regfile12: 0000006f<CR>
文件2 : regfile12: 00000042<CR>
文件1(HEX) : 
00000000 : 72 65 67 66 69 6c 65 31 - 32 3a 20 30 30 30 30 30  regfile12:.00000
00000010 : 30 36 66                                           06f
文件2(HEX) : 
00000000 : 72 65 67 66 69 6c 65 31 - 32 3a 20 30 30 30 30 30  regfile12:.00000
00000010 : 30 34 32                                           042

第[4844 / 4844]行 - 第[11]个字符开始有差异：
        --------------------
        0         1         
        01234567890123456789
        --------------------
文件1 : regfile13: 80000000<CR>
文件2 : regfile13: 00000001<CR>
文件1(HEX) : 
00000000 : 72 65 67 66 69 6c 65 31 - 33 3a 20 38 30 30 30 30  regfile13:.80000
00000010 : 30 30 30                                           000
文件2(HEX) : 
00000000 : 72 65 67 66 69 6c 65 31 - 33 3a 20 30 30 30 30 30  regfile13:.00000
00000010 : 30 30 31                                           001

第[4863 / 4863]行 - 第[11]个字符开始有差异：
        --------------------
        0         1         
        01234567890123456789
        --------------------
文件1 : pc: 00400068<CR>
文件2 : pc: 0040006c<CR>
文件1(HEX) : 
00000000 : 70 63 3a 20 30 30 34 30 - 30 30 36 38              pc:.00400068
文件2(HEX) : 
00000000 : 70 63 3a 20 30 30 34 30 - 30 30 36 63              pc:.0040006c

第[4864 / 4864]行 - 第[7]个字符开始有差异：
        --------------------
        0         1         
        01234567890123456789
        --------------------
文件1 : instr: 00cd3020<CR>
文件2 : instr: 246d0001<CR>
文件1(HEX) : 
00000000 : 69 6e 73 74 72 3a 20 30 - 30 63 64 33 30 32 30     instr:.00cd3020
文件2(HEX) : 
00000000 : 69 6e 73 74 72 3a 20 32 - 34 36 64 30 30 30 31     instr:.246d0001

第[4869 / 4869]行 - 第[17]个字符开始有差异：
        --------------------
        0         1         
        01234567890123456789
        --------------------
文件1 : regfile4: 00000006<CR>
文件2 : regfile4: 00000005<CR>
文件1(HEX) : 
00000000 : 72 65 67 66 69 6c 65 34 - 3a 20 30 30 30 30 30 30  regfile4:.000000
00000010 : 30 36                                              06
文件2(HEX) : 
00000000 : 72 65 67 66 69 6c 65 34 - 3a 20 30 30 30 30 30 30  regfile4:.000000
00000010 : 30 35                                              05

第[4870 / 4870]行 - 第[17]个字符开始有差异：
        --------------------
        0         1         
        01234567890123456789
        --------------------
文件1 : regfile5: 00000005<CR>
文件2 : regfile5: 00000007<CR>
文件1(HEX) : 
00000000 : 72 65 67 66 69 6c 65 35 - 3a 20 30 30 30 30 30 30  regfile5:.000000
00000010 : 30 35                                              05
文件2(HEX) : 
00000000 : 72 65 67 66 69 6c 65 35 - 3a 20 30 30 30 30 30 30  regfile5:.000000
00000010 : 30 37                                              07

第[4871 / 4871]行 - 第[15]个字符开始有差异：
        --------------------
        0         1         
        01234567890123456789
        --------------------
文件1 : regfile6: 0000020d<CR>
文件2 : regfile6: 00000062<CR>
文件1(HEX) : 
00000000 : 72 65 67 66 69 6c 65 36 - 3a 20 30 30 30 30 30 32  regfile6:.000002
00000010 : 30 64                                              0d
文件2(HEX) : 
00000000 : 72 65 67 66 69 6c 65 36 - 3a 20 30 30 30 30 30 30  regfile6:.000000
00000010 : 36 32                                              62

第[4872 / 4872]行 - 第[15]个字符开始有差异：
        --------------------
        0         1         
        01234567890123456789
        --------------------
文件1 : regfile7: 0000020d<CR>
文件2 : regfile7: 00000060<CR>
文件1(HEX) : 
00000000 : 72 65 67 66 69 6c 65 37 - 3a 20 30 30 30 30 30 32  regfile7:.000002
00000010 : 30 64                                              0d
文件2(HEX) : 
00000000 : 72 65 67 66 69 6c 65 37 - 3a 20 30 30 30 30 30 30  regfile7:.000000
00000010 : 36 30                                              60

第[4873 / 4873]行 - 第[17]个字符开始有差异：
        --------------------
        0         1         
        01234567890123456789
        --------------------
文件1 : regfile8: 00000005<CR>
文件2 : regfile8: 00000004<CR>
文件1(HEX) : 
00000000 : 72 65 67 66 69 6c 65 38 - 3a 20 30 30 30 30 30 30  regfile8:.000000
00000010 : 30 35                                              05
文件2(HEX) : 
00000000 : 72 65 67 66 69 6c 65 38 - 3a 20 30 30 30 30 30 30  regfile8:.000000
00000010 : 30 34                                              04

第[4875 / 4875]行 - 第[17]个字符开始有差异：
        --------------------
        0         1         
        01234567890123456789
        --------------------
文件1 : regfile10: 00000001<CR>
文件2 : regfile10: 00000041<CR>
文件1(HEX) : 
00000000 : 72 65 67 66 69 6c 65 31 - 30 3a 20 30 30 30 30 30  regfile10:.00000
00000010 : 30 30 31                                           001
文件2(HEX) : 
00000000 : 72 65 67 66 69 6c 65 31 - 30 3a 20 30 30 30 30 30  regfile10:.00000
00000010 : 30 34 31                                           041

第[4876 / 4876]行 - 第[17]个字符开始有差异：
        --------------------
        0         1         
        01234567890123456789
        --------------------
文件1 : regfile11: 0000006e<CR>
文件2 : regfile11: 00000043<CR>
文件1(HEX) : 
00000000 : 72 65 67 66 69 6c 65 31 - 31 3a 20 30 30 30 30 30  regfile11:.00000
00000010 : 30 36 65                                           06e
文件2(HEX) : 
00000000 : 72 65 67 66 69 6c 65 31 - 31 3a 20 30 30 30 30 30  regfile11:.00000
00000010 : 30 34 33                                           043

第[4877 / 4877]行 - 第[17]个字符开始有差异：
        --------------------
        0         1         
        01234567890123456789
        --------------------
文件1 : regfile12: 0000006f<CR>
文件2 : regfile12: 00000042<CR>
文件1(HEX) : 
00000000 : 72 65 67 66 69 6c 65 31 - 32 3a 20 30 30 30 30 30  regfile12:.00000
00000010 : 30 36 66                                           06f
文件2(HEX) : 
00000000 : 72 65 67 66 69 6c 65 31 - 32 3a 20 30 30 30 30 30  regfile12:.00000
00000010 : 30 34 32                                           042

第[4878 / 4878]行 - 第[11]个字符开始有差异：
        --------------------
        0         1         
        01234567890123456789
        --------------------
文件1 : regfile13: 80000000<CR>
文件2 : regfile13: 00000043<CR>
文件1(HEX) : 
00000000 : 72 65 67 66 69 6c 65 31 - 33 3a 20 38 30 30 30 30  regfile13:.80000
00000010 : 30 30 30                                           000
文件2(HEX) : 
00000000 : 72 65 67 66 69 6c 65 31 - 33 3a 20 30 30 30 30 30  regfile13:.00000
00000010 : 30 34 33                                           043

第[4897 / 4897]行 - 第[10]个字符开始有差异：
        --------------------
        0         1         
        01234567890123456789
        --------------------
文件1 : pc: 0040006c<CR>
文件2 : pc: 00400070<CR>
文件1(HEX) : 
00000000 : 70 63 3a 20 30 30 34 30 - 30 30 36 63              pc:.0040006c
文件2(HEX) : 
00000000 : 70 63 3a 20 30 30 34 30 - 30 30 37 30              pc:.00400070

第[4898 / 4898]行 - 第[7]个字符开始有差异：
        --------------------
        0         1         
        01234567890123456789
        --------------------
文件1 : instr: 246d0001<CR>
文件2 : instr: 018d702b<CR>
文件1(HEX) : 
00000000 : 69 6e 73 74 72 3a 20 32 - 34 36 64 30 30 30 31     instr:.246d0001
文件2(HEX) : 
00000000 : 69 6e 73 74 72 3a 20 30 - 31 38 64 37 30 32 62     instr:.018d702b

第[4903 / 4903]行 - 第[17]个字符开始有差异：
        --------------------
        0         1         
        01234567890123456789
        --------------------
文件1 : regfile4: 00000006<CR>
文件2 : regfile4: 00000005<CR>
文件1(HEX) : 
00000000 : 72 65 67 66 69 6c 65 34 - 3a 20 30 30 30 30 30 30  regfile4:.000000
00000010 : 30 36                                              06
文件2(HEX) : 
00000000 : 72 65 67 66 69 6c 65 34 - 3a 20 30 30 30 30 30 30  regfile4:.000000
00000010 : 30 35                                              05

第[4904 / 4904]行 - 第[17]个字符开始有差异：
        --------------------
        0         1         
        01234567890123456789
        --------------------
文件1 : regfile5: 00000005<CR>
文件2 : regfile5: 00000007<CR>
文件1(HEX) : 
00000000 : 72 65 67 66 69 6c 65 35 - 3a 20 30 30 30 30 30 30  regfile5:.000000
00000010 : 30 35                                              05
文件2(HEX) : 
00000000 : 72 65 67 66 69 6c 65 35 - 3a 20 30 30 30 30 30 30  regfile5:.000000
00000010 : 30 37                                              07

第[4905 / 4905]行 - 第[15]个字符开始有差异：
        --------------------
        0         1         
        01234567890123456789
        --------------------
文件1 : regfile6: 0000020d<CR>
文件2 : regfile6: 00000062<CR>
文件1(HEX) : 
00000000 : 72 65 67 66 69 6c 65 36 - 3a 20 30 30 30 30 30 32  regfile6:.000002
00000010 : 30 64                                              0d
文件2(HEX) : 
00000000 : 72 65 67 66 69 6c 65 36 - 3a 20 30 30 30 30 30 30  regfile6:.000000
00000010 : 36 32                                              62

第[4906 / 4906]行 - 第[15]个字符开始有差异：
        --------------------
        0         1         
        01234567890123456789
        --------------------
文件1 : regfile7: 0000020d<CR>
文件2 : regfile7: 00000060<CR>
文件1(HEX) : 
00000000 : 72 65 67 66 69 6c 65 37 - 3a 20 30 30 30 30 30 32  regfile7:.000002
00000010 : 30 64                                              0d
文件2(HEX) : 
00000000 : 72 65 67 66 69 6c 65 37 - 3a 20 30 30 30 30 30 30  regfile7:.000000
00000010 : 36 30                                              60

第[4907 / 4907]行 - 第[17]个字符开始有差异：
        --------------------
        0         1         
        01234567890123456789
        --------------------
文件1 : regfile8: 00000005<CR>
文件2 : regfile8: 00000004<CR>
文件1(HEX) : 
00000000 : 72 65 67 66 69 6c 65 38 - 3a 20 30 30 30 30 30 30  regfile8:.000000
00000010 : 30 35                                              05
文件2(HEX) : 
00000000 : 72 65 67 66 69 6c 65 38 - 3a 20 30 30 30 30 30 30  regfile8:.000000
00000010 : 30 34                                              04

第[4909 / 4909]行 - 第[17]个字符开始有差异：
        --------------------
        0         1         
        01234567890123456789
        --------------------
文件1 : regfile10: 00000001<CR>
文件2 : regfile10: 00000041<CR>
文件1(HEX) : 
00000000 : 72 65 67 66 69 6c 65 31 - 30 3a 20 30 30 30 30 30  regfile10:.00000
00000010 : 30 30 31                                           001
文件2(HEX) : 
00000000 : 72 65 67 66 69 6c 65 31 - 30 3a 20 30 30 30 30 30  regfile10:.00000
00000010 : 30 34 31                                           041

第[4910 / 4910]行 - 第[17]个字符开始有差异：
        --------------------
        0         1         
        01234567890123456789
        --------------------
文件1 : regfile11: 0000006e<CR>
文件2 : regfile11: 00000043<CR>
文件1(HEX) : 
00000000 : 72 65 67 66 69 6c 65 31 - 31 3a 20 30 30 30 30 30  regfile11:.00000
00000010 : 30 36 65                                           06e
文件2(HEX) : 
00000000 : 72 65 67 66 69 6c 65 31 - 31 3a 20 30 30 30 30 30  regfile11:.00000
00000010 : 30 34 33                                           043

第[4911 / 4911]行 - 第[17]个字符开始有差异：
        --------------------
        0         1         
        01234567890123456789
        --------------------
文件1 : regfile12: 00000070<CR>
文件2 : regfile12: 00000042<CR>
文件1(HEX) : 
00000000 : 72 65 67 66 69 6c 65 31 - 32 3a 20 30 30 30 30 30  regfile12:.00000
00000010 : 30 37 30                                           070
文件2(HEX) : 
00000000 : 72 65 67 66 69 6c 65 31 - 32 3a 20 30 30 30 30 30  regfile12:.00000
00000010 : 30 34 32                                           042

第[4912 / 4912]行 - 第[11]个字符开始有差异：
        --------------------
        0         1         
        01234567890123456789
        --------------------
文件1 : regfile13: 80000000<CR>
文件2 : regfile13: 00000043<CR>
文件1(HEX) : 
00000000 : 72 65 67 66 69 6c 65 31 - 33 3a 20 38 30 30 30 30  regfile13:.80000
00000010 : 30 30 30                                           000
文件2(HEX) : 
00000000 : 72 65 67 66 69 6c 65 31 - 33 3a 20 30 30 30 30 30  regfile13:.00000
00000010 : 30 34 33                                           043

第[4913 / 4913]行 - 第[18]个字符开始有差异：
        --------------------
        0         1         
        01234567890123456789
        --------------------
文件1 : regfile14: 00000000<CR>
文件2 : regfile14: 00000001<CR>
文件1(HEX) : 
00000000 : 72 65 67 66 69 6c 65 31 - 34 3a 20 30 30 30 30 30  regfile14:.00000
00000010 : 30 30 30                                           000
文件2(HEX) : 
00000000 : 72 65 67 66 69 6c 65 31 - 34 3a 20 30 30 30 30 30  regfile14:.00000
00000010 : 30 30 31                                           001

第[4931 / 4931]行 - 第[11]个字符开始有差异：
        --------------------
        0         1         
        01234567890123456789
        --------------------
文件1 : pc: 00400070<CR>
文件2 : pc: 00400074<CR>
文件1(HEX) : 
00000000 : 70 63 3a 20 30 30 34 30 - 30 30 37 30              pc:.00400070
文件2(HEX) : 
00000000 : 70 63 3a 20 30 30 34 30 - 30 30 37 34              pc:.00400074

第[4932 / 4932]行 - 第[7]个字符开始有差异：
        --------------------
        0         1         
        01234567890123456789
        --------------------
文件1 : instr: 018d702b<CR>
文件2 : instr: 11c00006<CR>
文件1(HEX) : 
00000000 : 69 6e 73 74 72 3a 20 30 - 31 38 64 37 30 32 62     instr:.018d702b
文件2(HEX) : 
00000000 : 69 6e 73 74 72 3a 20 31 - 31 63 30 30 30 30 36     instr:.11c00006

第[4937 / 4937]行 - 第[17]个字符开始有差异：
        --------------------
        0         1         
        01234567890123456789
        --------------------
文件1 : regfile4: 00000006<CR>
文件2 : regfile4: 00000005<CR>
文件1(HEX) : 
00000000 : 72 65 67 66 69 6c 65 34 - 3a 20 30 30 30 30 30 30  regfile4:.000000
00000010 : 30 36                                              06
文件2(HEX) : 
00000000 : 72 65 67 66 69 6c 65 34 - 3a 20 30 30 30 30 30 30  regfile4:.000000
00000010 : 30 35                                              05

第[4938 / 4938]行 - 第[17]个字符开始有差异：
        --------------------
        0         1         
        01234567890123456789
        --------------------
文件1 : regfile5: 00000005<CR>
文件2 : regfile5: 00000007<CR>
文件1(HEX) : 
00000000 : 72 65 67 66 69 6c 65 35 - 3a 20 30 30 30 30 30 30  regfile5:.000000
00000010 : 30 35                                              05
文件2(HEX) : 
00000000 : 72 65 67 66 69 6c 65 35 - 3a 20 30 30 30 30 30 30  regfile5:.000000
00000010 : 30 37                                              07

第[4939 / 4939]行 - 第[15]个字符开始有差异：
        --------------------
        0         1         
        01234567890123456789
        --------------------
文件1 : regfile6: 0000020d<CR>
文件2 : regfile6: 00000062<CR>
文件1(HEX) : 
00000000 : 72 65 67 66 69 6c 65 36 - 3a 20 30 30 30 30 30 32  regfile6:.000002
00000010 : 30 64                                              0d
文件2(HEX) : 
00000000 : 72 65 67 66 69 6c 65 36 - 3a 20 30 30 30 30 30 30  regfile6:.000000
00000010 : 36 32                                              62

第[4940 / 4940]行 - 第[15]个字符开始有差异：
        --------------------
        0         1         
        01234567890123456789
        --------------------
文件1 : regfile7: 0000020d<CR>
文件2 : regfile7: 00000060<CR>
文件1(HEX) : 
00000000 : 72 65 67 66 69 6c 65 37 - 3a 20 30 30 30 30 30 32  regfile7:.000002
00000010 : 30 64                                              0d
文件2(HEX) : 
00000000 : 72 65 67 66 69 6c 65 37 - 3a 20 30 30 30 30 30 30  regfile7:.000000
00000010 : 36 30                                              60

第[4941 / 4941]行 - 第[17]个字符开始有差异：
        --------------------
        0         1         
        01234567890123456789
        --------------------
文件1 : regfile8: 00000005<CR>
文件2 : regfile8: 00000004<CR>
文件1(HEX) : 
00000000 : 72 65 67 66 69 6c 65 38 - 3a 20 30 30 30 30 30 30  regfile8:.000000
00000010 : 30 35                                              05
文件2(HEX) : 
00000000 : 72 65 67 66 69 6c 65 38 - 3a 20 30 30 30 30 30 30  regfile8:.000000
00000010 : 30 34                                              04

第[4943 / 4943]行 - 第[17]个字符开始有差异：
        --------------------
        0         1         
        01234567890123456789
        --------------------
文件1 : regfile10: 00000001<CR>
文件2 : regfile10: 00000041<CR>
文件1(HEX) : 
00000000 : 72 65 67 66 69 6c 65 31 - 30 3a 20 30 30 30 30 30  regfile10:.00000
00000010 : 30 30 31                                           001
文件2(HEX) : 
00000000 : 72 65 67 66 69 6c 65 31 - 30 3a 20 30 30 30 30 30  regfile10:.00000
00000010 : 30 34 31                                           041

第[4944 / 4944]行 - 第[17]个字符开始有差异：
        --------------------
        0         1         
        01234567890123456789
        --------------------
文件1 : regfile11: 0000006e<CR>
文件2 : regfile11: 00000043<CR>
文件1(HEX) : 
00000000 : 72 65 67 66 69 6c 65 31 - 31 3a 20 30 30 30 30 30  regfile11:.00000
00000010 : 30 36 65                                           06e
文件2(HEX) : 
00000000 : 72 65 67 66 69 6c 65 31 - 31 3a 20 30 30 30 30 30  regfile11:.00000
00000010 : 30 34 33                                           043

第[4945 / 4945]行 - 第[17]个字符开始有差异：
        --------------------
        0         1         
        01234567890123456789
        --------------------
文件1 : regfile12: 00000070<CR>
文件2 : regfile12: 00000042<CR>
文件1(HEX) : 
00000000 : 72 65 67 66 69 6c 65 31 - 32 3a 20 30 30 30 30 30  regfile12:.00000
00000010 : 30 37 30                                           070
文件2(HEX) : 
00000000 : 72 65 67 66 69 6c 65 31 - 32 3a 20 30 30 30 30 30  regfile12:.00000
00000010 : 30 34 32                                           042

第[4946 / 4946]行 - 第[11]个字符开始有差异：
        --------------------
        0         1         
        01234567890123456789
        --------------------
文件1 : regfile13: 80000000<CR>
文件2 : regfile13: 00000043<CR>
文件1(HEX) : 
00000000 : 72 65 67 66 69 6c 65 31 - 33 3a 20 38 30 30 30 30  regfile13:.80000
00000010 : 30 30 30                                           000
文件2(HEX) : 
00000000 : 72 65 67 66 69 6c 65 31 - 33 3a 20 30 30 30 30 30  regfile13:.00000
00000010 : 30 34 33                                           043

第[4947 / 4947]行 - 第[18]个字符开始有差异：
        --------------------
        0         1         
        01234567890123456789
        --------------------
文件1 : regfile14: 00000000<CR>
文件2 : regfile14: 00000001<CR>
文件1(HEX) : 
00000000 : 72 65 67 66 69 6c 65 31 - 34 3a 20 30 30 30 30 30  regfile14:.00000
00000010 : 30 30 30                                           000
文件2(HEX) : 
00000000 : 72 65 67 66 69 6c 65 31 - 34 3a 20 30 30 30 30 30  regfile14:.00000
00000010 : 30 30 31                                           001

第[4965 / 4965]行 - 第[11]个字符开始有差异：
        --------------------
        0         1         
        01234567890123456789
        --------------------
文件1 : pc: 00400074<CR>
文件2 : pc: 00400078<CR>
文件1(HEX) : 
00000000 : 70 63 3a 20 30 30 34 30 - 30 30 37 34              pc:.00400074
文件2(HEX) : 
00000000 : 70 63 3a 20 30 30 34 30 - 30 30 37 38              pc:.00400078

第[4966 / 4966]行 - 第[7]个字符开始有差异：
        --------------------
        0         1         
        01234567890123456789
        --------------------
文件1 : instr: 11c00006<CR>
文件2 : instr: 24090000<CR>
文件1(HEX) : 
00000000 : 69 6e 73 74 72 3a 20 31 - 31 63 30 30 30 30 36     instr:.11c00006
文件2(HEX) : 
00000000 : 69 6e 73 74 72 3a 20 32 - 34 30 39 30 30 30 30     instr:.24090000

第[4971 / 4971]行 - 第[17]个字符开始有差异：
        --------------------
        0         1         
        01234567890123456789
        --------------------
文件1 : regfile4: 00000006<CR>
文件2 : regfile4: 00000005<CR>
文件1(HEX) : 
00000000 : 72 65 67 66 69 6c 65 34 - 3a 20 30 30 30 30 30 30  regfile4:.000000
00000010 : 30 36                                              06
文件2(HEX) : 
00000000 : 72 65 67 66 69 6c 65 34 - 3a 20 30 30 30 30 30 30  regfile4:.000000
00000010 : 30 35                                              05

第[4972 / 4972]行 - 第[17]个字符开始有差异：
        --------------------
        0         1         
        01234567890123456789
        --------------------
文件1 : regfile5: 00000006<CR>
文件2 : regfile5: 00000007<CR>
文件1(HEX) : 
00000000 : 72 65 67 66 69 6c 65 35 - 3a 20 30 30 30 30 30 30  regfile5:.000000
00000010 : 30 36                                              06
文件2(HEX) : 
00000000 : 72 65 67 66 69 6c 65 35 - 3a 20 30 30 30 30 30 30  regfile5:.000000
00000010 : 30 37                                              07

第[4973 / 4973]行 - 第[15]个字符开始有差异：
        --------------------
        0         1         
        01234567890123456789
        --------------------
文件1 : regfile6: 0000020d<CR>
文件2 : regfile6: 00000062<CR>
文件1(HEX) : 
00000000 : 72 65 67 66 69 6c 65 36 - 3a 20 30 30 30 30 30 32  regfile6:.000002
00000010 : 30 64                                              0d
文件2(HEX) : 
00000000 : 72 65 67 66 69 6c 65 36 - 3a 20 30 30 30 30 30 30  regfile6:.000000
00000010 : 36 32                                              62

第[4974 / 4974]行 - 第[15]个字符开始有差异：
        --------------------
        0         1         
        01234567890123456789
        --------------------
文件1 : regfile7: 0000020d<CR>
文件2 : regfile7: 00000060<CR>
文件1(HEX) : 
00000000 : 72 65 67 66 69 6c 65 37 - 3a 20 30 30 30 30 30 32  regfile7:.000002
00000010 : 30 64                                              0d
文件2(HEX) : 
00000000 : 72 65 67 66 69 6c 65 37 - 3a 20 30 30 30 30 30 30  regfile7:.000000
00000010 : 36 30                                              60

第[4975 / 4975]行 - 第[17]个字符开始有差异：
        --------------------
        0         1         
        01234567890123456789
        --------------------
文件1 : regfile8: 00000005<CR>
文件2 : regfile8: 00000004<CR>
文件1(HEX) : 
00000000 : 72 65 67 66 69 6c 65 38 - 3a 20 30 30 30 30 30 30  regfile8:.000000
00000010 : 30 35                                              05
文件2(HEX) : 
00000000 : 72 65 67 66 69 6c 65 38 - 3a 20 30 30 30 30 30 30  regfile8:.000000
00000010 : 30 34                                              04

第[4976 / 4976]行 - 第[17]个字符开始有差异：
        --------------------
        0         1         
        01234567890123456789
        --------------------
文件1 : regfile9: 00000001<CR>
文件2 : regfile9: 00000000<CR>
文件1(HEX) : 
00000000 : 72 65 67 66 69 6c 65 39 - 3a 20 30 30 30 30 30 30  regfile9:.000000
00000010 : 30 31                                              01
文件2(HEX) : 
00000000 : 72 65 67 66 69 6c 65 39 - 3a 20 30 30 30 30 30 30  regfile9:.000000
00000010 : 30 30                                              00

第[4977 / 4977]行 - 第[17]个字符开始有差异：
        --------------------
        0         1         
        01234567890123456789
        --------------------
文件1 : regfile10: 00000001<CR>
文件2 : regfile10: 00000041<CR>
文件1(HEX) : 
00000000 : 72 65 67 66 69 6c 65 31 - 30 3a 20 30 30 30 30 30  regfile10:.00000
00000010 : 30 30 31                                           001
文件2(HEX) : 
00000000 : 72 65 67 66 69 6c 65 31 - 30 3a 20 30 30 30 30 30  regfile10:.00000
00000010 : 30 34 31                                           041

第[4978 / 4978]行 - 第[17]个字符开始有差异：
        --------------------
        0         1         
        01234567890123456789
        --------------------
文件1 : regfile11: 0000006e<CR>
文件2 : regfile11: 00000043<CR>
文件1(HEX) : 
00000000 : 72 65 67 66 69 6c 65 31 - 31 3a 20 30 30 30 30 30  regfile11:.00000
00000010 : 30 36 65                                           06e
文件2(HEX) : 
00000000 : 72 65 67 66 69 6c 65 31 - 31 3a 20 30 30 30 30 30  regfile11:.00000
00000010 : 30 34 33                                           043

第[4979 / 4979]行 - 第[17]个字符开始有差异：
        --------------------
        0         1         
        01234567890123456789
        --------------------
文件1 : regfile12: 00000070<CR>
文件2 : regfile12: 00000042<CR>
文件1(HEX) : 
00000000 : 72 65 67 66 69 6c 65 31 - 32 3a 20 30 30 30 30 30  regfile12:.00000
00000010 : 30 37 30                                           070
文件2(HEX) : 
00000000 : 72 65 67 66 69 6c 65 31 - 32 3a 20 30 30 30 30 30  regfile12:.00000
00000010 : 30 34 32                                           042

第[4980 / 4980]行 - 第[11]个字符开始有差异：
        --------------------
        0         1         
        01234567890123456789
        --------------------
文件1 : regfile13: 80000000<CR>
文件2 : regfile13: 00000043<CR>
文件1(HEX) : 
00000000 : 72 65 67 66 69 6c 65 31 - 33 3a 20 38 30 30 30 30  regfile13:.80000
00000010 : 30 30 30                                           000
文件2(HEX) : 
00000000 : 72 65 67 66 69 6c 65 31 - 33 3a 20 30 30 30 30 30  regfile13:.00000
00000010 : 30 34 33                                           043

第[4981 / 4981]行 - 第[18]个字符开始有差异：
        --------------------
        0         1         
        01234567890123456789
        --------------------
文件1 : regfile14: 00000000<CR>
文件2 : regfile14: 00000001<CR>
文件1(HEX) : 
00000000 : 72 65 67 66 69 6c 65 31 - 34 3a 20 30 30 30 30 30  regfile14:.00000
00000010 : 30 30 30                                           000
文件2(HEX) : 
00000000 : 72 65 67 66 69 6c 65 31 - 34 3a 20 30 30 30 30 30  regfile14:.00000
00000010 : 30 30 31                                           001

第[4999 / 4999]行 - 第[11]个字符开始有差异：
        --------------------
        0         1         
        01234567890123456789
        --------------------
文件1 : pc: 00400074<CR>
文件2 : pc: 0040007c<CR>
文件1(HEX) : 
00000000 : 70 63 3a 20 30 30 34 30 - 30 30 37 34              pc:.00400074
文件2(HEX) : 
00000000 : 70 63 3a 20 30 30 34 30 - 30 30 37 63              pc:.0040007c

第[5000 / 5000]行 - 第[10]个字符开始有差异：
        --------------------
        0         1         
        01234567890123456789
        --------------------
文件1 : instr: 00000000<CR>
文件2 : instr: 000c5020<CR>
文件1(HEX) : 
00000000 : 69 6e 73 74 72 3a 20 30 - 30 30 30 30 30 30 30     instr:.00000000
文件2(HEX) : 
00000000 : 69 6e 73 74 72 3a 20 30 - 30 30 63 35 30 32 30     instr:.000c5020

第[5005 / 5005]行 - 第[17]个字符开始有差异：
        --------------------
        0         1         
        01234567890123456789
        --------------------
文件1 : regfile4: 00000006<CR>
文件2 : regfile4: 00000005<CR>
文件1(HEX) : 
00000000 : 72 65 67 66 69 6c 65 34 - 3a 20 30 30 30 30 30 30  regfile4:.000000
00000010 : 30 36                                              06
文件2(HEX) : 
00000000 : 72 65 67 66 69 6c 65 34 - 3a 20 30 30 30 30 30 30  regfile4:.000000
00000010 : 30 35                                              05

第[5006 / 5006]行 - 第[17]个字符开始有差异：
        --------------------
        0         1         
        01234567890123456789
        --------------------
文件1 : regfile5: 00000006<CR>
文件2 : regfile5: 00000007<CR>
文件1(HEX) : 
00000000 : 72 65 67 66 69 6c 65 35 - 3a 20 30 30 30 30 30 30  regfile5:.000000
00000010 : 30 36                                              06
文件2(HEX) : 
00000000 : 72 65 67 66 69 6c 65 35 - 3a 20 30 30 30 30 30 30  regfile5:.000000
00000010 : 30 37                                              07

第[5007 / 5007]行 - 第[15]个字符开始有差异：
        --------------------
        0         1         
        01234567890123456789
        --------------------
文件1 : regfile6: 0000020d<CR>
文件2 : regfile6: 00000062<CR>
文件1(HEX) : 
00000000 : 72 65 67 66 69 6c 65 36 - 3a 20 30 30 30 30 30 32  regfile6:.000002
00000010 : 30 64                                              0d
文件2(HEX) : 
00000000 : 72 65 67 66 69 6c 65 36 - 3a 20 30 30 30 30 30 30  regfile6:.000000
00000010 : 36 32                                              62

第[5008 / 5008]行 - 第[15]个字符开始有差异：
        --------------------
        0         1         
        01234567890123456789
        --------------------
文件1 : regfile7: 0000020d<CR>
文件2 : regfile7: 00000060<CR>
文件1(HEX) : 
00000000 : 72 65 67 66 69 6c 65 37 - 3a 20 30 30 30 30 30 32  regfile7:.000002
00000010 : 30 64                                              0d
文件2(HEX) : 
00000000 : 72 65 67 66 69 6c 65 37 - 3a 20 30 30 30 30 30 30  regfile7:.000000
00000010 : 36 30                                              60

第[5009 / 5009]行 - 第[17]个字符开始有差异：
        --------------------
        0         1         
        01234567890123456789
        --------------------
文件1 : regfile8: 00000005<CR>
文件2 : regfile8: 00000004<CR>
文件1(HEX) : 
00000000 : 72 65 67 66 69 6c 65 38 - 3a 20 30 30 30 30 30 30  regfile8:.000000
00000010 : 30 35                                              05
文件2(HEX) : 
00000000 : 72 65 67 66 69 6c 65 38 - 3a 20 30 30 30 30 30 30  regfile8:.000000
00000010 : 30 34                                              04

第[5010 / 5010]行 - 第[17]个字符开始有差异：
        --------------------
        0         1         
        01234567890123456789
        --------------------
文件1 : regfile9: 00000001<CR>
文件2 : regfile9: 00000000<CR>
文件1(HEX) : 
00000000 : 72 65 67 66 69 6c 65 39 - 3a 20 30 30 30 30 30 30  regfile9:.000000
00000010 : 30 31                                              01
文件2(HEX) : 
00000000 : 72 65 67 66 69 6c 65 39 - 3a 20 30 30 30 30 30 30  regfile9:.000000
00000010 : 30 30                                              00

第[5011 / 5011]行 - 第[17]个字符开始有差异：
        --------------------
        0         1         
        01234567890123456789
        --------------------
文件1 : regfile10: 00000001<CR>
文件2 : regfile10: 00000042<CR>
文件1(HEX) : 
00000000 : 72 65 67 66 69 6c 65 31 - 30 3a 20 30 30 30 30 30  regfile10:.00000
00000010 : 30 30 31                                           001
文件2(HEX) : 
00000000 : 72 65 67 66 69 6c 65 31 - 30 3a 20 30 30 30 30 30  regfile10:.00000
00000010 : 30 34 32                                           042

第[5012 / 5012]行 - 第[17]个字符开始有差异：
        --------------------
        0         1         
        01234567890123456789
        --------------------
文件1 : regfile11: 0000006e<CR>
文件2 : regfile11: 00000043<CR>
文件1(HEX) : 
00000000 : 72 65 67 66 69 6c 65 31 - 31 3a 20 30 30 30 30 30  regfile11:.00000
00000010 : 30 36 65                                           06e
文件2(HEX) : 
00000000 : 72 65 67 66 69 6c 65 31 - 31 3a 20 30 30 30 30 30  regfile11:.00000
00000010 : 30 34 33                                           043

第[5013 / 5013]行 - 第[17]个字符开始有差异：
        --------------------
        0         1         
        01234567890123456789
        --------------------
文件1 : regfile12: 00000070<CR>
文件2 : regfile12: 00000042<CR>
文件1(HEX) : 
00000000 : 72 65 67 66 69 6c 65 31 - 32 3a 20 30 30 30 30 30  regfile12:.00000
00000010 : 30 37 30                                           070
文件2(HEX) : 
00000000 : 72 65 67 66 69 6c 65 31 - 32 3a 20 30 30 30 30 30  regfile12:.00000
00000010 : 30 34 32                                           042

第[5014 / 5014]行 - 第[17]个字符开始有差异：
        --------------------
        0         1         
        01234567890123456789
        --------------------
文件1 : regfile13: 0000006f<CR>
文件2 : regfile13: 00000043<CR>
文件1(HEX) : 
00000000 : 72 65 67 66 69 6c 65 31 - 33 3a 20 30 30 30 30 30  regfile13:.00000
00000010 : 30 36 66                                           06f
文件2(HEX) : 
00000000 : 72 65 67 66 69 6c 65 31 - 33 3a 20 30 30 30 30 30  regfile13:.00000
00000010 : 30 34 33                                           043

第[5015 / 5015]行 - 第[18]个字符开始有差异：
        --------------------
        0         1         
        01234567890123456789
        --------------------
文件1 : regfile14: 00000000<CR>
文件2 : regfile14: 00000001<CR>
文件1(HEX) : 
00000000 : 72 65 67 66 69 6c 65 31 - 34 3a 20 30 30 30 30 30  regfile14:.00000
00000010 : 30 30 30                                           000
文件2(HEX) : 
00000000 : 72 65 67 66 69 6c 65 31 - 34 3a 20 30 30 30 30 30  regfile14:.00000
00000010 : 30 30 31                                           001

第[5033 / 5033]行 - 第[10]个字符开始有差异：
        --------------------
        0         1         
        01234567890123456789
        --------------------
文件1 : pc: 00400090<CR>
文件2 : pc: 00400080<CR>
文件1(HEX) : 
00000000 : 70 63 3a 20 30 30 34 30 - 30 30 39 30              pc:.00400090
文件2(HEX) : 
00000000 : 70 63 3a 20 30 30 34 30 - 30 30 38 30              pc:.00400080

第[5034 / 5034]行 - 第[9]个字符开始有差异：
        --------------------
        0         1         
        01234567890123456789
        --------------------
文件1 : instr: 25080001<CR>
文件2 : instr: 254a0001<CR>
文件1(HEX) : 
00000000 : 69 6e 73 74 72 3a 20 32 - 35 30 38 30 30 30 31     instr:.25080001
文件2(HEX) : 
00000000 : 69 6e 73 74 72 3a 20 32 - 35 34 61 30 30 30 31     instr:.254a0001

第[5039 / 5039]行 - 第[17]个字符开始有差异：
        --------------------
        0         1         
        01234567890123456789
        --------------------
文件1 : regfile4: 00000006<CR>
文件2 : regfile4: 00000005<CR>
文件1(HEX) : 
00000000 : 72 65 67 66 69 6c 65 34 - 3a 20 30 30 30 30 30 30  regfile4:.000000
00000010 : 30 36                                              06
文件2(HEX) : 
00000000 : 72 65 67 66 69 6c 65 34 - 3a 20 30 30 30 30 30 30  regfile4:.000000
00000010 : 30 35                                              05

第[5040 / 5040]行 - 第[17]个字符开始有差异：
        --------------------
        0         1         
        01234567890123456789
        --------------------
文件1 : regfile5: 00000006<CR>
文件2 : regfile5: 00000007<CR>
文件1(HEX) : 
00000000 : 72 65 67 66 69 6c 65 35 - 3a 20 30 30 30 30 30 30  regfile5:.000000
00000010 : 30 36                                              06
文件2(HEX) : 
00000000 : 72 65 67 66 69 6c 65 35 - 3a 20 30 30 30 30 30 30  regfile5:.000000
00000010 : 30 37                                              07

第[5041 / 5041]行 - 第[15]个字符开始有差异：
        --------------------
        0         1         
        01234567890123456789
        --------------------
文件1 : regfile6: 0000027c<CR>
文件2 : regfile6: 00000062<CR>
文件1(HEX) : 
00000000 : 72 65 67 66 69 6c 65 36 - 3a 20 30 30 30 30 30 32  regfile6:.000002
00000010 : 37 63                                              7c
文件2(HEX) : 
00000000 : 72 65 67 66 69 6c 65 36 - 3a 20 30 30 30 30 30 30  regfile6:.000000
00000010 : 36 32                                              62

第[5042 / 5042]行 - 第[15]个字符开始有差异：
        --------------------
        0         1         
        01234567890123456789
        --------------------
文件1 : regfile7: 0000020d<CR>
文件2 : regfile7: 00000060<CR>
文件1(HEX) : 
00000000 : 72 65 67 66 69 6c 65 37 - 3a 20 30 30 30 30 30 32  regfile7:.000002
00000010 : 30 64                                              0d
文件2(HEX) : 
00000000 : 72 65 67 66 69 6c 65 37 - 3a 20 30 30 30 30 30 30  regfile7:.000000
00000010 : 36 30                                              60

第[5043 / 5043]行 - 第[17]个字符开始有差异：
        --------------------
        0         1         
        01234567890123456789
        --------------------
文件1 : regfile8: 00000005<CR>
文件2 : regfile8: 00000004<CR>
文件1(HEX) : 
00000000 : 72 65 67 66 69 6c 65 38 - 3a 20 30 30 30 30 30 30  regfile8:.000000
00000010 : 30 35                                              05
文件2(HEX) : 
00000000 : 72 65 67 66 69 6c 65 38 - 3a 20 30 30 30 30 30 30  regfile8:.000000
00000010 : 30 34                                              04

第[5044 / 5044]行 - 第[17]个字符开始有差异：
        --------------------
        0         1         
        01234567890123456789
        --------------------
文件1 : regfile9: 00000001<CR>
文件2 : regfile9: 00000000<CR>
文件1(HEX) : 
00000000 : 72 65 67 66 69 6c 65 39 - 3a 20 30 30 30 30 30 30  regfile9:.000000
00000010 : 30 31                                              01
文件2(HEX) : 
00000000 : 72 65 67 66 69 6c 65 39 - 3a 20 30 30 30 30 30 30  regfile9:.000000
00000010 : 30 30                                              00

第[5045 / 5045]行 - 第[17]个字符开始有差异：
        --------------------
        0         1         
        01234567890123456789
        --------------------
文件1 : regfile10: 00000001<CR>
文件2 : regfile10: 00000043<CR>
文件1(HEX) : 
00000000 : 72 65 67 66 69 6c 65 31 - 30 3a 20 30 30 30 30 30  regfile10:.00000
00000010 : 30 30 31                                           001
文件2(HEX) : 
00000000 : 72 65 67 66 69 6c 65 31 - 30 3a 20 30 30 30 30 30  regfile10:.00000
00000010 : 30 34 33                                           043

第[5046 / 5046]行 - 第[17]个字符开始有差异：
        --------------------
        0         1         
        01234567890123456789
        --------------------
文件1 : regfile11: 0000006e<CR>
文件2 : regfile11: 00000043<CR>
文件1(HEX) : 
00000000 : 72 65 67 66 69 6c 65 31 - 31 3a 20 30 30 30 30 30  regfile11:.00000
00000010 : 30 36 65                                           06e
文件2(HEX) : 
00000000 : 72 65 67 66 69 6c 65 31 - 31 3a 20 30 30 30 30 30  regfile11:.00000
00000010 : 30 34 33                                           043

第[5047 / 5047]行 - 第[17]个字符开始有差异：
        --------------------
        0         1         
        01234567890123456789
        --------------------
文件1 : regfile12: 00000070<CR>
文件2 : regfile12: 00000042<CR>
文件1(HEX) : 
00000000 : 72 65 67 66 69 6c 65 31 - 32 3a 20 30 30 30 30 30  regfile12:.00000
00000010 : 30 37 30                                           070
文件2(HEX) : 
00000000 : 72 65 67 66 69 6c 65 31 - 32 3a 20 30 30 30 30 30  regfile12:.00000
00000010 : 30 34 32                                           042

第[5048 / 5048]行 - 第[17]个字符开始有差异：
        --------------------
        0         1         
        01234567890123456789
        --------------------
文件1 : regfile13: 0000006f<CR>
文件2 : regfile13: 00000043<CR>
文件1(HEX) : 
00000000 : 72 65 67 66 69 6c 65 31 - 33 3a 20 30 30 30 30 30  regfile13:.00000
00000010 : 30 36 66                                           06f
文件2(HEX) : 
00000000 : 72 65 67 66 69 6c 65 31 - 33 3a 20 30 30 30 30 30  regfile13:.00000
00000010 : 30 34 33                                           043

第[5049 / 5049]行 - 第[18]个字符开始有差异：
        --------------------
        0         1         
        01234567890123456789
        --------------------
文件1 : regfile14: 00000000<CR>
文件2 : regfile14: 00000001<CR>
文件1(HEX) : 
00000000 : 72 65 67 66 69 6c 65 31 - 34 3a 20 30 30 30 30 30  regfile14:.00000
00000010 : 30 30 30                                           000
文件2(HEX) : 
00000000 : 72 65 67 66 69 6c 65 31 - 34 3a 20 30 30 30 30 30  regfile14:.00000
00000010 : 30 30 31                                           001

第[5067 / 5067]行 - 第[10]个字符开始有差异：
        --------------------
        0         1         
        01234567890123456789
        --------------------
文件1 : pc: 00400094<CR>
文件2 : pc: 00400084<CR>
文件1(HEX) : 
00000000 : 70 63 3a 20 30 30 34 30 - 30 30 39 34              pc:.00400094
文件2(HEX) : 
00000000 : 70 63 3a 20 30 30 34 30 - 30 30 38 34              pc:.00400084

第[5068 / 5068]行 - 第[7]个字符开始有差异：
        --------------------
        0         1         
        01234567890123456789
        --------------------
文件1 : instr: 24840001<CR>
文件2 : instr: 016c6823<CR>
文件1(HEX) : 
00000000 : 69 6e 73 74 72 3a 20 32 - 34 38 34 30 30 30 31     instr:.24840001
文件2(HEX) : 
00000000 : 69 6e 73 74 72 3a 20 30 - 31 36 63 36 38 32 33     instr:.016c6823

第[5073 / 5073]行 - 第[17]个字符开始有差异：
        --------------------
        0         1         
        01234567890123456789
        --------------------
文件1 : regfile4: 00000006<CR>
文件2 : regfile4: 00000005<CR>
文件1(HEX) : 
00000000 : 72 65 67 66 69 6c 65 34 - 3a 20 30 30 30 30 30 30  regfile4:.000000
00000010 : 30 36                                              06
文件2(HEX) : 
00000000 : 72 65 67 66 69 6c 65 34 - 3a 20 30 30 30 30 30 30  regfile4:.000000
00000010 : 30 35                                              05

第[5074 / 5074]行 - 第[17]个字符开始有差异：
        --------------------
        0         1         
        01234567890123456789
        --------------------
文件1 : regfile5: 00000006<CR>
文件2 : regfile5: 00000007<CR>
文件1(HEX) : 
00000000 : 72 65 67 66 69 6c 65 35 - 3a 20 30 30 30 30 30 30  regfile5:.000000
00000010 : 30 36                                              06
文件2(HEX) : 
00000000 : 72 65 67 66 69 6c 65 35 - 3a 20 30 30 30 30 30 30  regfile5:.000000
00000010 : 30 37                                              07

第[5075 / 5075]行 - 第[15]个字符开始有差异：
        --------------------
        0         1         
        01234567890123456789
        --------------------
文件1 : regfile6: 0000027c<CR>
文件2 : regfile6: 00000062<CR>
文件1(HEX) : 
00000000 : 72 65 67 66 69 6c 65 36 - 3a 20 30 30 30 30 30 32  regfile6:.000002
00000010 : 37 63                                              7c
文件2(HEX) : 
00000000 : 72 65 67 66 69 6c 65 36 - 3a 20 30 30 30 30 30 30  regfile6:.000000
00000010 : 36 32                                              62

第[5076 / 5076]行 - 第[15]个字符开始有差异：
        --------------------
        0         1         
        01234567890123456789
        --------------------
文件1 : regfile7: 0000020d<CR>
文件2 : regfile7: 00000060<CR>
文件1(HEX) : 
00000000 : 72 65 67 66 69 6c 65 37 - 3a 20 30 30 30 30 30 32  regfile7:.000002
00000010 : 30 64                                              0d
文件2(HEX) : 
00000000 : 72 65 67 66 69 6c 65 37 - 3a 20 30 30 30 30 30 30  regfile7:.000000
00000010 : 36 30                                              60

第[5077 / 5077]行 - 第[17]个字符开始有差异：
        --------------------
        0         1         
        01234567890123456789
        --------------------
文件1 : regfile8: 00000005<CR>
文件2 : regfile8: 00000004<CR>
文件1(HEX) : 
00000000 : 72 65 67 66 69 6c 65 38 - 3a 20 30 30 30 30 30 30  regfile8:.000000
00000010 : 30 35                                              05
文件2(HEX) : 
00000000 : 72 65 67 66 69 6c 65 38 - 3a 20 30 30 30 30 30 30  regfile8:.000000
00000010 : 30 34                                              04

第[5078 / 5078]行 - 第[17]个字符开始有差异：
        --------------------
        0         1         
        01234567890123456789
        --------------------
文件1 : regfile9: 00000001<CR>
文件2 : regfile9: 00000000<CR>
文件1(HEX) : 
00000000 : 72 65 67 66 69 6c 65 39 - 3a 20 30 30 30 30 30 30  regfile9:.000000
00000010 : 30 31                                              01
文件2(HEX) : 
00000000 : 72 65 67 66 69 6c 65 39 - 3a 20 30 30 30 30 30 30  regfile9:.000000
00000010 : 30 30                                              00

第[5079 / 5079]行 - 第[17]个字符开始有差异：
        --------------------
        0         1         
        01234567890123456789
        --------------------
文件1 : regfile10: 00000001<CR>
文件2 : regfile10: 00000043<CR>
文件1(HEX) : 
00000000 : 72 65 67 66 69 6c 65 31 - 30 3a 20 30 30 30 30 30  regfile10:.00000
00000010 : 30 30 31                                           001
文件2(HEX) : 
00000000 : 72 65 67 66 69 6c 65 31 - 30 3a 20 30 30 30 30 30  regfile10:.00000
00000010 : 30 34 33                                           043

第[5080 / 5080]行 - 第[17]个字符开始有差异：
        --------------------
        0         1         
        01234567890123456789
        --------------------
文件1 : regfile11: 0000006e<CR>
文件2 : regfile11: 00000043<CR>
文件1(HEX) : 
00000000 : 72 65 67 66 69 6c 65 31 - 31 3a 20 30 30 30 30 30  regfile11:.00000
00000010 : 30 36 65                                           06e
文件2(HEX) : 
00000000 : 72 65 67 66 69 6c 65 31 - 31 3a 20 30 30 30 30 30  regfile11:.00000
00000010 : 30 34 33                                           043

第[5081 / 5081]行 - 第[17]个字符开始有差异：
        --------------------
        0         1         
        01234567890123456789
        --------------------
文件1 : regfile12: 00000070<CR>
文件2 : regfile12: 00000042<CR>
文件1(HEX) : 
00000000 : 72 65 67 66 69 6c 65 31 - 32 3a 20 30 30 30 30 30  regfile12:.00000
00000010 : 30 37 30                                           070
文件2(HEX) : 
00000000 : 72 65 67 66 69 6c 65 31 - 32 3a 20 30 30 30 30 30  regfile12:.00000
00000010 : 30 34 32                                           042

第[5082 / 5082]行 - 第[17]个字符开始有差异：
        --------------------
        0         1         
        01234567890123456789
        --------------------
文件1 : regfile13: 00000043<CR>
文件2 : regfile13: 00000001<CR>
文件1(HEX) : 
00000000 : 72 65 67 66 69 6c 65 31 - 33 3a 20 30 30 30 30 30  regfile13:.00000
00000010 : 30 34 33                                           043
文件2(HEX) : 
00000000 : 72 65 67 66 69 6c 65 31 - 33 3a 20 30 30 30 30 30  regfile13:.00000
00000010 : 30 30 31                                           001

第[5083 / 5083]行 - 第[18]个字符开始有差异：
        --------------------
        0         1         
        01234567890123456789
        --------------------
文件1 : regfile14: 00000000<CR>
文件2 : regfile14: 00000001<CR>
文件1(HEX) : 
00000000 : 72 65 67 66 69 6c 65 31 - 34 3a 20 30 30 30 30 30  regfile14:.00000
00000010 : 30 30 30                                           000
文件2(HEX) : 
00000000 : 72 65 67 66 69 6c 65 31 - 34 3a 20 30 30 30 30 30  regfile14:.00000
00000010 : 30 30 31                                           001

第[5101 / 5101]行 - 第[10]个字符开始有差异：
        --------------------
        0         1         
        01234567890123456789
        --------------------
文件1 : pc: 00400098<CR>
文件2 : pc: 00400088<CR>
文件1(HEX) : 
00000000 : 70 63 3a 20 30 30 34 30 - 30 30 39 38              pc:.00400098
文件2(HEX) : 
00000000 : 70 63 3a 20 30 30 34 30 - 30 30 38 38              pc:.00400088

第[5102 / 5102]行 - 第[7]个字符开始有差异：
        --------------------
        0         1         
        01234567890123456789
        --------------------
文件1 : instr: 24090001<CR>
文件2 : instr: 00ed3820<CR>
文件1(HEX) : 
00000000 : 69 6e 73 74 72 3a 20 32 - 34 30 39 30 30 30 31     instr:.24090001
文件2(HEX) : 
00000000 : 69 6e 73 74 72 3a 20 30 - 30 65 64 33 38 32 30     instr:.00ed3820

第[5107 / 5107]行 - 第[17]个字符开始有差异：
        --------------------
        0         1         
        01234567890123456789
        --------------------
文件1 : regfile4: 00000006<CR>
文件2 : regfile4: 00000005<CR>
文件1(HEX) : 
00000000 : 72 65 67 66 69 6c 65 34 - 3a 20 30 30 30 30 30 30  regfile4:.000000
00000010 : 30 36                                              06
文件2(HEX) : 
00000000 : 72 65 67 66 69 6c 65 34 - 3a 20 30 30 30 30 30 30  regfile4:.000000
00000010 : 30 35                                              05

第[5108 / 5108]行 - 第[17]个字符开始有差异：
        --------------------
        0         1         
        01234567890123456789
        --------------------
文件1 : regfile5: 00000006<CR>
文件2 : regfile5: 00000007<CR>
文件1(HEX) : 
00000000 : 72 65 67 66 69 6c 65 35 - 3a 20 30 30 30 30 30 30  regfile5:.000000
00000010 : 30 36                                              06
文件2(HEX) : 
00000000 : 72 65 67 66 69 6c 65 35 - 3a 20 30 30 30 30 30 30  regfile5:.000000
00000010 : 30 37                                              07

第[5109 / 5109]行 - 第[15]个字符开始有差异：
        --------------------
        0         1         
        01234567890123456789
        --------------------
文件1 : regfile6: 0000027c<CR>
文件2 : regfile6: 00000062<CR>
文件1(HEX) : 
00000000 : 72 65 67 66 69 6c 65 36 - 3a 20 30 30 30 30 30 32  regfile6:.000002
00000010 : 37 63                                              7c
文件2(HEX) : 
00000000 : 72 65 67 66 69 6c 65 36 - 3a 20 30 30 30 30 30 30  regfile6:.000000
00000010 : 36 32                                              62

第[5110 / 5110]行 - 第[15]个字符开始有差异：
        --------------------
        0         1         
        01234567890123456789
        --------------------
文件1 : regfile7: 0000020d<CR>
文件2 : regfile7: 00000061<CR>
文件1(HEX) : 
00000000 : 72 65 67 66 69 6c 65 37 - 3a 20 30 30 30 30 30 32  regfile7:.000002
00000010 : 30 64                                              0d
文件2(HEX) : 
00000000 : 72 65 67 66 69 6c 65 37 - 3a 20 30 30 30 30 30 30  regfile7:.000000
00000010 : 36 31                                              61

第[5111 / 5111]行 - 第[17]个字符开始有差异：
        --------------------
        0         1         
        01234567890123456789
        --------------------
文件1 : regfile8: 00000005<CR>
文件2 : regfile8: 00000004<CR>
文件1(HEX) : 
00000000 : 72 65 67 66 69 6c 65 38 - 3a 20 30 30 30 30 30 30  regfile8:.000000
00000010 : 30 35                                              05
文件2(HEX) : 
00000000 : 72 65 67 66 69 6c 65 38 - 3a 20 30 30 30 30 30 30  regfile8:.000000
00000010 : 30 34                                              04

第[5112 / 5112]行 - 第[17]个字符开始有差异：
        --------------------
        0         1         
        01234567890123456789
        --------------------
文件1 : regfile9: 00000001<CR>
文件2 : regfile9: 00000000<CR>
文件1(HEX) : 
00000000 : 72 65 67 66 69 6c 65 39 - 3a 20 30 30 30 30 30 30  regfile9:.000000
00000010 : 30 31                                              01
文件2(HEX) : 
00000000 : 72 65 67 66 69 6c 65 39 - 3a 20 30 30 30 30 30 30  regfile9:.000000
00000010 : 30 30                                              00

第[5113 / 5113]行 - 第[17]个字符开始有差异：
        --------------------
        0         1         
        01234567890123456789
        --------------------
文件1 : regfile10: 00000001<CR>
文件2 : regfile10: 00000043<CR>
文件1(HEX) : 
00000000 : 72 65 67 66 69 6c 65 31 - 30 3a 20 30 30 30 30 30  regfile10:.00000
00000010 : 30 30 31                                           001
文件2(HEX) : 
00000000 : 72 65 67 66 69 6c 65 31 - 30 3a 20 30 30 30 30 30  regfile10:.00000
00000010 : 30 34 33                                           043

第[5114 / 5114]行 - 第[17]个字符开始有差异：
        --------------------
        0         1         
        01234567890123456789
        --------------------
文件1 : regfile11: 0000006e<CR>
文件2 : regfile11: 00000043<CR>
文件1(HEX) : 
00000000 : 72 65 67 66 69 6c 65 31 - 31 3a 20 30 30 30 30 30  regfile11:.00000
00000010 : 30 36 65                                           06e
文件2(HEX) : 
00000000 : 72 65 67 66 69 6c 65 31 - 31 3a 20 30 30 30 30 30  regfile11:.00000
00000010 : 30 34 33                                           043

第[5115 / 5115]行 - 第[17]个字符开始有差异：
        --------------------
        0         1         
        01234567890123456789
        --------------------
文件1 : regfile12: 00000070<CR>
文件2 : regfile12: 00000042<CR>
文件1(HEX) : 
00000000 : 72 65 67 66 69 6c 65 31 - 32 3a 20 30 30 30 30 30  regfile12:.00000
00000010 : 30 37 30                                           070
文件2(HEX) : 
00000000 : 72 65 67 66 69 6c 65 31 - 32 3a 20 30 30 30 30 30  regfile12:.00000
00000010 : 30 34 32                                           042

第[5116 / 5116]行 - 第[17]个字符开始有差异：
        --------------------
        0         1         
        01234567890123456789
        --------------------
文件1 : regfile13: 00000043<CR>
文件2 : regfile13: 00000001<CR>
文件1(HEX) : 
00000000 : 72 65 67 66 69 6c 65 31 - 33 3a 20 30 30 30 30 30  regfile13:.00000
00000010 : 30 34 33                                           043
文件2(HEX) : 
00000000 : 72 65 67 66 69 6c 65 31 - 33 3a 20 30 30 30 30 30  regfile13:.00000
00000010 : 30 30 31                                           001

第[5117 / 5117]行 - 第[18]个字符开始有差异：
        --------------------
        0         1         
        01234567890123456789
        --------------------
文件1 : regfile14: 00000000<CR>
文件2 : regfile14: 00000001<CR>
文件1(HEX) : 
00000000 : 72 65 67 66 69 6c 65 31 - 34 3a 20 30 30 30 30 30  regfile14:.00000
00000010 : 30 30 30                                           000
文件2(HEX) : 
00000000 : 72 65 67 66 69 6c 65 31 - 34 3a 20 30 30 30 30 30  regfile14:.00000
00000010 : 30 30 31                                           001

第[5135 / 5135]行 - 第[10]个字符开始有差异：
        --------------------
        0         1         
        01234567890123456789
        --------------------
文件1 : pc: 0040009c<CR>
文件2 : pc: 0040008c<CR>
文件1(HEX) : 
00000000 : 70 63 3a 20 30 30 34 30 - 30 30 39 63              pc:.0040009c
文件2(HEX) : 
00000000 : 70 63 3a 20 30 30 34 30 - 30 30 38 63              pc:.0040008c

第[5136 / 5136]行 - 第[7]个字符开始有差异：
        --------------------
        0         1         
        01234567890123456789
        --------------------
文件1 : instr: 000c5820<CR>
文件2 : instr: 10000006<CR>
文件1(HEX) : 
00000000 : 69 6e 73 74 72 3a 20 30 - 30 30 63 35 38 32 30     instr:.000c5820
文件2(HEX) : 
00000000 : 69 6e 73 74 72 3a 20 31 - 30 30 30 30 30 30 36     instr:.10000006

第[5141 / 5141]行 - 第[17]个字符开始有差异：
        --------------------
        0         1         
        01234567890123456789
        --------------------
文件1 : regfile4: 00000006<CR>
文件2 : regfile4: 00000005<CR>
文件1(HEX) : 
00000000 : 72 65 67 66 69 6c 65 34 - 3a 20 30 30 30 30 30 30  regfile4:.000000
00000010 : 30 36                                              06
文件2(HEX) : 
00000000 : 72 65 67 66 69 6c 65 34 - 3a 20 30 30 30 30 30 30  regfile4:.000000
00000010 : 30 35                                              05

第[5142 / 5142]行 - 第[17]个字符开始有差异：
        --------------------
        0         1         
        01234567890123456789
        --------------------
文件1 : regfile5: 00000006<CR>
文件2 : regfile5: 00000007<CR>
文件1(HEX) : 
00000000 : 72 65 67 66 69 6c 65 35 - 3a 20 30 30 30 30 30 30  regfile5:.000000
00000010 : 30 36                                              06
文件2(HEX) : 
00000000 : 72 65 67 66 69 6c 65 35 - 3a 20 30 30 30 30 30 30  regfile5:.000000
00000010 : 30 37                                              07

第[5143 / 5143]行 - 第[15]个字符开始有差异：
        --------------------
        0         1         
        01234567890123456789
        --------------------
文件1 : regfile6: 0000027c<CR>
文件2 : regfile6: 00000062<CR>
文件1(HEX) : 
00000000 : 72 65 67 66 69 6c 65 36 - 3a 20 30 30 30 30 30 32  regfile6:.000002
00000010 : 37 63                                              7c
文件2(HEX) : 
00000000 : 72 65 67 66 69 6c 65 36 - 3a 20 30 30 30 30 30 30  regfile6:.000000
00000010 : 36 32                                              62

第[5144 / 5144]行 - 第[15]个字符开始有差异：
        --------------------
        0         1         
        01234567890123456789
        --------------------
文件1 : regfile7: 0000020d<CR>
文件2 : regfile7: 00000061<CR>
文件1(HEX) : 
00000000 : 72 65 67 66 69 6c 65 37 - 3a 20 30 30 30 30 30 32  regfile7:.000002
00000010 : 30 64                                              0d
文件2(HEX) : 
00000000 : 72 65 67 66 69 6c 65 37 - 3a 20 30 30 30 30 30 30  regfile7:.000000
00000010 : 36 31                                              61

第[5145 / 5145]行 - 第[17]个字符开始有差异：
        --------------------
        0         1         
        01234567890123456789
        --------------------
文件1 : regfile8: 00000005<CR>
文件2 : regfile8: 00000004<CR>
文件1(HEX) : 
00000000 : 72 65 67 66 69 6c 65 38 - 3a 20 30 30 30 30 30 30  regfile8:.000000
00000010 : 30 35                                              05
文件2(HEX) : 
00000000 : 72 65 67 66 69 6c 65 38 - 3a 20 30 30 30 30 30 30  regfile8:.000000
00000010 : 30 34                                              04

第[5146 / 5146]行 - 第[17]个字符开始有差异：
        --------------------
        0         1         
        01234567890123456789
        --------------------
文件1 : regfile9: 00000001<CR>
文件2 : regfile9: 00000000<CR>
文件1(HEX) : 
00000000 : 72 65 67 66 69 6c 65 39 - 3a 20 30 30 30 30 30 30  regfile9:.000000
00000010 : 30 31                                              01
文件2(HEX) : 
00000000 : 72 65 67 66 69 6c 65 39 - 3a 20 30 30 30 30 30 30  regfile9:.000000
00000010 : 30 30                                              00

第[5147 / 5147]行 - 第[17]个字符开始有差异：
        --------------------
        0         1         
        01234567890123456789
        --------------------
文件1 : regfile10: 00000001<CR>
文件2 : regfile10: 00000043<CR>
文件1(HEX) : 
00000000 : 72 65 67 66 69 6c 65 31 - 30 3a 20 30 30 30 30 30  regfile10:.00000
00000010 : 30 30 31                                           001
文件2(HEX) : 
00000000 : 72 65 67 66 69 6c 65 31 - 30 3a 20 30 30 30 30 30  regfile10:.00000
00000010 : 30 34 33                                           043

第[5148 / 5148]行 - 第[17]个字符开始有差异：
        --------------------
        0         1         
        01234567890123456789
        --------------------
文件1 : regfile11: 0000006e<CR>
文件2 : regfile11: 00000043<CR>
文件1(HEX) : 
00000000 : 72 65 67 66 69 6c 65 31 - 31 3a 20 30 30 30 30 30  regfile11:.00000
00000010 : 30 36 65                                           06e
文件2(HEX) : 
00000000 : 72 65 67 66 69 6c 65 31 - 31 3a 20 30 30 30 30 30  regfile11:.00000
00000010 : 30 34 33                                           043

第[5149 / 5149]行 - 第[17]个字符开始有差异：
        --------------------
        0         1         
        01234567890123456789
        --------------------
文件1 : regfile12: 00000070<CR>
文件2 : regfile12: 00000042<CR>
文件1(HEX) : 
00000000 : 72 65 67 66 69 6c 65 31 - 32 3a 20 30 30 30 30 30  regfile12:.00000
00000010 : 30 37 30                                           070
文件2(HEX) : 
00000000 : 72 65 67 66 69 6c 65 31 - 32 3a 20 30 30 30 30 30  regfile12:.00000
00000010 : 30 34 32                                           042

第[5150 / 5150]行 - 第[17]个字符开始有差异：
        --------------------
        0         1         
        01234567890123456789
        --------------------
文件1 : regfile13: 00000043<CR>
文件2 : regfile13: 00000001<CR>
文件1(HEX) : 
00000000 : 72 65 67 66 69 6c 65 31 - 33 3a 20 30 30 30 30 30  regfile13:.00000
00000010 : 30 34 33                                           043
文件2(HEX) : 
00000000 : 72 65 67 66 69 6c 65 31 - 33 3a 20 30 30 30 30 30  regfile13:.00000
00000010 : 30 30 31                                           001

第[5151 / 5151]行 - 第[18]个字符开始有差异：
        --------------------
        0         1         
        01234567890123456789
        --------------------
文件1 : regfile14: 00000000<CR>
文件2 : regfile14: 00000001<CR>
文件1(HEX) : 
00000000 : 72 65 67 66 69 6c 65 31 - 34 3a 20 30 30 30 30 30  regfile14:.00000
00000010 : 30 30 30                                           000
文件2(HEX) : 
00000000 : 72 65 67 66 69 6c 65 31 - 34 3a 20 30 30 30 30 30  regfile14:.00000
00000010 : 30 30 31                                           001

第[5169 / 5169]行 - 第[11]个字符开始有差异：
        --------------------
        0         1         
        01234567890123456789
        --------------------
文件1 : pc: 004000a0<CR>
文件2 : pc: 004000a8<CR>
文件1(HEX) : 
00000000 : 70 63 3a 20 30 30 34 30 - 30 30 61 30              pc:.004000a0
文件2(HEX) : 
00000000 : 70 63 3a 20 30 30 34 30 - 30 30 61 38              pc:.004000a8

第[5170 / 5170]行 - 第[7]个字符开始有差异：
        --------------------
        0         1         
        01234567890123456789
        --------------------
文件1 : instr: 018a6823<CR>
文件2 : instr: 1000ffe6<CR>
文件1(HEX) : 
00000000 : 69 6e 73 74 72 3a 20 30 - 31 38 61 36 38 32 33     instr:.018a6823
文件2(HEX) : 
00000000 : 69 6e 73 74 72 3a 20 31 - 30 30 30 66 66 65 36     instr:.1000ffe6

第[5175 / 5175]行 - 第[17]个字符开始有差异：
        --------------------
        0         1         
        01234567890123456789
        --------------------
文件1 : regfile4: 00000006<CR>
文件2 : regfile4: 00000005<CR>
文件1(HEX) : 
00000000 : 72 65 67 66 69 6c 65 34 - 3a 20 30 30 30 30 30 30  regfile4:.000000
00000010 : 30 36                                              06
文件2(HEX) : 
00000000 : 72 65 67 66 69 6c 65 34 - 3a 20 30 30 30 30 30 30  regfile4:.000000
00000010 : 30 35                                              05

第[5176 / 5176]行 - 第[17]个字符开始有差异：
        --------------------
        0         1         
        01234567890123456789
        --------------------
文件1 : regfile5: 00000006<CR>
文件2 : regfile5: 00000007<CR>
文件1(HEX) : 
00000000 : 72 65 67 66 69 6c 65 35 - 3a 20 30 30 30 30 30 30  regfile5:.000000
00000010 : 30 36                                              06
文件2(HEX) : 
00000000 : 72 65 67 66 69 6c 65 35 - 3a 20 30 30 30 30 30 30  regfile5:.000000
00000010 : 30 37                                              07

第[5177 / 5177]行 - 第[15]个字符开始有差异：
        --------------------
        0         1         
        01234567890123456789
        --------------------
文件1 : regfile6: 0000027c<CR>
文件2 : regfile6: 00000062<CR>
文件1(HEX) : 
00000000 : 72 65 67 66 69 6c 65 36 - 3a 20 30 30 30 30 30 32  regfile6:.000002
00000010 : 37 63                                              7c
文件2(HEX) : 
00000000 : 72 65 67 66 69 6c 65 36 - 3a 20 30 30 30 30 30 30  regfile6:.000000
00000010 : 36 32                                              62

第[5178 / 5178]行 - 第[15]个字符开始有差异：
        --------------------
        0         1         
        01234567890123456789
        --------------------
文件1 : regfile7: 0000020d<CR>
文件2 : regfile7: 00000061<CR>
文件1(HEX) : 
00000000 : 72 65 67 66 69 6c 65 37 - 3a 20 30 30 30 30 30 32  regfile7:.000002
00000010 : 30 64                                              0d
文件2(HEX) : 
00000000 : 72 65 67 66 69 6c 65 37 - 3a 20 30 30 30 30 30 30  regfile7:.000000
00000010 : 36 31                                              61

第[5179 / 5179]行 - 第[17]个字符开始有差异：
        --------------------
        0         1         
        01234567890123456789
        --------------------
文件1 : regfile8: 00000005<CR>
文件2 : regfile8: 00000004<CR>
文件1(HEX) : 
00000000 : 72 65 67 66 69 6c 65 38 - 3a 20 30 30 30 30 30 30  regfile8:.000000
00000010 : 30 35                                              05
文件2(HEX) : 
00000000 : 72 65 67 66 69 6c 65 38 - 3a 20 30 30 30 30 30 30  regfile8:.000000
00000010 : 30 34                                              04

第[5180 / 5180]行 - 第[17]个字符开始有差异：
        --------------------
        0         1         
        01234567890123456789
        --------------------
文件1 : regfile9: 00000001<CR>
文件2 : regfile9: 00000000<CR>
文件1(HEX) : 
00000000 : 72 65 67 66 69 6c 65 39 - 3a 20 30 30 30 30 30 30  regfile9:.000000
00000010 : 30 31                                              01
文件2(HEX) : 
00000000 : 72 65 67 66 69 6c 65 39 - 3a 20 30 30 30 30 30 30  regfile9:.000000
00000010 : 30 30                                              00

第[5181 / 5181]行 - 第[17]个字符开始有差异：
        --------------------
        0         1         
        01234567890123456789
        --------------------
文件1 : regfile10: 00000001<CR>
文件2 : regfile10: 00000043<CR>
文件1(HEX) : 
00000000 : 72 65 67 66 69 6c 65 31 - 30 3a 20 30 30 30 30 30  regfile10:.00000
00000010 : 30 30 31                                           001
文件2(HEX) : 
00000000 : 72 65 67 66 69 6c 65 31 - 30 3a 20 30 30 30 30 30  regfile10:.00000
00000010 : 30 34 33                                           043

第[5182 / 5182]行 - 第[17]个字符开始有差异：
        --------------------
        0         1         
        01234567890123456789
        --------------------
文件1 : regfile11: 0000006e<CR>
文件2 : regfile11: 00000043<CR>
文件1(HEX) : 
00000000 : 72 65 67 66 69 6c 65 31 - 31 3a 20 30 30 30 30 30  regfile11:.00000
00000010 : 30 36 65                                           06e
文件2(HEX) : 
00000000 : 72 65 67 66 69 6c 65 31 - 31 3a 20 30 30 30 30 30  regfile11:.00000
00000010 : 30 34 33                                           043

第[5183 / 5183]行 - 第[17]个字符开始有差异：
        --------------------
        0         1         
        01234567890123456789
        --------------------
文件1 : regfile12: 00000070<CR>
文件2 : regfile12: 00000042<CR>
文件1(HEX) : 
00000000 : 72 65 67 66 69 6c 65 31 - 32 3a 20 30 30 30 30 30  regfile12:.00000
00000010 : 30 37 30                                           070
文件2(HEX) : 
00000000 : 72 65 67 66 69 6c 65 31 - 32 3a 20 30 30 30 30 30  regfile12:.00000
00000010 : 30 34 32                                           042

第[5184 / 5184]行 - 第[17]个字符开始有差异：
        --------------------
        0         1         
        01234567890123456789
        --------------------
文件1 : regfile13: 00000043<CR>
文件2 : regfile13: 00000001<CR>
文件1(HEX) : 
00000000 : 72 65 67 66 69 6c 65 31 - 33 3a 20 30 30 30 30 30  regfile13:.00000
00000010 : 30 34 33                                           043
文件2(HEX) : 
00000000 : 72 65 67 66 69 6c 65 31 - 33 3a 20 30 30 30 30 30  regfile13:.00000
00000010 : 30 30 31                                           001

第[5185 / 5185]行 - 第[18]个字符开始有差异：
        --------------------
        0         1         
        01234567890123456789
        --------------------
文件1 : regfile14: 00000000<CR>
文件2 : regfile14: 00000001<CR>
文件1(HEX) : 
00000000 : 72 65 67 66 69 6c 65 31 - 34 3a 20 30 30 30 30 30  regfile14:.00000
00000010 : 30 30 30                                           000
文件2(HEX) : 
00000000 : 72 65 67 66 69 6c 65 31 - 34 3a 20 30 30 30 30 30  regfile14:.00000
00000010 : 30 30 31                                           001

第[5203 / 5203]行 - 第[10]个字符开始有差异：
        --------------------
        0         1         
        01234567890123456789
        --------------------
文件1 : pc: 004000a4<CR>
文件2 : pc: 00400044<CR>
文件1(HEX) : 
00000000 : 70 63 3a 20 30 30 34 30 - 30 30 61 34              pc:.004000a4
文件2(HEX) : 
00000000 : 70 63 3a 20 30 30 34 30 - 30 30 34 34              pc:.00400044

第[5204 / 5204]行 - 第[8]个字符开始有差异：
        --------------------
        0         1         
        01234567890123456789
        --------------------
文件1 : instr: 00ed3820<CR>
文件2 : instr: 014b602b<CR>
文件1(HEX) : 
00000000 : 69 6e 73 74 72 3a 20 30 - 30 65 64 33 38 32 30     instr:.00ed3820
文件2(HEX) : 
00000000 : 69 6e 73 74 72 3a 20 30 - 31 34 62 36 30 32 62     instr:.014b602b

第[5209 / 5209]行 - 第[17]个字符开始有差异：
        --------------------
        0         1         
        01234567890123456789
        --------------------
文件1 : regfile4: 00000006<CR>
文件2 : regfile4: 00000005<CR>
文件1(HEX) : 
00000000 : 72 65 67 66 69 6c 65 34 - 3a 20 30 30 30 30 30 30  regfile4:.000000
00000010 : 30 36                                              06
文件2(HEX) : 
00000000 : 72 65 67 66 69 6c 65 34 - 3a 20 30 30 30 30 30 30  regfile4:.000000
00000010 : 30 35                                              05

第[5210 / 5210]行 - 第[17]个字符开始有差异：
        --------------------
        0         1         
        01234567890123456789
        --------------------
文件1 : regfile5: 00000006<CR>
文件2 : regfile5: 00000007<CR>
文件1(HEX) : 
00000000 : 72 65 67 66 69 6c 65 35 - 3a 20 30 30 30 30 30 30  regfile5:.000000
00000010 : 30 36                                              06
文件2(HEX) : 
00000000 : 72 65 67 66 69 6c 65 35 - 3a 20 30 30 30 30 30 30  regfile5:.000000
00000010 : 30 37                                              07

第[5211 / 5211]行 - 第[15]个字符开始有差异：
        --------------------
        0         1         
        01234567890123456789
        --------------------
文件1 : regfile6: 0000027c<CR>
文件2 : regfile6: 00000062<CR>
文件1(HEX) : 
00000000 : 72 65 67 66 69 6c 65 36 - 3a 20 30 30 30 30 30 32  regfile6:.000002
00000010 : 37 63                                              7c
文件2(HEX) : 
00000000 : 72 65 67 66 69 6c 65 36 - 3a 20 30 30 30 30 30 30  regfile6:.000000
00000010 : 36 32                                              62

第[5212 / 5212]行 - 第[15]个字符开始有差异：
        --------------------
        0         1         
        01234567890123456789
        --------------------
文件1 : regfile7: 0000020d<CR>
文件2 : regfile7: 00000061<CR>
文件1(HEX) : 
00000000 : 72 65 67 66 69 6c 65 37 - 3a 20 30 30 30 30 30 32  regfile7:.000002
00000010 : 30 64                                              0d
文件2(HEX) : 
00000000 : 72 65 67 66 69 6c 65 37 - 3a 20 30 30 30 30 30 30  regfile7:.000000
00000010 : 36 31                                              61

第[5213 / 5213]行 - 第[17]个字符开始有差异：
        --------------------
        0         1         
        01234567890123456789
        --------------------
文件1 : regfile8: 00000006<CR>
文件2 : regfile8: 00000004<CR>
文件1(HEX) : 
00000000 : 72 65 67 66 69 6c 65 38 - 3a 20 30 30 30 30 30 30  regfile8:.000000
00000010 : 30 36                                              06
文件2(HEX) : 
00000000 : 72 65 67 66 69 6c 65 38 - 3a 20 30 30 30 30 30 30  regfile8:.000000
00000010 : 30 34                                              04

第[5214 / 5214]行 - 第[17]个字符开始有差异：
        --------------------
        0         1         
        01234567890123456789
        --------------------
文件1 : regfile9: 00000001<CR>
文件2 : regfile9: 00000000<CR>
文件1(HEX) : 
00000000 : 72 65 67 66 69 6c 65 39 - 3a 20 30 30 30 30 30 30  regfile9:.000000
00000010 : 30 31                                              01
文件2(HEX) : 
00000000 : 72 65 67 66 69 6c 65 39 - 3a 20 30 30 30 30 30 30  regfile9:.000000
00000010 : 30 30                                              00

第[5215 / 5215]行 - 第[17]个字符开始有差异：
        --------------------
        0         1         
        01234567890123456789
        --------------------
文件1 : regfile10: 00000001<CR>
文件2 : regfile10: 00000043<CR>
文件1(HEX) : 
00000000 : 72 65 67 66 69 6c 65 31 - 30 3a 20 30 30 30 30 30  regfile10:.00000
00000010 : 30 30 31                                           001
文件2(HEX) : 
00000000 : 72 65 67 66 69 6c 65 31 - 30 3a 20 30 30 30 30 30  regfile10:.00000
00000010 : 30 34 33                                           043

第[5216 / 5216]行 - 第[17]个字符开始有差异：
        --------------------
        0         1         
        01234567890123456789
        --------------------
文件1 : regfile11: 0000006e<CR>
文件2 : regfile11: 00000043<CR>
文件1(HEX) : 
00000000 : 72 65 67 66 69 6c 65 31 - 31 3a 20 30 30 30 30 30  regfile11:.00000
00000010 : 30 36 65                                           06e
文件2(HEX) : 
00000000 : 72 65 67 66 69 6c 65 31 - 31 3a 20 30 30 30 30 30  regfile11:.00000
00000010 : 30 34 33                                           043

第[5217 / 5217]行 - 第[17]个字符开始有差异：
        --------------------
        0         1         
        01234567890123456789
        --------------------
文件1 : regfile12: 00000070<CR>
文件2 : regfile12: 00000000<CR>
文件1(HEX) : 
00000000 : 72 65 67 66 69 6c 65 31 - 32 3a 20 30 30 30 30 30  regfile12:.00000
00000010 : 30 37 30                                           070
文件2(HEX) : 
00000000 : 72 65 67 66 69 6c 65 31 - 32 3a 20 30 30 30 30 30  regfile12:.00000
00000010 : 30 30 30                                           000

第[5218 / 5218]行 - 第[17]个字符开始有差异：
        --------------------
        0         1         
        01234567890123456789
        --------------------
文件1 : regfile13: 00000043<CR>
文件2 : regfile13: 00000001<CR>
文件1(HEX) : 
00000000 : 72 65 67 66 69 6c 65 31 - 33 3a 20 30 30 30 30 30  regfile13:.00000
00000010 : 30 34 33                                           043
文件2(HEX) : 
00000000 : 72 65 67 66 69 6c 65 31 - 33 3a 20 30 30 30 30 30  regfile13:.00000
00000010 : 30 30 31                                           001

第[5219 / 5219]行 - 第[18]个字符开始有差异：
        --------------------
        0         1         
        01234567890123456789
        --------------------
文件1 : regfile14: 00000000<CR>
文件2 : regfile14: 00000001<CR>
文件1(HEX) : 
00000000 : 72 65 67 66 69 6c 65 31 - 34 3a 20 30 30 30 30 30  regfile14:.00000
00000010 : 30 30 30                                           000
文件2(HEX) : 
00000000 : 72 65 67 66 69 6c 65 31 - 34 3a 20 30 30 30 30 30  regfile14:.00000
00000010 : 30 30 31                                           001

第[5237 / 5237]行 - 第[10]个字符开始有差异：
        --------------------
        0         1         
        01234567890123456789
        --------------------
文件1 : pc: 004000a8<CR>
文件2 : pc: 00400048<CR>
文件1(HEX) : 
00000000 : 70 63 3a 20 30 30 34 30 - 30 30 61 38              pc:.004000a8
文件2(HEX) : 
00000000 : 70 63 3a 20 30 30 34 30 - 30 30 34 38              pc:.00400048

第[5238 / 5238]行 - 第[8]个字符开始有差异：
        --------------------
        0         1         
        01234567890123456789
        --------------------
文件1 : instr: 1000ffe6<CR>
文件2 : instr: 11800018<CR>
文件1(HEX) : 
00000000 : 69 6e 73 74 72 3a 20 31 - 30 30 30 66 66 65 36     instr:.1000ffe6
文件2(HEX) : 
00000000 : 69 6e 73 74 72 3a 20 31 - 31 38 30 30 30 31 38     instr:.11800018

第[5243 / 5243]行 - 第[17]个字符开始有差异：
        --------------------
        0         1         
        01234567890123456789
        --------------------
文件1 : regfile4: 00000007<CR>
文件2 : regfile4: 00000005<CR>
文件1(HEX) : 
00000000 : 72 65 67 66 69 6c 65 34 - 3a 20 30 30 30 30 30 30  regfile4:.000000
00000010 : 30 37                                              07
文件2(HEX) : 
00000000 : 72 65 67 66 69 6c 65 34 - 3a 20 30 30 30 30 30 30  regfile4:.000000
00000010 : 30 35                                              05

第[5244 / 5244]行 - 第[17]个字符开始有差异：
        --------------------
        0         1         
        01234567890123456789
        --------------------
文件1 : regfile5: 00000006<CR>
文件2 : regfile5: 00000007<CR>
文件1(HEX) : 
00000000 : 72 65 67 66 69 6c 65 35 - 3a 20 30 30 30 30 30 30  regfile5:.000000
00000010 : 30 36                                              06
文件2(HEX) : 
00000000 : 72 65 67 66 69 6c 65 35 - 3a 20 30 30 30 30 30 30  regfile5:.000000
00000010 : 30 37                                              07

第[5245 / 5245]行 - 第[15]个字符开始有差异：
        --------------------
        0         1         
        01234567890123456789
        --------------------
文件1 : regfile6: 0000027c<CR>
文件2 : regfile6: 00000062<CR>
文件1(HEX) : 
00000000 : 72 65 67 66 69 6c 65 36 - 3a 20 30 30 30 30 30 32  regfile6:.000002
00000010 : 37 63                                              7c
文件2(HEX) : 
00000000 : 72 65 67 66 69 6c 65 36 - 3a 20 30 30 30 30 30 30  regfile6:.000000
00000010 : 36 32                                              62

第[5246 / 5246]行 - 第[15]个字符开始有差异：
        --------------------
        0         1         
        01234567890123456789
        --------------------
文件1 : regfile7: 0000020d<CR>
文件2 : regfile7: 00000061<CR>
文件1(HEX) : 
00000000 : 72 65 67 66 69 6c 65 37 - 3a 20 30 30 30 30 30 32  regfile7:.000002
00000010 : 30 64                                              0d
文件2(HEX) : 
00000000 : 72 65 67 66 69 6c 65 37 - 3a 20 30 30 30 30 30 30  regfile7:.000000
00000010 : 36 31                                              61

第[5247 / 5247]行 - 第[17]个字符开始有差异：
        --------------------
        0         1         
        01234567890123456789
        --------------------
文件1 : regfile8: 00000006<CR>
文件2 : regfile8: 00000004<CR>
文件1(HEX) : 
00000000 : 72 65 67 66 69 6c 65 38 - 3a 20 30 30 30 30 30 30  regfile8:.000000
00000010 : 30 36                                              06
文件2(HEX) : 
00000000 : 72 65 67 66 69 6c 65 38 - 3a 20 30 30 30 30 30 30  regfile8:.000000
00000010 : 30 34                                              04

第[5248 / 5248]行 - 第[17]个字符开始有差异：
        --------------------
        0         1         
        01234567890123456789
        --------------------
文件1 : regfile9: 00000001<CR>
文件2 : regfile9: 00000000<CR>
文件1(HEX) : 
00000000 : 72 65 67 66 69 6c 65 39 - 3a 20 30 30 30 30 30 30  regfile9:.000000
00000010 : 30 31                                              01
文件2(HEX) : 
00000000 : 72 65 67 66 69 6c 65 39 - 3a 20 30 30 30 30 30 30  regfile9:.000000
00000010 : 30 30                                              00

第[5249 / 5249]行 - 第[17]个字符开始有差异：
        --------------------
        0         1         
        01234567890123456789
        --------------------
文件1 : regfile10: 00000001<CR>
文件2 : regfile10: 00000043<CR>
文件1(HEX) : 
00000000 : 72 65 67 66 69 6c 65 31 - 30 3a 20 30 30 30 30 30  regfile10:.00000
00000010 : 30 30 31                                           001
文件2(HEX) : 
00000000 : 72 65 67 66 69 6c 65 31 - 30 3a 20 30 30 30 30 30  regfile10:.00000
00000010 : 30 34 33                                           043

第[5250 / 5250]行 - 第[17]个字符开始有差异：
        --------------------
        0         1         
        01234567890123456789
        --------------------
文件1 : regfile11: 0000006e<CR>
文件2 : regfile11: 00000043<CR>
文件1(HEX) : 
00000000 : 72 65 67 66 69 6c 65 31 - 31 3a 20 30 30 30 30 30  regfile11:.00000
00000010 : 30 36 65                                           06e
文件2(HEX) : 
00000000 : 72 65 67 66 69 6c 65 31 - 31 3a 20 30 30 30 30 30  regfile11:.00000
00000010 : 30 34 33                                           043

第[5251 / 5251]行 - 第[17]个字符开始有差异：
        --------------------
        0         1         
        01234567890123456789
        --------------------
文件1 : regfile12: 00000070<CR>
文件2 : regfile12: 00000000<CR>
文件1(HEX) : 
00000000 : 72 65 67 66 69 6c 65 31 - 32 3a 20 30 30 30 30 30  regfile12:.00000
00000010 : 30 37 30                                           070
文件2(HEX) : 
00000000 : 72 65 67 66 69 6c 65 31 - 32 3a 20 30 30 30 30 30  regfile12:.00000
00000010 : 30 30 30                                           000

第[5252 / 5252]行 - 第[17]个字符开始有差异：
        --------------------
        0         1         
        01234567890123456789
        --------------------
文件1 : regfile13: 00000043<CR>
文件2 : regfile13: 00000001<CR>
文件1(HEX) : 
00000000 : 72 65 67 66 69 6c 65 31 - 33 3a 20 30 30 30 30 30  regfile13:.00000
00000010 : 30 34 33                                           043
文件2(HEX) : 
00000000 : 72 65 67 66 69 6c 65 31 - 33 3a 20 30 30 30 30 30  regfile13:.00000
00000010 : 30 30 31                                           001

第[5253 / 5253]行 - 第[18]个字符开始有差异：
        --------------------
        0         1         
        01234567890123456789
        --------------------
文件1 : regfile14: 00000000<CR>
文件2 : regfile14: 00000001<CR>
文件1(HEX) : 
00000000 : 72 65 67 66 69 6c 65 31 - 34 3a 20 30 30 30 30 30  regfile14:.00000
00000010 : 30 30 30                                           000
文件2(HEX) : 
00000000 : 72 65 67 66 69 6c 65 31 - 34 3a 20 30 30 30 30 30  regfile14:.00000
00000010 : 30 30 31                                           001

第[5271 / 5271]行 - 第[11]个字符开始有差异：
        --------------------
        0         1         
        01234567890123456789
        --------------------
文件1 : pc: 004000a8<CR>
文件2 : pc: 004000ac<CR>
文件1(HEX) : 
00000000 : 70 63 3a 20 30 30 34 30 - 30 30 61 38              pc:.004000a8
文件2(HEX) : 
00000000 : 70 63 3a 20 30 30 34 30 - 30 30 61 63              pc:.004000ac

第[5272 / 5272]行 - 第[7]个字符开始有差异：
        --------------------
        0         1         
        01234567890123456789
        --------------------
文件1 : instr: 00000000<CR>
文件2 : instr: 24a50001<CR>
文件1(HEX) : 
00000000 : 69 6e 73 74 72 3a 20 30 - 30 30 30 30 30 30 30     instr:.00000000
文件2(HEX) : 
00000000 : 69 6e 73 74 72 3a 20 32 - 34 61 35 30 30 30 31     instr:.24a50001

第[5277 / 5277]行 - 第[17]个字符开始有差异：
        --------------------
        0         1         
        01234567890123456789
        --------------------
文件1 : regfile4: 00000007<CR>
文件2 : regfile4: 00000005<CR>
文件1(HEX) : 
00000000 : 72 65 67 66 69 6c 65 34 - 3a 20 30 30 30 30 30 30  regfile4:.000000
00000010 : 30 37                                              07
文件2(HEX) : 
00000000 : 72 65 67 66 69 6c 65 34 - 3a 20 30 30 30 30 30 30  regfile4:.000000
00000010 : 30 35                                              05

第[5278 / 5278]行 - 第[17]个字符开始有差异：
        --------------------
        0         1         
        01234567890123456789
        --------------------
文件1 : regfile5: 00000006<CR>
文件2 : regfile5: 00000008<CR>
文件1(HEX) : 
00000000 : 72 65 67 66 69 6c 65 35 - 3a 20 30 30 30 30 30 30  regfile5:.000000
00000010 : 30 36                                              06
文件2(HEX) : 
00000000 : 72 65 67 66 69 6c 65 35 - 3a 20 30 30 30 30 30 30  regfile5:.000000
00000010 : 30 38                                              08

第[5279 / 5279]行 - 第[15]个字符开始有差异：
        --------------------
        0         1         
        01234567890123456789
        --------------------
文件1 : regfile6: 0000027c<CR>
文件2 : regfile6: 00000062<CR>
文件1(HEX) : 
00000000 : 72 65 67 66 69 6c 65 36 - 3a 20 30 30 30 30 30 32  regfile6:.000002
00000010 : 37 63                                              7c
文件2(HEX) : 
00000000 : 72 65 67 66 69 6c 65 36 - 3a 20 30 30 30 30 30 30  regfile6:.000000
00000010 : 36 32                                              62

第[5280 / 5280]行 - 第[15]个字符开始有差异：
        --------------------
        0         1         
        01234567890123456789
        --------------------
文件1 : regfile7: 0000020d<CR>
文件2 : regfile7: 00000061<CR>
文件1(HEX) : 
00000000 : 72 65 67 66 69 6c 65 37 - 3a 20 30 30 30 30 30 32  regfile7:.000002
00000010 : 30 64                                              0d
文件2(HEX) : 
00000000 : 72 65 67 66 69 6c 65 37 - 3a 20 30 30 30 30 30 30  regfile7:.000000
00000010 : 36 31                                              61

第[5281 / 5281]行 - 第[17]个字符开始有差异：
        --------------------
        0         1         
        01234567890123456789
        --------------------
文件1 : regfile8: 00000006<CR>
文件2 : regfile8: 00000004<CR>
文件1(HEX) : 
00000000 : 72 65 67 66 69 6c 65 38 - 3a 20 30 30 30 30 30 30  regfile8:.000000
00000010 : 30 36                                              06
文件2(HEX) : 
00000000 : 72 65 67 66 69 6c 65 38 - 3a 20 30 30 30 30 30 30  regfile8:.000000
00000010 : 30 34                                              04

第[5282 / 5282]行 - 第[17]个字符开始有差异：
        --------------------
        0         1         
        01234567890123456789
        --------------------
文件1 : regfile9: 00000001<CR>
文件2 : regfile9: 00000000<CR>
文件1(HEX) : 
00000000 : 72 65 67 66 69 6c 65 39 - 3a 20 30 30 30 30 30 30  regfile9:.000000
00000010 : 30 31                                              01
文件2(HEX) : 
00000000 : 72 65 67 66 69 6c 65 39 - 3a 20 30 30 30 30 30 30  regfile9:.000000
00000010 : 30 30                                              00

第[5283 / 5283]行 - 第[17]个字符开始有差异：
        --------------------
        0         1         
        01234567890123456789
        --------------------
文件1 : regfile10: 00000001<CR>
文件2 : regfile10: 00000043<CR>
文件1(HEX) : 
00000000 : 72 65 67 66 69 6c 65 31 - 30 3a 20 30 30 30 30 30  regfile10:.00000
00000010 : 30 30 31                                           001
文件2(HEX) : 
00000000 : 72 65 67 66 69 6c 65 31 - 30 3a 20 30 30 30 30 30  regfile10:.00000
00000010 : 30 34 33                                           043

第[5284 / 5284]行 - 第[17]个字符开始有差异：
        --------------------
        0         1         
        01234567890123456789
        --------------------
文件1 : regfile11: 0000006e<CR>
文件2 : regfile11: 00000043<CR>
文件1(HEX) : 
00000000 : 72 65 67 66 69 6c 65 31 - 31 3a 20 30 30 30 30 30  regfile11:.00000
00000010 : 30 36 65                                           06e
文件2(HEX) : 
00000000 : 72 65 67 66 69 6c 65 31 - 31 3a 20 30 30 30 30 30  regfile11:.00000
00000010 : 30 34 33                                           043

第[5285 / 5285]行 - 第[17]个字符开始有差异：
        --------------------
        0         1         
        01234567890123456789
        --------------------
文件1 : regfile12: 00000070<CR>
文件2 : regfile12: 00000000<CR>
文件1(HEX) : 
00000000 : 72 65 67 66 69 6c 65 31 - 32 3a 20 30 30 30 30 30  regfile12:.00000
00000010 : 30 37 30                                           070
文件2(HEX) : 
00000000 : 72 65 67 66 69 6c 65 31 - 32 3a 20 30 30 30 30 30  regfile12:.00000
00000010 : 30 30 30                                           000

第[5286 / 5286]行 - 第[17]个字符开始有差异：
        --------------------
        0         1         
        01234567890123456789
        --------------------
文件1 : regfile13: 00000043<CR>
文件2 : regfile13: 00000001<CR>
文件1(HEX) : 
00000000 : 72 65 67 66 69 6c 65 31 - 33 3a 20 30 30 30 30 30  regfile13:.00000
00000010 : 30 34 33                                           043
文件2(HEX) : 
00000000 : 72 65 67 66 69 6c 65 31 - 33 3a 20 30 30 30 30 30  regfile13:.00000
00000010 : 30 30 31                                           001

第[5287 / 5287]行 - 第[18]个字符开始有差异：
        --------------------
        0         1         
        01234567890123456789
        --------------------
文件1 : regfile14: 00000000<CR>
文件2 : regfile14: 00000001<CR>
文件1(HEX) : 
00000000 : 72 65 67 66 69 6c 65 31 - 34 3a 20 30 30 30 30 30  regfile14:.00000
00000010 : 30 30 30                                           000
文件2(HEX) : 
00000000 : 72 65 67 66 69 6c 65 31 - 34 3a 20 30 30 30 30 30  regfile14:.00000
00000010 : 30 30 31                                           001

第[5305 / 5305]行 - 第[10]个字符开始有差异：
        --------------------
        0         1         
        01234567890123456789
        --------------------
文件1 : pc: 00400044<CR>
文件2 : pc: 004000b0<CR>
文件1(HEX) : 
00000000 : 70 63 3a 20 30 30 34 30 - 30 30 34 34              pc:.00400044
文件2(HEX) : 
00000000 : 70 63 3a 20 30 30 34 30 - 30 30 62 30              pc:.004000b0

第[5306 / 5306]行 - 第[7]个字符开始有差异：
        --------------------
        0         1         
        01234567890123456789
        --------------------
文件1 : instr: 014b602b<CR>
文件2 : instr: 246c0001<CR>
文件1(HEX) : 
00000000 : 69 6e 73 74 72 3a 20 30 - 31 34 62 36 30 32 62     instr:.014b602b
文件2(HEX) : 
00000000 : 69 6e 73 74 72 3a 20 32 - 34 36 63 30 30 30 31     instr:.246c0001

第[5311 / 5311]行 - 第[17]个字符开始有差异：
        --------------------
        0         1         
        01234567890123456789
        --------------------
文件1 : regfile4: 00000007<CR>
文件2 : regfile4: 00000005<CR>
文件1(HEX) : 
00000000 : 72 65 67 66 69 6c 65 34 - 3a 20 30 30 30 30 30 30  regfile4:.000000
00000010 : 30 37                                              07
文件2(HEX) : 
00000000 : 72 65 67 66 69 6c 65 34 - 3a 20 30 30 30 30 30 30  regfile4:.000000
00000010 : 30 35                                              05

第[5312 / 5312]行 - 第[17]个字符开始有差异：
        --------------------
        0         1         
        01234567890123456789
        --------------------
文件1 : regfile5: 00000006<CR>
文件2 : regfile5: 00000008<CR>
文件1(HEX) : 
00000000 : 72 65 67 66 69 6c 65 35 - 3a 20 30 30 30 30 30 30  regfile5:.000000
00000010 : 30 36                                              06
文件2(HEX) : 
00000000 : 72 65 67 66 69 6c 65 35 - 3a 20 30 30 30 30 30 30  regfile5:.000000
00000010 : 30 38                                              08

第[5313 / 5313]行 - 第[15]个字符开始有差异：
        --------------------
        0         1         
        01234567890123456789
        --------------------
文件1 : regfile6: 0000027c<CR>
文件2 : regfile6: 00000062<CR>
文件1(HEX) : 
00000000 : 72 65 67 66 69 6c 65 36 - 3a 20 30 30 30 30 30 32  regfile6:.000002
00000010 : 37 63                                              7c
文件2(HEX) : 
00000000 : 72 65 67 66 69 6c 65 36 - 3a 20 30 30 30 30 30 30  regfile6:.000000
00000010 : 36 32                                              62

第[5314 / 5314]行 - 第[15]个字符开始有差异：
        --------------------
        0         1         
        01234567890123456789
        --------------------
文件1 : regfile7: 0000020d<CR>
文件2 : regfile7: 00000061<CR>
文件1(HEX) : 
00000000 : 72 65 67 66 69 6c 65 37 - 3a 20 30 30 30 30 30 32  regfile7:.000002
00000010 : 30 64                                              0d
文件2(HEX) : 
00000000 : 72 65 67 66 69 6c 65 37 - 3a 20 30 30 30 30 30 30  regfile7:.000000
00000010 : 36 31                                              61

第[5315 / 5315]行 - 第[17]个字符开始有差异：
        --------------------
        0         1         
        01234567890123456789
        --------------------
文件1 : regfile8: 00000006<CR>
文件2 : regfile8: 00000004<CR>
文件1(HEX) : 
00000000 : 72 65 67 66 69 6c 65 38 - 3a 20 30 30 30 30 30 30  regfile8:.000000
00000010 : 30 36                                              06
文件2(HEX) : 
00000000 : 72 65 67 66 69 6c 65 38 - 3a 20 30 30 30 30 30 30  regfile8:.000000
00000010 : 30 34                                              04

第[5316 / 5316]行 - 第[17]个字符开始有差异：
        --------------------
        0         1         
        01234567890123456789
        --------------------
文件1 : regfile9: 00000001<CR>
文件2 : regfile9: 00000000<CR>
文件1(HEX) : 
00000000 : 72 65 67 66 69 6c 65 39 - 3a 20 30 30 30 30 30 30  regfile9:.000000
00000010 : 30 31                                              01
文件2(HEX) : 
00000000 : 72 65 67 66 69 6c 65 39 - 3a 20 30 30 30 30 30 30  regfile9:.000000
00000010 : 30 30                                              00

第[5317 / 5317]行 - 第[17]个字符开始有差异：
        --------------------
        0         1         
        01234567890123456789
        --------------------
文件1 : regfile10: 00000001<CR>
文件2 : regfile10: 00000043<CR>
文件1(HEX) : 
00000000 : 72 65 67 66 69 6c 65 31 - 30 3a 20 30 30 30 30 30  regfile10:.00000
00000010 : 30 30 31                                           001
文件2(HEX) : 
00000000 : 72 65 67 66 69 6c 65 31 - 30 3a 20 30 30 30 30 30  regfile10:.00000
00000010 : 30 34 33                                           043

第[5318 / 5318]行 - 第[17]个字符开始有差异：
        --------------------
        0         1         
        01234567890123456789
        --------------------
文件1 : regfile11: 00000070<CR>
文件2 : regfile11: 00000043<CR>
文件1(HEX) : 
00000000 : 72 65 67 66 69 6c 65 31 - 31 3a 20 30 30 30 30 30  regfile11:.00000
00000010 : 30 37 30                                           070
文件2(HEX) : 
00000000 : 72 65 67 66 69 6c 65 31 - 31 3a 20 30 30 30 30 30  regfile11:.00000
00000010 : 30 34 33                                           043

第[5319 / 5319]行 - 第[17]个字符开始有差异：
        --------------------
        0         1         
        01234567890123456789
        --------------------
文件1 : regfile12: 00000070<CR>
文件2 : regfile12: 00000043<CR>
文件1(HEX) : 
00000000 : 72 65 67 66 69 6c 65 31 - 32 3a 20 30 30 30 30 30  regfile12:.00000
00000010 : 30 37 30                                           070
文件2(HEX) : 
00000000 : 72 65 67 66 69 6c 65 31 - 32 3a 20 30 30 30 30 30  regfile12:.00000
00000010 : 30 34 33                                           043

第[5320 / 5320]行 - 第[17]个字符开始有差异：
        --------------------
        0         1         
        01234567890123456789
        --------------------
文件1 : regfile13: 00000043<CR>
文件2 : regfile13: 00000001<CR>
文件1(HEX) : 
00000000 : 72 65 67 66 69 6c 65 31 - 33 3a 20 30 30 30 30 30  regfile13:.00000
00000010 : 30 34 33                                           043
文件2(HEX) : 
00000000 : 72 65 67 66 69 6c 65 31 - 33 3a 20 30 30 30 30 30  regfile13:.00000
00000010 : 30 30 31                                           001

第[5321 / 5321]行 - 第[18]个字符开始有差异：
        --------------------
        0         1         
        01234567890123456789
        --------------------
文件1 : regfile14: 00000000<CR>
文件2 : regfile14: 00000001<CR>
文件1(HEX) : 
00000000 : 72 65 67 66 69 6c 65 31 - 34 3a 20 30 30 30 30 30  regfile14:.00000
00000010 : 30 30 30                                           000
文件2(HEX) : 
00000000 : 72 65 67 66 69 6c 65 31 - 34 3a 20 30 30 30 30 30  regfile14:.00000
00000010 : 30 30 31                                           001

第[5339 / 5339]行 - 第[10]个字符开始有差异：
        --------------------
        0         1         
        01234567890123456789
        --------------------
文件1 : pc: 00400048<CR>
文件2 : pc: 004000b4<CR>
文件1(HEX) : 
00000000 : 70 63 3a 20 30 30 34 30 - 30 30 34 38              pc:.00400048
文件2(HEX) : 
00000000 : 70 63 3a 20 30 30 34 30 - 30 30 62 34              pc:.004000b4

第[5340 / 5340]行 - 第[7]个字符开始有差异：
        --------------------
        0         1         
        01234567890123456789
        --------------------
文件1 : instr: 11800018<CR>
文件2 : instr: 014c682b<CR>
文件1(HEX) : 
00000000 : 69 6e 73 74 72 3a 20 31 - 31 38 30 30 30 31 38     instr:.11800018
文件2(HEX) : 
00000000 : 69 6e 73 74 72 3a 20 30 - 31 34 63 36 38 32 62     instr:.014c682b

第[5345 / 5345]行 - 第[17]个字符开始有差异：
        --------------------
        0         1         
        01234567890123456789
        --------------------
文件1 : regfile4: 00000007<CR>
文件2 : regfile4: 00000005<CR>
文件1(HEX) : 
00000000 : 72 65 67 66 69 6c 65 34 - 3a 20 30 30 30 30 30 30  regfile4:.000000
00000010 : 30 37                                              07
文件2(HEX) : 
00000000 : 72 65 67 66 69 6c 65 34 - 3a 20 30 30 30 30 30 30  regfile4:.000000
00000010 : 30 35                                              05

第[5346 / 5346]行 - 第[17]个字符开始有差异：
        --------------------
        0         1         
        01234567890123456789
        --------------------
文件1 : regfile5: 00000006<CR>
文件2 : regfile5: 00000008<CR>
文件1(HEX) : 
00000000 : 72 65 67 66 69 6c 65 35 - 3a 20 30 30 30 30 30 30  regfile5:.000000
00000010 : 30 36                                              06
文件2(HEX) : 
00000000 : 72 65 67 66 69 6c 65 35 - 3a 20 30 30 30 30 30 30  regfile5:.000000
00000010 : 30 38                                              08

第[5347 / 5347]行 - 第[15]个字符开始有差异：
        --------------------
        0         1         
        01234567890123456789
        --------------------
文件1 : regfile6: 0000027c<CR>
文件2 : regfile6: 00000062<CR>
文件1(HEX) : 
00000000 : 72 65 67 66 69 6c 65 36 - 3a 20 30 30 30 30 30 32  regfile6:.000002
00000010 : 37 63                                              7c
文件2(HEX) : 
00000000 : 72 65 67 66 69 6c 65 36 - 3a 20 30 30 30 30 30 30  regfile6:.000000
00000010 : 36 32                                              62

第[5348 / 5348]行 - 第[15]个字符开始有差异：
        --------------------
        0         1         
        01234567890123456789
        --------------------
文件1 : regfile7: 0000020d<CR>
文件2 : regfile7: 00000061<CR>
文件1(HEX) : 
00000000 : 72 65 67 66 69 6c 65 37 - 3a 20 30 30 30 30 30 32  regfile7:.000002
00000010 : 30 64                                              0d
文件2(HEX) : 
00000000 : 72 65 67 66 69 6c 65 37 - 3a 20 30 30 30 30 30 30  regfile7:.000000
00000010 : 36 31                                              61

第[5349 / 5349]行 - 第[17]个字符开始有差异：
        --------------------
        0         1         
        01234567890123456789
        --------------------
文件1 : regfile8: 00000006<CR>
文件2 : regfile8: 00000004<CR>
文件1(HEX) : 
00000000 : 72 65 67 66 69 6c 65 38 - 3a 20 30 30 30 30 30 30  regfile8:.000000
00000010 : 30 36                                              06
文件2(HEX) : 
00000000 : 72 65 67 66 69 6c 65 38 - 3a 20 30 30 30 30 30 30  regfile8:.000000
00000010 : 30 34                                              04

第[5350 / 5350]行 - 第[17]个字符开始有差异：
        --------------------
        0         1         
        01234567890123456789
        --------------------
文件1 : regfile9: 00000001<CR>
文件2 : regfile9: 00000000<CR>
文件1(HEX) : 
00000000 : 72 65 67 66 69 6c 65 39 - 3a 20 30 30 30 30 30 30  regfile9:.000000
00000010 : 30 31                                              01
文件2(HEX) : 
00000000 : 72 65 67 66 69 6c 65 39 - 3a 20 30 30 30 30 30 30  regfile9:.000000
00000010 : 30 30                                              00

第[5351 / 5351]行 - 第[17]个字符开始有差异：
        --------------------
        0         1         
        01234567890123456789
        --------------------
文件1 : regfile10: 00000001<CR>
文件2 : regfile10: 00000043<CR>
文件1(HEX) : 
00000000 : 72 65 67 66 69 6c 65 31 - 30 3a 20 30 30 30 30 30  regfile10:.00000
00000010 : 30 30 31                                           001
文件2(HEX) : 
00000000 : 72 65 67 66 69 6c 65 31 - 30 3a 20 30 30 30 30 30  regfile10:.00000
00000010 : 30 34 33                                           043

第[5352 / 5352]行 - 第[17]个字符开始有差异：
        --------------------
        0         1         
        01234567890123456789
        --------------------
文件1 : regfile11: 00000070<CR>
文件2 : regfile11: 00000043<CR>
文件1(HEX) : 
00000000 : 72 65 67 66 69 6c 65 31 - 31 3a 20 30 30 30 30 30  regfile11:.00000
00000010 : 30 37 30                                           070
文件2(HEX) : 
00000000 : 72 65 67 66 69 6c 65 31 - 31 3a 20 30 30 30 30 30  regfile11:.00000
00000010 : 30 34 33                                           043

第[5353 / 5353]行 - 第[17]个字符开始有差异：
        --------------------
        0         1         
        01234567890123456789
        --------------------
文件1 : regfile12: 00000070<CR>
文件2 : regfile12: 00000043<CR>
文件1(HEX) : 
00000000 : 72 65 67 66 69 6c 65 31 - 32 3a 20 30 30 30 30 30  regfile12:.00000
00000010 : 30 37 30                                           070
文件2(HEX) : 
00000000 : 72 65 67 66 69 6c 65 31 - 32 3a 20 30 30 30 30 30  regfile12:.00000
00000010 : 30 34 33                                           043

第[5354 / 5354]行 - 第[17]个字符开始有差异：
        --------------------
        0         1         
        01234567890123456789
        --------------------
文件1 : regfile13: 0000006f<CR>
文件2 : regfile13: 00000000<CR>
文件1(HEX) : 
00000000 : 72 65 67 66 69 6c 65 31 - 33 3a 20 30 30 30 30 30  regfile13:.00000
00000010 : 30 36 66                                           06f
文件2(HEX) : 
00000000 : 72 65 67 66 69 6c 65 31 - 33 3a 20 30 30 30 30 30  regfile13:.00000
00000010 : 30 30 30                                           000

第[5355 / 5355]行 - 第[18]个字符开始有差异：
        --------------------
        0         1         
        01234567890123456789
        --------------------
文件1 : regfile14: 00000000<CR>
文件2 : regfile14: 00000001<CR>
文件1(HEX) : 
00000000 : 72 65 67 66 69 6c 65 31 - 34 3a 20 30 30 30 30 30  regfile14:.00000
00000010 : 30 30 30                                           000
文件2(HEX) : 
00000000 : 72 65 67 66 69 6c 65 31 - 34 3a 20 30 30 30 30 30  regfile14:.00000
00000010 : 30 30 31                                           001

第[5373 / 5373]行 - 第[10]个字符开始有差异：
        --------------------
        0         1         
        01234567890123456789
        --------------------
文件1 : pc: 00400048<CR>
文件2 : pc: 004000b8<CR>
文件1(HEX) : 
00000000 : 70 63 3a 20 30 30 34 30 - 30 30 34 38              pc:.00400048
文件2(HEX) : 
00000000 : 70 63 3a 20 30 30 34 30 - 30 30 62 38              pc:.004000b8

第[5374 / 5374]行 - 第[7]个字符开始有差异：
        --------------------
        0         1         
        01234567890123456789
        --------------------
文件1 : instr: 00000000<CR>
文件2 : instr: 11a00002<CR>
文件1(HEX) : 
00000000 : 69 6e 73 74 72 3a 20 30 - 30 30 30 30 30 30 30     instr:.00000000
文件2(HEX) : 
00000000 : 69 6e 73 74 72 3a 20 31 - 31 61 30 30 30 30 32     instr:.11a00002

第[5379 / 5379]行 - 第[17]个字符开始有差异：
        --------------------
        0         1         
        01234567890123456789
        --------------------
文件1 : regfile4: 00000007<CR>
文件2 : regfile4: 00000005<CR>
文件1(HEX) : 
00000000 : 72 65 67 66 69 6c 65 34 - 3a 20 30 30 30 30 30 30  regfile4:.000000
00000010 : 30 37                                              07
文件2(HEX) : 
00000000 : 72 65 67 66 69 6c 65 34 - 3a 20 30 30 30 30 30 30  regfile4:.000000
00000010 : 30 35                                              05

第[5380 / 5380]行 - 第[17]个字符开始有差异：
        --------------------
        0         1         
        01234567890123456789
        --------------------
文件1 : regfile5: 00000006<CR>
文件2 : regfile5: 00000008<CR>
文件1(HEX) : 
00000000 : 72 65 67 66 69 6c 65 35 - 3a 20 30 30 30 30 30 30  regfile5:.000000
00000010 : 30 36                                              06
文件2(HEX) : 
00000000 : 72 65 67 66 69 6c 65 35 - 3a 20 30 30 30 30 30 30  regfile5:.000000
00000010 : 30 38                                              08

第[5381 / 5381]行 - 第[15]个字符开始有差异：
        --------------------
        0         1         
        01234567890123456789
        --------------------
文件1 : regfile6: 0000027c<CR>
文件2 : regfile6: 00000062<CR>
文件1(HEX) : 
00000000 : 72 65 67 66 69 6c 65 36 - 3a 20 30 30 30 30 30 32  regfile6:.000002
00000010 : 37 63                                              7c
文件2(HEX) : 
00000000 : 72 65 67 66 69 6c 65 36 - 3a 20 30 30 30 30 30 30  regfile6:.000000
00000010 : 36 32                                              62

第[5382 / 5382]行 - 第[15]个字符开始有差异：
        --------------------
        0         1         
        01234567890123456789
        --------------------
文件1 : regfile7: 0000027c<CR>
文件2 : regfile7: 00000061<CR>
文件1(HEX) : 
00000000 : 72 65 67 66 69 6c 65 37 - 3a 20 30 30 30 30 30 32  regfile7:.000002
00000010 : 37 63                                              7c
文件2(HEX) : 
00000000 : 72 65 67 66 69 6c 65 37 - 3a 20 30 30 30 30 30 30  regfile7:.000000
00000010 : 36 31                                              61

第[5383 / 5383]行 - 第[17]个字符开始有差异：
        --------------------
        0         1         
        01234567890123456789
        --------------------
文件1 : regfile8: 00000006<CR>
文件2 : regfile8: 00000004<CR>
文件1(HEX) : 
00000000 : 72 65 67 66 69 6c 65 38 - 3a 20 30 30 30 30 30 30  regfile8:.000000
00000010 : 30 36                                              06
文件2(HEX) : 
00000000 : 72 65 67 66 69 6c 65 38 - 3a 20 30 30 30 30 30 30  regfile8:.000000
00000010 : 30 34                                              04

第[5384 / 5384]行 - 第[17]个字符开始有差异：
        --------------------
        0         1         
        01234567890123456789
        --------------------
文件1 : regfile9: 00000001<CR>
文件2 : regfile9: 00000000<CR>
文件1(HEX) : 
00000000 : 72 65 67 66 69 6c 65 39 - 3a 20 30 30 30 30 30 30  regfile9:.000000
00000010 : 30 31                                              01
文件2(HEX) : 
00000000 : 72 65 67 66 69 6c 65 39 - 3a 20 30 30 30 30 30 30  regfile9:.000000
00000010 : 30 30                                              00

第[5385 / 5385]行 - 第[17]个字符开始有差异：
        --------------------
        0         1         
        01234567890123456789
        --------------------
文件1 : regfile10: 00000001<CR>
文件2 : regfile10: 00000043<CR>
文件1(HEX) : 
00000000 : 72 65 67 66 69 6c 65 31 - 30 3a 20 30 30 30 30 30  regfile10:.00000
00000010 : 30 30 31                                           001
文件2(HEX) : 
00000000 : 72 65 67 66 69 6c 65 31 - 30 3a 20 30 30 30 30 30  regfile10:.00000
00000010 : 30 34 33                                           043

第[5386 / 5386]行 - 第[17]个字符开始有差异：
        --------------------
        0         1         
        01234567890123456789
        --------------------
文件1 : regfile11: 00000070<CR>
文件2 : regfile11: 00000043<CR>
文件1(HEX) : 
00000000 : 72 65 67 66 69 6c 65 31 - 31 3a 20 30 30 30 30 30  regfile11:.00000
00000010 : 30 37 30                                           070
文件2(HEX) : 
00000000 : 72 65 67 66 69 6c 65 31 - 31 3a 20 30 30 30 30 30  regfile11:.00000
00000010 : 30 34 33                                           043

第[5387 / 5387]行 - 第[17]个字符开始有差异：
        --------------------
        0         1         
        01234567890123456789
        --------------------
文件1 : regfile12: 00000070<CR>
文件2 : regfile12: 00000043<CR>
文件1(HEX) : 
00000000 : 72 65 67 66 69 6c 65 31 - 32 3a 20 30 30 30 30 30  regfile12:.00000
00000010 : 30 37 30                                           070
文件2(HEX) : 
00000000 : 72 65 67 66 69 6c 65 31 - 32 3a 20 30 30 30 30 30  regfile12:.00000
00000010 : 30 34 33                                           043

第[5388 / 5388]行 - 第[17]个字符开始有差异：
        --------------------
        0         1         
        01234567890123456789
        --------------------
文件1 : regfile13: 0000006f<CR>
文件2 : regfile13: 00000000<CR>
文件1(HEX) : 
00000000 : 72 65 67 66 69 6c 65 31 - 33 3a 20 30 30 30 30 30  regfile13:.00000
00000010 : 30 36 66                                           06f
文件2(HEX) : 
00000000 : 72 65 67 66 69 6c 65 31 - 33 3a 20 30 30 30 30 30  regfile13:.00000
00000010 : 30 30 30                                           000

第[5389 / 5389]行 - 第[18]个字符开始有差异：
        --------------------
        0         1         
        01234567890123456789
        --------------------
文件1 : regfile14: 00000000<CR>
文件2 : regfile14: 00000001<CR>
文件1(HEX) : 
00000000 : 72 65 67 66 69 6c 65 31 - 34 3a 20 30 30 30 30 30  regfile14:.00000
00000010 : 30 30 30                                           000
文件2(HEX) : 
00000000 : 72 65 67 66 69 6c 65 31 - 34 3a 20 30 30 30 30 30  regfile14:.00000
00000010 : 30 30 31                                           001

第[5407 / 5407]行 - 第[10]个字符开始有差异：
        --------------------
        0         1         
        01234567890123456789
        --------------------
文件1 : pc: 0040004c<CR>
文件2 : pc: 004000c4<CR>
文件1(HEX) : 
00000000 : 70 63 3a 20 30 30 34 30 - 30 30 34 63              pc:.0040004c
文件2(HEX) : 
00000000 : 70 63 3a 20 30 30 34 30 - 30 30 63 34              pc:.004000c4

第[5408 / 5408]行 - 第[7]个字符开始有差异：
        --------------------
        0         1         
        01234567890123456789
        --------------------
文件1 : instr: 014b6020<CR>
文件2 : instr: 25080001<CR>
文件1(HEX) : 
00000000 : 69 6e 73 74 72 3a 20 30 - 31 34 62 36 30 32 30     instr:.014b6020
文件2(HEX) : 
00000000 : 69 6e 73 74 72 3a 20 32 - 35 30 38 30 30 30 31     instr:.25080001

第[5413 / 5413]行 - 第[17]个字符开始有差异：
        --------------------
        0         1         
        01234567890123456789
        --------------------
文件1 : regfile4: 00000007<CR>
文件2 : regfile4: 00000005<CR>
文件1(HEX) : 
00000000 : 72 65 67 66 69 6c 65 34 - 3a 20 30 30 30 30 30 30  regfile4:.000000
00000010 : 30 37                                              07
文件2(HEX) : 
00000000 : 72 65 67 66 69 6c 65 34 - 3a 20 30 30 30 30 30 30  regfile4:.000000
00000010 : 30 35                                              05

第[5414 / 5414]行 - 第[17]个字符开始有差异：
        --------------------
        0         1         
        01234567890123456789
        --------------------
文件1 : regfile5: 00000006<CR>
文件2 : regfile5: 00000008<CR>
文件1(HEX) : 
00000000 : 72 65 67 66 69 6c 65 35 - 3a 20 30 30 30 30 30 30  regfile5:.000000
00000010 : 30 36                                              06
文件2(HEX) : 
00000000 : 72 65 67 66 69 6c 65 35 - 3a 20 30 30 30 30 30 30  regfile5:.000000
00000010 : 30 38                                              08

第[5415 / 5415]行 - 第[15]个字符开始有差异：
        --------------------
        0         1         
        01234567890123456789
        --------------------
文件1 : regfile6: 0000027c<CR>
文件2 : regfile6: 00000062<CR>
文件1(HEX) : 
00000000 : 72 65 67 66 69 6c 65 36 - 3a 20 30 30 30 30 30 32  regfile6:.000002
00000010 : 37 63                                              7c
文件2(HEX) : 
00000000 : 72 65 67 66 69 6c 65 36 - 3a 20 30 30 30 30 30 30  regfile6:.000000
00000010 : 36 32                                              62

第[5416 / 5416]行 - 第[15]个字符开始有差异：
        --------------------
        0         1         
        01234567890123456789
        --------------------
文件1 : regfile7: 0000027c<CR>
文件2 : regfile7: 00000061<CR>
文件1(HEX) : 
00000000 : 72 65 67 66 69 6c 65 37 - 3a 20 30 30 30 30 30 32  regfile7:.000002
00000010 : 37 63                                              7c
文件2(HEX) : 
00000000 : 72 65 67 66 69 6c 65 37 - 3a 20 30 30 30 30 30 30  regfile7:.000000
00000010 : 36 31                                              61

第[5417 / 5417]行 - 第[17]个字符开始有差异：
        --------------------
        0         1         
        01234567890123456789
        --------------------
文件1 : regfile8: 00000006<CR>
文件2 : regfile8: 00000005<CR>
文件1(HEX) : 
00000000 : 72 65 67 66 69 6c 65 38 - 3a 20 30 30 30 30 30 30  regfile8:.000000
00000010 : 30 36                                              06
文件2(HEX) : 
00000000 : 72 65 67 66 69 6c 65 38 - 3a 20 30 30 30 30 30 30  regfile8:.000000
00000010 : 30 35                                              05

第[5418 / 5418]行 - 第[17]个字符开始有差异：
        --------------------
        0         1         
        01234567890123456789
        --------------------
文件1 : regfile9: 00000001<CR>
文件2 : regfile9: 00000000<CR>
文件1(HEX) : 
00000000 : 72 65 67 66 69 6c 65 39 - 3a 20 30 30 30 30 30 30  regfile9:.000000
00000010 : 30 31                                              01
文件2(HEX) : 
00000000 : 72 65 67 66 69 6c 65 39 - 3a 20 30 30 30 30 30 30  regfile9:.000000
00000010 : 30 30                                              00

第[5419 / 5419]行 - 第[17]个字符开始有差异：
        --------------------
        0         1         
        01234567890123456789
        --------------------
文件1 : regfile10: 00000001<CR>
文件2 : regfile10: 00000043<CR>
文件1(HEX) : 
00000000 : 72 65 67 66 69 6c 65 31 - 30 3a 20 30 30 30 30 30  regfile10:.00000
00000010 : 30 30 31                                           001
文件2(HEX) : 
00000000 : 72 65 67 66 69 6c 65 31 - 30 3a 20 30 30 30 30 30  regfile10:.00000
00000010 : 30 34 33                                           043

第[5420 / 5420]行 - 第[17]个字符开始有差异：
        --------------------
        0         1         
        01234567890123456789
        --------------------
文件1 : regfile11: 00000070<CR>
文件2 : regfile11: 00000043<CR>
文件1(HEX) : 
00000000 : 72 65 67 66 69 6c 65 31 - 31 3a 20 30 30 30 30 30  regfile11:.00000
00000010 : 30 37 30                                           070
文件2(HEX) : 
00000000 : 72 65 67 66 69 6c 65 31 - 31 3a 20 30 30 30 30 30  regfile11:.00000
00000010 : 30 34 33                                           043

第[5421 / 5421]行 - 第[17]个字符开始有差异：
        --------------------
        0         1         
        01234567890123456789
        --------------------
文件1 : regfile12: 00000070<CR>
文件2 : regfile12: 00000043<CR>
文件1(HEX) : 
00000000 : 72 65 67 66 69 6c 65 31 - 32 3a 20 30 30 30 30 30  regfile12:.00000
00000010 : 30 37 30                                           070
文件2(HEX) : 
00000000 : 72 65 67 66 69 6c 65 31 - 32 3a 20 30 30 30 30 30  regfile12:.00000
00000010 : 30 34 33                                           043

第[5422 / 5422]行 - 第[17]个字符开始有差异：
        --------------------
        0         1         
        01234567890123456789
        --------------------
文件1 : regfile13: 0000006f<CR>
文件2 : regfile13: 00000000<CR>
文件1(HEX) : 
00000000 : 72 65 67 66 69 6c 65 31 - 33 3a 20 30 30 30 30 30  regfile13:.00000
00000010 : 30 36 66                                           06f
文件2(HEX) : 
00000000 : 72 65 67 66 69 6c 65 31 - 33 3a 20 30 30 30 30 30  regfile13:.00000
00000010 : 30 30 30                                           000

第[5423 / 5423]行 - 第[18]个字符开始有差异：
        --------------------
        0         1         
        01234567890123456789
        --------------------
文件1 : regfile14: 00000000<CR>
文件2 : regfile14: 00000001<CR>
文件1(HEX) : 
00000000 : 72 65 67 66 69 6c 65 31 - 34 3a 20 30 30 30 30 30  regfile14:.00000
00000010 : 30 30 30                                           000
文件2(HEX) : 
00000000 : 72 65 67 66 69 6c 65 31 - 34 3a 20 30 30 30 30 30  regfile14:.00000
00000010 : 30 30 31                                           001

第[5441 / 5441]行 - 第[10]个字符开始有差异：
        --------------------
        0         1         
        01234567890123456789
        --------------------
文件1 : pc: 00400050<CR>
文件2 : pc: 004000c8<CR>
文件1(HEX) : 
00000000 : 70 63 3a 20 30 30 34 30 - 30 30 35 30              pc:.00400050
文件2(HEX) : 
00000000 : 70 63 3a 20 30 30 34 30 - 30 30 63 38              pc:.004000c8

第[5442 / 5442]行 - 第[7]个字符开始有差异：
        --------------------
        0         1         
        01234567890123456789
        --------------------
文件1 : instr: 000c6fc0<CR>
文件2 : instr: 24840001<CR>
文件1(HEX) : 
00000000 : 69 6e 73 74 72 3a 20 30 - 30 30 63 36 66 63 30     instr:.000c6fc0
文件2(HEX) : 
00000000 : 69 6e 73 74 72 3a 20 32 - 34 38 34 30 30 30 31     instr:.24840001

第[5447 / 5447]行 - 第[17]个字符开始有差异：
        --------------------
        0         1         
        01234567890123456789
        --------------------
文件1 : regfile4: 00000007<CR>
文件2 : regfile4: 00000006<CR>
文件1(HEX) : 
00000000 : 72 65 67 66 69 6c 65 34 - 3a 20 30 30 30 30 30 30  regfile4:.000000
00000010 : 30 37                                              07
文件2(HEX) : 
00000000 : 72 65 67 66 69 6c 65 34 - 3a 20 30 30 30 30 30 30  regfile4:.000000
00000010 : 30 36                                              06

第[5448 / 5448]行 - 第[17]个字符开始有差异：
        --------------------
        0         1         
        01234567890123456789
        --------------------
文件1 : regfile5: 00000006<CR>
文件2 : regfile5: 00000008<CR>
文件1(HEX) : 
00000000 : 72 65 67 66 69 6c 65 35 - 3a 20 30 30 30 30 30 30  regfile5:.000000
00000010 : 30 36                                              06
文件2(HEX) : 
00000000 : 72 65 67 66 69 6c 65 35 - 3a 20 30 30 30 30 30 30  regfile5:.000000
00000010 : 30 38                                              08

第[5449 / 5449]行 - 第[15]个字符开始有差异：
        --------------------
        0         1         
        01234567890123456789
        --------------------
文件1 : regfile6: 0000027c<CR>
文件2 : regfile6: 00000062<CR>
文件1(HEX) : 
00000000 : 72 65 67 66 69 6c 65 36 - 3a 20 30 30 30 30 30 32  regfile6:.000002
00000010 : 37 63                                              7c
文件2(HEX) : 
00000000 : 72 65 67 66 69 6c 65 36 - 3a 20 30 30 30 30 30 30  regfile6:.000000
00000010 : 36 32                                              62

第[5450 / 5450]行 - 第[15]个字符开始有差异：
        --------------------
        0         1         
        01234567890123456789
        --------------------
文件1 : regfile7: 0000027c<CR>
文件2 : regfile7: 00000061<CR>
文件1(HEX) : 
00000000 : 72 65 67 66 69 6c 65 37 - 3a 20 30 30 30 30 30 32  regfile7:.000002
00000010 : 37 63                                              7c
文件2(HEX) : 
00000000 : 72 65 67 66 69 6c 65 37 - 3a 20 30 30 30 30 30 30  regfile7:.000000
00000010 : 36 31                                              61

第[5451 / 5451]行 - 第[17]个字符开始有差异：
        --------------------
        0         1         
        01234567890123456789
        --------------------
文件1 : regfile8: 00000006<CR>
文件2 : regfile8: 00000005<CR>
文件1(HEX) : 
00000000 : 72 65 67 66 69 6c 65 38 - 3a 20 30 30 30 30 30 30  regfile8:.000000
00000010 : 30 36                                              06
文件2(HEX) : 
00000000 : 72 65 67 66 69 6c 65 38 - 3a 20 30 30 30 30 30 30  regfile8:.000000
00000010 : 30 35                                              05

第[5452 / 5452]行 - 第[17]个字符开始有差异：
        --------------------
        0         1         
        01234567890123456789
        --------------------
文件1 : regfile9: 00000001<CR>
文件2 : regfile9: 00000000<CR>
文件1(HEX) : 
00000000 : 72 65 67 66 69 6c 65 39 - 3a 20 30 30 30 30 30 30  regfile9:.000000
00000010 : 30 31                                              01
文件2(HEX) : 
00000000 : 72 65 67 66 69 6c 65 39 - 3a 20 30 30 30 30 30 30  regfile9:.000000
00000010 : 30 30                                              00

第[5453 / 5453]行 - 第[17]个字符开始有差异：
        --------------------
        0         1         
        01234567890123456789
        --------------------
文件1 : regfile10: 00000001<CR>
文件2 : regfile10: 00000043<CR>
文件1(HEX) : 
00000000 : 72 65 67 66 69 6c 65 31 - 30 3a 20 30 30 30 30 30  regfile10:.00000
00000010 : 30 30 31                                           001
文件2(HEX) : 
00000000 : 72 65 67 66 69 6c 65 31 - 30 3a 20 30 30 30 30 30  regfile10:.00000
00000010 : 30 34 33                                           043

第[5454 / 5454]行 - 第[17]个字符开始有差异：
        --------------------
        0         1         
        01234567890123456789
        --------------------
文件1 : regfile11: 00000070<CR>
文件2 : regfile11: 00000043<CR>
文件1(HEX) : 
00000000 : 72 65 67 66 69 6c 65 31 - 31 3a 20 30 30 30 30 30  regfile11:.00000
00000010 : 30 37 30                                           070
文件2(HEX) : 
00000000 : 72 65 67 66 69 6c 65 31 - 31 3a 20 30 30 30 30 30  regfile11:.00000
00000010 : 30 34 33                                           043

第[5455 / 5455]行 - 第[17]个字符开始有差异：
        --------------------
        0         1         
        01234567890123456789
        --------------------
文件1 : regfile12: 00000070<CR>
文件2 : regfile12: 00000043<CR>
文件1(HEX) : 
00000000 : 72 65 67 66 69 6c 65 31 - 32 3a 20 30 30 30 30 30  regfile12:.00000
00000010 : 30 37 30                                           070
文件2(HEX) : 
00000000 : 72 65 67 66 69 6c 65 31 - 32 3a 20 30 30 30 30 30  regfile12:.00000
00000010 : 30 34 33                                           043

第[5456 / 5456]行 - 第[17]个字符开始有差异：
        --------------------
        0         1         
        01234567890123456789
        --------------------
文件1 : regfile13: 0000006f<CR>
文件2 : regfile13: 00000000<CR>
文件1(HEX) : 
00000000 : 72 65 67 66 69 6c 65 31 - 33 3a 20 30 30 30 30 30  regfile13:.00000
00000010 : 30 36 66                                           06f
文件2(HEX) : 
00000000 : 72 65 67 66 69 6c 65 31 - 33 3a 20 30 30 30 30 30  regfile13:.00000
00000010 : 30 30 30                                           000

第[5457 / 5457]行 - 第[18]个字符开始有差异：
        --------------------
        0         1         
        01234567890123456789
        --------------------
文件1 : regfile14: 00000000<CR>
文件2 : regfile14: 00000001<CR>
文件1(HEX) : 
00000000 : 72 65 67 66 69 6c 65 31 - 34 3a 20 30 30 30 30 30  regfile14:.00000
00000010 : 30 30 30                                           000
文件2(HEX) : 
00000000 : 72 65 67 66 69 6c 65 31 - 34 3a 20 30 30 30 30 30  regfile14:.00000
00000010 : 30 30 31                                           001

第[5475 / 5475]行 - 第[10]个字符开始有差异：
        --------------------
        0         1         
        01234567890123456789
        --------------------
文件1 : pc: 00400054<CR>
文件2 : pc: 004000cc<CR>
文件1(HEX) : 
00000000 : 70 63 3a 20 30 30 34 30 - 30 30 35 34              pc:.00400054
文件2(HEX) : 
00000000 : 70 63 3a 20 30 30 34 30 - 30 30 63 63              pc:.004000cc

第[5476 / 5476]行 - 第[7]个字符开始有差异：
        --------------------
        0         1         
        01234567890123456789
        --------------------
文件1 : instr: 11a00001<CR>
文件2 : instr: 24090001<CR>
文件1(HEX) : 
00000000 : 69 6e 73 74 72 3a 20 31 - 31 61 30 30 30 30 31     instr:.11a00001
文件2(HEX) : 
00000000 : 69 6e 73 74 72 3a 20 32 - 34 30 39 30 30 30 31     instr:.24090001

第[5481 / 5481]行 - 第[17]个字符开始有差异：
        --------------------
        0         1         
        01234567890123456789
        --------------------
文件1 : regfile4: 00000007<CR>
文件2 : regfile4: 00000006<CR>
文件1(HEX) : 
00000000 : 72 65 67 66 69 6c 65 34 - 3a 20 30 30 30 30 30 30  regfile4:.000000
00000010 : 30 37                                              07
文件2(HEX) : 
00000000 : 72 65 67 66 69 6c 65 34 - 3a 20 30 30 30 30 30 30  regfile4:.000000
00000010 : 30 36                                              06

第[5482 / 5482]行 - 第[17]个字符开始有差异：
        --------------------
        0         1         
        01234567890123456789
        --------------------
文件1 : regfile5: 00000006<CR>
文件2 : regfile5: 00000008<CR>
文件1(HEX) : 
00000000 : 72 65 67 66 69 6c 65 35 - 3a 20 30 30 30 30 30 30  regfile5:.000000
00000010 : 30 36                                              06
文件2(HEX) : 
00000000 : 72 65 67 66 69 6c 65 35 - 3a 20 30 30 30 30 30 30  regfile5:.000000
00000010 : 30 38                                              08

第[5483 / 5483]行 - 第[15]个字符开始有差异：
        --------------------
        0         1         
        01234567890123456789
        --------------------
文件1 : regfile6: 0000027c<CR>
文件2 : regfile6: 00000062<CR>
文件1(HEX) : 
00000000 : 72 65 67 66 69 6c 65 36 - 3a 20 30 30 30 30 30 32  regfile6:.000002
00000010 : 37 63                                              7c
文件2(HEX) : 
00000000 : 72 65 67 66 69 6c 65 36 - 3a 20 30 30 30 30 30 30  regfile6:.000000
00000010 : 36 32                                              62

第[5484 / 5484]行 - 第[15]个字符开始有差异：
        --------------------
        0         1         
        01234567890123456789
        --------------------
文件1 : regfile7: 0000027c<CR>
文件2 : regfile7: 00000061<CR>
文件1(HEX) : 
00000000 : 72 65 67 66 69 6c 65 37 - 3a 20 30 30 30 30 30 32  regfile7:.000002
00000010 : 37 63                                              7c
文件2(HEX) : 
00000000 : 72 65 67 66 69 6c 65 37 - 3a 20 30 30 30 30 30 30  regfile7:.000000
00000010 : 36 31                                              61

第[5485 / 5485]行 - 第[17]个字符开始有差异：
        --------------------
        0         1         
        01234567890123456789
        --------------------
文件1 : regfile8: 00000006<CR>
文件2 : regfile8: 00000005<CR>
文件1(HEX) : 
00000000 : 72 65 67 66 69 6c 65 38 - 3a 20 30 30 30 30 30 30  regfile8:.000000
00000010 : 30 36                                              06
文件2(HEX) : 
00000000 : 72 65 67 66 69 6c 65 38 - 3a 20 30 30 30 30 30 30  regfile8:.000000
00000010 : 30 35                                              05

第[5487 / 5487]行 - 第[17]个字符开始有差异：
        --------------------
        0         1         
        01234567890123456789
        --------------------
文件1 : regfile10: 00000001<CR>
文件2 : regfile10: 00000043<CR>
文件1(HEX) : 
00000000 : 72 65 67 66 69 6c 65 31 - 30 3a 20 30 30 30 30 30  regfile10:.00000
00000010 : 30 30 31                                           001
文件2(HEX) : 
00000000 : 72 65 67 66 69 6c 65 31 - 30 3a 20 30 30 30 30 30  regfile10:.00000
00000010 : 30 34 33                                           043

第[5488 / 5488]行 - 第[17]个字符开始有差异：
        --------------------
        0         1         
        01234567890123456789
        --------------------
文件1 : regfile11: 00000070<CR>
文件2 : regfile11: 00000043<CR>
文件1(HEX) : 
00000000 : 72 65 67 66 69 6c 65 31 - 31 3a 20 30 30 30 30 30  regfile11:.00000
00000010 : 30 37 30                                           070
文件2(HEX) : 
00000000 : 72 65 67 66 69 6c 65 31 - 31 3a 20 30 30 30 30 30  regfile11:.00000
00000010 : 30 34 33                                           043

第[5489 / 5489]行 - 第[17]个字符开始有差异：
        --------------------
        0         1         
        01234567890123456789
        --------------------
文件1 : regfile12: 00000001<CR>
文件2 : regfile12: 00000043<CR>
文件1(HEX) : 
00000000 : 72 65 67 66 69 6c 65 31 - 32 3a 20 30 30 30 30 30  regfile12:.00000
00000010 : 30 30 31                                           001
文件2(HEX) : 
00000000 : 72 65 67 66 69 6c 65 31 - 32 3a 20 30 30 30 30 30  regfile12:.00000
00000010 : 30 34 33                                           043

第[5490 / 5490]行 - 第[17]个字符开始有差异：
        --------------------
        0         1         
        01234567890123456789
        --------------------
文件1 : regfile13: 0000006f<CR>
文件2 : regfile13: 00000000<CR>
文件1(HEX) : 
00000000 : 72 65 67 66 69 6c 65 31 - 33 3a 20 30 30 30 30 30  regfile13:.00000
00000010 : 30 36 66                                           06f
文件2(HEX) : 
00000000 : 72 65 67 66 69 6c 65 31 - 33 3a 20 30 30 30 30 30  regfile13:.00000
00000010 : 30 30 30                                           000

第[5491 / 5491]行 - 第[18]个字符开始有差异：
        --------------------
        0         1         
        01234567890123456789
        --------------------
文件1 : regfile14: 00000000<CR>
文件2 : regfile14: 00000001<CR>
文件1(HEX) : 
00000000 : 72 65 67 66 69 6c 65 31 - 34 3a 20 30 30 30 30 30  regfile14:.00000
00000010 : 30 30 30                                           000
文件2(HEX) : 
00000000 : 72 65 67 66 69 6c 65 31 - 34 3a 20 30 30 30 30 30  regfile14:.00000
00000010 : 30 30 31                                           001

第[5509 / 5509]行 - 第[10]个字符开始有差异：
        --------------------
        0         1         
        01234567890123456789
        --------------------
文件1 : pc: 00400054<CR>
文件2 : pc: 004000d0<CR>
文件1(HEX) : 
00000000 : 70 63 3a 20 30 30 34 30 - 30 30 35 34              pc:.00400054
文件2(HEX) : 
00000000 : 70 63 3a 20 30 30 34 30 - 30 30 64 30              pc:.004000d0

第[5510 / 5510]行 - 第[7]个字符开始有差异：
        --------------------
        0         1         
        01234567890123456789
        --------------------
文件1 : instr: 00000000<CR>
文件2 : instr: ac250008<CR>
文件1(HEX) : 
00000000 : 69 6e 73 74 72 3a 20 30 - 30 30 30 30 30 30 30     instr:.00000000
文件2(HEX) : 
00000000 : 69 6e 73 74 72 3a 20 61 - 63 32 35 30 30 30 38     instr:.ac250008

第[5515 / 5515]行 - 第[17]个字符开始有差异：
        --------------------
        0         1         
        01234567890123456789
        --------------------
文件1 : regfile4: 00000007<CR>
文件2 : regfile4: 00000006<CR>
文件1(HEX) : 
00000000 : 72 65 67 66 69 6c 65 34 - 3a 20 30 30 30 30 30 30  regfile4:.000000
00000010 : 30 37                                              07
文件2(HEX) : 
00000000 : 72 65 67 66 69 6c 65 34 - 3a 20 30 30 30 30 30 30  regfile4:.000000
00000010 : 30 36                                              06

第[5516 / 5516]行 - 第[17]个字符开始有差异：
        --------------------
        0         1         
        01234567890123456789
        --------------------
文件1 : regfile5: 00000006<CR>
文件2 : regfile5: 00000008<CR>
文件1(HEX) : 
00000000 : 72 65 67 66 69 6c 65 35 - 3a 20 30 30 30 30 30 30  regfile5:.000000
00000010 : 30 36                                              06
文件2(HEX) : 
00000000 : 72 65 67 66 69 6c 65 35 - 3a 20 30 30 30 30 30 30  regfile5:.000000
00000010 : 30 38                                              08

第[5517 / 5517]行 - 第[15]个字符开始有差异：
        --------------------
        0         1         
        01234567890123456789
        --------------------
文件1 : regfile6: 0000027c<CR>
文件2 : regfile6: 00000062<CR>
文件1(HEX) : 
00000000 : 72 65 67 66 69 6c 65 36 - 3a 20 30 30 30 30 30 32  regfile6:.000002
00000010 : 37 63                                              7c
文件2(HEX) : 
00000000 : 72 65 67 66 69 6c 65 36 - 3a 20 30 30 30 30 30 30  regfile6:.000000
00000010 : 36 32                                              62

第[5518 / 5518]行 - 第[15]个字符开始有差异：
        --------------------
        0         1         
        01234567890123456789
        --------------------
文件1 : regfile7: 0000027c<CR>
文件2 : regfile7: 00000061<CR>
文件1(HEX) : 
00000000 : 72 65 67 66 69 6c 65 37 - 3a 20 30 30 30 30 30 32  regfile7:.000002
00000010 : 37 63                                              7c
文件2(HEX) : 
00000000 : 72 65 67 66 69 6c 65 37 - 3a 20 30 30 30 30 30 30  regfile7:.000000
00000010 : 36 31                                              61

第[5519 / 5519]行 - 第[17]个字符开始有差异：
        --------------------
        0         1         
        01234567890123456789
        --------------------
文件1 : regfile8: 00000006<CR>
文件2 : regfile8: 00000005<CR>
文件1(HEX) : 
00000000 : 72 65 67 66 69 6c 65 38 - 3a 20 30 30 30 30 30 30  regfile8:.000000
00000010 : 30 36                                              06
文件2(HEX) : 
00000000 : 72 65 67 66 69 6c 65 38 - 3a 20 30 30 30 30 30 30  regfile8:.000000
00000010 : 30 35                                              05

第[5521 / 5521]行 - 第[17]个字符开始有差异：
        --------------------
        0         1         
        01234567890123456789
        --------------------
文件1 : regfile10: 00000001<CR>
文件2 : regfile10: 00000043<CR>
文件1(HEX) : 
00000000 : 72 65 67 66 69 6c 65 31 - 30 3a 20 30 30 30 30 30  regfile10:.00000
00000010 : 30 30 31                                           001
文件2(HEX) : 
00000000 : 72 65 67 66 69 6c 65 31 - 30 3a 20 30 30 30 30 30  regfile10:.00000
00000010 : 30 34 33                                           043

第[5522 / 5522]行 - 第[17]个字符开始有差异：
        --------------------
        0         1         
        01234567890123456789
        --------------------
文件1 : regfile11: 00000070<CR>
文件2 : regfile11: 00000043<CR>
文件1(HEX) : 
00000000 : 72 65 67 66 69 6c 65 31 - 31 3a 20 30 30 30 30 30  regfile11:.00000
00000010 : 30 37 30                                           070
文件2(HEX) : 
00000000 : 72 65 67 66 69 6c 65 31 - 31 3a 20 30 30 30 30 30  regfile11:.00000
00000010 : 30 34 33                                           043

第[5523 / 5523]行 - 第[17]个字符开始有差异：
        --------------------
        0         1         
        01234567890123456789
        --------------------
文件1 : regfile12: 00000001<CR>
文件2 : regfile12: 00000043<CR>
文件1(HEX) : 
00000000 : 72 65 67 66 69 6c 65 31 - 32 3a 20 30 30 30 30 30  regfile12:.00000
00000010 : 30 30 31                                           001
文件2(HEX) : 
00000000 : 72 65 67 66 69 6c 65 31 - 32 3a 20 30 30 30 30 30  regfile12:.00000
00000010 : 30 34 33                                           043

第[5524 / 5524]行 - 第[17]个字符开始有差异：
        --------------------
        0         1         
        01234567890123456789
        --------------------
文件1 : regfile13: 0000006f<CR>
文件2 : regfile13: 00000000<CR>
文件1(HEX) : 
00000000 : 72 65 67 66 69 6c 65 31 - 33 3a 20 30 30 30 30 30  regfile13:.00000
00000010 : 30 36 66                                           06f
文件2(HEX) : 
00000000 : 72 65 67 66 69 6c 65 31 - 33 3a 20 30 30 30 30 30  regfile13:.00000
00000010 : 30 30 30                                           000

第[5525 / 5525]行 - 第[18]个字符开始有差异：
        --------------------
        0         1         
        01234567890123456789
        --------------------
文件1 : regfile14: 00000000<CR>
文件2 : regfile14: 00000001<CR>
文件1(HEX) : 
00000000 : 72 65 67 66 69 6c 65 31 - 34 3a 20 30 30 30 30 30  regfile14:.00000
00000010 : 30 30 30                                           000
文件2(HEX) : 
00000000 : 72 65 67 66 69 6c 65 31 - 34 3a 20 30 30 30 30 30  regfile14:.00000
00000010 : 30 30 31                                           001

第[5543 / 5543]行 - 第[10]个字符开始有差异：
        --------------------
        0         1         
        01234567890123456789
        --------------------
文件1 : pc: 00400058<CR>
文件2 : pc: 004000d4<CR>
文件1(HEX) : 
00000000 : 70 63 3a 20 30 30 34 30 - 30 30 35 38              pc:.00400058
文件2(HEX) : 
00000000 : 70 63 3a 20 30 30 34 30 - 30 30 64 34              pc:.004000d4

第[5544 / 5544]行 - 第[7]个字符开始有差异：
        --------------------
        0         1         
        01234567890123456789
        --------------------
文件1 : instr: 258c0001<CR>
文件2 : instr: ac24000c<CR>
文件1(HEX) : 
00000000 : 69 6e 73 74 72 3a 20 32 - 35 38 63 30 30 30 31     instr:.258c0001
文件2(HEX) : 
00000000 : 69 6e 73 74 72 3a 20 61 - 63 32 34 30 30 30 63     instr:.ac24000c

第[5549 / 5549]行 - 第[17]个字符开始有差异：
        --------------------
        0         1         
        01234567890123456789
        --------------------
文件1 : regfile4: 00000007<CR>
文件2 : regfile4: 00000006<CR>
文件1(HEX) : 
00000000 : 72 65 67 66 69 6c 65 34 - 3a 20 30 30 30 30 30 30  regfile4:.000000
00000010 : 30 37                                              07
文件2(HEX) : 
00000000 : 72 65 67 66 69 6c 65 34 - 3a 20 30 30 30 30 30 30  regfile4:.000000
00000010 : 30 36                                              06

第[5550 / 5550]行 - 第[17]个字符开始有差异：
        --------------------
        0         1         
        01234567890123456789
        --------------------
文件1 : regfile5: 00000006<CR>
文件2 : regfile5: 00000008<CR>
文件1(HEX) : 
00000000 : 72 65 67 66 69 6c 65 35 - 3a 20 30 30 30 30 30 30  regfile5:.000000
00000010 : 30 36                                              06
文件2(HEX) : 
00000000 : 72 65 67 66 69 6c 65 35 - 3a 20 30 30 30 30 30 30  regfile5:.000000
00000010 : 30 38                                              08

第[5551 / 5551]行 - 第[15]个字符开始有差异：
        --------------------
        0         1         
        01234567890123456789
        --------------------
文件1 : regfile6: 0000027c<CR>
文件2 : regfile6: 00000062<CR>
文件1(HEX) : 
00000000 : 72 65 67 66 69 6c 65 36 - 3a 20 30 30 30 30 30 32  regfile6:.000002
00000010 : 37 63                                              7c
文件2(HEX) : 
00000000 : 72 65 67 66 69 6c 65 36 - 3a 20 30 30 30 30 30 30  regfile6:.000000
00000010 : 36 32                                              62

第[5552 / 5552]行 - 第[15]个字符开始有差异：
        --------------------
        0         1         
        01234567890123456789
        --------------------
文件1 : regfile7: 0000027c<CR>
文件2 : regfile7: 00000061<CR>
文件1(HEX) : 
00000000 : 72 65 67 66 69 6c 65 37 - 3a 20 30 30 30 30 30 32  regfile7:.000002
00000010 : 37 63                                              7c
文件2(HEX) : 
00000000 : 72 65 67 66 69 6c 65 37 - 3a 20 30 30 30 30 30 30  regfile7:.000000
00000010 : 36 31                                              61

第[5553 / 5553]行 - 第[17]个字符开始有差异：
        --------------------
        0         1         
        01234567890123456789
        --------------------
文件1 : regfile8: 00000006<CR>
文件2 : regfile8: 00000005<CR>
文件1(HEX) : 
00000000 : 72 65 67 66 69 6c 65 38 - 3a 20 30 30 30 30 30 30  regfile8:.000000
00000010 : 30 36                                              06
文件2(HEX) : 
00000000 : 72 65 67 66 69 6c 65 38 - 3a 20 30 30 30 30 30 30  regfile8:.000000
00000010 : 30 35                                              05

第[5555 / 5555]行 - 第[17]个字符开始有差异：
        --------------------
        0         1         
        01234567890123456789
        --------------------
文件1 : regfile10: 00000001<CR>
文件2 : regfile10: 00000043<CR>
文件1(HEX) : 
00000000 : 72 65 67 66 69 6c 65 31 - 30 3a 20 30 30 30 30 30  regfile10:.00000
00000010 : 30 30 31                                           001
文件2(HEX) : 
00000000 : 72 65 67 66 69 6c 65 31 - 30 3a 20 30 30 30 30 30  regfile10:.00000
00000010 : 30 34 33                                           043

第[5556 / 5556]行 - 第[17]个字符开始有差异：
        --------------------
        0         1         
        01234567890123456789
        --------------------
文件1 : regfile11: 00000070<CR>
文件2 : regfile11: 00000043<CR>
文件1(HEX) : 
00000000 : 72 65 67 66 69 6c 65 31 - 31 3a 20 30 30 30 30 30  regfile11:.00000
00000010 : 30 37 30                                           070
文件2(HEX) : 
00000000 : 72 65 67 66 69 6c 65 31 - 31 3a 20 30 30 30 30 30  regfile11:.00000
00000010 : 30 34 33                                           043

第[5557 / 5557]行 - 第[17]个字符开始有差异：
        --------------------
        0         1         
        01234567890123456789
        --------------------
文件1 : regfile12: 00000001<CR>
文件2 : regfile12: 00000043<CR>
文件1(HEX) : 
00000000 : 72 65 67 66 69 6c 65 31 - 32 3a 20 30 30 30 30 30  regfile12:.00000
00000010 : 30 30 31                                           001
文件2(HEX) : 
00000000 : 72 65 67 66 69 6c 65 31 - 32 3a 20 30 30 30 30 30  regfile12:.00000
00000010 : 30 34 33                                           043

第[5558 / 5558]行 - 第[17]个字符开始有差异：
        --------------------
        0         1         
        01234567890123456789
        --------------------
文件1 : regfile13: 0000006f<CR>
文件2 : regfile13: 00000000<CR>
文件1(HEX) : 
00000000 : 72 65 67 66 69 6c 65 31 - 33 3a 20 30 30 30 30 30  regfile13:.00000
00000010 : 30 36 66                                           06f
文件2(HEX) : 
00000000 : 72 65 67 66 69 6c 65 31 - 33 3a 20 30 30 30 30 30  regfile13:.00000
00000010 : 30 30 30                                           000

第[5559 / 5559]行 - 第[18]个字符开始有差异：
        --------------------
        0         1         
        01234567890123456789
        --------------------
文件1 : regfile14: 00000000<CR>
文件2 : regfile14: 00000001<CR>
文件1(HEX) : 
00000000 : 72 65 67 66 69 6c 65 31 - 34 3a 20 30 30 30 30 30  regfile14:.00000
00000010 : 30 30 30                                           000
文件2(HEX) : 
00000000 : 72 65 67 66 69 6c 65 31 - 34 3a 20 30 30 30 30 30  regfile14:.00000
00000010 : 30 30 31                                           001

第[5577 / 5577]行 - 第[10]个字符开始有差异：
        --------------------
        0         1         
        01234567890123456789
        --------------------
文件1 : pc: 0040005c<CR>
文件2 : pc: 004000d8<CR>
文件1(HEX) : 
00000000 : 70 63 3a 20 30 30 34 30 - 30 30 35 63              pc:.0040005c
文件2(HEX) : 
00000000 : 70 63 3a 20 30 30 34 30 - 30 30 64 38              pc:.004000d8

第[5578 / 5578]行 - 第[7]个字符开始有差异：
        --------------------
        0         1         
        01234567890123456789
        --------------------
文件1 : instr: 000c6042<CR>
文件2 : instr: ac290010<CR>
文件1(HEX) : 
00000000 : 69 6e 73 74 72 3a 20 30 - 30 30 63 36 30 34 32     instr:.000c6042
文件2(HEX) : 
00000000 : 69 6e 73 74 72 3a 20 61 - 63 32 39 30 30 31 30     instr:.ac290010

第[5583 / 5583]行 - 第[17]个字符开始有差异：
        --------------------
        0         1         
        01234567890123456789
        --------------------
文件1 : regfile4: 00000007<CR>
文件2 : regfile4: 00000006<CR>
文件1(HEX) : 
00000000 : 72 65 67 66 69 6c 65 34 - 3a 20 30 30 30 30 30 30  regfile4:.000000
00000010 : 30 37                                              07
文件2(HEX) : 
00000000 : 72 65 67 66 69 6c 65 34 - 3a 20 30 30 30 30 30 30  regfile4:.000000
00000010 : 30 36                                              06

第[5584 / 5584]行 - 第[17]个字符开始有差异：
        --------------------
        0         1         
        01234567890123456789
        --------------------
文件1 : regfile5: 00000006<CR>
文件2 : regfile5: 00000008<CR>
文件1(HEX) : 
00000000 : 72 65 67 66 69 6c 65 35 - 3a 20 30 30 30 30 30 30  regfile5:.000000
00000010 : 30 36                                              06
文件2(HEX) : 
00000000 : 72 65 67 66 69 6c 65 35 - 3a 20 30 30 30 30 30 30  regfile5:.000000
00000010 : 30 38                                              08

第[5585 / 5585]行 - 第[15]个字符开始有差异：
        --------------------
        0         1         
        01234567890123456789
        --------------------
文件1 : regfile6: 0000027c<CR>
文件2 : regfile6: 00000062<CR>
文件1(HEX) : 
00000000 : 72 65 67 66 69 6c 65 36 - 3a 20 30 30 30 30 30 32  regfile6:.000002
00000010 : 37 63                                              7c
文件2(HEX) : 
00000000 : 72 65 67 66 69 6c 65 36 - 3a 20 30 30 30 30 30 30  regfile6:.000000
00000010 : 36 32                                              62

第[5586 / 5586]行 - 第[15]个字符开始有差异：
        --------------------
        0         1         
        01234567890123456789
        --------------------
文件1 : regfile7: 0000027c<CR>
文件2 : regfile7: 00000061<CR>
文件1(HEX) : 
00000000 : 72 65 67 66 69 6c 65 37 - 3a 20 30 30 30 30 30 32  regfile7:.000002
00000010 : 37 63                                              7c
文件2(HEX) : 
00000000 : 72 65 67 66 69 6c 65 37 - 3a 20 30 30 30 30 30 30  regfile7:.000000
00000010 : 36 31                                              61

第[5587 / 5587]行 - 第[17]个字符开始有差异：
        --------------------
        0         1         
        01234567890123456789
        --------------------
文件1 : regfile8: 00000006<CR>
文件2 : regfile8: 00000005<CR>
文件1(HEX) : 
00000000 : 72 65 67 66 69 6c 65 38 - 3a 20 30 30 30 30 30 30  regfile8:.000000
00000010 : 30 36                                              06
文件2(HEX) : 
00000000 : 72 65 67 66 69 6c 65 38 - 3a 20 30 30 30 30 30 30  regfile8:.000000
00000010 : 30 35                                              05

第[5589 / 5589]行 - 第[17]个字符开始有差异：
        --------------------
        0         1         
        01234567890123456789
        --------------------
文件1 : regfile10: 00000001<CR>
文件2 : regfile10: 00000043<CR>
文件1(HEX) : 
00000000 : 72 65 67 66 69 6c 65 31 - 30 3a 20 30 30 30 30 30  regfile10:.00000
00000010 : 30 30 31                                           001
文件2(HEX) : 
00000000 : 72 65 67 66 69 6c 65 31 - 30 3a 20 30 30 30 30 30  regfile10:.00000
00000010 : 30 34 33                                           043

第[5590 / 5590]行 - 第[17]个字符开始有差异：
        --------------------
        0         1         
        01234567890123456789
        --------------------
文件1 : regfile11: 00000070<CR>
文件2 : regfile11: 00000043<CR>
文件1(HEX) : 
00000000 : 72 65 67 66 69 6c 65 31 - 31 3a 20 30 30 30 30 30  regfile11:.00000
00000010 : 30 37 30                                           070
文件2(HEX) : 
00000000 : 72 65 67 66 69 6c 65 31 - 31 3a 20 30 30 30 30 30  regfile11:.00000
00000010 : 30 34 33                                           043

第[5591 / 5591]行 - 第[17]个字符开始有差异：
        --------------------
        0         1         
        01234567890123456789
        --------------------
文件1 : regfile12: 00000071<CR>
文件2 : regfile12: 00000043<CR>
文件1(HEX) : 
00000000 : 72 65 67 66 69 6c 65 31 - 32 3a 20 30 30 30 30 30  regfile12:.00000
00000010 : 30 37 31                                           071
文件2(HEX) : 
00000000 : 72 65 67 66 69 6c 65 31 - 32 3a 20 30 30 30 30 30  regfile12:.00000
00000010 : 30 34 33                                           043

第[5592 / 5592]行 - 第[17]个字符开始有差异：
        --------------------
        0         1         
        01234567890123456789
        --------------------
文件1 : regfile13: 0000006f<CR>
文件2 : regfile13: 00000000<CR>
文件1(HEX) : 
00000000 : 72 65 67 66 69 6c 65 31 - 33 3a 20 30 30 30 30 30  regfile13:.00000
00000010 : 30 36 66                                           06f
文件2(HEX) : 
00000000 : 72 65 67 66 69 6c 65 31 - 33 3a 20 30 30 30 30 30  regfile13:.00000
00000010 : 30 30 30                                           000

第[5593 / 5593]行 - 第[18]个字符开始有差异：
        --------------------
        0         1         
        01234567890123456789
        --------------------
文件1 : regfile14: 00000000<CR>
文件2 : regfile14: 00000001<CR>
文件1(HEX) : 
00000000 : 72 65 67 66 69 6c 65 31 - 34 3a 20 30 30 30 30 30  regfile14:.00000
00000010 : 30 30 30                                           000
文件2(HEX) : 
00000000 : 72 65 67 66 69 6c 65 31 - 34 3a 20 30 30 30 30 30  regfile14:.00000
00000010 : 30 30 31                                           001

第[5611 / 5611]行 - 第[10]个字符开始有差异：
        --------------------
        0         1         
        01234567890123456789
        --------------------
文件1 : pc: 00400060<CR>
文件2 : pc: 004000dc<CR>
文件1(HEX) : 
00000000 : 70 63 3a 20 30 30 34 30 - 30 30 36 30              pc:.00400060
文件2(HEX) : 
00000000 : 70 63 3a 20 30 30 34 30 - 30 30 64 63              pc:.004000dc

第[5612 / 5612]行 - 第[7]个字符开始有差异：
        --------------------
        0         1         
        01234567890123456789
        --------------------
文件1 : instr: 24a50001<CR>
文件2 : instr: 00065040<CR>
文件1(HEX) : 
00000000 : 69 6e 73 74 72 3a 20 32 - 34 61 35 30 30 30 31     instr:.24a50001
文件2(HEX) : 
00000000 : 69 6e 73 74 72 3a 20 30 - 30 30 36 35 30 34 30     instr:.00065040

第[5617 / 5617]行 - 第[17]个字符开始有差异：
        --------------------
        0         1         
        01234567890123456789
        --------------------
文件1 : regfile4: 00000007<CR>
文件2 : regfile4: 00000006<CR>
文件1(HEX) : 
00000000 : 72 65 67 66 69 6c 65 34 - 3a 20 30 30 30 30 30 30  regfile4:.000000
00000010 : 30 37                                              07
文件2(HEX) : 
00000000 : 72 65 67 66 69 6c 65 34 - 3a 20 30 30 30 30 30 30  regfile4:.000000
00000010 : 30 36                                              06

第[5618 / 5618]行 - 第[17]个字符开始有差异：
        --------------------
        0         1         
        01234567890123456789
        --------------------
文件1 : regfile5: 00000006<CR>
文件2 : regfile5: 00000008<CR>
文件1(HEX) : 
00000000 : 72 65 67 66 69 6c 65 35 - 3a 20 30 30 30 30 30 30  regfile5:.000000
00000010 : 30 36                                              06
文件2(HEX) : 
00000000 : 72 65 67 66 69 6c 65 35 - 3a 20 30 30 30 30 30 30  regfile5:.000000
00000010 : 30 38                                              08

第[5619 / 5619]行 - 第[15]个字符开始有差异：
        --------------------
        0         1         
        01234567890123456789
        --------------------
文件1 : regfile6: 0000027c<CR>
文件2 : regfile6: 00000062<CR>
文件1(HEX) : 
00000000 : 72 65 67 66 69 6c 65 36 - 3a 20 30 30 30 30 30 32  regfile6:.000002
00000010 : 37 63                                              7c
文件2(HEX) : 
00000000 : 72 65 67 66 69 6c 65 36 - 3a 20 30 30 30 30 30 30  regfile6:.000000
00000010 : 36 32                                              62

第[5620 / 5620]行 - 第[15]个字符开始有差异：
        --------------------
        0         1         
        01234567890123456789
        --------------------
文件1 : regfile7: 0000027c<CR>
文件2 : regfile7: 00000061<CR>
文件1(HEX) : 
00000000 : 72 65 67 66 69 6c 65 37 - 3a 20 30 30 30 30 30 32  regfile7:.000002
00000010 : 37 63                                              7c
文件2(HEX) : 
00000000 : 72 65 67 66 69 6c 65 37 - 3a 20 30 30 30 30 30 30  regfile7:.000000
00000010 : 36 31                                              61

第[5621 / 5621]行 - 第[17]个字符开始有差异：
        --------------------
        0         1         
        01234567890123456789
        --------------------
文件1 : regfile8: 00000006<CR>
文件2 : regfile8: 00000005<CR>
文件1(HEX) : 
00000000 : 72 65 67 66 69 6c 65 38 - 3a 20 30 30 30 30 30 30  regfile8:.000000
00000010 : 30 36                                              06
文件2(HEX) : 
00000000 : 72 65 67 66 69 6c 65 38 - 3a 20 30 30 30 30 30 30  regfile8:.000000
00000010 : 30 35                                              05

第[5623 / 5623]行 - 第[17]个字符开始有差异：
        --------------------
        0         1         
        01234567890123456789
        --------------------
文件1 : regfile10: 00000001<CR>
文件2 : regfile10: 000000c4<CR>
文件1(HEX) : 
00000000 : 72 65 67 66 69 6c 65 31 - 30 3a 20 30 30 30 30 30  regfile10:.00000
00000010 : 30 30 31                                           001
文件2(HEX) : 
00000000 : 72 65 67 66 69 6c 65 31 - 30 3a 20 30 30 30 30 30  regfile10:.00000
00000010 : 30 63 34                                           0c4

第[5624 / 5624]行 - 第[17]个字符开始有差异：
        --------------------
        0         1         
        01234567890123456789
        --------------------
文件1 : regfile11: 00000070<CR>
文件2 : regfile11: 00000043<CR>
文件1(HEX) : 
00000000 : 72 65 67 66 69 6c 65 31 - 31 3a 20 30 30 30 30 30  regfile11:.00000
00000010 : 30 37 30                                           070
文件2(HEX) : 
00000000 : 72 65 67 66 69 6c 65 31 - 31 3a 20 30 30 30 30 30  regfile11:.00000
00000010 : 30 34 33                                           043

第[5625 / 5625]行 - 第[17]个字符开始有差异：
        --------------------
        0         1         
        01234567890123456789
        --------------------
文件1 : regfile12: 00000071<CR>
文件2 : regfile12: 00000043<CR>
文件1(HEX) : 
00000000 : 72 65 67 66 69 6c 65 31 - 32 3a 20 30 30 30 30 30  regfile12:.00000
00000010 : 30 37 31                                           071
文件2(HEX) : 
00000000 : 72 65 67 66 69 6c 65 31 - 32 3a 20 30 30 30 30 30  regfile12:.00000
00000010 : 30 34 33                                           043

第[5626 / 5626]行 - 第[11]个字符开始有差异：
        --------------------
        0         1         
        01234567890123456789
        --------------------
文件1 : regfile13: 80000000<CR>
文件2 : regfile13: 00000000<CR>
文件1(HEX) : 
00000000 : 72 65 67 66 69 6c 65 31 - 33 3a 20 38 30 30 30 30  regfile13:.80000
00000010 : 30 30 30                                           000
文件2(HEX) : 
00000000 : 72 65 67 66 69 6c 65 31 - 33 3a 20 30 30 30 30 30  regfile13:.00000
00000010 : 30 30 30                                           000

第[5627 / 5627]行 - 第[18]个字符开始有差异：
        --------------------
        0         1         
        01234567890123456789
        --------------------
文件1 : regfile14: 00000000<CR>
文件2 : regfile14: 00000001<CR>
文件1(HEX) : 
00000000 : 72 65 67 66 69 6c 65 31 - 34 3a 20 30 30 30 30 30  regfile14:.00000
00000010 : 30 30 30                                           000
文件2(HEX) : 
00000000 : 72 65 67 66 69 6c 65 31 - 34 3a 20 30 30 30 30 30  regfile14:.00000
00000010 : 30 30 31                                           001

第[5645 / 5645]行 - 第[10]个字符开始有差异：
        --------------------
        0         1         
        01234567890123456789
        --------------------
文件1 : pc: 00400064<CR>
文件2 : pc: 004000e0<CR>
文件1(HEX) : 
00000000 : 70 63 3a 20 30 30 34 30 - 30 30 36 34              pc:.00400064
文件2(HEX) : 
00000000 : 70 63 3a 20 30 30 34 30 - 30 30 65 30              pc:.004000e0

第[5646 / 5646]行 - 第[8]个字符开始有差异：
        --------------------
        0         1         
        01234567890123456789
        --------------------
文件1 : instr: 018a6823<CR>
文件2 : instr: 00e05820<CR>
文件1(HEX) : 
00000000 : 69 6e 73 74 72 3a 20 30 - 31 38 61 36 38 32 33     instr:.018a6823
文件2(HEX) : 
00000000 : 69 6e 73 74 72 3a 20 30 - 30 65 30 35 38 32 30     instr:.00e05820

第[5651 / 5651]行 - 第[17]个字符开始有差异：
        --------------------
        0         1         
        01234567890123456789
        --------------------
文件1 : regfile4: 00000007<CR>
文件2 : regfile4: 00000006<CR>
文件1(HEX) : 
00000000 : 72 65 67 66 69 6c 65 34 - 3a 20 30 30 30 30 30 30  regfile4:.000000
00000010 : 30 37                                              07
文件2(HEX) : 
00000000 : 72 65 67 66 69 6c 65 34 - 3a 20 30 30 30 30 30 30  regfile4:.000000
00000010 : 30 36                                              06

第[5652 / 5652]行 - 第[17]个字符开始有差异：
        --------------------
        0         1         
        01234567890123456789
        --------------------
文件1 : regfile5: 00000006<CR>
文件2 : regfile5: 00000008<CR>
文件1(HEX) : 
00000000 : 72 65 67 66 69 6c 65 35 - 3a 20 30 30 30 30 30 30  regfile5:.000000
00000010 : 30 36                                              06
文件2(HEX) : 
00000000 : 72 65 67 66 69 6c 65 35 - 3a 20 30 30 30 30 30 30  regfile5:.000000
00000010 : 30 38                                              08

第[5653 / 5653]行 - 第[15]个字符开始有差异：
        --------------------
        0         1         
        01234567890123456789
        --------------------
文件1 : regfile6: 0000027c<CR>
文件2 : regfile6: 00000062<CR>
文件1(HEX) : 
00000000 : 72 65 67 66 69 6c 65 36 - 3a 20 30 30 30 30 30 32  regfile6:.000002
00000010 : 37 63                                              7c
文件2(HEX) : 
00000000 : 72 65 67 66 69 6c 65 36 - 3a 20 30 30 30 30 30 30  regfile6:.000000
00000010 : 36 32                                              62

第[5654 / 5654]行 - 第[15]个字符开始有差异：
        --------------------
        0         1         
        01234567890123456789
        --------------------
文件1 : regfile7: 0000027c<CR>
文件2 : regfile7: 00000061<CR>
文件1(HEX) : 
00000000 : 72 65 67 66 69 6c 65 37 - 3a 20 30 30 30 30 30 32  regfile7:.000002
00000010 : 37 63                                              7c
文件2(HEX) : 
00000000 : 72 65 67 66 69 6c 65 37 - 3a 20 30 30 30 30 30 30  regfile7:.000000
00000010 : 36 31                                              61

第[5655 / 5655]行 - 第[17]个字符开始有差异：
        --------------------
        0         1         
        01234567890123456789
        --------------------
文件1 : regfile8: 00000006<CR>
文件2 : regfile8: 00000005<CR>
文件1(HEX) : 
00000000 : 72 65 67 66 69 6c 65 38 - 3a 20 30 30 30 30 30 30  regfile8:.000000
00000010 : 30 36                                              06
文件2(HEX) : 
00000000 : 72 65 67 66 69 6c 65 38 - 3a 20 30 30 30 30 30 30  regfile8:.000000
00000010 : 30 35                                              05

第[5657 / 5657]行 - 第[17]个字符开始有差异：
        --------------------
        0         1         
        01234567890123456789
        --------------------
文件1 : regfile10: 00000001<CR>
文件2 : regfile10: 000000c4<CR>
文件1(HEX) : 
00000000 : 72 65 67 66 69 6c 65 31 - 30 3a 20 30 30 30 30 30  regfile10:.00000
00000010 : 30 30 31                                           001
文件2(HEX) : 
00000000 : 72 65 67 66 69 6c 65 31 - 30 3a 20 30 30 30 30 30  regfile10:.00000
00000010 : 30 63 34                                           0c4

第[5658 / 5658]行 - 第[17]个字符开始有差异：
        --------------------
        0         1         
        01234567890123456789
        --------------------
文件1 : regfile11: 00000070<CR>
文件2 : regfile11: 00000061<CR>
文件1(HEX) : 
00000000 : 72 65 67 66 69 6c 65 31 - 31 3a 20 30 30 30 30 30  regfile11:.00000
00000010 : 30 37 30                                           070
文件2(HEX) : 
00000000 : 72 65 67 66 69 6c 65 31 - 31 3a 20 30 30 30 30 30  regfile11:.00000
00000010 : 30 36 31                                           061

第[5659 / 5659]行 - 第[17]个字符开始有差异：
        --------------------
        0         1         
        01234567890123456789
        --------------------
文件1 : regfile12: 00000071<CR>
文件2 : regfile12: 00000043<CR>
文件1(HEX) : 
00000000 : 72 65 67 66 69 6c 65 31 - 32 3a 20 30 30 30 30 30  regfile12:.00000
00000010 : 30 37 31                                           071
文件2(HEX) : 
00000000 : 72 65 67 66 69 6c 65 31 - 32 3a 20 30 30 30 30 30  regfile12:.00000
00000010 : 30 34 33                                           043

第[5660 / 5660]行 - 第[11]个字符开始有差异：
        --------------------
        0         1         
        01234567890123456789
        --------------------
文件1 : regfile13: 80000000<CR>
文件2 : regfile13: 00000000<CR>
文件1(HEX) : 
00000000 : 72 65 67 66 69 6c 65 31 - 33 3a 20 38 30 30 30 30  regfile13:.80000
00000010 : 30 30 30                                           000
文件2(HEX) : 
00000000 : 72 65 67 66 69 6c 65 31 - 33 3a 20 30 30 30 30 30  regfile13:.00000
00000010 : 30 30 30                                           000

第[5661 / 5661]行 - 第[18]个字符开始有差异：
        --------------------
        0         1         
        01234567890123456789
        --------------------
文件1 : regfile14: 00000000<CR>
文件2 : regfile14: 00000001<CR>
文件1(HEX) : 
00000000 : 72 65 67 66 69 6c 65 31 - 34 3a 20 30 30 30 30 30  regfile14:.00000
00000010 : 30 30 30                                           000
文件2(HEX) : 
00000000 : 72 65 67 66 69 6c 65 31 - 34 3a 20 30 30 30 30 30  regfile14:.00000
00000010 : 30 30 31                                           001

第[5679 / 5679]行 - 第[10]个字符开始有差异：
        --------------------
        0         1         
        01234567890123456789
        --------------------
文件1 : pc: 00400068<CR>
文件2 : pc: 004000e4<CR>
文件1(HEX) : 
00000000 : 70 63 3a 20 30 30 34 30 - 30 30 36 38              pc:.00400068
文件2(HEX) : 
00000000 : 70 63 3a 20 30 30 34 30 - 30 30 65 34              pc:.004000e4

第[5680 / 5680]行 - 第[9]个字符开始有差异：
        --------------------
        0         1         
        01234567890123456789
        --------------------
文件1 : instr: 00cd3020<CR>
文件2 : instr: 00086080<CR>
文件1(HEX) : 
00000000 : 69 6e 73 74 72 3a 20 30 - 30 63 64 33 30 32 30     instr:.00cd3020
文件2(HEX) : 
00000000 : 69 6e 73 74 72 3a 20 30 - 30 30 38 36 30 38 30     instr:.00086080

第[5685 / 5685]行 - 第[17]个字符开始有差异：
        --------------------
        0         1         
        01234567890123456789
        --------------------
文件1 : regfile4: 00000007<CR>
文件2 : regfile4: 00000006<CR>
文件1(HEX) : 
00000000 : 72 65 67 66 69 6c 65 34 - 3a 20 30 30 30 30 30 30  regfile4:.000000
00000010 : 30 37                                              07
文件2(HEX) : 
00000000 : 72 65 67 66 69 6c 65 34 - 3a 20 30 30 30 30 30 30  regfile4:.000000
00000010 : 30 36                                              06

第[5686 / 5686]行 - 第[17]个字符开始有差异：
        --------------------
        0         1         
        01234567890123456789
        --------------------
文件1 : regfile5: 00000006<CR>
文件2 : regfile5: 00000008<CR>
文件1(HEX) : 
00000000 : 72 65 67 66 69 6c 65 35 - 3a 20 30 30 30 30 30 30  regfile5:.000000
00000010 : 30 36                                              06
文件2(HEX) : 
00000000 : 72 65 67 66 69 6c 65 35 - 3a 20 30 30 30 30 30 30  regfile5:.000000
00000010 : 30 38                                              08

第[5687 / 5687]行 - 第[15]个字符开始有差异：
        --------------------
        0         1         
        01234567890123456789
        --------------------
文件1 : regfile6: 0000027c<CR>
文件2 : regfile6: 00000062<CR>
文件1(HEX) : 
00000000 : 72 65 67 66 69 6c 65 36 - 3a 20 30 30 30 30 30 32  regfile6:.000002
00000010 : 37 63                                              7c
文件2(HEX) : 
00000000 : 72 65 67 66 69 6c 65 36 - 3a 20 30 30 30 30 30 30  regfile6:.000000
00000010 : 36 32                                              62

第[5688 / 5688]行 - 第[15]个字符开始有差异：
        --------------------
        0         1         
        01234567890123456789
        --------------------
文件1 : regfile7: 0000027c<CR>
文件2 : regfile7: 00000061<CR>
文件1(HEX) : 
00000000 : 72 65 67 66 69 6c 65 37 - 3a 20 30 30 30 30 30 32  regfile7:.000002
00000010 : 37 63                                              7c
文件2(HEX) : 
00000000 : 72 65 67 66 69 6c 65 37 - 3a 20 30 30 30 30 30 30  regfile7:.000000
00000010 : 36 31                                              61

第[5689 / 5689]行 - 第[17]个字符开始有差异：
        --------------------
        0         1         
        01234567890123456789
        --------------------
文件1 : regfile8: 00000006<CR>
文件2 : regfile8: 00000005<CR>
文件1(HEX) : 
00000000 : 72 65 67 66 69 6c 65 38 - 3a 20 30 30 30 30 30 30  regfile8:.000000
00000010 : 30 36                                              06
文件2(HEX) : 
00000000 : 72 65 67 66 69 6c 65 38 - 3a 20 30 30 30 30 30 30  regfile8:.000000
00000010 : 30 35                                              05

第[5691 / 5691]行 - 第[17]个字符开始有差异：
        --------------------
        0         1         
        01234567890123456789
        --------------------
文件1 : regfile10: 00000001<CR>
文件2 : regfile10: 000000c4<CR>
文件1(HEX) : 
00000000 : 72 65 67 66 69 6c 65 31 - 30 3a 20 30 30 30 30 30  regfile10:.00000
00000010 : 30 30 31                                           001
文件2(HEX) : 
00000000 : 72 65 67 66 69 6c 65 31 - 30 3a 20 30 30 30 30 30  regfile10:.00000
00000010 : 30 63 34                                           0c4

第[5692 / 5692]行 - 第[17]个字符开始有差异：
        --------------------
        0         1         
        01234567890123456789
        --------------------
文件1 : regfile11: 00000070<CR>
文件2 : regfile11: 00000061<CR>
文件1(HEX) : 
00000000 : 72 65 67 66 69 6c 65 31 - 31 3a 20 30 30 30 30 30  regfile11:.00000
00000010 : 30 37 30                                           070
文件2(HEX) : 
00000000 : 72 65 67 66 69 6c 65 31 - 31 3a 20 30 30 30 30 30  regfile11:.00000
00000010 : 30 36 31                                           061

第[5693 / 5693]行 - 第[17]个字符开始有差异：
        --------------------
        0         1         
        01234567890123456789
        --------------------
文件1 : regfile12: 00000071<CR>
文件2 : regfile12: 00000014<CR>
文件1(HEX) : 
00000000 : 72 65 67 66 69 6c 65 31 - 32 3a 20 30 30 30 30 30  regfile12:.00000
00000010 : 30 37 31                                           071
文件2(HEX) : 
00000000 : 72 65 67 66 69 6c 65 31 - 32 3a 20 30 30 30 30 30  regfile12:.00000
00000010 : 30 31 34                                           014

第[5694 / 5694]行 - 第[11]个字符开始有差异：
        --------------------
        0         1         
        01234567890123456789
        --------------------
文件1 : regfile13: 80000000<CR>
文件2 : regfile13: 00000000<CR>
文件1(HEX) : 
00000000 : 72 65 67 66 69 6c 65 31 - 33 3a 20 38 30 30 30 30  regfile13:.80000
00000010 : 30 30 30                                           000
文件2(HEX) : 
00000000 : 72 65 67 66 69 6c 65 31 - 33 3a 20 30 30 30 30 30  regfile13:.00000
00000010 : 30 30 30                                           000

第[5695 / 5695]行 - 第[18]个字符开始有差异：
        --------------------
        0         1         
        01234567890123456789
        --------------------
文件1 : regfile14: 00000000<CR>
文件2 : regfile14: 00000001<CR>
文件1(HEX) : 
00000000 : 72 65 67 66 69 6c 65 31 - 34 3a 20 30 30 30 30 30  regfile14:.00000
00000010 : 30 30 30                                           000
文件2(HEX) : 
00000000 : 72 65 67 66 69 6c 65 31 - 34 3a 20 30 30 30 30 30  regfile14:.00000
00000010 : 30 30 31                                           001

第[5713 / 5713]行 - 第[10]个字符开始有差异：
        --------------------
        0         1         
        01234567890123456789
        --------------------
文件1 : pc: 0040006c<CR>
文件2 : pc: 004000e8<CR>
文件1(HEX) : 
00000000 : 70 63 3a 20 30 30 34 30 - 30 30 36 63              pc:.0040006c
文件2(HEX) : 
00000000 : 70 63 3a 20 30 30 34 30 - 30 30 65 38              pc:.004000e8

第[5714 / 5714]行 - 第[7]个字符开始有差异：
        --------------------
        0         1         
        01234567890123456789
        --------------------
文件1 : instr: 246d0001<CR>
文件2 : instr: 014ba020<CR>
文件1(HEX) : 
00000000 : 69 6e 73 74 72 3a 20 32 - 34 36 64 30 30 30 31     instr:.246d0001
文件2(HEX) : 
00000000 : 69 6e 73 74 72 3a 20 30 - 31 34 62 61 30 32 30     instr:.014ba020

第[5719 / 5719]行 - 第[17]个字符开始有差异：
        --------------------
        0         1         
        01234567890123456789
        --------------------
文件1 : regfile4: 00000007<CR>
文件2 : regfile4: 00000006<CR>
文件1(HEX) : 
00000000 : 72 65 67 66 69 6c 65 34 - 3a 20 30 30 30 30 30 30  regfile4:.000000
00000010 : 30 37                                              07
文件2(HEX) : 
00000000 : 72 65 67 66 69 6c 65 34 - 3a 20 30 30 30 30 30 30  regfile4:.000000
00000010 : 30 36                                              06

第[5720 / 5720]行 - 第[17]个字符开始有差异：
        --------------------
        0         1         
        01234567890123456789
        --------------------
文件1 : regfile5: 00000006<CR>
文件2 : regfile5: 00000008<CR>
文件1(HEX) : 
00000000 : 72 65 67 66 69 6c 65 35 - 3a 20 30 30 30 30 30 30  regfile5:.000000
00000010 : 30 36                                              06
文件2(HEX) : 
00000000 : 72 65 67 66 69 6c 65 35 - 3a 20 30 30 30 30 30 30  regfile5:.000000
00000010 : 30 38                                              08

第[5721 / 5721]行 - 第[15]个字符开始有差异：
        --------------------
        0         1         
        01234567890123456789
        --------------------
文件1 : regfile6: 0000027c<CR>
文件2 : regfile6: 00000062<CR>
文件1(HEX) : 
00000000 : 72 65 67 66 69 6c 65 36 - 3a 20 30 30 30 30 30 32  regfile6:.000002
00000010 : 37 63                                              7c
文件2(HEX) : 
00000000 : 72 65 67 66 69 6c 65 36 - 3a 20 30 30 30 30 30 30  regfile6:.000000
00000010 : 36 32                                              62

第[5722 / 5722]行 - 第[15]个字符开始有差异：
        --------------------
        0         1         
        01234567890123456789
        --------------------
文件1 : regfile7: 0000027c<CR>
文件2 : regfile7: 00000061<CR>
文件1(HEX) : 
00000000 : 72 65 67 66 69 6c 65 37 - 3a 20 30 30 30 30 30 32  regfile7:.000002
00000010 : 37 63                                              7c
文件2(HEX) : 
00000000 : 72 65 67 66 69 6c 65 37 - 3a 20 30 30 30 30 30 30  regfile7:.000000
00000010 : 36 31                                              61

第[5723 / 5723]行 - 第[17]个字符开始有差异：
        --------------------
        0         1         
        01234567890123456789
        --------------------
文件1 : regfile8: 00000006<CR>
文件2 : regfile8: 00000005<CR>
文件1(HEX) : 
00000000 : 72 65 67 66 69 6c 65 38 - 3a 20 30 30 30 30 30 30  regfile8:.000000
00000010 : 30 36                                              06
文件2(HEX) : 
00000000 : 72 65 67 66 69 6c 65 38 - 3a 20 30 30 30 30 30 30  regfile8:.000000
00000010 : 30 35                                              05

第[5725 / 5725]行 - 第[17]个字符开始有差异：
        --------------------
        0         1         
        01234567890123456789
        --------------------
文件1 : regfile10: 00000001<CR>
文件2 : regfile10: 000000c4<CR>
文件1(HEX) : 
00000000 : 72 65 67 66 69 6c 65 31 - 30 3a 20 30 30 30 30 30  regfile10:.00000
00000010 : 30 30 31                                           001
文件2(HEX) : 
00000000 : 72 65 67 66 69 6c 65 31 - 30 3a 20 30 30 30 30 30  regfile10:.00000
00000010 : 30 63 34                                           0c4

第[5726 / 5726]行 - 第[17]个字符开始有差异：
        --------------------
        0         1         
        01234567890123456789
        --------------------
文件1 : regfile11: 00000070<CR>
文件2 : regfile11: 00000061<CR>
文件1(HEX) : 
00000000 : 72 65 67 66 69 6c 65 31 - 31 3a 20 30 30 30 30 30  regfile11:.00000
00000010 : 30 37 30                                           070
文件2(HEX) : 
00000000 : 72 65 67 66 69 6c 65 31 - 31 3a 20 30 30 30 30 30  regfile11:.00000
00000010 : 30 36 31                                           061

第[5727 / 5727]行 - 第[17]个字符开始有差异：
        --------------------
        0         1         
        01234567890123456789
        --------------------
文件1 : regfile12: 00000072<CR>
文件2 : regfile12: 00000014<CR>
文件1(HEX) : 
00000000 : 72 65 67 66 69 6c 65 31 - 32 3a 20 30 30 30 30 30  regfile12:.00000
00000010 : 30 37 32                                           072
文件2(HEX) : 
00000000 : 72 65 67 66 69 6c 65 31 - 32 3a 20 30 30 30 30 30  regfile12:.00000
00000010 : 30 31 34                                           014

第[5728 / 5728]行 - 第[11]个字符开始有差异：
        --------------------
        0         1         
        01234567890123456789
        --------------------
文件1 : regfile13: 80000000<CR>
文件2 : regfile13: 00000000<CR>
文件1(HEX) : 
00000000 : 72 65 67 66 69 6c 65 31 - 33 3a 20 38 30 30 30 30  regfile13:.80000
00000010 : 30 30 30                                           000
文件2(HEX) : 
00000000 : 72 65 67 66 69 6c 65 31 - 33 3a 20 30 30 30 30 30  regfile13:.00000
00000010 : 30 30 30                                           000

第[5729 / 5729]行 - 第[18]个字符开始有差异：
        --------------------
        0         1         
        01234567890123456789
        --------------------
文件1 : regfile14: 00000000<CR>
文件2 : regfile14: 00000001<CR>
文件1(HEX) : 
00000000 : 72 65 67 66 69 6c 65 31 - 34 3a 20 30 30 30 30 30  regfile14:.00000
00000010 : 30 30 30                                           000
文件2(HEX) : 
00000000 : 72 65 67 66 69 6c 65 31 - 34 3a 20 30 30 30 30 30  regfile14:.00000
00000010 : 30 30 31                                           001

第[5735 / 5735]行 - 第[16]个字符开始有差异：
        --------------------
        0         1         
        01234567890123456789
        --------------------
文件1 : regfile20: 00000000<CR>
文件2 : regfile20: 00000125<CR>
文件1(HEX) : 
00000000 : 72 65 67 66 69 6c 65 32 - 30 3a 20 30 30 30 30 30  regfile20:.00000
00000010 : 30 30 30                                           000
文件2(HEX) : 
00000000 : 72 65 67 66 69 6c 65 32 - 30 3a 20 30 30 30 30 30  regfile20:.00000
00000010 : 31 32 35                                           125

第[5747 / 5747]行 - 第[10]个字符开始有差异：
        --------------------
        0         1         
        01234567890123456789
        --------------------
文件1 : pc: 00400070<CR>
文件2 : pc: 004000ec<CR>
文件1(HEX) : 
00000000 : 70 63 3a 20 30 30 34 30 - 30 30 37 30              pc:.00400070
文件2(HEX) : 
00000000 : 70 63 3a 20 30 30 34 30 - 30 30 65 63              pc:.004000ec

第[5748 / 5748]行 - 第[8]个字符开始有差异：
        --------------------
        0         1         
        01234567890123456789
        --------------------
文件1 : instr: 018d702b<CR>
文件2 : instr: 028ca020<CR>
文件1(HEX) : 
00000000 : 69 6e 73 74 72 3a 20 30 - 31 38 64 37 30 32 62     instr:.018d702b
文件2(HEX) : 
00000000 : 69 6e 73 74 72 3a 20 30 - 32 38 63 61 30 32 30     instr:.028ca020

第[5753 / 5753]行 - 第[17]个字符开始有差异：
        --------------------
        0         1         
        01234567890123456789
        --------------------
文件1 : regfile4: 00000007<CR>
文件2 : regfile4: 00000006<CR>
文件1(HEX) : 
00000000 : 72 65 67 66 69 6c 65 34 - 3a 20 30 30 30 30 30 30  regfile4:.000000
00000010 : 30 37                                              07
文件2(HEX) : 
00000000 : 72 65 67 66 69 6c 65 34 - 3a 20 30 30 30 30 30 30  regfile4:.000000
00000010 : 30 36                                              06

第[5754 / 5754]行 - 第[17]个字符开始有差异：
        --------------------
        0         1         
        01234567890123456789
        --------------------
文件1 : regfile5: 00000006<CR>
文件2 : regfile5: 00000008<CR>
文件1(HEX) : 
00000000 : 72 65 67 66 69 6c 65 35 - 3a 20 30 30 30 30 30 30  regfile5:.000000
00000010 : 30 36                                              06
文件2(HEX) : 
00000000 : 72 65 67 66 69 6c 65 35 - 3a 20 30 30 30 30 30 30  regfile5:.000000
00000010 : 30 38                                              08

第[5755 / 5755]行 - 第[15]个字符开始有差异：
        --------------------
        0         1         
        01234567890123456789
        --------------------
文件1 : regfile6: 0000027c<CR>
文件2 : regfile6: 00000062<CR>
文件1(HEX) : 
00000000 : 72 65 67 66 69 6c 65 36 - 3a 20 30 30 30 30 30 32  regfile6:.000002
00000010 : 37 63                                              7c
文件2(HEX) : 
00000000 : 72 65 67 66 69 6c 65 36 - 3a 20 30 30 30 30 30 30  regfile6:.000000
00000010 : 36 32                                              62

第[5756 / 5756]行 - 第[15]个字符开始有差异：
        --------------------
        0         1         
        01234567890123456789
        --------------------
文件1 : regfile7: 0000027c<CR>
文件2 : regfile7: 00000061<CR>
文件1(HEX) : 
00000000 : 72 65 67 66 69 6c 65 37 - 3a 20 30 30 30 30 30 32  regfile7:.000002
00000010 : 37 63                                              7c
文件2(HEX) : 
00000000 : 72 65 67 66 69 6c 65 37 - 3a 20 30 30 30 30 30 30  regfile7:.000000
00000010 : 36 31                                              61

第[5757 / 5757]行 - 第[17]个字符开始有差异：
        --------------------
        0         1         
        01234567890123456789
        --------------------
文件1 : regfile8: 00000006<CR>
文件2 : regfile8: 00000005<CR>
文件1(HEX) : 
00000000 : 72 65 67 66 69 6c 65 38 - 3a 20 30 30 30 30 30 30  regfile8:.000000
00000010 : 30 36                                              06
文件2(HEX) : 
00000000 : 72 65 67 66 69 6c 65 38 - 3a 20 30 30 30 30 30 30  regfile8:.000000
00000010 : 30 35                                              05

第[5759 / 5759]行 - 第[17]个字符开始有差异：
        --------------------
        0         1         
        01234567890123456789
        --------------------
文件1 : regfile10: 00000001<CR>
文件2 : regfile10: 000000c4<CR>
文件1(HEX) : 
00000000 : 72 65 67 66 69 6c 65 31 - 30 3a 20 30 30 30 30 30  regfile10:.00000
00000010 : 30 30 31                                           001
文件2(HEX) : 
00000000 : 72 65 67 66 69 6c 65 31 - 30 3a 20 30 30 30 30 30  regfile10:.00000
00000010 : 30 63 34                                           0c4

第[5760 / 5760]行 - 第[17]个字符开始有差异：
        --------------------
        0         1         
        01234567890123456789
        --------------------
文件1 : regfile11: 00000070<CR>
文件2 : regfile11: 00000061<CR>
文件1(HEX) : 
00000000 : 72 65 67 66 69 6c 65 31 - 31 3a 20 30 30 30 30 30  regfile11:.00000
00000010 : 30 37 30                                           070
文件2(HEX) : 
00000000 : 72 65 67 66 69 6c 65 31 - 31 3a 20 30 30 30 30 30  regfile11:.00000
00000010 : 30 36 31                                           061

第[5761 / 5761]行 - 第[17]个字符开始有差异：
        --------------------
        0         1         
        01234567890123456789
        --------------------
文件1 : regfile12: 00000072<CR>
文件2 : regfile12: 00000014<CR>
文件1(HEX) : 
00000000 : 72 65 67 66 69 6c 65 31 - 32 3a 20 30 30 30 30 30  regfile12:.00000
00000010 : 30 37 32                                           072
文件2(HEX) : 
00000000 : 72 65 67 66 69 6c 65 31 - 32 3a 20 30 30 30 30 30  regfile12:.00000
00000010 : 30 31 34                                           014

第[5762 / 5762]行 - 第[11]个字符开始有差异：
        --------------------
        0         1         
        01234567890123456789
        --------------------
文件1 : regfile13: 80000000<CR>
文件2 : regfile13: 00000000<CR>
文件1(HEX) : 
00000000 : 72 65 67 66 69 6c 65 31 - 33 3a 20 38 30 30 30 30  regfile13:.80000
00000010 : 30 30 30                                           000
文件2(HEX) : 
00000000 : 72 65 67 66 69 6c 65 31 - 33 3a 20 30 30 30 30 30  regfile13:.00000
00000010 : 30 30 30                                           000

第[5763 / 5763]行 - 第[18]个字符开始有差异：
        --------------------
        0         1         
        01234567890123456789
        --------------------
文件1 : regfile14: 00000000<CR>
文件2 : regfile14: 00000001<CR>
文件1(HEX) : 
00000000 : 72 65 67 66 69 6c 65 31 - 34 3a 20 30 30 30 30 30  regfile14:.00000
00000010 : 30 30 30                                           000
文件2(HEX) : 
00000000 : 72 65 67 66 69 6c 65 31 - 34 3a 20 30 30 30 30 30  regfile14:.00000
00000010 : 30 30 31                                           001

第[5769 / 5769]行 - 第[16]个字符开始有差异：
        --------------------
        0         1         
        01234567890123456789
        --------------------
文件1 : regfile20: 00000000<CR>
文件2 : regfile20: 00000139<CR>
文件1(HEX) : 
00000000 : 72 65 67 66 69 6c 65 32 - 30 3a 20 30 30 30 30 30  regfile20:.00000
00000010 : 30 30 30                                           000
文件2(HEX) : 
00000000 : 72 65 67 66 69 6c 65 32 - 30 3a 20 30 30 30 30 30  regfile20:.00000
00000010 : 31 33 39                                           139

第[5781 / 5781]行 - 第[10]个字符开始有差异：
        --------------------
        0         1         
        01234567890123456789
        --------------------
文件1 : pc: 00400074<CR>
文件2 : pc: 004000f0<CR>
文件1(HEX) : 
00000000 : 70 63 3a 20 30 30 34 30 - 30 30 37 34              pc:.00400074
文件2(HEX) : 
00000000 : 70 63 3a 20 30 30 34 30 - 30 30 66 30              pc:.004000f0

第[5782 / 5782]行 - 第[7]个字符开始有差异：
        --------------------
        0         1         
        01234567890123456789
        --------------------
文件1 : instr: 11c00006<CR>
文件2 : instr: ac340014<CR>
文件1(HEX) : 
00000000 : 69 6e 73 74 72 3a 20 31 - 31 63 30 30 30 30 36     instr:.11c00006
文件2(HEX) : 
00000000 : 69 6e 73 74 72 3a 20 61 - 63 33 34 30 30 31 34     instr:.ac340014

第[5787 / 5787]行 - 第[17]个字符开始有差异：
        --------------------
        0         1         
        01234567890123456789
        --------------------
文件1 : regfile4: 00000007<CR>
文件2 : regfile4: 00000006<CR>
文件1(HEX) : 
00000000 : 72 65 67 66 69 6c 65 34 - 3a 20 30 30 30 30 30 30  regfile4:.000000
00000010 : 30 37                                              07
文件2(HEX) : 
00000000 : 72 65 67 66 69 6c 65 34 - 3a 20 30 30 30 30 30 30  regfile4:.000000
00000010 : 30 36                                              06

第[5788 / 5788]行 - 第[17]个字符开始有差异：
        --------------------
        0         1         
        01234567890123456789
        --------------------
文件1 : regfile5: 00000007<CR>
文件2 : regfile5: 00000008<CR>
文件1(HEX) : 
00000000 : 72 65 67 66 69 6c 65 35 - 3a 20 30 30 30 30 30 30  regfile5:.000000
00000010 : 30 37                                              07
文件2(HEX) : 
00000000 : 72 65 67 66 69 6c 65 35 - 3a 20 30 30 30 30 30 30  regfile5:.000000
00000010 : 30 38                                              08

第[5789 / 5789]行 - 第[15]个字符开始有差异：
        --------------------
        0         1         
        01234567890123456789
        --------------------
文件1 : regfile6: 0000027c<CR>
文件2 : regfile6: 00000062<CR>
文件1(HEX) : 
00000000 : 72 65 67 66 69 6c 65 36 - 3a 20 30 30 30 30 30 32  regfile6:.000002
00000010 : 37 63                                              7c
文件2(HEX) : 
00000000 : 72 65 67 66 69 6c 65 36 - 3a 20 30 30 30 30 30 30  regfile6:.000000
00000010 : 36 32                                              62

第[5790 / 5790]行 - 第[15]个字符开始有差异：
        --------------------
        0         1         
        01234567890123456789
        --------------------
文件1 : regfile7: 0000027c<CR>
文件2 : regfile7: 00000061<CR>
文件1(HEX) : 
00000000 : 72 65 67 66 69 6c 65 37 - 3a 20 30 30 30 30 30 32  regfile7:.000002
00000010 : 37 63                                              7c
文件2(HEX) : 
00000000 : 72 65 67 66 69 6c 65 37 - 3a 20 30 30 30 30 30 30  regfile7:.000000
00000010 : 36 31                                              61

第[5791 / 5791]行 - 第[17]个字符开始有差异：
        --------------------
        0         1         
        01234567890123456789
        --------------------
文件1 : regfile8: 00000006<CR>
文件2 : regfile8: 00000005<CR>
文件1(HEX) : 
00000000 : 72 65 67 66 69 6c 65 38 - 3a 20 30 30 30 30 30 30  regfile8:.000000
00000010 : 30 36                                              06
文件2(HEX) : 
00000000 : 72 65 67 66 69 6c 65 38 - 3a 20 30 30 30 30 30 30  regfile8:.000000
00000010 : 30 35                                              05

第[5793 / 5793]行 - 第[17]个字符开始有差异：
        --------------------
        0         1         
        01234567890123456789
        --------------------
文件1 : regfile10: 00000001<CR>
文件2 : regfile10: 000000c4<CR>
文件1(HEX) : 
00000000 : 72 65 67 66 69 6c 65 31 - 30 3a 20 30 30 30 30 30  regfile10:.00000
00000010 : 30 30 31                                           001
文件2(HEX) : 
00000000 : 72 65 67 66 69 6c 65 31 - 30 3a 20 30 30 30 30 30  regfile10:.00000
00000010 : 30 63 34                                           0c4

第[5794 / 5794]行 - 第[17]个字符开始有差异：
        --------------------
        0         1         
        01234567890123456789
        --------------------
文件1 : regfile11: 00000070<CR>
文件2 : regfile11: 00000061<CR>
文件1(HEX) : 
00000000 : 72 65 67 66 69 6c 65 31 - 31 3a 20 30 30 30 30 30  regfile11:.00000
00000010 : 30 37 30                                           070
文件2(HEX) : 
00000000 : 72 65 67 66 69 6c 65 31 - 31 3a 20 30 30 30 30 30  regfile11:.00000
00000010 : 30 36 31                                           061

第[5795 / 5795]行 - 第[17]个字符开始有差异：
        --------------------
        0         1         
        01234567890123456789
        --------------------
文件1 : regfile12: 00000072<CR>
文件2 : regfile12: 00000014<CR>
文件1(HEX) : 
00000000 : 72 65 67 66 69 6c 65 31 - 32 3a 20 30 30 30 30 30  regfile12:.00000
00000010 : 30 37 32                                           072
文件2(HEX) : 
00000000 : 72 65 67 66 69 6c 65 31 - 32 3a 20 30 30 30 30 30  regfile12:.00000
00000010 : 30 31 34                                           014

第[5796 / 5796]行 - 第[11]个字符开始有差异：
        --------------------
        0         1         
        01234567890123456789
        --------------------
文件1 : regfile13: 80000000<CR>
文件2 : regfile13: 00000000<CR>
文件1(HEX) : 
00000000 : 72 65 67 66 69 6c 65 31 - 33 3a 20 38 30 30 30 30  regfile13:.80000
00000010 : 30 30 30                                           000
文件2(HEX) : 
00000000 : 72 65 67 66 69 6c 65 31 - 33 3a 20 30 30 30 30 30  regfile13:.00000
00000010 : 30 30 30                                           000

第[5797 / 5797]行 - 第[18]个字符开始有差异：
        --------------------
        0         1         
        01234567890123456789
        --------------------
文件1 : regfile14: 00000000<CR>
文件2 : regfile14: 00000001<CR>
文件1(HEX) : 
00000000 : 72 65 67 66 69 6c 65 31 - 34 3a 20 30 30 30 30 30  regfile14:.00000
00000010 : 30 30 30                                           000
文件2(HEX) : 
00000000 : 72 65 67 66 69 6c 65 31 - 34 3a 20 30 30 30 30 30  regfile14:.00000
00000010 : 30 30 31                                           001

第[5803 / 5803]行 - 第[16]个字符开始有差异：
        --------------------
        0         1         
        01234567890123456789
        --------------------
文件1 : regfile20: 00000000<CR>
文件2 : regfile20: 00000139<CR>
文件1(HEX) : 
00000000 : 72 65 67 66 69 6c 65 32 - 30 3a 20 30 30 30 30 30  regfile20:.00000
00000010 : 30 30 30                                           000
文件2(HEX) : 
00000000 : 72 65 67 66 69 6c 65 32 - 30 3a 20 30 30 30 30 30  regfile20:.00000
00000010 : 31 33 39                                           139

第[5815 / 5815]行 - 第[10]个字符开始有差异：
        --------------------
        0         1         
        01234567890123456789
        --------------------
文件1 : pc: 00400074<CR>
文件2 : pc: 004000f4<CR>
文件1(HEX) : 
00000000 : 70 63 3a 20 30 30 34 30 - 30 30 37 34              pc:.00400074
文件2(HEX) : 
00000000 : 70 63 3a 20 30 30 34 30 - 30 30 66 34              pc:.004000f4

第[5816 / 5816]行 - 第[10]个字符开始有差异：
        --------------------
        0         1         
        01234567890123456789
        --------------------
文件1 : instr: 00000000<CR>
文件2 : instr: 00065080<CR>
文件1(HEX) : 
00000000 : 69 6e 73 74 72 3a 20 30 - 30 30 30 30 30 30 30     instr:.00000000
文件2(HEX) : 
00000000 : 69 6e 73 74 72 3a 20 30 - 30 30 36 35 30 38 30     instr:.00065080

第[5821 / 5821]行 - 第[17]个字符开始有差异：
        --------------------
        0         1         
        01234567890123456789
        --------------------
文件1 : regfile4: 00000007<CR>
文件2 : regfile4: 00000006<CR>
文件1(HEX) : 
00000000 : 72 65 67 66 69 6c 65 34 - 3a 20 30 30 30 30 30 30  regfile4:.000000
00000010 : 30 37                                              07
文件2(HEX) : 
00000000 : 72 65 67 66 69 6c 65 34 - 3a 20 30 30 30 30 30 30  regfile4:.000000
00000010 : 30 36                                              06

第[5822 / 5822]行 - 第[17]个字符开始有差异：
        --------------------
        0         1         
        01234567890123456789
        --------------------
文件1 : regfile5: 00000007<CR>
文件2 : regfile5: 00000008<CR>
文件1(HEX) : 
00000000 : 72 65 67 66 69 6c 65 35 - 3a 20 30 30 30 30 30 30  regfile5:.000000
00000010 : 30 37                                              07
文件2(HEX) : 
00000000 : 72 65 67 66 69 6c 65 35 - 3a 20 30 30 30 30 30 30  regfile5:.000000
00000010 : 30 38                                              08

第[5823 / 5823]行 - 第[15]个字符开始有差异：
        --------------------
        0         1         
        01234567890123456789
        --------------------
文件1 : regfile6: 0000027c<CR>
文件2 : regfile6: 00000062<CR>
文件1(HEX) : 
00000000 : 72 65 67 66 69 6c 65 36 - 3a 20 30 30 30 30 30 32  regfile6:.000002
00000010 : 37 63                                              7c
文件2(HEX) : 
00000000 : 72 65 67 66 69 6c 65 36 - 3a 20 30 30 30 30 30 30  regfile6:.000000
00000010 : 36 32                                              62

第[5824 / 5824]行 - 第[15]个字符开始有差异：
        --------------------
        0         1         
        01234567890123456789
        --------------------
文件1 : regfile7: 0000027c<CR>
文件2 : regfile7: 00000061<CR>
文件1(HEX) : 
00000000 : 72 65 67 66 69 6c 65 37 - 3a 20 30 30 30 30 30 32  regfile7:.000002
00000010 : 37 63                                              7c
文件2(HEX) : 
00000000 : 72 65 67 66 69 6c 65 37 - 3a 20 30 30 30 30 30 30  regfile7:.000000
00000010 : 36 31                                              61

第[5825 / 5825]行 - 第[17]个字符开始有差异：
        --------------------
        0         1         
        01234567890123456789
        --------------------
文件1 : regfile8: 00000006<CR>
文件2 : regfile8: 00000005<CR>
文件1(HEX) : 
00000000 : 72 65 67 66 69 6c 65 38 - 3a 20 30 30 30 30 30 30  regfile8:.000000
00000010 : 30 36                                              06
文件2(HEX) : 
00000000 : 72 65 67 66 69 6c 65 38 - 3a 20 30 30 30 30 30 30  regfile8:.000000
00000010 : 30 35                                              05

第[5827 / 5827]行 - 第[16]个字符开始有差异：
        --------------------
        0         1         
        01234567890123456789
        --------------------
文件1 : regfile10: 00000001<CR>
文件2 : regfile10: 00000188<CR>
文件1(HEX) : 
00000000 : 72 65 67 66 69 6c 65 31 - 30 3a 20 30 30 30 30 30  regfile10:.00000
00000010 : 30 30 31                                           001
文件2(HEX) : 
00000000 : 72 65 67 66 69 6c 65 31 - 30 3a 20 30 30 30 30 30  regfile10:.00000
00000010 : 31 38 38                                           188

第[5828 / 5828]行 - 第[17]个字符开始有差异：
        --------------------
        0         1         
        01234567890123456789
        --------------------
文件1 : regfile11: 00000070<CR>
文件2 : regfile11: 00000061<CR>
文件1(HEX) : 
00000000 : 72 65 67 66 69 6c 65 31 - 31 3a 20 30 30 30 30 30  regfile11:.00000
00000010 : 30 37 30                                           070
文件2(HEX) : 
00000000 : 72 65 67 66 69 6c 65 31 - 31 3a 20 30 30 30 30 30  regfile11:.00000
00000010 : 30 36 31                                           061

第[5829 / 5829]行 - 第[17]个字符开始有差异：
        --------------------
        0         1         
        01234567890123456789
        --------------------
文件1 : regfile12: 00000072<CR>
文件2 : regfile12: 00000014<CR>
文件1(HEX) : 
00000000 : 72 65 67 66 69 6c 65 31 - 32 3a 20 30 30 30 30 30  regfile12:.00000
00000010 : 30 37 32                                           072
文件2(HEX) : 
00000000 : 72 65 67 66 69 6c 65 31 - 32 3a 20 30 30 30 30 30  regfile12:.00000
00000010 : 30 31 34                                           014

第[5830 / 5830]行 - 第[17]个字符开始有差异：
        --------------------
        0         1         
        01234567890123456789
        --------------------
文件1 : regfile13: 00000071<CR>
文件2 : regfile13: 00000000<CR>
文件1(HEX) : 
00000000 : 72 65 67 66 69 6c 65 31 - 33 3a 20 30 30 30 30 30  regfile13:.00000
00000010 : 30 37 31                                           071
文件2(HEX) : 
00000000 : 72 65 67 66 69 6c 65 31 - 33 3a 20 30 30 30 30 30  regfile13:.00000
00000010 : 30 30 30                                           000

第[5831 / 5831]行 - 第[18]个字符开始有差异：
        --------------------
        0         1         
        01234567890123456789
        --------------------
文件1 : regfile14: 00000000<CR>
文件2 : regfile14: 00000001<CR>
文件1(HEX) : 
00000000 : 72 65 67 66 69 6c 65 31 - 34 3a 20 30 30 30 30 30  regfile14:.00000
00000010 : 30 30 30                                           000
文件2(HEX) : 
00000000 : 72 65 67 66 69 6c 65 31 - 34 3a 20 30 30 30 30 30  regfile14:.00000
00000010 : 30 30 31                                           001

第[5837 / 5837]行 - 第[16]个字符开始有差异：
        --------------------
        0         1         
        01234567890123456789
        --------------------
文件1 : regfile20: 00000000<CR>
文件2 : regfile20: 00000139<CR>
文件1(HEX) : 
00000000 : 72 65 67 66 69 6c 65 32 - 30 3a 20 30 30 30 30 30  regfile20:.00000
00000010 : 30 30 30                                           000
文件2(HEX) : 
00000000 : 72 65 67 66 69 6c 65 32 - 30 3a 20 30 30 30 30 30  regfile20:.00000
00000010 : 31 33 39                                           139

第[5849 / 5849]行 - 第[10]个字符开始有差异：
        --------------------
        0         1         
        01234567890123456789
        --------------------
文件1 : pc: 00400090<CR>
文件2 : pc: 004000f8<CR>
文件1(HEX) : 
00000000 : 70 63 3a 20 30 30 34 30 - 30 30 39 30              pc:.00400090
文件2(HEX) : 
00000000 : 70 63 3a 20 30 30 34 30 - 30 30 66 38              pc:.004000f8

第[5850 / 5850]行 - 第[7]个字符开始有差异：
        --------------------
        0         1         
        01234567890123456789
        --------------------
文件1 : instr: 25080001<CR>
文件2 : instr: 00e05820<CR>
文件1(HEX) : 
00000000 : 69 6e 73 74 72 3a 20 32 - 35 30 38 30 30 30 31     instr:.25080001
文件2(HEX) : 
00000000 : 69 6e 73 74 72 3a 20 30 - 30 65 30 35 38 32 30     instr:.00e05820

第[5855 / 5855]行 - 第[17]个字符开始有差异：
        --------------------
        0         1         
        01234567890123456789
        --------------------
文件1 : regfile4: 00000007<CR>
文件2 : regfile4: 00000006<CR>
文件1(HEX) : 
00000000 : 72 65 67 66 69 6c 65 34 - 3a 20 30 30 30 30 30 30  regfile4:.000000
00000010 : 30 37                                              07
文件2(HEX) : 
00000000 : 72 65 67 66 69 6c 65 34 - 3a 20 30 30 30 30 30 30  regfile4:.000000
00000010 : 30 36                                              06

第[5856 / 5856]行 - 第[17]个字符开始有差异：
        --------------------
        0         1         
        01234567890123456789
        --------------------
文件1 : regfile5: 00000007<CR>
文件2 : regfile5: 00000008<CR>
文件1(HEX) : 
00000000 : 72 65 67 66 69 6c 65 35 - 3a 20 30 30 30 30 30 30  regfile5:.000000
00000010 : 30 37                                              07
文件2(HEX) : 
00000000 : 72 65 67 66 69 6c 65 35 - 3a 20 30 30 30 30 30 30  regfile5:.000000
00000010 : 30 38                                              08

第[5857 / 5857]行 - 第[15]个字符开始有差异：
        --------------------
        0         1         
        01234567890123456789
        --------------------
文件1 : regfile6: 000002ed<CR>
文件2 : regfile6: 00000062<CR>
文件1(HEX) : 
00000000 : 72 65 67 66 69 6c 65 36 - 3a 20 30 30 30 30 30 32  regfile6:.000002
00000010 : 65 64                                              ed
文件2(HEX) : 
00000000 : 72 65 67 66 69 6c 65 36 - 3a 20 30 30 30 30 30 30  regfile6:.000000
00000010 : 36 32                                              62

第[5858 / 5858]行 - 第[15]个字符开始有差异：
        --------------------
        0         1         
        01234567890123456789
        --------------------
文件1 : regfile7: 0000027c<CR>
文件2 : regfile7: 00000061<CR>
文件1(HEX) : 
00000000 : 72 65 67 66 69 6c 65 37 - 3a 20 30 30 30 30 30 32  regfile7:.000002
00000010 : 37 63                                              7c
文件2(HEX) : 
00000000 : 72 65 67 66 69 6c 65 37 - 3a 20 30 30 30 30 30 30  regfile7:.000000
00000010 : 36 31                                              61

第[5859 / 5859]行 - 第[17]个字符开始有差异：
        --------------------
        0         1         
        01234567890123456789
        --------------------
文件1 : regfile8: 00000006<CR>
文件2 : regfile8: 00000005<CR>
文件1(HEX) : 
00000000 : 72 65 67 66 69 6c 65 38 - 3a 20 30 30 30 30 30 30  regfile8:.000000
00000010 : 30 36                                              06
文件2(HEX) : 
00000000 : 72 65 67 66 69 6c 65 38 - 3a 20 30 30 30 30 30 30  regfile8:.000000
00000010 : 30 35                                              05

第[5861 / 5861]行 - 第[16]个字符开始有差异：
        --------------------
        0         1         
        01234567890123456789
        --------------------
文件1 : regfile10: 00000001<CR>
文件2 : regfile10: 00000188<CR>
文件1(HEX) : 
00000000 : 72 65 67 66 69 6c 65 31 - 30 3a 20 30 30 30 30 30  regfile10:.00000
00000010 : 30 30 31                                           001
文件2(HEX) : 
00000000 : 72 65 67 66 69 6c 65 31 - 30 3a 20 30 30 30 30 30  regfile10:.00000
00000010 : 31 38 38                                           188

第[5862 / 5862]行 - 第[17]个字符开始有差异：
        --------------------
        0         1         
        01234567890123456789
        --------------------
文件1 : regfile11: 00000070<CR>
文件2 : regfile11: 00000061<CR>
文件1(HEX) : 
00000000 : 72 65 67 66 69 6c 65 31 - 31 3a 20 30 30 30 30 30  regfile11:.00000
00000010 : 30 37 30                                           070
文件2(HEX) : 
00000000 : 72 65 67 66 69 6c 65 31 - 31 3a 20 30 30 30 30 30  regfile11:.00000
00000010 : 30 36 31                                           061

第[5863 / 5863]行 - 第[17]个字符开始有差异：
        --------------------
        0         1         
        01234567890123456789
        --------------------
文件1 : regfile12: 00000072<CR>
文件2 : regfile12: 00000014<CR>
文件1(HEX) : 
00000000 : 72 65 67 66 69 6c 65 31 - 32 3a 20 30 30 30 30 30  regfile12:.00000
00000010 : 30 37 32                                           072
文件2(HEX) : 
00000000 : 72 65 67 66 69 6c 65 31 - 32 3a 20 30 30 30 30 30  regfile12:.00000
00000010 : 30 31 34                                           014

第[5864 / 5864]行 - 第[17]个字符开始有差异：
        --------------------
        0         1         
        01234567890123456789
        --------------------
文件1 : regfile13: 00000071<CR>
文件2 : regfile13: 00000000<CR>
文件1(HEX) : 
00000000 : 72 65 67 66 69 6c 65 31 - 33 3a 20 30 30 30 30 30  regfile13:.00000
00000010 : 30 37 31                                           071
文件2(HEX) : 
00000000 : 72 65 67 66 69 6c 65 31 - 33 3a 20 30 30 30 30 30  regfile13:.00000
00000010 : 30 30 30                                           000

第[5865 / 5865]行 - 第[18]个字符开始有差异：
        --------------------
        0         1         
        01234567890123456789
        --------------------
文件1 : regfile14: 00000000<CR>
文件2 : regfile14: 00000001<CR>
文件1(HEX) : 
00000000 : 72 65 67 66 69 6c 65 31 - 34 3a 20 30 30 30 30 30  regfile14:.00000
00000010 : 30 30 30                                           000
文件2(HEX) : 
00000000 : 72 65 67 66 69 6c 65 31 - 34 3a 20 30 30 30 30 30  regfile14:.00000
00000010 : 30 30 31                                           001

第[5871 / 5871]行 - 第[16]个字符开始有差异：
        --------------------
        0         1         
        01234567890123456789
        --------------------
文件1 : regfile20: 00000000<CR>
文件2 : regfile20: 00000139<CR>
文件1(HEX) : 
00000000 : 72 65 67 66 69 6c 65 32 - 30 3a 20 30 30 30 30 30  regfile20:.00000
00000010 : 30 30 30                                           000
文件2(HEX) : 
00000000 : 72 65 67 66 69 6c 65 32 - 30 3a 20 30 30 30 30 30  regfile20:.00000
00000010 : 31 33 39                                           139

第[5883 / 5883]行 - 第[10]个字符开始有差异：
        --------------------
        0         1         
        01234567890123456789
        --------------------
文件1 : pc: 00400094<CR>
文件2 : pc: 004000fc<CR>
文件1(HEX) : 
00000000 : 70 63 3a 20 30 30 34 30 - 30 30 39 34              pc:.00400094
文件2(HEX) : 
00000000 : 70 63 3a 20 30 30 34 30 - 30 30 66 63              pc:.004000fc

第[5884 / 5884]行 - 第[7]个字符开始有差异：
        --------------------
        0         1         
        01234567890123456789
        --------------------
文件1 : instr: 24840001<CR>
文件2 : instr: 00086040<CR>
文件1(HEX) : 
00000000 : 69 6e 73 74 72 3a 20 32 - 34 38 34 30 30 30 31     instr:.24840001
文件2(HEX) : 
00000000 : 69 6e 73 74 72 3a 20 30 - 30 30 38 36 30 34 30     instr:.00086040

第[5889 / 5889]行 - 第[17]个字符开始有差异：
        --------------------
        0         1         
        01234567890123456789
        --------------------
文件1 : regfile4: 00000007<CR>
文件2 : regfile4: 00000006<CR>
文件1(HEX) : 
00000000 : 72 65 67 66 69 6c 65 34 - 3a 20 30 30 30 30 30 30  regfile4:.000000
00000010 : 30 37                                              07
文件2(HEX) : 
00000000 : 72 65 67 66 69 6c 65 34 - 3a 20 30 30 30 30 30 30  regfile4:.000000
00000010 : 30 36                                              06

第[5890 / 5890]行 - 第[17]个字符开始有差异：
        --------------------
        0         1         
        01234567890123456789
        --------------------
文件1 : regfile5: 00000007<CR>
文件2 : regfile5: 00000008<CR>
文件1(HEX) : 
00000000 : 72 65 67 66 69 6c 65 35 - 3a 20 30 30 30 30 30 30  regfile5:.000000
00000010 : 30 37                                              07
文件2(HEX) : 
00000000 : 72 65 67 66 69 6c 65 35 - 3a 20 30 30 30 30 30 30  regfile5:.000000
00000010 : 30 38                                              08

第[5891 / 5891]行 - 第[15]个字符开始有差异：
        --------------------
        0         1         
        01234567890123456789
        --------------------
文件1 : regfile6: 000002ed<CR>
文件2 : regfile6: 00000062<CR>
文件1(HEX) : 
00000000 : 72 65 67 66 69 6c 65 36 - 3a 20 30 30 30 30 30 32  regfile6:.000002
00000010 : 65 64                                              ed
文件2(HEX) : 
00000000 : 72 65 67 66 69 6c 65 36 - 3a 20 30 30 30 30 30 30  regfile6:.000000
00000010 : 36 32                                              62

第[5892 / 5892]行 - 第[15]个字符开始有差异：
        --------------------
        0         1         
        01234567890123456789
        --------------------
文件1 : regfile7: 0000027c<CR>
文件2 : regfile7: 00000061<CR>
文件1(HEX) : 
00000000 : 72 65 67 66 69 6c 65 37 - 3a 20 30 30 30 30 30 32  regfile7:.000002
00000010 : 37 63                                              7c
文件2(HEX) : 
00000000 : 72 65 67 66 69 6c 65 37 - 3a 20 30 30 30 30 30 30  regfile7:.000000
00000010 : 36 31                                              61

第[5893 / 5893]行 - 第[17]个字符开始有差异：
        --------------------
        0         1         
        01234567890123456789
        --------------------
文件1 : regfile8: 00000006<CR>
文件2 : regfile8: 00000005<CR>
文件1(HEX) : 
00000000 : 72 65 67 66 69 6c 65 38 - 3a 20 30 30 30 30 30 30  regfile8:.000000
00000010 : 30 36                                              06
文件2(HEX) : 
00000000 : 72 65 67 66 69 6c 65 38 - 3a 20 30 30 30 30 30 30  regfile8:.000000
00000010 : 30 35                                              05

第[5895 / 5895]行 - 第[16]个字符开始有差异：
        --------------------
        0         1         
        01234567890123456789
        --------------------
文件1 : regfile10: 00000001<CR>
文件2 : regfile10: 00000188<CR>
文件1(HEX) : 
00000000 : 72 65 67 66 69 6c 65 31 - 30 3a 20 30 30 30 30 30  regfile10:.00000
00000010 : 30 30 31                                           001
文件2(HEX) : 
00000000 : 72 65 67 66 69 6c 65 31 - 30 3a 20 30 30 30 30 30  regfile10:.00000
00000010 : 31 38 38                                           188

第[5896 / 5896]行 - 第[17]个字符开始有差异：
        --------------------
        0         1         
        01234567890123456789
        --------------------
文件1 : regfile11: 00000070<CR>
文件2 : regfile11: 00000061<CR>
文件1(HEX) : 
00000000 : 72 65 67 66 69 6c 65 31 - 31 3a 20 30 30 30 30 30  regfile11:.00000
00000010 : 30 37 30                                           070
文件2(HEX) : 
00000000 : 72 65 67 66 69 6c 65 31 - 31 3a 20 30 30 30 30 30  regfile11:.00000
00000010 : 30 36 31                                           061

第[5897 / 5897]行 - 第[17]个字符开始有差异：
        --------------------
        0         1         
        01234567890123456789
        --------------------
文件1 : regfile12: 00000072<CR>
文件2 : regfile12: 0000000a<CR>
文件1(HEX) : 
00000000 : 72 65 67 66 69 6c 65 31 - 32 3a 20 30 30 30 30 30  regfile12:.00000
00000010 : 30 37 32                                           072
文件2(HEX) : 
00000000 : 72 65 67 66 69 6c 65 31 - 32 3a 20 30 30 30 30 30  regfile12:.00000
00000010 : 30 30 61                                           00a

第[5898 / 5898]行 - 第[17]个字符开始有差异：
        --------------------
        0         1         
        01234567890123456789
        --------------------
文件1 : regfile13: 00000043<CR>
文件2 : regfile13: 00000000<CR>
文件1(HEX) : 
00000000 : 72 65 67 66 69 6c 65 31 - 33 3a 20 30 30 30 30 30  regfile13:.00000
00000010 : 30 34 33                                           043
文件2(HEX) : 
00000000 : 72 65 67 66 69 6c 65 31 - 33 3a 20 30 30 30 30 30  regfile13:.00000
00000010 : 30 30 30                                           000

第[5899 / 5899]行 - 第[18]个字符开始有差异：
        --------------------
        0         1         
        01234567890123456789
        --------------------
文件1 : regfile14: 00000000<CR>
文件2 : regfile14: 00000001<CR>
文件1(HEX) : 
00000000 : 72 65 67 66 69 6c 65 31 - 34 3a 20 30 30 30 30 30  regfile14:.00000
00000010 : 30 30 30                                           000
文件2(HEX) : 
00000000 : 72 65 67 66 69 6c 65 31 - 34 3a 20 30 30 30 30 30  regfile14:.00000
00000010 : 30 30 31                                           001

第[5905 / 5905]行 - 第[16]个字符开始有差异：
        --------------------
        0         1         
        01234567890123456789
        --------------------
文件1 : regfile20: 00000000<CR>
文件2 : regfile20: 00000139<CR>
文件1(HEX) : 
00000000 : 72 65 67 66 69 6c 65 32 - 30 3a 20 30 30 30 30 30  regfile20:.00000
00000010 : 30 30 30                                           000
文件2(HEX) : 
00000000 : 72 65 67 66 69 6c 65 32 - 30 3a 20 30 30 30 30 30  regfile20:.00000
00000010 : 31 33 39                                           139

第[5917 / 5917]行 - 第[9]个字符开始有差异：
        --------------------
        0         1         
        01234567890123456789
        --------------------
文件1 : pc: 00400098<CR>
文件2 : pc: 00400100<CR>
文件1(HEX) : 
00000000 : 70 63 3a 20 30 30 34 30 - 30 30 39 38              pc:.00400098
文件2(HEX) : 
00000000 : 70 63 3a 20 30 30 34 30 - 30 31 30 30              pc:.00400100

第[5918 / 5918]行 - 第[7]个字符开始有差异：
        --------------------
        0         1         
        01234567890123456789
        --------------------
文件1 : instr: 24090001<CR>
文件2 : instr: 014ba820<CR>
文件1(HEX) : 
00000000 : 69 6e 73 74 72 3a 20 32 - 34 30 39 30 30 30 31     instr:.24090001
文件2(HEX) : 
00000000 : 69 6e 73 74 72 3a 20 30 - 31 34 62 61 38 32 30     instr:.014ba820

第[5923 / 5923]行 - 第[17]个字符开始有差异：
        --------------------
        0         1         
        01234567890123456789
        --------------------
文件1 : regfile4: 00000007<CR>
文件2 : regfile4: 00000006<CR>
文件1(HEX) : 
00000000 : 72 65 67 66 69 6c 65 34 - 3a 20 30 30 30 30 30 30  regfile4:.000000
00000010 : 30 37                                              07
文件2(HEX) : 
00000000 : 72 65 67 66 69 6c 65 34 - 3a 20 30 30 30 30 30 30  regfile4:.000000
00000010 : 30 36                                              06

第[5924 / 5924]行 - 第[17]个字符开始有差异：
        --------------------
        0         1         
        01234567890123456789
        --------------------
文件1 : regfile5: 00000007<CR>
文件2 : regfile5: 00000008<CR>
文件1(HEX) : 
00000000 : 72 65 67 66 69 6c 65 35 - 3a 20 30 30 30 30 30 30  regfile5:.000000
00000010 : 30 37                                              07
文件2(HEX) : 
00000000 : 72 65 67 66 69 6c 65 35 - 3a 20 30 30 30 30 30 30  regfile5:.000000
00000010 : 30 38                                              08

第[5925 / 5925]行 - 第[15]个字符开始有差异：
        --------------------
        0         1         
        01234567890123456789
        --------------------
文件1 : regfile6: 000002ed<CR>
文件2 : regfile6: 00000062<CR>
文件1(HEX) : 
00000000 : 72 65 67 66 69 6c 65 36 - 3a 20 30 30 30 30 30 32  regfile6:.000002
00000010 : 65 64                                              ed
文件2(HEX) : 
00000000 : 72 65 67 66 69 6c 65 36 - 3a 20 30 30 30 30 30 30  regfile6:.000000
00000010 : 36 32                                              62

第[5926 / 5926]行 - 第[15]个字符开始有差异：
        --------------------
        0         1         
        01234567890123456789
        --------------------
文件1 : regfile7: 0000027c<CR>
文件2 : regfile7: 00000061<CR>
文件1(HEX) : 
00000000 : 72 65 67 66 69 6c 65 37 - 3a 20 30 30 30 30 30 32  regfile7:.000002
00000010 : 37 63                                              7c
文件2(HEX) : 
00000000 : 72 65 67 66 69 6c 65 37 - 3a 20 30 30 30 30 30 30  regfile7:.000000
00000010 : 36 31                                              61

第[5927 / 5927]行 - 第[17]个字符开始有差异：
        --------------------
        0         1         
        01234567890123456789
        --------------------
文件1 : regfile8: 00000006<CR>
文件2 : regfile8: 00000005<CR>
文件1(HEX) : 
00000000 : 72 65 67 66 69 6c 65 38 - 3a 20 30 30 30 30 30 30  regfile8:.000000
00000010 : 30 36                                              06
文件2(HEX) : 
00000000 : 72 65 67 66 69 6c 65 38 - 3a 20 30 30 30 30 30 30  regfile8:.000000
00000010 : 30 35                                              05

第[5929 / 5929]行 - 第[16]个字符开始有差异：
        --------------------
        0         1         
        01234567890123456789
        --------------------
文件1 : regfile10: 00000001<CR>
文件2 : regfile10: 00000188<CR>
文件1(HEX) : 
00000000 : 72 65 67 66 69 6c 65 31 - 30 3a 20 30 30 30 30 30  regfile10:.00000
00000010 : 30 30 31                                           001
文件2(HEX) : 
00000000 : 72 65 67 66 69 6c 65 31 - 30 3a 20 30 30 30 30 30  regfile10:.00000
00000010 : 31 38 38                                           188

第[5930 / 5930]行 - 第[17]个字符开始有差异：
        --------------------
        0         1         
        01234567890123456789
        --------------------
文件1 : regfile11: 00000070<CR>
文件2 : regfile11: 00000061<CR>
文件1(HEX) : 
00000000 : 72 65 67 66 69 6c 65 31 - 31 3a 20 30 30 30 30 30  regfile11:.00000
00000010 : 30 37 30                                           070
文件2(HEX) : 
00000000 : 72 65 67 66 69 6c 65 31 - 31 3a 20 30 30 30 30 30  regfile11:.00000
00000010 : 30 36 31                                           061

第[5931 / 5931]行 - 第[17]个字符开始有差异：
        --------------------
        0         1         
        01234567890123456789
        --------------------
文件1 : regfile12: 00000072<CR>
文件2 : regfile12: 0000000a<CR>
文件1(HEX) : 
00000000 : 72 65 67 66 69 6c 65 31 - 32 3a 20 30 30 30 30 30  regfile12:.00000
00000010 : 30 37 32                                           072
文件2(HEX) : 
00000000 : 72 65 67 66 69 6c 65 31 - 32 3a 20 30 30 30 30 30  regfile12:.00000
00000010 : 30 30 61                                           00a

第[5932 / 5932]行 - 第[17]个字符开始有差异：
        --------------------
        0         1         
        01234567890123456789
        --------------------
文件1 : regfile13: 00000043<CR>
文件2 : regfile13: 00000000<CR>
文件1(HEX) : 
00000000 : 72 65 67 66 69 6c 65 31 - 33 3a 20 30 30 30 30 30  regfile13:.00000
00000010 : 30 34 33                                           043
文件2(HEX) : 
00000000 : 72 65 67 66 69 6c 65 31 - 33 3a 20 30 30 30 30 30  regfile13:.00000
00000010 : 30 30 30                                           000

第[5933 / 5933]行 - 第[18]个字符开始有差异：
        --------------------
        0         1         
        01234567890123456789
        --------------------
文件1 : regfile14: 00000000<CR>
文件2 : regfile14: 00000001<CR>
文件1(HEX) : 
00000000 : 72 65 67 66 69 6c 65 31 - 34 3a 20 30 30 30 30 30  regfile14:.00000
00000010 : 30 30 30                                           000
文件2(HEX) : 
00000000 : 72 65 67 66 69 6c 65 31 - 34 3a 20 30 30 30 30 30  regfile14:.00000
00000010 : 30 30 31                                           001

第[5939 / 5939]行 - 第[16]个字符开始有差异：
        --------------------
        0         1         
        01234567890123456789
        --------------------
文件1 : regfile20: 00000000<CR>
文件2 : regfile20: 00000139<CR>
文件1(HEX) : 
00000000 : 72 65 67 66 69 6c 65 32 - 30 3a 20 30 30 30 30 30  regfile20:.00000
00000010 : 30 30 30                                           000
文件2(HEX) : 
00000000 : 72 65 67 66 69 6c 65 32 - 30 3a 20 30 30 30 30 30  regfile20:.00000
00000010 : 31 33 39                                           139

第[5940 / 5940]行 - 第[16]个字符开始有差异：
        --------------------
        0         1         
        01234567890123456789
        --------------------
文件1 : regfile21: 00000000<CR>
文件2 : regfile21: 000001e9<CR>
文件1(HEX) : 
00000000 : 72 65 67 66 69 6c 65 32 - 31 3a 20 30 30 30 30 30  regfile21:.00000
00000010 : 30 30 30                                           000
文件2(HEX) : 
00000000 : 72 65 67 66 69 6c 65 32 - 31 3a 20 30 30 30 30 30  regfile21:.00000
00000010 : 31 65 39                                           1e9

第[5951 / 5951]行 - 第[9]个字符开始有差异：
        --------------------
        0         1         
        01234567890123456789
        --------------------
文件1 : pc: 0040009c<CR>
文件2 : pc: 00400104<CR>
文件1(HEX) : 
00000000 : 70 63 3a 20 30 30 34 30 - 30 30 39 63              pc:.0040009c
文件2(HEX) : 
00000000 : 70 63 3a 20 30 30 34 30 - 30 31 30 34              pc:.00400104

第[5952 / 5952]行 - 第[8]个字符开始有差异：
        --------------------
        0         1         
        01234567890123456789
        --------------------
文件1 : instr: 000c5820<CR>
文件2 : instr: 02aca820<CR>
文件1(HEX) : 
00000000 : 69 6e 73 74 72 3a 20 30 - 30 30 63 35 38 32 30     instr:.000c5820
文件2(HEX) : 
00000000 : 69 6e 73 74 72 3a 20 30 - 32 61 63 61 38 32 30     instr:.02aca820

第[5957 / 5957]行 - 第[17]个字符开始有差异：
        --------------------
        0         1         
        01234567890123456789
        --------------------
文件1 : regfile4: 00000007<CR>
文件2 : regfile4: 00000006<CR>
文件1(HEX) : 
00000000 : 72 65 67 66 69 6c 65 34 - 3a 20 30 30 30 30 30 30  regfile4:.000000
00000010 : 30 37                                              07
文件2(HEX) : 
00000000 : 72 65 67 66 69 6c 65 34 - 3a 20 30 30 30 30 30 30  regfile4:.000000
00000010 : 30 36                                              06

第[5958 / 5958]行 - 第[17]个字符开始有差异：
        --------------------
        0         1         
        01234567890123456789
        --------------------
文件1 : regfile5: 00000007<CR>
文件2 : regfile5: 00000008<CR>
文件1(HEX) : 
00000000 : 72 65 67 66 69 6c 65 35 - 3a 20 30 30 30 30 30 30  regfile5:.000000
00000010 : 30 37                                              07
文件2(HEX) : 
00000000 : 72 65 67 66 69 6c 65 35 - 3a 20 30 30 30 30 30 30  regfile5:.000000
00000010 : 30 38                                              08

第[5959 / 5959]行 - 第[15]个字符开始有差异：
        --------------------
        0         1         
        01234567890123456789
        --------------------
文件1 : regfile6: 000002ed<CR>
文件2 : regfile6: 00000062<CR>
文件1(HEX) : 
00000000 : 72 65 67 66 69 6c 65 36 - 3a 20 30 30 30 30 30 32  regfile6:.000002
00000010 : 65 64                                              ed
文件2(HEX) : 
00000000 : 72 65 67 66 69 6c 65 36 - 3a 20 30 30 30 30 30 30  regfile6:.000000
00000010 : 36 32                                              62

第[5960 / 5960]行 - 第[15]个字符开始有差异：
        --------------------
        0         1         
        01234567890123456789
        --------------------
文件1 : regfile7: 0000027c<CR>
文件2 : regfile7: 00000061<CR>
文件1(HEX) : 
00000000 : 72 65 67 66 69 6c 65 37 - 3a 20 30 30 30 30 30 32  regfile7:.000002
00000010 : 37 63                                              7c
文件2(HEX) : 
00000000 : 72 65 67 66 69 6c 65 37 - 3a 20 30 30 30 30 30 30  regfile7:.000000
00000010 : 36 31                                              61

第[5961 / 5961]行 - 第[17]个字符开始有差异：
        --------------------
        0         1         
        01234567890123456789
        --------------------
文件1 : regfile8: 00000006<CR>
文件2 : regfile8: 00000005<CR>
文件1(HEX) : 
00000000 : 72 65 67 66 69 6c 65 38 - 3a 20 30 30 30 30 30 30  regfile8:.000000
00000010 : 30 36                                              06
文件2(HEX) : 
00000000 : 72 65 67 66 69 6c 65 38 - 3a 20 30 30 30 30 30 30  regfile8:.000000
00000010 : 30 35                                              05

第[5963 / 5963]行 - 第[16]个字符开始有差异：
        --------------------
        0         1         
        01234567890123456789
        --------------------
文件1 : regfile10: 00000001<CR>
文件2 : regfile10: 00000188<CR>
文件1(HEX) : 
00000000 : 72 65 67 66 69 6c 65 31 - 30 3a 20 30 30 30 30 30  regfile10:.00000
00000010 : 30 30 31                                           001
文件2(HEX) : 
00000000 : 72 65 67 66 69 6c 65 31 - 30 3a 20 30 30 30 30 30  regfile10:.00000
00000010 : 31 38 38                                           188

第[5964 / 5964]行 - 第[17]个字符开始有差异：
        --------------------
        0         1         
        01234567890123456789
        --------------------
文件1 : regfile11: 00000070<CR>
文件2 : regfile11: 00000061<CR>
文件1(HEX) : 
00000000 : 72 65 67 66 69 6c 65 31 - 31 3a 20 30 30 30 30 30  regfile11:.00000
00000010 : 30 37 30                                           070
文件2(HEX) : 
00000000 : 72 65 67 66 69 6c 65 31 - 31 3a 20 30 30 30 30 30  regfile11:.00000
00000010 : 30 36 31                                           061

第[5965 / 5965]行 - 第[17]个字符开始有差异：
        --------------------
        0         1         
        01234567890123456789
        --------------------
文件1 : regfile12: 00000072<CR>
文件2 : regfile12: 0000000a<CR>
文件1(HEX) : 
00000000 : 72 65 67 66 69 6c 65 31 - 32 3a 20 30 30 30 30 30  regfile12:.00000
00000010 : 30 37 32                                           072
文件2(HEX) : 
00000000 : 72 65 67 66 69 6c 65 31 - 32 3a 20 30 30 30 30 30  regfile12:.00000
00000010 : 30 30 61                                           00a

第[5966 / 5966]行 - 第[17]个字符开始有差异：
        --------------------
        0         1         
        01234567890123456789
        --------------------
文件1 : regfile13: 00000043<CR>
文件2 : regfile13: 00000000<CR>
文件1(HEX) : 
00000000 : 72 65 67 66 69 6c 65 31 - 33 3a 20 30 30 30 30 30  regfile13:.00000
00000010 : 30 34 33                                           043
文件2(HEX) : 
00000000 : 72 65 67 66 69 6c 65 31 - 33 3a 20 30 30 30 30 30  regfile13:.00000
00000010 : 30 30 30                                           000

第[5967 / 5967]行 - 第[18]个字符开始有差异：
        --------------------
        0         1         
        01234567890123456789
        --------------------
文件1 : regfile14: 00000000<CR>
文件2 : regfile14: 00000001<CR>
文件1(HEX) : 
00000000 : 72 65 67 66 69 6c 65 31 - 34 3a 20 30 30 30 30 30  regfile14:.00000
00000010 : 30 30 30                                           000
文件2(HEX) : 
00000000 : 72 65 67 66 69 6c 65 31 - 34 3a 20 30 30 30 30 30  regfile14:.00000
00000010 : 30 30 31                                           001

第[5973 / 5973]行 - 第[16]个字符开始有差异：
        --------------------
        0         1         
        01234567890123456789
        --------------------
文件1 : regfile20: 00000000<CR>
文件2 : regfile20: 00000139<CR>
文件1(HEX) : 
00000000 : 72 65 67 66 69 6c 65 32 - 30 3a 20 30 30 30 30 30  regfile20:.00000
00000010 : 30 30 30                                           000
文件2(HEX) : 
00000000 : 72 65 67 66 69 6c 65 32 - 30 3a 20 30 30 30 30 30  regfile20:.00000
00000010 : 31 33 39                                           139

第[5974 / 5974]行 - 第[16]个字符开始有差异：
        --------------------
        0         1         
        01234567890123456789
        --------------------
文件1 : regfile21: 00000000<CR>
文件2 : regfile21: 000001f3<CR>
文件1(HEX) : 
00000000 : 72 65 67 66 69 6c 65 32 - 31 3a 20 30 30 30 30 30  regfile21:.00000
00000010 : 30 30 30                                           000
文件2(HEX) : 
00000000 : 72 65 67 66 69 6c 65 32 - 31 3a 20 30 30 30 30 30  regfile21:.00000
00000010 : 31 66 33                                           1f3

第[5985 / 5985]行 - 第[9]个字符开始有差异：
        --------------------
        0         1         
        01234567890123456789
        --------------------
文件1 : pc: 004000a0<CR>
文件2 : pc: 00400108<CR>
文件1(HEX) : 
00000000 : 70 63 3a 20 30 30 34 30 - 30 30 61 30              pc:.004000a0
文件2(HEX) : 
00000000 : 70 63 3a 20 30 30 34 30 - 30 31 30 38              pc:.00400108

第[5986 / 5986]行 - 第[7]个字符开始有差异：
        --------------------
        0         1         
        01234567890123456789
        --------------------
文件1 : instr: 018a6823<CR>
文件2 : instr: ac350018<CR>
文件1(HEX) : 
00000000 : 69 6e 73 74 72 3a 20 30 - 31 38 61 36 38 32 33     instr:.018a6823
文件2(HEX) : 
00000000 : 69 6e 73 74 72 3a 20 61 - 63 33 35 30 30 31 38     instr:.ac350018

第[5991 / 5991]行 - 第[17]个字符开始有差异：
        --------------------
        0         1         
        01234567890123456789
        --------------------
文件1 : regfile4: 00000007<CR>
文件2 : regfile4: 00000006<CR>
文件1(HEX) : 
00000000 : 72 65 67 66 69 6c 65 34 - 3a 20 30 30 30 30 30 30  regfile4:.000000
00000010 : 30 37                                              07
文件2(HEX) : 
00000000 : 72 65 67 66 69 6c 65 34 - 3a 20 30 30 30 30 30 30  regfile4:.000000
00000010 : 30 36                                              06

第[5992 / 5992]行 - 第[17]个字符开始有差异：
        --------------------
        0         1         
        01234567890123456789
        --------------------
文件1 : regfile5: 00000007<CR>
文件2 : regfile5: 00000008<CR>
文件1(HEX) : 
00000000 : 72 65 67 66 69 6c 65 35 - 3a 20 30 30 30 30 30 30  regfile5:.000000
00000010 : 30 37                                              07
文件2(HEX) : 
00000000 : 72 65 67 66 69 6c 65 35 - 3a 20 30 30 30 30 30 30  regfile5:.000000
00000010 : 30 38                                              08

第[5993 / 5993]行 - 第[15]个字符开始有差异：
        --------------------
        0         1         
        01234567890123456789
        --------------------
文件1 : regfile6: 000002ed<CR>
文件2 : regfile6: 00000062<CR>
文件1(HEX) : 
00000000 : 72 65 67 66 69 6c 65 36 - 3a 20 30 30 30 30 30 32  regfile6:.000002
00000010 : 65 64                                              ed
文件2(HEX) : 
00000000 : 72 65 67 66 69 6c 65 36 - 3a 20 30 30 30 30 30 30  regfile6:.000000
00000010 : 36 32                                              62

第[5994 / 5994]行 - 第[15]个字符开始有差异：
        --------------------
        0         1         
        01234567890123456789
        --------------------
文件1 : regfile7: 0000027c<CR>
文件2 : regfile7: 00000061<CR>
文件1(HEX) : 
00000000 : 72 65 67 66 69 6c 65 37 - 3a 20 30 30 30 30 30 32  regfile7:.000002
00000010 : 37 63                                              7c
文件2(HEX) : 
00000000 : 72 65 67 66 69 6c 65 37 - 3a 20 30 30 30 30 30 30  regfile7:.000000
00000010 : 36 31                                              61

第[5995 / 5995]行 - 第[17]个字符开始有差异：
        --------------------
        0         1         
        01234567890123456789
        --------------------
文件1 : regfile8: 00000006<CR>
文件2 : regfile8: 00000005<CR>
文件1(HEX) : 
00000000 : 72 65 67 66 69 6c 65 38 - 3a 20 30 30 30 30 30 30  regfile8:.000000
00000010 : 30 36                                              06
文件2(HEX) : 
00000000 : 72 65 67 66 69 6c 65 38 - 3a 20 30 30 30 30 30 30  regfile8:.000000
00000010 : 30 35                                              05

第[5997 / 5997]行 - 第[16]个字符开始有差异：
        --------------------
        0         1         
        01234567890123456789
        --------------------
文件1 : regfile10: 00000001<CR>
文件2 : regfile10: 00000188<CR>
文件1(HEX) : 
00000000 : 72 65 67 66 69 6c 65 31 - 30 3a 20 30 30 30 30 30  regfile10:.00000
00000010 : 30 30 31                                           001
文件2(HEX) : 
00000000 : 72 65 67 66 69 6c 65 31 - 30 3a 20 30 30 30 30 30  regfile10:.00000
00000010 : 31 38 38                                           188

第[5998 / 5998]行 - 第[17]个字符开始有差异：
        --------------------
        0         1         
        01234567890123456789
        --------------------
文件1 : regfile11: 00000070<CR>
文件2 : regfile11: 00000061<CR>
文件1(HEX) : 
00000000 : 72 65 67 66 69 6c 65 31 - 31 3a 20 30 30 30 30 30  regfile11:.00000
00000010 : 30 37 30                                           070
文件2(HEX) : 
00000000 : 72 65 67 66 69 6c 65 31 - 31 3a 20 30 30 30 30 30  regfile11:.00000
00000010 : 30 36 31                                           061

第[5999 / 5999]行 - 第[17]个字符开始有差异：
        --------------------
        0         1         
        01234567890123456789
        --------------------
文件1 : regfile12: 00000072<CR>
文件2 : regfile12: 0000000a<CR>
文件1(HEX) : 
00000000 : 72 65 67 66 69 6c 65 31 - 32 3a 20 30 30 30 30 30  regfile12:.00000
00000010 : 30 37 32                                           072
文件2(HEX) : 
00000000 : 72 65 67 66 69 6c 65 31 - 32 3a 20 30 30 30 30 30  regfile12:.00000
00000010 : 30 30 61                                           00a

第[6000 / 6000]行 - 第[17]个字符开始有差异：
        --------------------
        0         1         
        01234567890123456789
        --------------------
文件1 : regfile13: 00000043<CR>
文件2 : regfile13: 00000000<CR>
文件1(HEX) : 
00000000 : 72 65 67 66 69 6c 65 31 - 33 3a 20 30 30 30 30 30  regfile13:.00000
00000010 : 30 34 33                                           043
文件2(HEX) : 
00000000 : 72 65 67 66 69 6c 65 31 - 33 3a 20 30 30 30 30 30  regfile13:.00000
00000010 : 30 30 30                                           000

第[6001 / 6001]行 - 第[18]个字符开始有差异：
        --------------------
        0         1         
        01234567890123456789
        --------------------
文件1 : regfile14: 00000000<CR>
文件2 : regfile14: 00000001<CR>
文件1(HEX) : 
00000000 : 72 65 67 66 69 6c 65 31 - 34 3a 20 30 30 30 30 30  regfile14:.00000
00000010 : 30 30 30                                           000
文件2(HEX) : 
00000000 : 72 65 67 66 69 6c 65 31 - 34 3a 20 30 30 30 30 30  regfile14:.00000
00000010 : 30 30 31                                           001

第[6007 / 6007]行 - 第[16]个字符开始有差异：
        --------------------
        0         1         
        01234567890123456789
        --------------------
文件1 : regfile20: 00000000<CR>
文件2 : regfile20: 00000139<CR>
文件1(HEX) : 
00000000 : 72 65 67 66 69 6c 65 32 - 30 3a 20 30 30 30 30 30  regfile20:.00000
00000010 : 30 30 30                                           000
文件2(HEX) : 
00000000 : 72 65 67 66 69 6c 65 32 - 30 3a 20 30 30 30 30 30  regfile20:.00000
00000010 : 31 33 39                                           139

第[6008 / 6008]行 - 第[16]个字符开始有差异：
        --------------------
        0         1         
        01234567890123456789
        --------------------
文件1 : regfile21: 00000000<CR>
文件2 : regfile21: 000001f3<CR>
文件1(HEX) : 
00000000 : 72 65 67 66 69 6c 65 32 - 31 3a 20 30 30 30 30 30  regfile21:.00000
00000010 : 30 30 30                                           000
文件2(HEX) : 
00000000 : 72 65 67 66 69 6c 65 32 - 31 3a 20 30 30 30 30 30  regfile21:.00000
00000010 : 31 66 33                                           1f3

第[6019 / 6019]行 - 文件1的尾部有多余字符：
        --------------------
        0         1         
        01234567890123456789
        --------------------
文件1 : pc: 004000a4<CR>
文件2 : <EOF>
文件1(HEX) : 
00000000 : 70 63 3a 20 30 30 34 30 - 30 30 61 34              pc:.004000a4
文件2(HEX) : 
<EOF>

================================================================================
在指定检查条件下共1732行有差异.
阅读提示：
	1、空行用<EMPTY>标出
	2、文件结束用<EOF>标出
	3、两行相同列位置的差异字符用亮色标出
	4、每行中的CR/LF/VT/BS/BEL用X标出(方便看清隐含字符)
	5、每行尾的多余的字符用亮色标出，CR/LF/VT/BS/BEL用亮色X标出(方便看清隐含字符)
	6、每行最后用<CR>标出(方便看清隐含字符)
	7、中文因为编码问题，差异位置可能报在后半个汉字上，但整个汉字都亮色标出
================================================================================
